L 04/27/2026 - 23:10:46: World triggered "meta_data" (matchid "260427231046041d") (map "mge_triumph_beta7_rc1") (arena "Badlands Spire 1 [1v1 MGE]") (gamemode "mge") (fraglimit "0")
L 04/27/2026 - 23:10:46: "MedicMain<50><[U:1:900000008]><Red>" changed role to "soldier"
L 04/27/2026 - 23:10:46: "SpyMask<53><[U:1:900000007]><Blue>" changed role to "soldier"
L 04/27/2026 - 23:10:48: "MedicMain<50><[U:1:900000008]><Red>" say "!add"
L 04/27/2026 - 23:10:53: "MedicMain<50><[U:1:900000008]><Red>" say "gg"
L 04/27/2026 - 23:10:55: "MedicMain<50><[U:1:900000008]><Red>" say "nice shot"
L 04/27/2026 - 23:10:59: "MedicMain<50><[U:1:900000008]><Red>" joined team "Spectator"
L 04/27/2026 - 23:10:59: "MedicMain<50><[U:1:900000008]><Spectator>" joined team "Red"
L 04/27/2026 - 23:10:59: "MedicMain<50><[U:1:900000008]><Red>" spawned as "soldier"
L 04/27/2026 - 23:11:01: "MedicMain<50><[U:1:900000008]><Red>" joined team "Spectator"
L 04/27/2026 - 23:11:01: "MedicMain<50><[U:1:900000008]><Spectator>" joined team "Red"
L 04/27/2026 - 23:11:01: "MedicMain<50><[U:1:900000008]><Red>" spawned as "soldier"
L 04/27/2026 - 23:11:07: "SpyMask<53><[U:1:900000007]><Blue>" say "close game"
L 04/27/2026 - 23:11:18: "SpyMask<53><[U:1:900000007]><Blue>" spawned as "soldier"
L 04/27/2026 - 23:11:27: "SpyMask<53><[U:1:900000007]><Blue>" picked up item "tf_ammo_pack"
L 04/27/2026 - 23:11:28: "MedicMain<50><[U:1:900000008]><Red>" joined team "Spectator"
L 04/27/2026 - 23:11:28: "MedicMain<50><[U:1:900000008]><Spectator>" joined team "Red"
L 04/27/2026 - 23:11:28: "MedicMain<50><[U:1:900000008]><Red>" spawned as "soldier"
L 04/27/2026 - 23:12:48: "SpyMask<53><[U:1:900000007]><Blue>" say "!remove"
L 04/27/2026 - 23:12:48: "SpyMask<53><[U:1:900000007]><Blue>" joined team "Spectator"
L 04/27/2026 - 23:12:54: "SpyMask<53><[U:1:900000007]><Spectator>" say "well played"
L 04/27/2026 - 23:12:57: "SpyMask<53><[U:1:900000007]><Spectator>" joined team "Blue"
L 04/27/2026 - 23:12:57: "SpyMask<53><[U:1:900000007]><Blue>" spawned as "soldier"
L 04/28/2026 - 00:00:00: World triggered "mge_match_aborted" (reason "map_change")
