L 04/28/2026 - 05:09:25: World triggered "meta_data" (matchid "26042805092540fa") (map "mge_triumph_beta7_rc1") (arena "Badlands Middle 1 [1v1 MGE]") (gamemode "mge") (fraglimit "0")
L 04/28/2026 - 05:09:25: "SoldierBoy<83><[U:1:900000011]><Red>" changed role to "soldier"
L 04/28/2026 - 05:09:25: "QuickScout<84><[U:1:900000012]><Blue>" changed role to "soldier"
L 04/28/2026 - 05:09:32: "SoldierBoy<83><[U:1:900000011]><Red>" triggered "shot_hit" (weapon "tf_projectile_rocket")
L 04/28/2026 - 05:09:32: "SoldierBoy<83><[U:1:900000011]><Red>" triggered "damage" against "QuickScout<84><[U:1:900000012]><Blue>" (damage "112") (weapon "tf_projectile_rocket") (airshot "1") (height "554")
L 04/28/2026 - 05:09:32: "SoldierBoy<83><[U:1:900000011]><Red>" triggered "shot_fired" (weapon "tf_projectile_rocket")
L 04/28/2026 - 05:09:32: "QuickScout<84><[U:1:900000012]><Blue>" triggered "shot_fired" (weapon "quake_rl")
L 04/28/2026 - 05:09:33: "SoldierBoy<83><[U:1:900000011]><Red>" triggered "shot_fired" (weapon "tf_projectile_rocket")
L 04/28/2026 - 05:09:33: "QuickScout<84><[U:1:900000012]><Blue>" triggered "shot_fired" (weapon "quake_rl")
L 04/28/2026 - 05:09:34: "SoldierBoy<83><[U:1:900000011]><Red>" triggered "shot_fired" (weapon "tf_projectile_rocket")
L 04/28/2026 - 05:09:34: "QuickScout<84><[U:1:900000012]><Blue>" triggered "shot_fired" (weapon "quake_rl")
L 04/28/2026 - 05:09:34: "QuickScout<84><[U:1:900000012]><Blue>" triggered "shot_hit" (weapon "quake_rl")
L 04/28/2026 - 05:09:34: "QuickScout<84><[U:1:900000012]><Blue>" triggered "damage" against "SoldierBoy<83><[U:1:900000011]><Red>" (damage "60") (weapon "quake_rl")
L 04/28/2026 - 05:09:36: "QuickScout<84><[U:1:900000012]><Blue>" triggered "shot_fired" (weapon "quake_rl")
L 04/28/2026 - 05:09:36: "SoldierBoy<83><[U:1:900000011]><Red>" triggered "shot_fired" (weapon "tf_projectile_rocket")
L 04/28/2026 - 05:09:37: "QuickScout<84><[U:1:900000012]><Blue>" triggered "shot_fired" (weapon "quake_rl")
L 04/28/2026 - 05:09:37: "SoldierBoy<83><[U:1:900000011]><Red>" triggered "shot_fired" (weapon "tf_projectile_rocket")
L 04/28/2026 - 05:09:39: "SoldierBoy<83><[U:1:900000011]><Red>" triggered "shot_hit" (weapon "tf_projectile_rocket")
L 04/28/2026 - 05:09:39: "SoldierBoy<83><[U:1:900000011]><Red>" triggered "damage" against "QuickScout<84><[U:1:900000012]><Blue>" (damage "82") (realdamage "36") (weapon "tf_projectile_rocket")
L 04/28/2026 - 05:09:39: "SoldierBoy<83><[U:1:900000011]><Red>" killed "QuickScout<84><[U:1:900000012]><Blue>" with "tf_projectile_rocket" (attacker_position "-13564 11706 10707") (victim_position "-13613 11757 10709")
L 04/28/2026 - 05:09:39: "SoldierBoy<83><[U:1:900000011]><Red>" picked up item "tf_ammo_pack"
L 04/28/2026 - 05:09:39: "QuickScout<84><[U:1:900000012]><Blue>" triggered "shot_hit" (weapon "quake_rl")
L 04/28/2026 - 05:09:39: "QuickScout<84><[U:1:900000012]><Blue>" triggered "damage" against "SoldierBoy<83><[U:1:900000011]><Red>" (damage "59") (weapon "quake_rl")
L 04/28/2026 - 05:09:39: "QuickScout<84><[U:1:900000012]><Blue>" triggered "shot_fired" (weapon "quake_rl")
L 04/28/2026 - 05:09:39: "SoldierBoy<83><[U:1:900000011]><Red>" triggered "shot_fired" (weapon "tf_projectile_rocket")
L 04/28/2026 - 05:09:39: "QuickScout<84><[U:1:900000012]><Blue>" spawned as "soldier"
L 04/28/2026 - 05:09:40: "SoldierBoy<83><[U:1:900000011]><Red>" triggered "shot_fired" (weapon "tf_projectile_rocket")
L 04/28/2026 - 05:09:40: "QuickScout<84><[U:1:900000012]><Blue>" triggered "shot_fired" (weapon "quake_rl")
L 04/28/2026 - 05:09:40: "SoldierBoy<83><[U:1:900000011]><Red>" triggered "shot_hit" (weapon "tf_projectile_rocket")
L 04/28/2026 - 05:09:40: "SoldierBoy<83><[U:1:900000011]><Red>" triggered "damage" against "QuickScout<84><[U:1:900000012]><Blue>" (damage "53") (weapon "tf_projectile_rocket")
L 04/28/2026 - 05:09:41: "SoldierBoy<83><[U:1:900000011]><Red>" triggered "shot_fired" (weapon "tf_projectile_rocket")
L 04/28/2026 - 05:09:41: "SoldierBoy<83><[U:1:900000011]><Red>" triggered "shot_hit" (weapon "tf_projectile_rocket")
L 04/28/2026 - 05:09:41: "SoldierBoy<83><[U:1:900000011]><Red>" triggered "damage" against "QuickScout<84><[U:1:900000012]><Blue>" (damage "78") (weapon "tf_projectile_rocket")
L 04/28/2026 - 05:09:41: "QuickScout<84><[U:1:900000012]><Blue>" triggered "shot_hit" (weapon "quake_rl")
L 04/28/2026 - 05:09:41: "QuickScout<84><[U:1:900000012]><Blue>" triggered "damage" against "SoldierBoy<83><[U:1:900000011]><Red>" (damage "75") (weapon "quake_rl")
L 04/28/2026 - 05:09:41: "QuickScout<84><[U:1:900000012]><Blue>" triggered "shot_fired" (weapon "quake_rl")
L 04/28/2026 - 05:09:42: "SoldierBoy<83><[U:1:900000011]><Red>" triggered "shot_fired" (weapon "tf_projectile_rocket")
L 04/28/2026 - 05:09:42: "QuickScout<84><[U:1:900000012]><Blue>" triggered "shot_fired" (weapon "quake_rl")
L 04/28/2026 - 05:09:42: "SoldierBoy<83><[U:1:900000011]><Red>" triggered "shot_hit" (weapon "tf_projectile_rocket")
L 04/28/2026 - 05:09:42: "SoldierBoy<83><[U:1:900000011]><Red>" triggered "damage" against "QuickScout<84><[U:1:900000012]><Blue>" (damage "92") (realdamage "80") (weapon "tf_projectile_rocket")
L 04/28/2026 - 05:09:42: "SoldierBoy<83><[U:1:900000011]><Red>" killed "QuickScout<84><[U:1:900000012]><Blue>" with "tf_projectile_rocket" (attacker_position "-13032 10426 11060") (victim_position "-13367 10560 10738")
L 04/28/2026 - 05:09:42: "QuickScout<84><[U:1:900000012]><Blue>" spawned as "soldier"
L 04/28/2026 - 05:09:45: "QuickScout<84><[U:1:900000012]><Blue>" triggered "shot_fired" (weapon "quake_rl")
L 04/28/2026 - 05:09:53: "QuickScout<84><[U:1:900000012]><Blue>" triggered "shot_fired" (weapon "quake_rl")
L 04/28/2026 - 05:09:53: "SoldierBoy<83><[U:1:900000011]><Red>" triggered "shot_fired" (weapon "tf_projectile_rocket")
L 04/28/2026 - 05:09:53: "SoldierBoy<83><[U:1:900000011]><Red>" triggered "shot_hit" (weapon "tf_projectile_rocket")
L 04/28/2026 - 05:09:53: "SoldierBoy<83><[U:1:900000011]><Red>" triggered "damage" against "QuickScout<84><[U:1:900000012]><Blue>" (damage "91") (weapon "tf_projectile_rocket") (airshot "1") (height "587")
L 04/28/2026 - 05:09:54: "QuickScout<84><[U:1:900000012]><Blue>" triggered "shot_fired" (weapon "quake_rl")
L 04/28/2026 - 05:09:54: "QuickScout<84><[U:1:900000012]><Blue>" triggered "shot_hit" (weapon "quake_rl")
L 04/28/2026 - 05:09:54: "QuickScout<84><[U:1:900000012]><Blue>" triggered "damage" against "SoldierBoy<83><[U:1:900000011]><Red>" (damage "33") (weapon "quake_rl")
L 04/28/2026 - 05:09:54: "SoldierBoy<83><[U:1:900000011]><Red>" triggered "shot_fired" (weapon "tf_projectile_rocket")
L 04/28/2026 - 05:09:54: "QuickScout<84><[U:1:900000012]><Blue>" triggered "shot_fired" (weapon "quake_rl")
L 04/28/2026 - 05:09:55: "SoldierBoy<83><[U:1:900000011]><Red>" killed "QuickScout<84><[U:1:900000012]><Blue>" with "world" (attacker_position "-13280 11387 10805") (victim_position "-13169 10664 10742")
L 04/28/2026 - 05:09:55: "QuickScout<84><[U:1:900000012]><Blue>" spawned as "soldier"
L 04/28/2026 - 05:09:57: "QuickScout<84><[U:1:900000012]><Blue>" triggered "shot_fired" (weapon "quake_rl")
L 04/28/2026 - 05:09:57: "SoldierBoy<83><[U:1:900000011]><Red>" triggered "shot_fired" (weapon "tf_projectile_rocket")
L 04/28/2026 - 05:09:58: "QuickScout<84><[U:1:900000012]><Blue>" triggered "shot_hit" (weapon "quake_rl")
L 04/28/2026 - 05:09:58: "QuickScout<84><[U:1:900000012]><Blue>" triggered "damage" against "SoldierBoy<83><[U:1:900000011]><Red>" (damage "53") (weapon "quake_rl")
L 04/28/2026 - 05:09:58: "QuickScout<84><[U:1:900000012]><Blue>" triggered "shot_fired" (weapon "quake_rl")
L 04/28/2026 - 05:09:58: "SoldierBoy<83><[U:1:900000011]><Red>" triggered "shot_fired" (weapon "tf_projectile_rocket")
L 04/28/2026 - 05:09:59: "SoldierBoy<83><[U:1:900000011]><Red>" triggered "shot_hit" (weapon "tf_projectile_rocket")
L 04/28/2026 - 05:09:59: "SoldierBoy<83><[U:1:900000011]><Red>" triggered "damage" against "QuickScout<84><[U:1:900000012]><Blue>" (damage "54") (weapon "tf_projectile_rocket")
L 04/28/2026 - 05:09:59: "QuickScout<84><[U:1:900000012]><Blue>" triggered "shot_fired" (weapon "quake_rl")
L 04/28/2026 - 05:09:59: "QuickScout<84><[U:1:900000012]><Blue>" triggered "shot_hit" (weapon "quake_rl")
L 04/28/2026 - 05:09:59: "QuickScout<84><[U:1:900000012]><Blue>" triggered "damage" against "SoldierBoy<83><[U:1:900000011]><Red>" (damage "67") (weapon "quake_rl")
L 04/28/2026 - 05:09:59: "SoldierBoy<83><[U:1:900000011]><Red>" triggered "shot_fired" (weapon "tf_projectile_rocket")
L 04/28/2026 - 05:10:00: "QuickScout<84><[U:1:900000012]><Blue>" triggered "shot_fired" (weapon "shotgun_soldier")
L 04/28/2026 - 05:10:00: "SoldierBoy<83><[U:1:900000011]><Red>" triggered "shot_fired" (weapon "tf_projectile_rocket")
L 04/28/2026 - 05:10:00: "SoldierBoy<83><[U:1:900000011]><Red>" triggered "shot_hit" (weapon "tf_projectile_rocket")
L 04/28/2026 - 05:10:00: "SoldierBoy<83><[U:1:900000011]><Red>" triggered "damage" against "QuickScout<84><[U:1:900000012]><Blue>" (damage "75") (weapon "tf_projectile_rocket")
L 04/28/2026 - 05:10:00: "QuickScout<84><[U:1:900000012]><Blue>" triggered "shot_fired" (weapon "shotgun_soldier")
L 04/28/2026 - 05:10:00: "QuickScout<84><[U:1:900000012]><Blue>" triggered "shot_hit" (weapon "shotgun_soldier")
L 04/28/2026 - 05:10:00: "QuickScout<84><[U:1:900000012]><Blue>" triggered "damage" against "SoldierBoy<83><[U:1:900000011]><Red>" (damage "47") (weapon "shotgun_soldier")
L 04/28/2026 - 05:10:01: "SoldierBoy<83><[U:1:900000011]><Red>" triggered "shot_fired" (weapon "shotgun_soldier")
L 04/28/2026 - 05:10:01: "QuickScout<84><[U:1:900000012]><Blue>" triggered "shot_fired" (weapon "shotgun_soldier")
L 04/28/2026 - 05:10:01: "QuickScout<84><[U:1:900000012]><Blue>" triggered "shot_hit" (weapon "shotgun_soldier")
L 04/28/2026 - 05:10:01: "QuickScout<84><[U:1:900000012]><Blue>" triggered "damage" against "SoldierBoy<83><[U:1:900000011]><Red>" (damage "8") (weapon "shotgun_soldier")
L 04/28/2026 - 05:10:02: "SoldierBoy<83><[U:1:900000011]><Red>" triggered "shot_fired" (weapon "shotgun_soldier")
L 04/28/2026 - 05:10:02: "QuickScout<84><[U:1:900000012]><Blue>" triggered "shot_fired" (weapon "shotgun_soldier")
L 04/28/2026 - 05:10:04: "QuickScout<84><[U:1:900000012]><Blue>" triggered "shot_fired" (weapon "shotgun_soldier")
L 04/28/2026 - 05:10:04: "QuickScout<84><[U:1:900000012]><Blue>" triggered "shot_hit" (weapon "shotgun_soldier")
L 04/28/2026 - 05:10:04: "QuickScout<84><[U:1:900000012]><Blue>" triggered "damage" against "SoldierBoy<83><[U:1:900000011]><Red>" (damage "35") (weapon "shotgun_soldier")
L 04/28/2026 - 05:10:04: "QuickScout<84><[U:1:900000012]><Blue>" triggered "shot_fired" (weapon "shotgun_soldier")
L 04/28/2026 - 05:10:04: "QuickScout<84><[U:1:900000012]><Blue>" triggered "shot_hit" (weapon "shotgun_soldier")
L 04/28/2026 - 05:10:04: "QuickScout<84><[U:1:900000012]><Blue>" triggered "damage" against "SoldierBoy<83><[U:1:900000011]><Red>" (damage "26") (realdamage "21") (weapon "shotgun_soldier")
L 04/28/2026 - 05:10:04: "QuickScout<84><[U:1:900000012]><Blue>" killed "SoldierBoy<83><[U:1:900000011]><Red>" with "shotgun_soldier" (attacker_position "-13325 11038 10696") (victim_position "-13040 11390 10766")
L 04/28/2026 - 05:10:05: "SoldierBoy<83><[U:1:900000011]><Red>" spawned as "soldier"
L 04/28/2026 - 05:10:08: "QuickScout<84><[U:1:900000012]><Blue>" triggered "shot_fired" (weapon "quake_rl")
L 04/28/2026 - 05:10:08: "SoldierBoy<83><[U:1:900000011]><Red>" triggered "shot_hit" (weapon "tf_projectile_rocket")
L 04/28/2026 - 05:10:08: "SoldierBoy<83><[U:1:900000011]><Red>" triggered "damage" against "QuickScout<84><[U:1:900000012]><Blue>" (damage "51") (weapon "tf_projectile_rocket")
L 04/28/2026 - 05:10:08: "SoldierBoy<83><[U:1:900000011]><Red>" triggered "shot_fired" (weapon "tf_projectile_rocket")
L 04/28/2026 - 05:10:09: "QuickScout<84><[U:1:900000012]><Blue>" triggered "shot_fired" (weapon "quake_rl")
L 04/28/2026 - 05:10:09: "SoldierBoy<83><[U:1:900000011]><Red>" triggered "shot_fired" (weapon "tf_projectile_rocket")
L 04/28/2026 - 05:10:09: "QuickScout<84><[U:1:900000012]><Blue>" triggered "shot_hit" (weapon "quake_rl")
L 04/28/2026 - 05:10:09: "QuickScout<84><[U:1:900000012]><Blue>" triggered "damage" against "SoldierBoy<83><[U:1:900000011]><Red>" (damage "63") (weapon "quake_rl")
L 04/28/2026 - 05:10:10: "QuickScout<84><[U:1:900000012]><Blue>" triggered "shot_fired" (weapon "quake_rl")
L 04/28/2026 - 05:10:11: "QuickScout<84><[U:1:900000012]><Blue>" triggered "shot_fired" (weapon "quake_rl")
L 04/28/2026 - 05:10:11: "SoldierBoy<83><[U:1:900000011]><Red>" triggered "shot_fired" (weapon "tf_projectile_rocket")
L 04/28/2026 - 05:10:11: "QuickScout<84><[U:1:900000012]><Blue>" triggered "shot_fired" (weapon "shotgun_soldier")
L 04/28/2026 - 05:10:11: "SoldierBoy<83><[U:1:900000011]><Red>" triggered "shot_hit" (weapon "tf_projectile_rocket")
L 04/28/2026 - 05:10:11: "SoldierBoy<83><[U:1:900000011]><Red>" triggered "damage" against "QuickScout<84><[U:1:900000012]><Blue>" (damage "50") (weapon "tf_projectile_rocket")
L 04/28/2026 - 05:10:12: "QuickScout<84><[U:1:900000012]><Blue>" triggered "shot_fired" (weapon "shotgun_soldier")
L 04/28/2026 - 05:10:12: "QuickScout<84><[U:1:900000012]><Blue>" triggered "shot_hit" (weapon "shotgun_soldier")
L 04/28/2026 - 05:10:12: "QuickScout<84><[U:1:900000012]><Blue>" triggered "damage" against "SoldierBoy<83><[U:1:900000011]><Red>" (damage "38") (weapon "shotgun_soldier")
L 04/28/2026 - 05:10:13: "QuickScout<84><[U:1:900000012]><Blue>" triggered "shot_fired" (weapon "shotgun_soldier")
L 04/28/2026 - 05:10:13: "QuickScout<84><[U:1:900000012]><Blue>" triggered "shot_hit" (weapon "shotgun_soldier")
L 04/28/2026 - 05:10:13: "QuickScout<84><[U:1:900000012]><Blue>" triggered "damage" against "SoldierBoy<83><[U:1:900000011]><Red>" (damage "45") (realdamage "23") (weapon "shotgun_soldier")
L 04/28/2026 - 05:10:13: "QuickScout<84><[U:1:900000012]><Blue>" killed "SoldierBoy<83><[U:1:900000011]><Red>" with "shotgun_soldier" (attacker_position "-12856 10981 10656") (victim_position "-13154 10921 10804")
L 04/28/2026 - 05:10:13: "SoldierBoy<83><[U:1:900000011]><Red>" spawned as "soldier"
L 04/28/2026 - 05:10:15: "SoldierBoy<83><[U:1:900000011]><Red>" triggered "shot_fired" (weapon "tf_projectile_rocket")
L 04/28/2026 - 05:10:15: "QuickScout<84><[U:1:900000012]><Blue>" triggered "shot_fired" (weapon "quake_rl")
L 04/28/2026 - 05:10:15: "SoldierBoy<83><[U:1:900000011]><Red>" triggered "shot_hit" (weapon "tf_projectile_rocket")
L 04/28/2026 - 05:10:15: "SoldierBoy<83><[U:1:900000011]><Red>" triggered "damage" against "QuickScout<84><[U:1:900000012]><Blue>" (damage "47") (weapon "tf_projectile_rocket")
L 04/28/2026 - 05:10:16: "QuickScout<84><[U:1:900000012]><Blue>" triggered "shot_hit" (weapon "quake_rl")
L 04/28/2026 - 05:10:16: "QuickScout<84><[U:1:900000012]><Blue>" triggered "damage" against "SoldierBoy<83><[U:1:900000011]><Red>" (damage "91") (weapon "quake_rl")
L 04/28/2026 - 05:10:16: "QuickScout<84><[U:1:900000012]><Blue>" triggered "shot_fired" (weapon "quake_rl")
L 04/28/2026 - 05:10:16: "SoldierBoy<83><[U:1:900000011]><Red>" triggered "shot_fired" (weapon "tf_projectile_rocket")
L 04/28/2026 - 05:10:16: "SoldierBoy<83><[U:1:900000011]><Red>" triggered "shot_hit" (weapon "tf_projectile_rocket")
L 04/28/2026 - 05:10:16: "SoldierBoy<83><[U:1:900000011]><Red>" triggered "damage" against "QuickScout<84><[U:1:900000012]><Blue>" (damage "58") (weapon "tf_projectile_rocket")
L 04/28/2026 - 05:10:17: "QuickScout<84><[U:1:900000012]><Blue>" triggered "shot_fired" (weapon "quake_rl")
L 04/28/2026 - 05:10:18: "QuickScout<84><[U:1:900000012]><Blue>" triggered "shot_fired" (weapon "quake_rl")
L 04/28/2026 - 05:10:18: "SoldierBoy<83><[U:1:900000011]><Red>" triggered "shot_fired" (weapon "tf_projectile_rocket")
L 04/28/2026 - 05:10:18: "QuickScout<84><[U:1:900000012]><Blue>" triggered "shot_fired" (weapon "shotgun_soldier")
L 04/28/2026 - 05:10:18: "SoldierBoy<83><[U:1:900000011]><Red>" triggered "shot_hit" (weapon "tf_projectile_rocket")
L 04/28/2026 - 05:10:18: "SoldierBoy<83><[U:1:900000011]><Red>" triggered "damage" against "QuickScout<84><[U:1:900000012]><Blue>" (damage "77") (weapon "tf_projectile_rocket")
L 04/28/2026 - 05:10:19: "SoldierBoy<83><[U:1:900000011]><Red>" triggered "shot_fired" (weapon "shotgun_soldier")
L 04/28/2026 - 05:10:19: "QuickScout<84><[U:1:900000012]><Blue>" triggered "shot_fired" (weapon "shotgun_soldier")
L 04/28/2026 - 05:10:19: "SoldierBoy<83><[U:1:900000011]><Red>" triggered "shot_fired" (weapon "shotgun_soldier")
L 04/28/2026 - 05:10:19: "SoldierBoy<83><[U:1:900000011]><Red>" triggered "shot_hit" (weapon "shotgun_soldier")
L 04/28/2026 - 05:10:19: "SoldierBoy<83><[U:1:900000011]><Red>" triggered "damage" against "QuickScout<84><[U:1:900000012]><Blue>" (damage "30") (weapon "shotgun_soldier")
L 04/28/2026 - 05:10:19: "QuickScout<84><[U:1:900000012]><Blue>" triggered "shot_fired" (weapon "shotgun_soldier")
L 04/28/2026 - 05:10:19: "QuickScout<84><[U:1:900000012]><Blue>" triggered "shot_hit" (weapon "shotgun_soldier")
L 04/28/2026 - 05:10:19: "QuickScout<84><[U:1:900000012]><Blue>" triggered "damage" against "SoldierBoy<83><[U:1:900000011]><Red>" (damage "6") (weapon "shotgun_soldier")
L 04/28/2026 - 05:10:20: "SoldierBoy<83><[U:1:900000011]><Red>" triggered "shot_fired" (weapon "shotgun_soldier")
L 04/28/2026 - 05:10:20: "SoldierBoy<83><[U:1:900000011]><Red>" triggered "shot_hit" (weapon "shotgun_soldier")
L 04/28/2026 - 05:10:20: "SoldierBoy<83><[U:1:900000011]><Red>" triggered "damage" against "QuickScout<84><[U:1:900000012]><Blue>" (damage "18") (weapon "shotgun_soldier")
L 04/28/2026 - 05:10:20: "QuickScout<84><[U:1:900000012]><Blue>" triggered "shot_fired" (weapon "shotgun_soldier")
L 04/28/2026 - 05:10:20: "QuickScout<84><[U:1:900000012]><Blue>" triggered "shot_hit" (weapon "shotgun_soldier")
L 04/28/2026 - 05:10:20: "QuickScout<84><[U:1:900000012]><Blue>" triggered "damage" against "SoldierBoy<83><[U:1:900000011]><Red>" (damage "12") (weapon "shotgun_soldier")
L 04/28/2026 - 05:10:21: "SoldierBoy<83><[U:1:900000011]><Red>" triggered "shot_fired" (weapon "shotgun_soldier")
L 04/28/2026 - 05:10:21: "SoldierBoy<83><[U:1:900000011]><Red>" triggered "shot_hit" (weapon "shotgun_soldier")
L 04/28/2026 - 05:10:21: "SoldierBoy<83><[U:1:900000011]><Red>" triggered "damage" against "QuickScout<84><[U:1:900000012]><Blue>" (damage "36") (realdamage "1") (weapon "shotgun_soldier")
L 04/28/2026 - 05:10:21: "SoldierBoy<83><[U:1:900000011]><Red>" killed "QuickScout<84><[U:1:900000012]><Blue>" with "shotgun_soldier" (attacker_position "-13183 10929 10804") (victim_position "-13173 10425 10697")
L 04/28/2026 - 05:10:21: "QuickScout<84><[U:1:900000012]><Blue>" spawned as "soldier"
L 04/28/2026 - 05:10:23: "SoldierBoy<83><[U:1:900000011]><Red>" triggered "shot_fired" (weapon "tf_projectile_rocket")
L 04/28/2026 - 05:10:24: "QuickScout<84><[U:1:900000012]><Blue>" triggered "shot_fired" (weapon "quake_rl")
L 04/28/2026 - 05:10:24: "QuickScout<84><[U:1:900000012]><Blue>" triggered "shot_fired" (weapon "quake_rl")
L 04/28/2026 - 05:10:25: "QuickScout<84><[U:1:900000012]><Blue>" triggered "shot_hit" (weapon "quake_rl")
L 04/28/2026 - 05:10:25: "QuickScout<84><[U:1:900000012]><Blue>" triggered "damage" against "SoldierBoy<83><[U:1:900000011]><Red>" (damage "53") (weapon "quake_rl")
L 04/28/2026 - 05:10:25: "SoldierBoy<83><[U:1:900000011]><Red>" triggered "shot_hit" (weapon "tf_projectile_rocket")
L 04/28/2026 - 05:10:25: "SoldierBoy<83><[U:1:900000011]><Red>" triggered "damage" against "QuickScout<84><[U:1:900000012]><Blue>" (damage "55") (weapon "tf_projectile_rocket")
L 04/28/2026 - 05:10:25: "SoldierBoy<83><[U:1:900000011]><Red>" triggered "shot_fired" (weapon "tf_projectile_rocket")
L 04/28/2026 - 05:10:25: "QuickScout<84><[U:1:900000012]><Blue>" triggered "shot_fired" (weapon "quake_rl")
L 04/28/2026 - 05:10:26: "QuickScout<84><[U:1:900000012]><Blue>" triggered "shot_fired" (weapon "shotgun_soldier")
L 04/28/2026 - 05:10:26: "QuickScout<84><[U:1:900000012]><Blue>" triggered "shot_fired" (weapon "shotgun_soldier")
L 04/28/2026 - 05:10:27: "SoldierBoy<83><[U:1:900000011]><Red>" triggered "shot_fired" (weapon "tf_projectile_rocket")
L 04/28/2026 - 05:10:27: "SoldierBoy<83><[U:1:900000011]><Red>" triggered "shot_hit" (weapon "tf_projectile_rocket")
L 04/28/2026 - 05:10:27: "SoldierBoy<83><[U:1:900000011]><Red>" triggered "damage" against "QuickScout<84><[U:1:900000012]><Blue>" (damage "69") (weapon "tf_projectile_rocket")
L 04/28/2026 - 05:10:28: "QuickScout<84><[U:1:900000012]><Blue>" triggered "shot_fired" (weapon "quake_rl")
L 04/28/2026 - 05:10:28: "SoldierBoy<83><[U:1:900000011]><Red>" triggered "shot_fired" (weapon "tf_projectile_rocket")
L 04/28/2026 - 05:10:28: "QuickScout<84><[U:1:900000012]><Blue>" triggered "shot_fired" (weapon "shotgun_soldier")
L 04/28/2026 - 05:10:28: "QuickScout<84><[U:1:900000012]><Blue>" triggered "shot_hit" (weapon "shotgun_soldier")
L 04/28/2026 - 05:10:28: "QuickScout<84><[U:1:900000012]><Blue>" triggered "damage" against "SoldierBoy<83><[U:1:900000011]><Red>" (damage "35") (weapon "shotgun_soldier")
L 04/28/2026 - 05:10:29: "SoldierBoy<83><[U:1:900000011]><Red>" triggered "shot_fired" (weapon "shotgun_soldier")
L 04/28/2026 - 05:10:29: "SoldierBoy<83><[U:1:900000011]><Red>" triggered "shot_hit" (weapon "shotgun_soldier")
L 04/28/2026 - 05:10:29: "SoldierBoy<83><[U:1:900000011]><Red>" triggered "damage" against "QuickScout<84><[U:1:900000012]><Blue>" (damage "16") (weapon "shotgun_soldier")
L 04/28/2026 - 05:10:29: "QuickScout<84><[U:1:900000012]><Blue>" triggered "shot_fired" (weapon "shotgun_soldier")
L 04/28/2026 - 05:10:29: "SoldierBoy<83><[U:1:900000011]><Red>" triggered "shot_fired" (weapon "shotgun_soldier")
L 04/28/2026 - 05:10:29: "SoldierBoy<83><[U:1:900000011]><Red>" triggered "shot_hit" (weapon "shotgun_soldier")
L 04/28/2026 - 05:10:29: "SoldierBoy<83><[U:1:900000011]><Red>" triggered "damage" against "QuickScout<84><[U:1:900000012]><Blue>" (damage "13") (weapon "shotgun_soldier")
L 04/28/2026 - 05:10:30: "QuickScout<84><[U:1:900000012]><Blue>" triggered "shot_fired" (weapon "shotgun_soldier")
L 04/28/2026 - 05:10:30: "SoldierBoy<83><[U:1:900000011]><Red>" triggered "shot_fired" (weapon "shotgun_soldier")
L 04/28/2026 - 05:10:30: "SoldierBoy<83><[U:1:900000011]><Red>" triggered "shot_hit" (weapon "shotgun_soldier")
L 04/28/2026 - 05:10:30: "SoldierBoy<83><[U:1:900000011]><Red>" triggered "damage" against "QuickScout<84><[U:1:900000012]><Blue>" (damage "23") (realdamage "9") (weapon "shotgun_soldier")
L 04/28/2026 - 05:10:30: "SoldierBoy<83><[U:1:900000011]><Red>" killed "QuickScout<84><[U:1:900000012]><Blue>" with "shotgun_soldier" (attacker_position "-13107 10617 10765") (victim_position "-13127 11145 10740")
L 04/28/2026 - 05:10:30: "QuickScout<84><[U:1:900000012]><Blue>" spawned as "soldier"
L 04/28/2026 - 05:10:33: "SoldierBoy<83><[U:1:900000011]><Red>" triggered "shot_fired" (weapon "tf_projectile_rocket")
L 04/28/2026 - 05:10:33: "QuickScout<84><[U:1:900000012]><Blue>" triggered "shot_fired" (weapon "quake_rl")
L 04/28/2026 - 05:10:33: "SoldierBoy<83><[U:1:900000011]><Red>" triggered "shot_fired" (weapon "tf_projectile_rocket")
L 04/28/2026 - 05:10:34: "QuickScout<84><[U:1:900000012]><Blue>" triggered "shot_fired" (weapon "quake_rl")
L 04/28/2026 - 05:10:34: "SoldierBoy<83><[U:1:900000011]><Red>" triggered "shot_hit" (weapon "tf_projectile_rocket")
L 04/28/2026 - 05:10:34: "SoldierBoy<83><[U:1:900000011]><Red>" triggered "damage" against "QuickScout<84><[U:1:900000012]><Blue>" (damage "82") (weapon "tf_projectile_rocket")
L 04/28/2026 - 05:10:34: "SoldierBoy<83><[U:1:900000011]><Red>" triggered "shot_fired" (weapon "tf_projectile_rocket")
L 04/28/2026 - 05:10:36: "QuickScout<84><[U:1:900000012]><Blue>" triggered "shot_fired" (weapon "quake_rl")
L 04/28/2026 - 05:10:36: "QuickScout<84><[U:1:900000012]><Blue>" triggered "shot_hit" (weapon "quake_rl")
L 04/28/2026 - 05:10:36: "QuickScout<84><[U:1:900000012]><Blue>" triggered "damage" against "SoldierBoy<83><[U:1:900000011]><Red>" (damage "103") (weapon "quake_rl")
L 04/28/2026 - 05:10:36: "SoldierBoy<83><[U:1:900000011]><Red>" triggered "shot_fired" (weapon "tf_projectile_rocket")
L 04/28/2026 - 05:10:36: "QuickScout<84><[U:1:900000012]><Blue>" triggered "shot_fired" (weapon "quake_rl")
L 04/28/2026 - 05:10:36: "SoldierBoy<83><[U:1:900000011]><Red>" triggered "shot_hit" (weapon "tf_projectile_rocket")
L 04/28/2026 - 05:10:36: "SoldierBoy<83><[U:1:900000011]><Red>" triggered "damage" against "QuickScout<84><[U:1:900000012]><Blue>" (damage "47") (weapon "tf_projectile_rocket")
L 04/28/2026 - 05:10:37: "SoldierBoy<83><[U:1:900000011]><Red>" triggered "shot_fired" (weapon "tf_projectile_rocket")
L 04/28/2026 - 05:10:37: "QuickScout<84><[U:1:900000012]><Blue>" triggered "shot_fired" (weapon "shotgun_soldier")
L 04/28/2026 - 05:10:37: "SoldierBoy<83><[U:1:900000011]><Red>" triggered "shot_hit" (weapon "tf_projectile_rocket")
L 04/28/2026 - 05:10:37: "SoldierBoy<83><[U:1:900000011]><Red>" triggered "damage" against "QuickScout<84><[U:1:900000012]><Blue>" (damage "55") (realdamage "37") (weapon "tf_projectile_rocket")
L 04/28/2026 - 05:10:37: "SoldierBoy<83><[U:1:900000011]><Red>" killed "QuickScout<84><[U:1:900000012]><Blue>" with "tf_projectile_rocket" (attacker_position "-13128 10666 10740") (victim_position "-12971 11097 10696")
L 04/28/2026 - 05:10:37: "QuickScout<84><[U:1:900000012]><Blue>" spawned as "soldier"
L 04/28/2026 - 05:10:40: "QuickScout<84><[U:1:900000012]><Blue>" triggered "shot_fired" (weapon "quake_rl")
L 04/28/2026 - 05:10:40: "SoldierBoy<83><[U:1:900000011]><Red>" triggered "shot_fired" (weapon "tf_projectile_rocket")
L 04/28/2026 - 05:10:41: "QuickScout<84><[U:1:900000012]><Blue>" triggered "shot_fired" (weapon "quake_rl")
L 04/28/2026 - 05:10:41: "QuickScout<84><[U:1:900000012]><Blue>" triggered "shot_hit" (weapon "quake_rl")
L 04/28/2026 - 05:10:41: "QuickScout<84><[U:1:900000012]><Blue>" triggered "damage" against "SoldierBoy<83><[U:1:900000011]><Red>" (damage "57") (weapon "quake_rl")
L 04/28/2026 - 05:10:43: "SoldierBoy<83><[U:1:900000011]><Red>" triggered "shot_fired" (weapon "tf_projectile_rocket")
L 04/28/2026 - 05:10:43: "QuickScout<84><[U:1:900000012]><Blue>" triggered "shot_fired" (weapon "quake_rl")
L 04/28/2026 - 05:10:43: "QuickScout<84><[U:1:900000012]><Blue>" triggered "shot_hit" (weapon "quake_rl")
L 04/28/2026 - 05:10:43: "QuickScout<84><[U:1:900000012]><Blue>" triggered "damage" against "SoldierBoy<83><[U:1:900000011]><Red>" (damage "95") (weapon "quake_rl")
L 04/28/2026 - 05:10:43: "SoldierBoy<83><[U:1:900000011]><Red>" triggered "shot_hit" (weapon "tf_projectile_rocket")
L 04/28/2026 - 05:10:43: "SoldierBoy<83><[U:1:900000011]><Red>" triggered "damage" against "QuickScout<84><[U:1:900000012]><Blue>" (damage "48") (weapon "tf_projectile_rocket")
L 04/28/2026 - 05:10:44: "SoldierBoy<83><[U:1:900000011]><Red>" triggered "shot_fired" (weapon "tf_projectile_rocket")
L 04/28/2026 - 05:10:44: "SoldierBoy<83><[U:1:900000011]><Red>" triggered "shot_hit" (weapon "tf_projectile_rocket")
L 04/28/2026 - 05:10:44: "SoldierBoy<83><[U:1:900000011]><Red>" triggered "damage" against "QuickScout<84><[U:1:900000012]><Blue>" (damage "50") (weapon "tf_projectile_rocket")
L 04/28/2026 - 05:10:44: "SoldierBoy<83><[U:1:900000011]><Red>" triggered "shot_fired" (weapon "shotgun_soldier")
L 04/28/2026 - 05:10:44: "SoldierBoy<83><[U:1:900000011]><Red>" triggered "shot_hit" (weapon "shotgun_soldier")
L 04/28/2026 - 05:10:44: "SoldierBoy<83><[U:1:900000011]><Red>" triggered "damage" against "QuickScout<84><[U:1:900000012]><Blue>" (damage "25") (weapon "shotgun_soldier")
L 04/28/2026 - 05:10:44: "QuickScout<84><[U:1:900000012]><Blue>" picked up item "tf_ammo_pack"
L 04/28/2026 - 05:10:44: "QuickScout<84><[U:1:900000012]><Blue>" triggered "shot_fired" (weapon "quake_rl")
L 04/28/2026 - 05:10:45: "SoldierBoy<83><[U:1:900000011]><Red>" triggered "shot_fired" (weapon "shotgun_soldier")
L 04/28/2026 - 05:10:46: "QuickScout<84><[U:1:900000012]><Blue>" triggered "shot_fired" (weapon "shotgun_soldier")
L 04/28/2026 - 05:10:46: "SoldierBoy<83><[U:1:900000011]><Red>" triggered "shot_hit" (weapon "tf_projectile_rocket")
L 04/28/2026 - 05:10:46: "SoldierBoy<83><[U:1:900000011]><Red>" triggered "damage" against "QuickScout<84><[U:1:900000012]><Blue>" (damage "52") (realdamage "37") (weapon "tf_projectile_rocket")
L 04/28/2026 - 05:10:46: "SoldierBoy<83><[U:1:900000011]><Red>" killed "QuickScout<84><[U:1:900000012]><Blue>" with "tf_projectile_rocket" (attacker_position "-12928 10708 10700") (victim_position "-12773 10956 10664")
L 04/28/2026 - 05:10:46: "SoldierBoy<83><[U:1:900000011]><Red>" triggered "domination" against "QuickScout<84><[U:1:900000012]><Blue>"
L 04/28/2026 - 05:10:46: "SoldierBoy<83><[U:1:900000011]><Red>" triggered "shot_fired" (weapon "tf_projectile_rocket")
L 04/28/2026 - 05:10:46: "QuickScout<84><[U:1:900000012]><Blue>" spawned as "soldier"
L 04/28/2026 - 05:10:49: "SoldierBoy<83><[U:1:900000011]><Red>" triggered "shot_fired" (weapon "tf_projectile_rocket")
L 04/28/2026 - 05:10:49: "QuickScout<84><[U:1:900000012]><Blue>" triggered "shot_fired" (weapon "quake_rl")
L 04/28/2026 - 05:10:50: "QuickScout<84><[U:1:900000012]><Blue>" triggered "shot_fired" (weapon "quake_rl")
L 04/28/2026 - 05:10:50: "QuickScout<84><[U:1:900000012]><Blue>" triggered "shot_hit" (weapon "quake_rl")
L 04/28/2026 - 05:10:50: "QuickScout<84><[U:1:900000012]><Blue>" triggered "damage" against "SoldierBoy<83><[U:1:900000011]><Red>" (damage "55") (weapon "quake_rl")
L 04/28/2026 - 05:10:50: "SoldierBoy<83><[U:1:900000011]><Red>" triggered "shot_hit" (weapon "tf_projectile_rocket")
L 04/28/2026 - 05:10:50: "SoldierBoy<83><[U:1:900000011]><Red>" triggered "damage" against "QuickScout<84><[U:1:900000012]><Blue>" (damage "73") (weapon "tf_projectile_rocket")
L 04/28/2026 - 05:10:50: "SoldierBoy<83><[U:1:900000011]><Red>" triggered "shot_fired" (weapon "tf_projectile_rocket")
L 04/28/2026 - 05:10:51: "QuickScout<84><[U:1:900000012]><Blue>" triggered "shot_fired" (weapon "quake_rl")
L 04/28/2026 - 05:10:51: "QuickScout<84><[U:1:900000012]><Blue>" triggered "shot_fired" (weapon "shotgun_soldier")
L 04/28/2026 - 05:10:51: "QuickScout<84><[U:1:900000012]><Blue>" triggered "shot_hit" (weapon "shotgun_soldier")
L 04/28/2026 - 05:10:51: "QuickScout<84><[U:1:900000012]><Blue>" triggered "damage" against "SoldierBoy<83><[U:1:900000011]><Red>" (damage "26") (weapon "shotgun_soldier")
L 04/28/2026 - 05:10:51: "SoldierBoy<83><[U:1:900000011]><Red>" triggered "shot_fired" (weapon "tf_projectile_rocket")
L 04/28/2026 - 05:10:51: "SoldierBoy<83><[U:1:900000011]><Red>" triggered "shot_hit" (weapon "tf_projectile_rocket")
L 04/28/2026 - 05:10:51: "SoldierBoy<83><[U:1:900000011]><Red>" triggered "damage" against "QuickScout<84><[U:1:900000012]><Blue>" (damage "71") (weapon "tf_projectile_rocket")
L 04/28/2026 - 05:10:52: "SoldierBoy<83><[U:1:900000011]><Red>" triggered "shot_fired" (weapon "shotgun_soldier")
L 04/28/2026 - 05:10:52: "QuickScout<84><[U:1:900000012]><Blue>" triggered "shot_fired" (weapon "shotgun_soldier")
L 04/28/2026 - 05:10:53: "QuickScout<84><[U:1:900000012]><Blue>" triggered "shot_fired" (weapon "shotgun_soldier")
L 04/28/2026 - 05:10:53: "SoldierBoy<83><[U:1:900000011]><Red>" triggered "shot_hit" (weapon "tf_projectile_rocket")
L 04/28/2026 - 05:10:53: "SoldierBoy<83><[U:1:900000011]><Red>" triggered "damage" against "QuickScout<84><[U:1:900000012]><Blue>" (damage "86") (realdamage "20") (weapon "tf_projectile_rocket")
L 04/28/2026 - 05:10:53: "SoldierBoy<83><[U:1:900000011]><Red>" killed "QuickScout<84><[U:1:900000012]><Blue>" with "tf_projectile_rocket" (attacker_position "-13234 11036 10870") (victim_position "-13317 11060 10696")
L 04/28/2026 - 05:10:53: "SoldierBoy<83><[U:1:900000011]><Red>" triggered "shot_fired" (weapon "tf_projectile_rocket")
L 04/28/2026 - 05:10:53: "QuickScout<84><[U:1:900000012]><Blue>" spawned as "soldier"
L 04/28/2026 - 05:10:55: "QuickScout<84><[U:1:900000012]><Blue>" triggered "shot_fired" (weapon "quake_rl")
L 04/28/2026 - 05:10:55: "SoldierBoy<83><[U:1:900000011]><Red>" triggered "shot_fired" (weapon "tf_projectile_rocket")
L 04/28/2026 - 05:10:56: "QuickScout<84><[U:1:900000012]><Blue>" triggered "shot_hit" (weapon "quake_rl")
L 04/28/2026 - 05:10:56: "QuickScout<84><[U:1:900000012]><Blue>" triggered "damage" against "SoldierBoy<83><[U:1:900000011]><Red>" (damage "47") (weapon "quake_rl")
L 04/28/2026 - 05:10:56: "QuickScout<84><[U:1:900000012]><Blue>" triggered "shot_fired" (weapon "quake_rl")
L 04/28/2026 - 05:10:56: "SoldierBoy<83><[U:1:900000011]><Red>" triggered "shot_fired" (weapon "tf_projectile_rocket")
L 04/28/2026 - 05:10:57: "SoldierBoy<83><[U:1:900000011]><Red>" triggered "shot_hit" (weapon "tf_projectile_rocket")
L 04/28/2026 - 05:10:57: "SoldierBoy<83><[U:1:900000011]><Red>" triggered "damage" against "QuickScout<84><[U:1:900000012]><Blue>" (damage "78") (weapon "tf_projectile_rocket")
L 04/28/2026 - 05:10:57: "QuickScout<84><[U:1:900000012]><Blue>" triggered "shot_fired" (weapon "quake_rl")
L 04/28/2026 - 05:10:57: "QuickScout<84><[U:1:900000012]><Blue>" triggered "shot_hit" (weapon "quake_rl")
L 04/28/2026 - 05:10:57: "QuickScout<84><[U:1:900000012]><Blue>" triggered "damage" against "SoldierBoy<83><[U:1:900000011]><Red>" (damage "91") (weapon "quake_rl")
L 04/28/2026 - 05:10:57: "SoldierBoy<83><[U:1:900000011]><Red>" triggered "shot_fired" (weapon "tf_projectile_rocket")
L 04/28/2026 - 05:10:58: "QuickScout<84><[U:1:900000012]><Blue>" triggered "shot_fired" (weapon "shotgun_soldier")
L 04/28/2026 - 05:10:58: "QuickScout<84><[U:1:900000012]><Blue>" triggered "shot_hit" (weapon "shotgun_soldier")
L 04/28/2026 - 05:10:58: "QuickScout<84><[U:1:900000012]><Blue>" triggered "damage" against "SoldierBoy<83><[U:1:900000011]><Red>" (damage "31") (weapon "shotgun_soldier")
L 04/28/2026 - 05:10:58: "SoldierBoy<83><[U:1:900000011]><Red>" triggered "shot_fired" (weapon "shotgun_soldier")
L 04/28/2026 - 05:10:58: "SoldierBoy<83><[U:1:900000011]><Red>" triggered "shot_hit" (weapon "shotgun_soldier")
L 04/28/2026 - 05:10:58: "SoldierBoy<83><[U:1:900000011]><Red>" triggered "damage" against "QuickScout<84><[U:1:900000012]><Blue>" (damage "16") (weapon "shotgun_soldier")
L 04/28/2026 - 05:10:58: "QuickScout<84><[U:1:900000012]><Blue>" triggered "shot_fired" (weapon "shotgun_soldier")
L 04/28/2026 - 05:10:59: "SoldierBoy<83><[U:1:900000011]><Red>" triggered "shot_fired" (weapon "tf_projectile_rocket")
L 04/28/2026 - 05:10:59: "QuickScout<84><[U:1:900000012]><Blue>" triggered "shot_fired" (weapon "shotgun_soldier")
L 04/28/2026 - 05:10:59: "SoldierBoy<83><[U:1:900000011]><Red>" triggered "shot_hit" (weapon "tf_projectile_rocket")
L 04/28/2026 - 05:10:59: "SoldierBoy<83><[U:1:900000011]><Red>" triggered "damage" against "QuickScout<84><[U:1:900000012]><Blue>" (damage "36") (weapon "tf_projectile_rocket")
L 04/28/2026 - 05:11:00: "SoldierBoy<83><[U:1:900000011]><Red>" triggered "shot_fired" (weapon "shotgun_soldier")
L 04/28/2026 - 05:11:00: "SoldierBoy<83><[U:1:900000011]><Red>" triggered "shot_hit" (weapon "shotgun_soldier")
L 04/28/2026 - 05:11:00: "SoldierBoy<83><[U:1:900000011]><Red>" triggered "damage" against "QuickScout<84><[U:1:900000012]><Blue>" (damage "35") (weapon "shotgun_soldier")
L 04/28/2026 - 05:11:00: "QuickScout<84><[U:1:900000012]><Blue>" triggered "shot_fired" (weapon "shotgun_soldier")
L 04/28/2026 - 05:11:00: "QuickScout<84><[U:1:900000012]><Blue>" triggered "shot_hit" (weapon "shotgun_soldier")
L 04/28/2026 - 05:11:00: "QuickScout<84><[U:1:900000012]><Blue>" triggered "damage" against "SoldierBoy<83><[U:1:900000011]><Red>" (damage "25") (weapon "shotgun_soldier")
L 04/28/2026 - 05:11:00: "QuickScout<84><[U:1:900000012]><Blue>" triggered "shot_fired" (weapon "shotgun_soldier")
L 04/28/2026 - 05:11:00: "QuickScout<84><[U:1:900000012]><Blue>" triggered "shot_hit" (weapon "shotgun_soldier")
L 04/28/2026 - 05:11:00: "QuickScout<84><[U:1:900000012]><Blue>" triggered "damage" against "SoldierBoy<83><[U:1:900000011]><Red>" (damage "15") (realdamage "7") (weapon "shotgun_soldier")
L 04/28/2026 - 05:11:00: "QuickScout<84><[U:1:900000012]><Blue>" killed "SoldierBoy<83><[U:1:900000011]><Red>" with "shotgun_soldier" (attacker_position "-13220 10578 10751") (victim_position "-13138 10893 10855")
L 04/28/2026 - 05:11:00: "QuickScout<84><[U:1:900000012]><Blue>" triggered "revenge" against "SoldierBoy<83><[U:1:900000011]><Red>"
L 04/28/2026 - 05:11:01: "SoldierBoy<83><[U:1:900000011]><Red>" spawned as "soldier"
L 04/28/2026 - 05:11:03: "SoldierBoy<83><[U:1:900000011]><Red>" triggered "shot_fired" (weapon "tf_projectile_rocket")
L 04/28/2026 - 05:11:03: "QuickScout<84><[U:1:900000012]><Blue>" triggered "shot_fired" (weapon "quake_rl")
L 04/28/2026 - 05:11:03: "SoldierBoy<83><[U:1:900000011]><Red>" triggered "shot_hit" (weapon "tf_projectile_rocket")
L 04/28/2026 - 05:11:03: "SoldierBoy<83><[U:1:900000011]><Red>" triggered "damage" against "QuickScout<84><[U:1:900000012]><Blue>" (damage "80") (weapon "tf_projectile_rocket")
L 04/28/2026 - 05:11:04: "QuickScout<84><[U:1:900000012]><Blue>" triggered "shot_fired" (weapon "quake_rl")
L 04/28/2026 - 05:11:04: "SoldierBoy<83><[U:1:900000011]><Red>" triggered "shot_fired" (weapon "tf_projectile_rocket")
L 04/28/2026 - 05:11:05: "QuickScout<84><[U:1:900000012]><Blue>" triggered "shot_fired" (weapon "quake_rl")
L 04/28/2026 - 05:11:05: "SoldierBoy<83><[U:1:900000011]><Red>" triggered "shot_fired" (weapon "tf_projectile_rocket")
L 04/28/2026 - 05:11:06: "SoldierBoy<83><[U:1:900000011]><Red>" triggered "shot_fired" (weapon "shotgun_soldier")
L 04/28/2026 - 05:11:06: "SoldierBoy<83><[U:1:900000011]><Red>" triggered "shot_hit" (weapon "shotgun_soldier")
L 04/28/2026 - 05:11:06: "SoldierBoy<83><[U:1:900000011]><Red>" triggered "damage" against "QuickScout<84><[U:1:900000012]><Blue>" (damage "61") (weapon "shotgun_soldier")
L 04/28/2026 - 05:11:06: "QuickScout<84><[U:1:900000012]><Blue>" triggered "shot_fired" (weapon "quake_rl")
L 04/28/2026 - 05:11:06: "QuickScout<84><[U:1:900000012]><Blue>" triggered "shot_hit" (weapon "quake_rl")
L 04/28/2026 - 05:11:06: "QuickScout<84><[U:1:900000012]><Blue>" triggered "damage" against "SoldierBoy<83><[U:1:900000011]><Red>" (damage "98") (weapon "quake_rl")
L 04/28/2026 - 05:11:07: "SoldierBoy<83><[U:1:900000011]><Red>" triggered "shot_fired" (weapon "shotgun_soldier")
L 04/28/2026 - 05:11:07: "SoldierBoy<83><[U:1:900000011]><Red>" triggered "shot_hit" (weapon "shotgun_soldier")
L 04/28/2026 - 05:11:07: "SoldierBoy<83><[U:1:900000011]><Red>" triggered "damage" against "QuickScout<84><[U:1:900000012]><Blue>" (damage "17") (weapon "shotgun_soldier")
L 04/28/2026 - 05:11:07: "QuickScout<84><[U:1:900000012]><Blue>" triggered "shot_fired" (weapon "shotgun_soldier")
L 04/28/2026 - 05:11:07: "QuickScout<84><[U:1:900000012]><Blue>" triggered "shot_hit" (weapon "shotgun_soldier")
L 04/28/2026 - 05:11:07: "QuickScout<84><[U:1:900000012]><Blue>" triggered "damage" against "SoldierBoy<83><[U:1:900000011]><Red>" (damage "36") (weapon "shotgun_soldier")
L 04/28/2026 - 05:11:07: "SoldierBoy<83><[U:1:900000011]><Red>" triggered "shot_fired" (weapon "shotgun_soldier")
L 04/28/2026 - 05:11:07: "SoldierBoy<83><[U:1:900000011]><Red>" triggered "shot_hit" (weapon "shotgun_soldier")
L 04/28/2026 - 05:11:07: "SoldierBoy<83><[U:1:900000011]><Red>" triggered "damage" against "QuickScout<84><[U:1:900000012]><Blue>" (damage "17") (weapon "shotgun_soldier")
L 04/28/2026 - 05:11:07: "QuickScout<84><[U:1:900000012]><Blue>" triggered "shot_fired" (weapon "shotgun_soldier")
L 04/28/2026 - 05:11:07: "QuickScout<84><[U:1:900000012]><Blue>" triggered "shot_hit" (weapon "shotgun_soldier")
L 04/28/2026 - 05:11:07: "QuickScout<84><[U:1:900000012]><Blue>" triggered "damage" against "SoldierBoy<83><[U:1:900000011]><Red>" (damage "12") (weapon "shotgun_soldier")
L 04/28/2026 - 05:11:08: "SoldierBoy<83><[U:1:900000011]><Red>" triggered "shot_fired" (weapon "shotgun_soldier")
L 04/28/2026 - 05:11:08: "QuickScout<84><[U:1:900000012]><Blue>" triggered "shot_fired" (weapon "shotgun_soldier")
L 04/28/2026 - 05:11:08: "QuickScout<84><[U:1:900000012]><Blue>" triggered "shot_hit" (weapon "shotgun_soldier")
L 04/28/2026 - 05:11:08: "QuickScout<84><[U:1:900000012]><Blue>" triggered "damage" against "SoldierBoy<83><[U:1:900000011]><Red>" (damage "18") (weapon "shotgun_soldier")
L 04/28/2026 - 05:11:09: "SoldierBoy<83><[U:1:900000011]><Red>" triggered "shot_fired" (weapon "shotgun_soldier")
L 04/28/2026 - 05:11:09: "SoldierBoy<83><[U:1:900000011]><Red>" triggered "shot_hit" (weapon "shotgun_soldier")
L 04/28/2026 - 05:11:09: "SoldierBoy<83><[U:1:900000011]><Red>" triggered "damage" against "QuickScout<84><[U:1:900000012]><Blue>" (damage "31") (realdamage "26") (weapon "shotgun_soldier")
L 04/28/2026 - 05:11:09: "SoldierBoy<83><[U:1:900000011]><Red>" killed "QuickScout<84><[U:1:900000012]><Blue>" with "shotgun_soldier" (attacker_position "-13083 10510 10696") (victim_position "-13001 11114 10696")
L 04/28/2026 - 05:11:09: "QuickScout<84><[U:1:900000012]><Blue>" spawned as "soldier"
L 04/28/2026 - 05:11:11: "SoldierBoy<83><[U:1:900000011]><Red>" triggered "shot_fired" (weapon "tf_projectile_rocket")
L 04/28/2026 - 05:11:11: "QuickScout<84><[U:1:900000012]><Blue>" triggered "shot_fired" (weapon "quake_rl")
L 04/28/2026 - 05:11:12: "SoldierBoy<83><[U:1:900000011]><Red>" triggered "shot_fired" (weapon "tf_projectile_rocket")
L 04/28/2026 - 05:11:12: "SoldierBoy<83><[U:1:900000011]><Red>" triggered "shot_hit" (weapon "tf_projectile_rocket")
L 04/28/2026 - 05:11:12: "SoldierBoy<83><[U:1:900000011]><Red>" triggered "damage" against "QuickScout<84><[U:1:900000012]><Blue>" (damage "100") (weapon "tf_projectile_rocket") (airshot "1") (height "433")
L 04/28/2026 - 05:11:12: "QuickScout<84><[U:1:900000012]><Blue>" triggered "shot_fired" (weapon "quake_rl")
L 04/28/2026 - 05:11:12: "QuickScout<84><[U:1:900000012]><Blue>" triggered "shot_hit" (weapon "quake_rl")
L 04/28/2026 - 05:11:12: "QuickScout<84><[U:1:900000012]><Blue>" triggered "damage" against "SoldierBoy<83><[U:1:900000011]><Red>" (damage "52") (weapon "quake_rl")
L 04/28/2026 - 05:11:13: "SoldierBoy<83><[U:1:900000011]><Red>" triggered "shot_hit" (weapon "tf_projectile_rocket")
L 04/28/2026 - 05:11:13: "SoldierBoy<83><[U:1:900000011]><Red>" triggered "damage" against "QuickScout<84><[U:1:900000012]><Blue>" (damage "107") (realdamage "90") (weapon "tf_projectile_rocket") (airshot "1") (height "396")
L 04/28/2026 - 05:11:13: "SoldierBoy<83><[U:1:900000011]><Red>" killed "QuickScout<84><[U:1:900000012]><Blue>" with "tf_projectile_rocket" (attacker_position "-13187 11156 11015") (victim_position "-13011 11040 11092")
L 04/28/2026 - 05:11:13: "SoldierBoy<83><[U:1:900000011]><Red>" triggered "shot_fired" (weapon "tf_projectile_rocket")
L 04/28/2026 - 05:11:13: "QuickScout<84><[U:1:900000012]><Blue>" triggered "shot_fired" (weapon "quake_rl")
L 04/28/2026 - 05:11:13: "QuickScout<84><[U:1:900000012]><Blue>" spawned as "soldier"
L 04/28/2026 - 05:11:17: "QuickScout<84><[U:1:900000012]><Blue>" triggered "shot_fired" (weapon "quake_rl")
L 04/28/2026 - 05:11:17: "SoldierBoy<83><[U:1:900000011]><Red>" triggered "shot_fired" (weapon "tf_projectile_rocket")
L 04/28/2026 - 05:11:17: "SoldierBoy<83><[U:1:900000011]><Red>" triggered "shot_hit" (weapon "tf_projectile_rocket")
L 04/28/2026 - 05:11:17: "SoldierBoy<83><[U:1:900000011]><Red>" triggered "damage" against "QuickScout<84><[U:1:900000012]><Blue>" (damage "81") (weapon "tf_projectile_rocket") (airshot "1") (height "575")
L 04/28/2026 - 05:11:18: "QuickScout<84><[U:1:900000012]><Blue>" triggered "shot_fired" (weapon "quake_rl")
L 04/28/2026 - 05:11:18: "SoldierBoy<83><[U:1:900000011]><Red>" triggered "shot_fired" (weapon "tf_projectile_rocket")
L 04/28/2026 - 05:11:18: "SoldierBoy<83><[U:1:900000011]><Red>" triggered "shot_hit" (weapon "tf_projectile_rocket")
L 04/28/2026 - 05:11:18: "SoldierBoy<83><[U:1:900000011]><Red>" triggered "damage" against "QuickScout<84><[U:1:900000012]><Blue>" (damage "82") (weapon "tf_projectile_rocket") (airshot "1") (height "473")
L 04/28/2026 - 05:11:18: "QuickScout<84><[U:1:900000012]><Blue>" triggered "shot_hit" (weapon "quake_rl")
L 04/28/2026 - 05:11:18: "QuickScout<84><[U:1:900000012]><Blue>" triggered "damage" against "SoldierBoy<83><[U:1:900000011]><Red>" (damage "56") (weapon "quake_rl")
L 04/28/2026 - 05:11:19: "SoldierBoy<83><[U:1:900000011]><Red>" killed "QuickScout<84><[U:1:900000012]><Blue>" with "world" (attacker_position "-12967 10769 10901") (victim_position "-12881 11170 10698")
L 04/28/2026 - 05:11:19: "SoldierBoy<83><[U:1:900000011]><Red>" triggered "shot_fired" (weapon "tf_projectile_rocket")
L 04/28/2026 - 05:11:19: "QuickScout<84><[U:1:900000012]><Blue>" triggered "shot_fired" (weapon "quake_rl")
L 04/28/2026 - 05:11:19: "QuickScout<84><[U:1:900000012]><Blue>" spawned as "soldier"
L 04/28/2026 - 05:11:22: "QuickScout<84><[U:1:900000012]><Blue>" triggered "shot_fired" (weapon "quake_rl")
L 04/28/2026 - 05:11:23: "SoldierBoy<83><[U:1:900000011]><Red>" triggered "shot_fired" (weapon "tf_projectile_rocket")
L 04/28/2026 - 05:11:23: "QuickScout<84><[U:1:900000012]><Blue>" triggered "shot_hit" (weapon "quake_rl")
L 04/28/2026 - 05:11:23: "QuickScout<84><[U:1:900000012]><Blue>" triggered "damage" against "SoldierBoy<83><[U:1:900000011]><Red>" (damage "94") (weapon "quake_rl")
L 04/28/2026 - 05:11:24: "QuickScout<84><[U:1:900000012]><Blue>" triggered "shot_fired" (weapon "quake_rl")
L 04/28/2026 - 05:11:24: "QuickScout<84><[U:1:900000012]><Blue>" triggered "shot_hit" (weapon "quake_rl")
L 04/28/2026 - 05:11:24: "QuickScout<84><[U:1:900000012]><Blue>" triggered "damage" against "SoldierBoy<83><[U:1:900000011]><Red>" (damage "60") (weapon "quake_rl")
L 04/28/2026 - 05:11:24: "SoldierBoy<83><[U:1:900000011]><Red>" triggered "shot_hit" (weapon "tf_projectile_rocket")
L 04/28/2026 - 05:11:24: "SoldierBoy<83><[U:1:900000011]><Red>" triggered "damage" against "QuickScout<84><[U:1:900000012]><Blue>" (damage "109") (weapon "tf_projectile_rocket")
L 04/28/2026 - 05:11:24: "SoldierBoy<83><[U:1:900000011]><Red>" triggered "shot_fired" (weapon "tf_projectile_rocket")
L 04/28/2026 - 05:11:24: "QuickScout<84><[U:1:900000012]><Blue>" triggered "shot_fired" (weapon "quake_rl")
L 04/28/2026 - 05:11:25: "QuickScout<84><[U:1:900000012]><Blue>" triggered "shot_fired" (weapon "shotgun_soldier")
L 04/28/2026 - 05:11:25: "QuickScout<84><[U:1:900000012]><Blue>" triggered "shot_hit" (weapon "shotgun_soldier")
L 04/28/2026 - 05:11:25: "QuickScout<84><[U:1:900000012]><Blue>" triggered "damage" against "SoldierBoy<83><[U:1:900000011]><Red>" (damage "5") (weapon "shotgun_soldier")
L 04/28/2026 - 05:11:25: "SoldierBoy<83><[U:1:900000011]><Red>" triggered "shot_fired" (weapon "tf_projectile_rocket")
L 04/28/2026 - 05:11:25: "SoldierBoy<83><[U:1:900000011]><Red>" triggered "shot_fired" (weapon "shotgun_soldier")
L 04/28/2026 - 05:11:25: "SoldierBoy<83><[U:1:900000011]><Red>" triggered "shot_hit" (weapon "shotgun_soldier")
L 04/28/2026 - 05:11:25: "SoldierBoy<83><[U:1:900000011]><Red>" triggered "damage" against "QuickScout<84><[U:1:900000012]><Blue>" (damage "11") (weapon "shotgun_soldier")
L 04/28/2026 - 05:11:25: "SoldierBoy<83><[U:1:900000011]><Red>" triggered "shot_hit" (weapon "tf_projectile_rocket")
L 04/28/2026 - 05:11:25: "SoldierBoy<83><[U:1:900000011]><Red>" triggered "damage" against "QuickScout<84><[U:1:900000012]><Blue>" (damage "67") (realdamage "41") (weapon "tf_projectile_rocket")
L 04/28/2026 - 05:11:25: "SoldierBoy<83><[U:1:900000011]><Red>" killed "QuickScout<84><[U:1:900000012]><Blue>" with "tf_projectile_rocket" (attacker_position "-13026 10477 10983") (victim_position "-12881 10908 10696")
L 04/28/2026 - 05:11:25: "SoldierBoy<83><[U:1:900000011]><Red>" triggered "domination" against "QuickScout<84><[U:1:900000012]><Blue>"
L 04/28/2026 - 05:11:26: "QuickScout<84><[U:1:900000012]><Blue>" spawned as "soldier"
L 04/28/2026 - 05:11:28: "QuickScout<84><[U:1:900000012]><Blue>" triggered "shot_fired" (weapon "quake_rl")
L 04/28/2026 - 05:11:29: "SoldierBoy<83><[U:1:900000011]><Red>" triggered "shot_fired" (weapon "tf_projectile_rocket")
L 04/28/2026 - 05:11:29: "SoldierBoy<83><[U:1:900000011]><Red>" triggered "shot_hit" (weapon "tf_projectile_rocket")
L 04/28/2026 - 05:11:29: "SoldierBoy<83><[U:1:900000011]><Red>" triggered "damage" against "QuickScout<84><[U:1:900000012]><Blue>" (damage "109") (weapon "tf_projectile_rocket")
L 04/28/2026 - 05:11:29: "QuickScout<84><[U:1:900000012]><Blue>" triggered "shot_fired" (weapon "quake_rl")
L 04/28/2026 - 05:11:30: "SoldierBoy<83><[U:1:900000011]><Red>" triggered "shot_fired" (weapon "tf_projectile_rocket")
L 04/28/2026 - 05:11:30: "QuickScout<84><[U:1:900000012]><Blue>" triggered "shot_hit" (weapon "quake_rl")
L 04/28/2026 - 05:11:30: "QuickScout<84><[U:1:900000012]><Blue>" triggered "damage" against "SoldierBoy<83><[U:1:900000011]><Red>" (damage "68") (weapon "quake_rl")
L 04/28/2026 - 05:11:30: "QuickScout<84><[U:1:900000012]><Blue>" triggered "shot_fired" (weapon "quake_rl")
L 04/28/2026 - 05:11:30: "QuickScout<84><[U:1:900000012]><Blue>" triggered "shot_hit" (weapon "quake_rl")
L 04/28/2026 - 05:11:30: "QuickScout<84><[U:1:900000012]><Blue>" triggered "damage" against "SoldierBoy<83><[U:1:900000011]><Red>" (damage "61") (weapon "quake_rl")
L 04/28/2026 - 05:11:31: "QuickScout<84><[U:1:900000012]><Blue>" triggered "shot_fired" (weapon "shotgun_soldier")
L 04/28/2026 - 05:11:31: "QuickScout<84><[U:1:900000012]><Blue>" triggered "shot_hit" (weapon "shotgun_soldier")
L 04/28/2026 - 05:11:31: "QuickScout<84><[U:1:900000012]><Blue>" triggered "damage" against "SoldierBoy<83><[U:1:900000011]><Red>" (damage "23") (weapon "shotgun_soldier")
L 04/28/2026 - 05:11:31: "SoldierBoy<83><[U:1:900000011]><Red>" triggered "shot_fired" (weapon "tf_projectile_rocket")
L 04/28/2026 - 05:11:31: "QuickScout<84><[U:1:900000012]><Blue>" triggered "shot_fired" (weapon "shotgun_soldier")
L 04/28/2026 - 05:11:31: "QuickScout<84><[U:1:900000012]><Blue>" triggered "shot_hit" (weapon "shotgun_soldier")
L 04/28/2026 - 05:11:31: "QuickScout<84><[U:1:900000012]><Blue>" triggered "damage" against "SoldierBoy<83><[U:1:900000011]><Red>" (damage "13") (weapon "shotgun_soldier")
L 04/28/2026 - 05:11:32: "SoldierBoy<83><[U:1:900000011]><Red>" triggered "shot_fired" (weapon "tf_projectile_rocket")
L 04/28/2026 - 05:11:32: "QuickScout<84><[U:1:900000012]><Blue>" triggered "shot_fired" (weapon "shotgun_soldier")
L 04/28/2026 - 05:11:32: "SoldierBoy<83><[U:1:900000011]><Red>" triggered "shot_fired" (weapon "shotgun_soldier")
L 04/28/2026 - 05:11:32: "SoldierBoy<83><[U:1:900000011]><Red>" triggered "shot_hit" (weapon "shotgun_soldier")
L 04/28/2026 - 05:11:32: "SoldierBoy<83><[U:1:900000011]><Red>" triggered "damage" against "QuickScout<84><[U:1:900000012]><Blue>" (damage "8") (weapon "shotgun_soldier")
L 04/28/2026 - 05:11:33: "QuickScout<84><[U:1:900000012]><Blue>" triggered "shot_fired" (weapon "shotgun_soldier")
L 04/28/2026 - 05:11:33: "QuickScout<84><[U:1:900000012]><Blue>" triggered "shot_hit" (weapon "shotgun_soldier")
L 04/28/2026 - 05:11:33: "QuickScout<84><[U:1:900000012]><Blue>" triggered "damage" against "SoldierBoy<83><[U:1:900000011]><Red>" (damage "14") (weapon "shotgun_soldier")
L 04/28/2026 - 05:11:33: "SoldierBoy<83><[U:1:900000011]><Red>" triggered "shot_fired" (weapon "shotgun_soldier")
L 04/28/2026 - 05:11:33: "SoldierBoy<83><[U:1:900000011]><Red>" triggered "shot_hit" (weapon "shotgun_soldier")
L 04/28/2026 - 05:11:33: "SoldierBoy<83><[U:1:900000011]><Red>" triggered "damage" against "QuickScout<84><[U:1:900000012]><Blue>" (damage "14") (weapon "shotgun_soldier")
L 04/28/2026 - 05:11:33: "QuickScout<84><[U:1:900000012]><Blue>" triggered "shot_fired" (weapon "shotgun_soldier")
L 04/28/2026 - 05:11:33: "QuickScout<84><[U:1:900000012]><Blue>" triggered "shot_hit" (weapon "shotgun_soldier")
L 04/28/2026 - 05:11:33: "QuickScout<84><[U:1:900000012]><Blue>" triggered "damage" against "SoldierBoy<83><[U:1:900000011]><Red>" (damage "5") (weapon "shotgun_soldier")
L 04/28/2026 - 05:11:33: "SoldierBoy<83><[U:1:900000011]><Red>" triggered "shot_fired" (weapon "shotgun_soldier")
L 04/28/2026 - 05:11:33: "SoldierBoy<83><[U:1:900000011]><Red>" triggered "shot_hit" (weapon "shotgun_soldier")
L 04/28/2026 - 05:11:33: "SoldierBoy<83><[U:1:900000011]><Red>" triggered "damage" against "QuickScout<84><[U:1:900000012]><Blue>" (damage "9") (weapon "shotgun_soldier")
L 04/28/2026 - 05:11:34: "QuickScout<84><[U:1:900000012]><Blue>" triggered "shot_fired" (weapon "shotgun_soldier")
L 04/28/2026 - 05:11:34: "SoldierBoy<83><[U:1:900000011]><Red>" triggered "shot_fired" (weapon "shotgun_soldier")
L 04/28/2026 - 05:11:34: "SoldierBoy<83><[U:1:900000011]><Red>" triggered "shot_hit" (weapon "shotgun_soldier")
L 04/28/2026 - 05:11:34: "SoldierBoy<83><[U:1:900000011]><Red>" triggered "damage" against "QuickScout<84><[U:1:900000012]><Blue>" (damage "22") (weapon "shotgun_soldier")
L 04/28/2026 - 05:11:35: "SoldierBoy<83><[U:1:900000011]><Red>" triggered "shot_fired" (weapon "shotgun_soldier")
L 04/28/2026 - 05:11:35: "SoldierBoy<83><[U:1:900000011]><Red>" triggered "shot_fired" (weapon "shotgun_soldier")
L 04/28/2026 - 05:11:35: "SoldierBoy<83><[U:1:900000011]><Red>" triggered "shot_hit" (weapon "shotgun_soldier")
L 04/28/2026 - 05:11:35: "SoldierBoy<83><[U:1:900000011]><Red>" triggered "damage" against "QuickScout<84><[U:1:900000012]><Blue>" (damage "49") (realdamage "29") (weapon "shotgun_soldier")
L 04/28/2026 - 05:11:35: "SoldierBoy<83><[U:1:900000011]><Red>" killed "QuickScout<84><[U:1:900000012]><Blue>" with "shotgun_soldier" (attacker_position "-13166 11432 10701") (victim_position "-13223 10946 10804")
L 04/28/2026 - 05:11:36: "QuickScout<84><[U:1:900000012]><Blue>" spawned as "soldier"
L 04/28/2026 - 05:11:37: "QuickScout<84><[U:1:900000012]><Blue>" triggered "shot_fired" (weapon "quake_rl")
L 04/28/2026 - 05:11:38: "QuickScout<84><[U:1:900000012]><Blue>" picked up item "tf_ammo_pack"
L 04/28/2026 - 05:11:40: "SoldierBoy<83><[U:1:900000011]><Red>" triggered "shot_fired" (weapon "tf_projectile_rocket")
L 04/28/2026 - 05:11:40: "QuickScout<84><[U:1:900000012]><Blue>" triggered "shot_fired" (weapon "quake_rl")
L 04/28/2026 - 05:11:41: "QuickScout<84><[U:1:900000012]><Blue>" triggered "shot_fired" (weapon "quake_rl")
L 04/28/2026 - 05:11:41: "QuickScout<84><[U:1:900000012]><Blue>" triggered "shot_hit" (weapon "quake_rl")
L 04/28/2026 - 05:11:41: "QuickScout<84><[U:1:900000012]><Blue>" triggered "damage" against "SoldierBoy<83><[U:1:900000011]><Red>" (damage "55") (weapon "quake_rl")
L 04/28/2026 - 05:11:41: "SoldierBoy<83><[U:1:900000011]><Red>" triggered "shot_hit" (weapon "tf_projectile_rocket")
L 04/28/2026 - 05:11:41: "SoldierBoy<83><[U:1:900000011]><Red>" triggered "damage" against "QuickScout<84><[U:1:900000012]><Blue>" (damage "110") (weapon "tf_projectile_rocket")
L 04/28/2026 - 05:11:41: "SoldierBoy<83><[U:1:900000011]><Red>" triggered "shot_fired" (weapon "tf_projectile_rocket")
L 04/28/2026 - 05:11:42: "SoldierBoy<83><[U:1:900000011]><Red>" triggered "shot_fired" (weapon "tf_projectile_rocket")
L 04/28/2026 - 05:11:42: "SoldierBoy<83><[U:1:900000011]><Red>" triggered "shot_hit" (weapon "tf_projectile_rocket")
L 04/28/2026 - 05:11:42: "SoldierBoy<83><[U:1:900000011]><Red>" triggered "damage" against "QuickScout<84><[U:1:900000012]><Blue>" (damage "70") (realdamage "45") (weapon "tf_projectile_rocket")
L 04/28/2026 - 05:11:42: "SoldierBoy<83><[U:1:900000011]><Red>" killed "QuickScout<84><[U:1:900000012]><Blue>" with "tf_projectile_rocket" (attacker_position "-13189 11852 11069") (victim_position "-13209 11737 10846")
L 04/28/2026 - 05:11:42: "QuickScout<84><[U:1:900000012]><Blue>" triggered "shot_fired" (weapon "quake_rl")
L 04/28/2026 - 05:11:42: "QuickScout<84><[U:1:900000012]><Blue>" spawned as "soldier"
L 04/28/2026 - 05:11:45: "QuickScout<84><[U:1:900000012]><Blue>" triggered "shot_fired" (weapon "quake_rl")
L 04/28/2026 - 05:11:45: "SoldierBoy<83><[U:1:900000011]><Red>" triggered "shot_fired" (weapon "tf_projectile_rocket")
L 04/28/2026 - 05:11:45: "QuickScout<84><[U:1:900000012]><Blue>" triggered "shot_hit" (weapon "quake_rl")
L 04/28/2026 - 05:11:45: "QuickScout<84><[U:1:900000012]><Blue>" triggered "damage" against "SoldierBoy<83><[U:1:900000011]><Red>" (damage "51") (weapon "quake_rl")
L 04/28/2026 - 05:11:45: "QuickScout<84><[U:1:900000012]><Blue>" triggered "shot_fired" (weapon "quake_rl")
L 04/28/2026 - 05:11:46: "SoldierBoy<83><[U:1:900000011]><Red>" triggered "shot_fired" (weapon "tf_projectile_rocket")
L 04/28/2026 - 05:11:46: "QuickScout<84><[U:1:900000012]><Blue>" triggered "shot_fired" (weapon "quake_rl")
L 04/28/2026 - 05:11:46: "QuickScout<84><[U:1:900000012]><Blue>" triggered "shot_hit" (weapon "quake_rl")
L 04/28/2026 - 05:11:46: "QuickScout<84><[U:1:900000012]><Blue>" triggered "damage" against "SoldierBoy<83><[U:1:900000011]><Red>" (damage "72") (weapon "quake_rl")
L 04/28/2026 - 05:11:47: "SoldierBoy<83><[U:1:900000011]><Red>" triggered "shot_fired" (weapon "tf_projectile_rocket")
L 04/28/2026 - 05:11:47: "QuickScout<84><[U:1:900000012]><Blue>" triggered "shot_fired" (weapon "shotgun_soldier")
L 04/28/2026 - 05:11:47: "QuickScout<84><[U:1:900000012]><Blue>" triggered "shot_hit" (weapon "shotgun_soldier")
L 04/28/2026 - 05:11:47: "QuickScout<84><[U:1:900000012]><Blue>" triggered "damage" against "SoldierBoy<83><[U:1:900000011]><Red>" (damage "6") (weapon "shotgun_soldier")
L 04/28/2026 - 05:11:47: "QuickScout<84><[U:1:900000012]><Blue>" triggered "shot_fired" (weapon "shotgun_soldier")
L 04/28/2026 - 05:11:47: "QuickScout<84><[U:1:900000012]><Blue>" triggered "shot_hit" (weapon "shotgun_soldier")
L 04/28/2026 - 05:11:47: "QuickScout<84><[U:1:900000012]><Blue>" triggered "damage" against "SoldierBoy<83><[U:1:900000011]><Red>" (damage "6") (weapon "shotgun_soldier")
L 04/28/2026 - 05:11:48: "SoldierBoy<83><[U:1:900000011]><Red>" triggered "shot_fired" (weapon "tf_projectile_rocket")
L 04/28/2026 - 05:11:48: "QuickScout<84><[U:1:900000012]><Blue>" triggered "shot_fired" (weapon "shotgun_soldier")
L 04/28/2026 - 05:11:48: "QuickScout<84><[U:1:900000012]><Blue>" triggered "shot_hit" (weapon "shotgun_soldier")
L 04/28/2026 - 05:11:48: "QuickScout<84><[U:1:900000012]><Blue>" triggered "damage" against "SoldierBoy<83><[U:1:900000011]><Red>" (damage "20") (weapon "shotgun_soldier")
L 04/28/2026 - 05:11:48: "SoldierBoy<83><[U:1:900000011]><Red>" triggered "shot_hit" (weapon "tf_projectile_rocket")
L 04/28/2026 - 05:11:48: "SoldierBoy<83><[U:1:900000011]><Red>" triggered "damage" against "QuickScout<84><[U:1:900000012]><Blue>" (damage "77") (weapon "tf_projectile_rocket")
L 04/28/2026 - 05:11:48: "SoldierBoy<83><[U:1:900000011]><Red>" triggered "shot_fired" (weapon "shotgun_soldier")
L 04/28/2026 - 05:11:48: "SoldierBoy<83><[U:1:900000011]><Red>" triggered "shot_hit" (weapon "shotgun_soldier")
L 04/28/2026 - 05:11:48: "SoldierBoy<83><[U:1:900000011]><Red>" triggered "damage" against "QuickScout<84><[U:1:900000012]><Blue>" (damage "20") (weapon "shotgun_soldier")
L 04/28/2026 - 05:11:49: "QuickScout<84><[U:1:900000012]><Blue>" triggered "shot_fired" (weapon "shotgun_soldier")
L 04/28/2026 - 05:11:49: "QuickScout<84><[U:1:900000012]><Blue>" triggered "shot_hit" (weapon "shotgun_soldier")
L 04/28/2026 - 05:11:49: "QuickScout<84><[U:1:900000012]><Blue>" triggered "damage" against "SoldierBoy<83><[U:1:900000011]><Red>" (damage "7") (weapon "shotgun_soldier")
L 04/28/2026 - 05:11:49: "SoldierBoy<83><[U:1:900000011]><Red>" triggered "shot_fired" (weapon "shotgun_soldier")
L 04/28/2026 - 05:11:49: "SoldierBoy<83><[U:1:900000011]><Red>" triggered "shot_hit" (weapon "shotgun_soldier")
L 04/28/2026 - 05:11:49: "SoldierBoy<83><[U:1:900000011]><Red>" triggered "damage" against "QuickScout<84><[U:1:900000012]><Blue>" (damage "13") (weapon "shotgun_soldier")
L 04/28/2026 - 05:11:49: "QuickScout<84><[U:1:900000012]><Blue>" triggered "shot_fired" (weapon "shotgun_soldier")
L 04/28/2026 - 05:11:49: "QuickScout<84><[U:1:900000012]><Blue>" triggered "shot_hit" (weapon "shotgun_soldier")
L 04/28/2026 - 05:11:49: "QuickScout<84><[U:1:900000012]><Blue>" triggered "damage" against "SoldierBoy<83><[U:1:900000011]><Red>" (damage "6") (weapon "shotgun_soldier")
L 04/28/2026 - 05:11:50: "SoldierBoy<83><[U:1:900000011]><Red>" triggered "shot_fired" (weapon "shotgun_soldier")
L 04/28/2026 - 05:11:50: "SoldierBoy<83><[U:1:900000011]><Red>" triggered "shot_hit" (weapon "shotgun_soldier")
L 04/28/2026 - 05:11:50: "SoldierBoy<83><[U:1:900000011]><Red>" triggered "damage" against "QuickScout<84><[U:1:900000012]><Blue>" (damage "19") (weapon "shotgun_soldier")
L 04/28/2026 - 05:11:50: "QuickScout<84><[U:1:900000012]><Blue>" triggered "shot_fired" (weapon "shotgun_soldier")
L 04/28/2026 - 05:11:51: "SoldierBoy<83><[U:1:900000011]><Red>" triggered "shot_fired" (weapon "shotgun_soldier")
L 04/28/2026 - 05:11:51: "SoldierBoy<83><[U:1:900000011]><Red>" triggered "shot_hit" (weapon "shotgun_soldier")
L 04/28/2026 - 05:11:51: "SoldierBoy<83><[U:1:900000011]><Red>" triggered "damage" against "QuickScout<84><[U:1:900000012]><Blue>" (damage "45") (realdamage "40") (weapon "shotgun_soldier")
L 04/28/2026 - 05:11:51: "SoldierBoy<83><[U:1:900000011]><Red>" killed "QuickScout<84><[U:1:900000012]><Blue>" with "shotgun_soldier" (attacker_position "-13099 11637 10740") (victim_position "-13071 12093 10696")
L 04/28/2026 - 05:11:51: "QuickScout<84><[U:1:900000012]><Blue>" spawned as "soldier"
L 04/28/2026 - 05:11:54: "SoldierBoy<83><[U:1:900000011]><Red>" triggered "shot_fired" (weapon "tf_projectile_rocket")
L 04/28/2026 - 05:11:55: "QuickScout<84><[U:1:900000012]><Blue>" triggered "shot_fired" (weapon "quake_rl")
L 04/28/2026 - 05:11:55: "QuickScout<84><[U:1:900000012]><Blue>" triggered "shot_hit" (weapon "quake_rl")
L 04/28/2026 - 05:11:55: "QuickScout<84><[U:1:900000012]><Blue>" triggered "damage" against "SoldierBoy<83><[U:1:900000011]><Red>" (damage "54") (weapon "quake_rl")
L 04/28/2026 - 05:11:55: "SoldierBoy<83><[U:1:900000011]><Red>" triggered "shot_fired" (weapon "tf_projectile_rocket")
L 04/28/2026 - 05:11:56: "SoldierBoy<83><[U:1:900000011]><Red>" triggered "shot_fired" (weapon "tf_projectile_rocket")
L 04/28/2026 - 05:11:57: "QuickScout<84><[U:1:900000012]><Blue>" triggered "shot_hit" (weapon "quake_rl")
L 04/28/2026 - 05:11:57: "QuickScout<84><[U:1:900000012]><Blue>" triggered "damage" against "SoldierBoy<83><[U:1:900000011]><Red>" (damage "85") (weapon "quake_rl")
L 04/28/2026 - 05:11:57: "QuickScout<84><[U:1:900000012]><Blue>" triggered "shot_fired" (weapon "quake_rl")
L 04/28/2026 - 05:11:58: "QuickScout<84><[U:1:900000012]><Blue>" triggered "shot_fired" (weapon "quake_rl")
L 04/28/2026 - 05:11:58: "SoldierBoy<83><[U:1:900000011]><Red>" triggered "shot_fired" (weapon "tf_projectile_rocket")
L 04/28/2026 - 05:11:58: "SoldierBoy<83><[U:1:900000011]><Red>" triggered "shot_hit" (weapon "tf_projectile_rocket")
L 04/28/2026 - 05:11:58: "SoldierBoy<83><[U:1:900000011]><Red>" triggered "damage" against "QuickScout<84><[U:1:900000012]><Blue>" (damage "58") (weapon "tf_projectile_rocket")
L 04/28/2026 - 05:11:58: "SoldierBoy<83><[U:1:900000011]><Red>" triggered "shot_fired" (weapon "shotgun_soldier")
L 04/28/2026 - 05:11:58: "SoldierBoy<83><[U:1:900000011]><Red>" triggered "shot_hit" (weapon "shotgun_soldier")
L 04/28/2026 - 05:11:58: "SoldierBoy<83><[U:1:900000011]><Red>" triggered "damage" against "QuickScout<84><[U:1:900000012]><Blue>" (damage "34") (weapon "shotgun_soldier")
L 04/28/2026 - 05:11:58: "QuickScout<84><[U:1:900000012]><Blue>" triggered "shot_fired" (weapon "quake_rl")
L 04/28/2026 - 05:11:59: "QuickScout<84><[U:1:900000012]><Blue>" triggered "shot_hit" (weapon "quake_rl")
L 04/28/2026 - 05:11:59: "QuickScout<84><[U:1:900000012]><Blue>" triggered "damage" against "SoldierBoy<83><[U:1:900000011]><Red>" (damage "60") (realdamage "58") (weapon "quake_rl")
L 04/28/2026 - 05:11:59: "QuickScout<84><[U:1:900000012]><Blue>" killed "SoldierBoy<83><[U:1:900000011]><Red>" with "quake_rl" (attacker_position "-12869 11792 10967") (victim_position "-13107 11439 10729")
L 04/28/2026 - 05:11:59: "QuickScout<84><[U:1:900000012]><Blue>" triggered "revenge" against "SoldierBoy<83><[U:1:900000011]><Red>"
L 04/28/2026 - 05:11:59: "SoldierBoy<83><[U:1:900000011]><Red>" spawned as "soldier"
L 04/28/2026 - 05:12:01: "QuickScout<84><[U:1:900000012]><Blue>" triggered "shot_fired" (weapon "quake_rl")
L 04/28/2026 - 05:12:02: "SoldierBoy<83><[U:1:900000011]><Red>" triggered "shot_fired" (weapon "tf_projectile_rocket")
L 04/28/2026 - 05:12:02: "SoldierBoy<83><[U:1:900000011]><Red>" triggered "shot_hit" (weapon "tf_projectile_rocket")
L 04/28/2026 - 05:12:02: "SoldierBoy<83><[U:1:900000011]><Red>" triggered "damage" against "QuickScout<84><[U:1:900000012]><Blue>" (damage "58") (weapon "tf_projectile_rocket")
L 04/28/2026 - 05:12:02: "QuickScout<84><[U:1:900000012]><Blue>" triggered "shot_hit" (weapon "quake_rl")
L 04/28/2026 - 05:12:02: "QuickScout<84><[U:1:900000012]><Blue>" triggered "damage" against "SoldierBoy<83><[U:1:900000011]><Red>" (damage "71") (weapon "quake_rl")
L 04/28/2026 - 05:12:02: "QuickScout<84><[U:1:900000012]><Blue>" triggered "shot_fired" (weapon "quake_rl")
L 04/28/2026 - 05:12:03: "SoldierBoy<83><[U:1:900000011]><Red>" triggered "shot_fired" (weapon "tf_projectile_rocket")
L 04/28/2026 - 05:12:03: "SoldierBoy<83><[U:1:900000011]><Red>" triggered "shot_hit" (weapon "tf_projectile_rocket")
L 04/28/2026 - 05:12:03: "SoldierBoy<83><[U:1:900000011]><Red>" triggered "damage" against "QuickScout<84><[U:1:900000012]><Blue>" (damage "59") (weapon "tf_projectile_rocket")
L 04/28/2026 - 05:12:03: "QuickScout<84><[U:1:900000012]><Blue>" triggered "shot_fired" (weapon "quake_rl")
L 04/28/2026 - 05:12:03: "QuickScout<84><[U:1:900000012]><Blue>" triggered "shot_fired" (weapon "shotgun_soldier")
L 04/28/2026 - 05:12:03: "QuickScout<84><[U:1:900000012]><Blue>" triggered "shot_hit" (weapon "shotgun_soldier")
L 04/28/2026 - 05:12:03: "QuickScout<84><[U:1:900000012]><Blue>" triggered "damage" against "SoldierBoy<83><[U:1:900000011]><Red>" (damage "17") (weapon "shotgun_soldier")
L 04/28/2026 - 05:12:04: "SoldierBoy<83><[U:1:900000011]><Red>" triggered "shot_fired" (weapon "tf_projectile_rocket")
L 04/28/2026 - 05:12:04: "SoldierBoy<83><[U:1:900000011]><Red>" triggered "shot_hit" (weapon "tf_projectile_rocket")
L 04/28/2026 - 05:12:04: "SoldierBoy<83><[U:1:900000011]><Red>" triggered "damage" against "QuickScout<84><[U:1:900000012]><Blue>" (damage "50") (realdamage "48") (weapon "tf_projectile_rocket")
L 04/28/2026 - 05:12:04: "SoldierBoy<83><[U:1:900000011]><Red>" killed "QuickScout<84><[U:1:900000012]><Blue>" with "tf_projectile_rocket" (attacker_position "-13160 11459 10701") (victim_position "-13588 11718 10617")
L 04/28/2026 - 05:12:04: "SoldierBoy<83><[U:1:900000011]><Red>" triggered "shot_fired" (weapon "shotgun_soldier")
L 04/28/2026 - 05:12:04: "QuickScout<84><[U:1:900000012]><Blue>" spawned as "soldier"
L 04/28/2026 - 05:12:07: "SoldierBoy<83><[U:1:900000011]><Red>" triggered "shot_fired" (weapon "tf_projectile_rocket")
L 04/28/2026 - 05:12:08: "QuickScout<84><[U:1:900000012]><Blue>" triggered "shot_fired" (weapon "quake_rl")
L 04/28/2026 - 05:12:08: "QuickScout<84><[U:1:900000012]><Blue>" triggered "shot_hit" (weapon "quake_rl")
L 04/28/2026 - 05:12:08: "QuickScout<84><[U:1:900000012]><Blue>" triggered "damage" against "SoldierBoy<83><[U:1:900000011]><Red>" (damage "94") (weapon "quake_rl")
L 04/28/2026 - 05:12:08: "SoldierBoy<83><[U:1:900000011]><Red>" triggered "shot_fired" (weapon "tf_projectile_rocket")
L 04/28/2026 - 05:12:08: "SoldierBoy<83><[U:1:900000011]><Red>" triggered "shot_hit" (weapon "tf_projectile_rocket")
L 04/28/2026 - 05:12:08: "SoldierBoy<83><[U:1:900000011]><Red>" triggered "damage" against "QuickScout<84><[U:1:900000012]><Blue>" (damage "103") (weapon "tf_projectile_rocket") (airshot "1") (height "419")
L 04/28/2026 - 05:12:09: "QuickScout<84><[U:1:900000012]><Blue>" triggered "shot_fired" (weapon "quake_rl")
L 04/28/2026 - 05:12:09: "QuickScout<84><[U:1:900000012]><Blue>" triggered "shot_hit" (weapon "quake_rl")
L 04/28/2026 - 05:12:09: "QuickScout<84><[U:1:900000012]><Blue>" triggered "damage" against "SoldierBoy<83><[U:1:900000011]><Red>" (damage "66") (weapon "quake_rl")
L 04/28/2026 - 05:12:10: "QuickScout<84><[U:1:900000012]><Blue>" triggered "shot_fired" (weapon "quake_rl")
L 04/28/2026 - 05:12:10: "SoldierBoy<83><[U:1:900000011]><Red>" triggered "shot_fired" (weapon "tf_projectile_rocket")
L 04/28/2026 - 05:12:10: "QuickScout<84><[U:1:900000012]><Blue>" triggered "shot_hit" (weapon "quake_rl")
L 04/28/2026 - 05:12:10: "QuickScout<84><[U:1:900000012]><Blue>" triggered "damage" against "SoldierBoy<83><[U:1:900000011]><Red>" (damage "70") (realdamage "41") (weapon "quake_rl")
L 04/28/2026 - 05:12:10: "QuickScout<84><[U:1:900000012]><Blue>" killed "SoldierBoy<83><[U:1:900000011]><Red>" with "quake_rl" (attacker_position "-13592 11814 10695") (victim_position "-13385 11606 10750")
L 04/28/2026 - 05:12:10: "SoldierBoy<83><[U:1:900000011]><Red>" triggered "shot_hit" (weapon "tf_projectile_rocket")
L 04/28/2026 - 05:12:10: "SoldierBoy<83><[U:1:900000011]><Red>" triggered "damage" against "QuickScout<84><[U:1:900000012]><Blue>" (damage "93") (weapon "tf_projectile_rocket")
L 04/28/2026 - 05:12:10: "SoldierBoy<83><[U:1:900000011]><Red>" spawned as "soldier"
L 04/28/2026 - 05:12:12: "QuickScout<84><[U:1:900000012]><Blue>" triggered "shot_fired" (weapon "quake_rl")
L 04/28/2026 - 05:12:12: "SoldierBoy<83><[U:1:900000011]><Red>" triggered "shot_fired" (weapon "tf_projectile_rocket")
L 04/28/2026 - 05:12:12: "QuickScout<84><[U:1:900000012]><Blue>" triggered "shot_fired" (weapon "quake_rl")
L 04/28/2026 - 05:12:13: "SoldierBoy<83><[U:1:900000011]><Red>" triggered "shot_hit" (weapon "tf_projectile_rocket")
L 04/28/2026 - 05:12:13: "SoldierBoy<83><[U:1:900000011]><Red>" triggered "damage" against "QuickScout<84><[U:1:900000012]><Blue>" (damage "40") (weapon "tf_projectile_rocket")
L 04/28/2026 - 05:12:13: "SoldierBoy<83><[U:1:900000011]><Red>" triggered "shot_fired" (weapon "tf_projectile_rocket")
L 04/28/2026 - 05:12:13: "QuickScout<84><[U:1:900000012]><Blue>" triggered "shot_fired" (weapon "quake_rl")
L 04/28/2026 - 05:12:15: "QuickScout<84><[U:1:900000012]><Blue>" triggered "shot_fired" (weapon "quake_rl")
L 04/28/2026 - 05:12:15: "SoldierBoy<83><[U:1:900000011]><Red>" triggered "shot_fired" (weapon "tf_projectile_rocket")
L 04/28/2026 - 05:12:15: "SoldierBoy<83><[U:1:900000011]><Red>" triggered "shot_hit" (weapon "tf_projectile_rocket")
L 04/28/2026 - 05:12:15: "SoldierBoy<83><[U:1:900000011]><Red>" triggered "damage" against "QuickScout<84><[U:1:900000012]><Blue>" (damage "94") (realdamage "84") (weapon "tf_projectile_rocket")
L 04/28/2026 - 05:12:15: "SoldierBoy<83><[U:1:900000011]><Red>" killed "QuickScout<84><[U:1:900000012]><Blue>" with "tf_projectile_rocket" (attacker_position "-13333 11840 10712") (victim_position "-13504 11807 10658")
L 04/28/2026 - 05:12:15: "QuickScout<84><[U:1:900000012]><Blue>" spawned as "soldier"
L 04/28/2026 - 05:12:18: "SoldierBoy<83><[U:1:900000011]><Red>" triggered "shot_fired" (weapon "tf_projectile_rocket")
L 04/28/2026 - 05:12:19: "QuickScout<84><[U:1:900000012]><Blue>" triggered "shot_fired" (weapon "quake_rl")
L 04/28/2026 - 05:12:19: "QuickScout<84><[U:1:900000012]><Blue>" triggered "shot_hit" (weapon "quake_rl")
L 04/28/2026 - 05:12:19: "QuickScout<84><[U:1:900000012]><Blue>" triggered "damage" against "SoldierBoy<83><[U:1:900000011]><Red>" (damage "51") (weapon "quake_rl")
L 04/28/2026 - 05:12:19: "SoldierBoy<83><[U:1:900000011]><Red>" triggered "shot_fired" (weapon "tf_projectile_rocket")
L 04/28/2026 - 05:12:20: "SoldierBoy<83><[U:1:900000011]><Red>" triggered "shot_fired" (weapon "tf_projectile_rocket")
L 04/28/2026 - 05:12:20: "SoldierBoy<83><[U:1:900000011]><Red>" triggered "shot_hit" (weapon "tf_projectile_rocket")
L 04/28/2026 - 05:12:20: "SoldierBoy<83><[U:1:900000011]><Red>" triggered "damage" against "QuickScout<84><[U:1:900000012]><Blue>" (damage "78") (weapon "tf_projectile_rocket")
L 04/28/2026 - 05:12:21: "QuickScout<84><[U:1:900000012]><Blue>" triggered "shot_fired" (weapon "quake_rl")
L 04/28/2026 - 05:12:21: "QuickScout<84><[U:1:900000012]><Blue>" triggered "shot_hit" (weapon "quake_rl")
L 04/28/2026 - 05:12:21: "QuickScout<84><[U:1:900000012]><Blue>" triggered "damage" against "SoldierBoy<83><[U:1:900000011]><Red>" (damage "53") (weapon "quake_rl")
L 04/28/2026 - 05:12:21: "SoldierBoy<83><[U:1:900000011]><Red>" triggered "shot_fired" (weapon "tf_projectile_rocket")
L 04/28/2026 - 05:12:21: "SoldierBoy<83><[U:1:900000011]><Red>" triggered "shot_hit" (weapon "tf_projectile_rocket")
L 04/28/2026 - 05:12:21: "SoldierBoy<83><[U:1:900000011]><Red>" triggered "damage" against "QuickScout<84><[U:1:900000012]><Blue>" (damage "93") (realdamage "80") (weapon "tf_projectile_rocket")
L 04/28/2026 - 05:12:21: "SoldierBoy<83><[U:1:900000011]><Red>" killed "QuickScout<84><[U:1:900000012]><Blue>" with "tf_projectile_rocket" (attacker_position "-13035 11642 10860") (victim_position "-13410 11398 10700")
L 04/28/2026 - 05:12:21: "QuickScout<84><[U:1:900000012]><Blue>" spawned as "soldier"
L 04/28/2026 - 05:12:24: "SoldierBoy<83><[U:1:900000011]><Red>" triggered "shot_fired" (weapon "tf_projectile_rocket")
L 04/28/2026 - 05:12:24: "QuickScout<84><[U:1:900000012]><Blue>" triggered "shot_fired" (weapon "quake_rl")
L 04/28/2026 - 05:12:25: "QuickScout<84><[U:1:900000012]><Blue>" triggered "shot_fired" (weapon "quake_rl")
L 04/28/2026 - 05:12:25: "SoldierBoy<83><[U:1:900000011]><Red>" triggered "shot_fired" (weapon "tf_projectile_rocket")
L 04/28/2026 - 05:12:25: "SoldierBoy<83><[U:1:900000011]><Red>" triggered "shot_hit" (weapon "tf_projectile_rocket")
L 04/28/2026 - 05:12:25: "SoldierBoy<83><[U:1:900000011]><Red>" triggered "damage" against "QuickScout<84><[U:1:900000012]><Blue>" (damage "62") (weapon "tf_projectile_rocket")
L 04/28/2026 - 05:12:25: "QuickScout<84><[U:1:900000012]><Blue>" triggered "shot_hit" (weapon "quake_rl")
L 04/28/2026 - 05:12:25: "QuickScout<84><[U:1:900000012]><Blue>" triggered "damage" against "SoldierBoy<83><[U:1:900000011]><Red>" (damage "52") (weapon "quake_rl")
L 04/28/2026 - 05:12:25: "SoldierBoy<83><[U:1:900000011]><Red>" triggered "shot_hit" (weapon "tf_projectile_rocket")
L 04/28/2026 - 05:12:25: "SoldierBoy<83><[U:1:900000011]><Red>" triggered "damage" against "QuickScout<84><[U:1:900000012]><Blue>" (damage "110") (weapon "tf_projectile_rocket")
L 04/28/2026 - 05:12:25: "SoldierBoy<83><[U:1:900000011]><Red>" triggered "shot_fired" (weapon "tf_projectile_rocket")
L 04/28/2026 - 05:12:26: "QuickScout<84><[U:1:900000012]><Blue>" triggered "shot_fired" (weapon "quake_rl")
L 04/28/2026 - 05:12:26: "QuickScout<84><[U:1:900000012]><Blue>" triggered "shot_fired" (weapon "shotgun_soldier")
L 04/28/2026 - 05:12:26: "QuickScout<84><[U:1:900000012]><Blue>" triggered "shot_hit" (weapon "shotgun_soldier")
L 04/28/2026 - 05:12:26: "QuickScout<84><[U:1:900000012]><Blue>" triggered "damage" against "SoldierBoy<83><[U:1:900000011]><Red>" (damage "41") (weapon "shotgun_soldier")
L 04/28/2026 - 05:12:26: "SoldierBoy<83><[U:1:900000011]><Red>" triggered "shot_fired" (weapon "tf_projectile_rocket")
L 04/28/2026 - 05:12:27: "QuickScout<84><[U:1:900000012]><Blue>" triggered "shot_fired" (weapon "shotgun_soldier")
L 04/28/2026 - 05:12:27: "QuickScout<84><[U:1:900000012]><Blue>" triggered "shot_hit" (weapon "shotgun_soldier")
L 04/28/2026 - 05:12:27: "QuickScout<84><[U:1:900000012]><Blue>" triggered "damage" against "SoldierBoy<83><[U:1:900000011]><Red>" (damage "8") (weapon "shotgun_soldier")
L 04/28/2026 - 05:12:27: "SoldierBoy<83><[U:1:900000011]><Red>" triggered "shot_fired" (weapon "shotgun_soldier")
L 04/28/2026 - 05:12:27: "SoldierBoy<83><[U:1:900000011]><Red>" killed "QuickScout<84><[U:1:900000012]><Blue>" with "world" (attacker_position "-13723 11381 10518") (victim_position "-13236 10539 10703")
L 04/28/2026 - 05:12:27: "QuickScout<84><[U:1:900000012]><Blue>" spawned as "soldier"
L 04/28/2026 - 05:12:30: "QuickScout<84><[U:1:900000012]><Blue>" triggered "shot_fired" (weapon "quake_rl")
L 04/28/2026 - 05:12:31: "SoldierBoy<83><[U:1:900000011]><Red>" triggered "shot_fired" (weapon "tf_projectile_rocket")
L 04/28/2026 - 05:12:31: "QuickScout<84><[U:1:900000012]><Blue>" triggered "shot_fired" (weapon "quake_rl")
L 04/28/2026 - 05:12:32: "SoldierBoy<83><[U:1:900000011]><Red>" triggered "shot_fired" (weapon "tf_projectile_rocket")
L 04/28/2026 - 05:12:32: "SoldierBoy<83><[U:1:900000011]><Red>" triggered "shot_hit" (weapon "tf_projectile_rocket")
L 04/28/2026 - 05:12:32: "SoldierBoy<83><[U:1:900000011]><Red>" triggered "damage" against "QuickScout<84><[U:1:900000012]><Blue>" (damage "92") (weapon "tf_projectile_rocket")
L 04/28/2026 - 05:12:32: "QuickScout<84><[U:1:900000012]><Blue>" triggered "shot_fired" (weapon "quake_rl")
L 04/28/2026 - 05:12:32: "QuickScout<84><[U:1:900000012]><Blue>" triggered "shot_hit" (weapon "quake_rl")
L 04/28/2026 - 05:12:32: "QuickScout<84><[U:1:900000012]><Blue>" triggered "damage" against "SoldierBoy<83><[U:1:900000011]><Red>" (damage "96") (weapon "quake_rl")
L 04/28/2026 - 05:12:33: "SoldierBoy<83><[U:1:900000011]><Red>" triggered "shot_fired" (weapon "tf_projectile_rocket")
L 04/28/2026 - 05:12:33: "QuickScout<84><[U:1:900000012]><Blue>" triggered "shot_fired" (weapon "shotgun_soldier")
L 04/28/2026 - 05:12:33: "SoldierBoy<83><[U:1:900000011]><Red>" triggered "shot_fired" (weapon "shotgun_soldier")
L 04/28/2026 - 05:12:33: "SoldierBoy<83><[U:1:900000011]><Red>" triggered "shot_hit" (weapon "shotgun_soldier")
L 04/28/2026 - 05:12:33: "SoldierBoy<83><[U:1:900000011]><Red>" triggered "damage" against "QuickScout<84><[U:1:900000012]><Blue>" (damage "57") (weapon "shotgun_soldier")
L 04/28/2026 - 05:12:34: "QuickScout<84><[U:1:900000012]><Blue>" triggered "shot_fired" (weapon "shotgun_soldier")
L 04/28/2026 - 05:12:34: "SoldierBoy<83><[U:1:900000011]><Red>" triggered "shot_fired" (weapon "tf_projectile_rocket")
L 04/28/2026 - 05:12:34: "SoldierBoy<83><[U:1:900000011]><Red>" triggered "shot_hit" (weapon "tf_projectile_rocket")
L 04/28/2026 - 05:12:34: "SoldierBoy<83><[U:1:900000011]><Red>" triggered "damage" against "QuickScout<84><[U:1:900000012]><Blue>" (damage "98") (realdamage "11") (weapon "tf_projectile_rocket")
L 04/28/2026 - 05:12:34: World triggered "mge_elo_delta" (player "[U:1:900000011]") (old_elo "2722") (new_elo "2722")
L 04/28/2026 - 05:12:34: World triggered "mge_elo_delta" (player "[U:1:900000012]") (old_elo "2131") (new_elo "2131")
L 04/28/2026 - 05:12:34: "SoldierBoy<83><[U:1:900000011]><Red>" killed "QuickScout<84><[U:1:900000012]><Blue>" with "tf_projectile_rocket" (attacker_position "-12887 11752 10762") (victim_position "-13251 11656 10696")
L 04/28/2026 - 05:12:34: "SoldierBoy<83><[U:1:900000011]><Red>" triggered "domination" against "QuickScout<84><[U:1:900000012]><Blue>"
L 04/28/2026 - 05:12:34: World triggered "mge_match_end" (winner "[U:1:900000011]") (winner_score "20") (loser_score "5")
