L 04/28/2026 - 05:37:23: World triggered "meta_data" (matchid "2604280537231d35") (map "mge_triumph_beta7_rc1") (arena "Badlands Spire 1 [1v1 MGE]") (gamemode "mge") (fraglimit "0")
L 04/28/2026 - 05:37:23: "QuickScout<84><[U:1:900000012]><Red>" changed role to "soldier"
L 04/28/2026 - 05:37:23: "SoldierBoy<85><[U:1:900000011]><Blue>" changed role to "soldier"
L 04/28/2026 - 05:37:25: "SoldierBoy<85><[U:1:900000011]><Blue>" triggered "shot_fired" (weapon "quake_rl")
L 04/28/2026 - 05:37:25: "SoldierBoy<85><[U:1:900000011]><Blue>" triggered "shot_hit" (weapon "quake_rl")
L 04/28/2026 - 05:37:25: "SoldierBoy<85><[U:1:900000011]><Blue>" triggered "damage" against "QuickScout<84><[U:1:900000012]><Red>" (damage "64") (weapon "quake_rl")
L 04/28/2026 - 05:37:25: "QuickScout<84><[U:1:900000012]><Red>" triggered "shot_fired" (weapon "quake_rl")
L 04/28/2026 - 05:37:26: "SoldierBoy<85><[U:1:900000011]><Blue>" triggered "shot_hit" (weapon "quake_rl")
L 04/28/2026 - 05:37:26: "SoldierBoy<85><[U:1:900000011]><Blue>" triggered "damage" against "QuickScout<84><[U:1:900000012]><Red>" (damage "68") (weapon "quake_rl")
L 04/28/2026 - 05:37:26: "SoldierBoy<85><[U:1:900000011]><Blue>" triggered "shot_fired" (weapon "quake_rl")
L 04/28/2026 - 05:37:26: "QuickScout<84><[U:1:900000012]><Red>" triggered "shot_fired" (weapon "quake_rl")
L 04/28/2026 - 05:37:26: "QuickScout<84><[U:1:900000012]><Red>" triggered "shot_hit" (weapon "quake_rl")
L 04/28/2026 - 05:37:26: "QuickScout<84><[U:1:900000012]><Red>" triggered "damage" against "SoldierBoy<85><[U:1:900000011]><Blue>" (damage "70") (weapon "quake_rl")
L 04/28/2026 - 05:37:27: "SoldierBoy<85><[U:1:900000011]><Blue>" triggered "shot_fired" (weapon "quake_rl")
L 04/28/2026 - 05:37:27: "QuickScout<84><[U:1:900000012]><Red>" triggered "shot_fired" (weapon "quake_rl")
L 04/28/2026 - 05:37:27: "SoldierBoy<85><[U:1:900000011]><Blue>" triggered "shot_fired" (weapon "shotgun_soldier")
L 04/28/2026 - 05:37:27: "SoldierBoy<85><[U:1:900000011]><Blue>" triggered "shot_hit" (weapon "shotgun_soldier")
L 04/28/2026 - 05:37:27: "SoldierBoy<85><[U:1:900000011]><Blue>" triggered "damage" against "QuickScout<84><[U:1:900000012]><Red>" (damage "41") (weapon "shotgun_soldier")
L 04/28/2026 - 05:37:28: "QuickScout<84><[U:1:900000012]><Red>" committed suicide with "quake_rl" (attacker_position "-8714 11461 10285")
L 04/28/2026 - 05:37:28: "QuickScout<84><[U:1:900000012]><Red>" spawned as "soldier"
L 04/28/2026 - 05:37:30: "QuickScout<84><[U:1:900000012]><Red>" triggered "shot_fired" (weapon "quake_rl")
L 04/28/2026 - 05:37:31: "SoldierBoy<85><[U:1:900000011]><Blue>" triggered "shot_fired" (weapon "quake_rl")
L 04/28/2026 - 05:37:31: "QuickScout<84><[U:1:900000012]><Red>" triggered "shot_fired" (weapon "quake_rl")
L 04/28/2026 - 05:37:32: "SoldierBoy<85><[U:1:900000011]><Blue>" triggered "shot_fired" (weapon "quake_rl")
L 04/28/2026 - 05:37:32: "SoldierBoy<85><[U:1:900000011]><Blue>" triggered "shot_hit" (weapon "quake_rl")
L 04/28/2026 - 05:37:32: "SoldierBoy<85><[U:1:900000011]><Blue>" triggered "damage" against "QuickScout<84><[U:1:900000012]><Red>" (damage "63") (weapon "quake_rl")
L 04/28/2026 - 05:37:32: "QuickScout<84><[U:1:900000012]><Red>" triggered "shot_hit" (weapon "quake_rl")
L 04/28/2026 - 05:37:32: "QuickScout<84><[U:1:900000012]><Red>" triggered "damage" against "SoldierBoy<85><[U:1:900000011]><Blue>" (damage "83") (weapon "quake_rl")
L 04/28/2026 - 05:37:32: "QuickScout<84><[U:1:900000012]><Red>" triggered "shot_fired" (weapon "quake_rl")
L 04/28/2026 - 05:37:34: "SoldierBoy<85><[U:1:900000011]><Blue>" triggered "shot_fired" (weapon "quake_rl")
L 04/28/2026 - 05:37:35: "SoldierBoy<85><[U:1:900000011]><Blue>" triggered "shot_hit" (weapon "quake_rl")
L 04/28/2026 - 05:37:35: "SoldierBoy<85><[U:1:900000011]><Blue>" triggered "damage" against "QuickScout<84><[U:1:900000012]><Red>" (damage "59") (weapon "quake_rl")
L 04/28/2026 - 05:37:35: "QuickScout<84><[U:1:900000012]><Red>" triggered "shot_fired" (weapon "shotgun_soldier")
L 04/28/2026 - 05:37:35: "QuickScout<84><[U:1:900000012]><Red>" triggered "shot_hit" (weapon "shotgun_soldier")
L 04/28/2026 - 05:37:35: "QuickScout<84><[U:1:900000012]><Red>" triggered "damage" against "SoldierBoy<85><[U:1:900000011]><Blue>" (damage "49") (weapon "shotgun_soldier")
L 04/28/2026 - 05:37:35: "SoldierBoy<85><[U:1:900000011]><Blue>" triggered "shot_fired" (weapon "shotgun_soldier")
L 04/28/2026 - 05:37:36: "QuickScout<84><[U:1:900000012]><Red>" triggered "shot_fired" (weapon "shotgun_soldier")
L 04/28/2026 - 05:37:36: "QuickScout<84><[U:1:900000012]><Red>" triggered "shot_hit" (weapon "shotgun_soldier")
L 04/28/2026 - 05:37:36: "QuickScout<84><[U:1:900000012]><Red>" triggered "damage" against "SoldierBoy<85><[U:1:900000011]><Blue>" (damage "7") (weapon "shotgun_soldier")
L 04/28/2026 - 05:37:36: "SoldierBoy<85><[U:1:900000011]><Blue>" triggered "shot_fired" (weapon "shotgun_soldier")
L 04/28/2026 - 05:37:36: "SoldierBoy<85><[U:1:900000011]><Blue>" triggered "shot_hit" (weapon "shotgun_soldier")
L 04/28/2026 - 05:37:36: "SoldierBoy<85><[U:1:900000011]><Blue>" triggered "damage" against "QuickScout<84><[U:1:900000012]><Red>" (damage "50") (realdamage "47") (weapon "shotgun_soldier")
L 04/28/2026 - 05:37:36: "SoldierBoy<85><[U:1:900000011]><Blue>" killed "QuickScout<84><[U:1:900000012]><Red>" with "shotgun_soldier" (attacker_position "-8783 11901 10736") (victim_position "-8547 11603 10686")
L 04/28/2026 - 05:37:36: "QuickScout<84><[U:1:900000012]><Red>" spawned as "soldier"
L 04/28/2026 - 05:37:38: "QuickScout<84><[U:1:900000012]><Red>" triggered "shot_fired" (weapon "quake_rl")
L 04/28/2026 - 05:37:38: "QuickScout<84><[U:1:900000012]><Red>" triggered "shot_hit" (weapon "quake_rl")
L 04/28/2026 - 05:37:38: "QuickScout<84><[U:1:900000012]><Red>" triggered "damage" against "SoldierBoy<85><[U:1:900000011]><Blue>" (damage "51") (weapon "quake_rl")
L 04/28/2026 - 05:37:39: "SoldierBoy<85><[U:1:900000011]><Blue>" triggered "shot_hit" (weapon "quake_rl")
L 04/28/2026 - 05:37:39: "SoldierBoy<85><[U:1:900000011]><Blue>" triggered "damage" against "QuickScout<84><[U:1:900000012]><Red>" (damage "62") (weapon "quake_rl")
L 04/28/2026 - 05:37:39: "SoldierBoy<85><[U:1:900000011]><Blue>" triggered "shot_fired" (weapon "quake_rl")
L 04/28/2026 - 05:37:39: "QuickScout<84><[U:1:900000012]><Red>" triggered "shot_fired" (weapon "quake_rl")
L 04/28/2026 - 05:37:39: "QuickScout<84><[U:1:900000012]><Red>" triggered "shot_hit" (weapon "quake_rl")
L 04/28/2026 - 05:37:39: "QuickScout<84><[U:1:900000012]><Red>" triggered "damage" against "SoldierBoy<85><[U:1:900000011]><Blue>" (damage "62") (weapon "quake_rl")
L 04/28/2026 - 05:37:40: "SoldierBoy<85><[U:1:900000011]><Blue>" triggered "shot_fired" (weapon "quake_rl")
L 04/28/2026 - 05:37:40: "QuickScout<84><[U:1:900000012]><Red>" triggered "shot_fired" (weapon "quake_rl")
L 04/28/2026 - 05:37:40: "SoldierBoy<85><[U:1:900000011]><Blue>" triggered "shot_hit" (weapon "quake_rl")
L 04/28/2026 - 05:37:40: "SoldierBoy<85><[U:1:900000011]><Blue>" triggered "damage" against "QuickScout<84><[U:1:900000012]><Red>" (damage "107") (weapon "quake_rl")
L 04/28/2026 - 05:37:40: "QuickScout<84><[U:1:900000012]><Red>" triggered "shot_fired" (weapon "shotgun_soldier")
L 04/28/2026 - 05:37:40: "QuickScout<84><[U:1:900000012]><Red>" triggered "shot_hit" (weapon "shotgun_soldier")
L 04/28/2026 - 05:37:40: "QuickScout<84><[U:1:900000012]><Red>" triggered "damage" against "SoldierBoy<85><[U:1:900000011]><Blue>" (damage "23") (weapon "shotgun_soldier")
L 04/28/2026 - 05:37:41: "SoldierBoy<85><[U:1:900000011]><Blue>" triggered "shot_fired" (weapon "shotgun_soldier")
L 04/28/2026 - 05:37:41: "SoldierBoy<85><[U:1:900000011]><Blue>" triggered "shot_hit" (weapon "shotgun_soldier")
L 04/28/2026 - 05:37:41: "SoldierBoy<85><[U:1:900000011]><Blue>" triggered "damage" against "QuickScout<84><[U:1:900000012]><Red>" (damage "58") (weapon "shotgun_soldier")
L 04/28/2026 - 05:37:41: "SoldierBoy<85><[U:1:900000011]><Blue>" killed "QuickScout<84><[U:1:900000012]><Red>" with "world" (attacker_position "-8615 11754 10739") (victim_position "-8988 11527 10291")
L 04/28/2026 - 05:37:41: "QuickScout<84><[U:1:900000012]><Red>" spawned as "soldier"
L 04/28/2026 - 05:37:43: "SoldierBoy<85><[U:1:900000011]><Blue>" triggered "shot_fired" (weapon "quake_rl")
L 04/28/2026 - 05:37:43: "QuickScout<84><[U:1:900000012]><Red>" triggered "shot_fired" (weapon "quake_rl")
L 04/28/2026 - 05:37:44: "QuickScout<84><[U:1:900000012]><Red>" triggered "shot_hit" (weapon "quake_rl")
L 04/28/2026 - 05:37:44: "QuickScout<84><[U:1:900000012]><Red>" triggered "damage" against "SoldierBoy<85><[U:1:900000011]><Blue>" (damage "54") (weapon "quake_rl")
L 04/28/2026 - 05:37:45: "SoldierBoy<85><[U:1:900000011]><Blue>" triggered "shot_fired" (weapon "quake_rl")
L 04/28/2026 - 05:37:45: "SoldierBoy<85><[U:1:900000011]><Blue>" triggered "shot_hit" (weapon "quake_rl")
L 04/28/2026 - 05:37:45: "SoldierBoy<85><[U:1:900000011]><Blue>" triggered "damage" against "QuickScout<84><[U:1:900000012]><Red>" (damage "54") (weapon "quake_rl")
L 04/28/2026 - 05:37:45: "QuickScout<84><[U:1:900000012]><Red>" triggered "shot_hit" (weapon "quake_rl")
L 04/28/2026 - 05:37:45: "QuickScout<84><[U:1:900000012]><Red>" triggered "damage" against "SoldierBoy<85><[U:1:900000011]><Blue>" (damage "67") (weapon "quake_rl")
L 04/28/2026 - 05:37:45: "QuickScout<84><[U:1:900000012]><Red>" triggered "shot_fired" (weapon "quake_rl")
L 04/28/2026 - 05:37:45: "SoldierBoy<85><[U:1:900000011]><Blue>" triggered "shot_hit" (weapon "quake_rl")
L 04/28/2026 - 05:37:45: "SoldierBoy<85><[U:1:900000011]><Blue>" triggered "damage" against "QuickScout<84><[U:1:900000012]><Red>" (damage "71") (weapon "quake_rl")
L 04/28/2026 - 05:37:45: "SoldierBoy<85><[U:1:900000011]><Blue>" triggered "shot_fired" (weapon "quake_rl")
L 04/28/2026 - 05:37:45: "QuickScout<84><[U:1:900000012]><Red>" triggered "shot_fired" (weapon "quake_rl")
L 04/28/2026 - 05:37:48: "QuickScout<84><[U:1:900000012]><Red>" triggered "shot_fired" (weapon "shotgun_soldier")
L 04/28/2026 - 05:37:51: "QuickScout<84><[U:1:900000012]><Red>" triggered "shot_fired" (weapon "quake_rl")
L 04/28/2026 - 05:37:51: "QuickScout<84><[U:1:900000012]><Red>" triggered "shot_hit" (weapon "quake_rl")
L 04/28/2026 - 05:37:51: "QuickScout<84><[U:1:900000012]><Red>" triggered "damage" against "SoldierBoy<85><[U:1:900000011]><Blue>" (damage "105") (weapon "quake_rl")
L 04/28/2026 - 05:37:51: "SoldierBoy<85><[U:1:900000011]><Blue>" triggered "shot_fired" (weapon "quake_rl")
L 04/28/2026 - 05:37:51: "QuickScout<84><[U:1:900000012]><Red>" triggered "shot_fired" (weapon "shotgun_soldier")
L 04/28/2026 - 05:37:51: "QuickScout<84><[U:1:900000012]><Red>" triggered "shot_hit" (weapon "shotgun_soldier")
L 04/28/2026 - 05:37:51: "QuickScout<84><[U:1:900000012]><Red>" triggered "damage" against "SoldierBoy<85><[U:1:900000011]><Blue>" (damage "44") (weapon "shotgun_soldier")
L 04/28/2026 - 05:37:52: "SoldierBoy<85><[U:1:900000011]><Blue>" triggered "shot_hit" (weapon "quake_rl")
L 04/28/2026 - 05:37:52: "SoldierBoy<85><[U:1:900000011]><Blue>" triggered "damage" against "QuickScout<84><[U:1:900000012]><Red>" (damage "88") (realdamage "83") (weapon "quake_rl")
L 04/28/2026 - 05:37:52: "SoldierBoy<85><[U:1:900000011]><Blue>" killed "QuickScout<84><[U:1:900000012]><Red>" with "quake_rl" (attacker_position "-8737 11974 10736") (victim_position "-8454 11806 10588")
L 04/28/2026 - 05:37:52: "SoldierBoy<85><[U:1:900000011]><Blue>" triggered "domination" against "QuickScout<84><[U:1:900000012]><Red>"
L 04/28/2026 - 05:37:52: "QuickScout<84><[U:1:900000012]><Red>" spawned as "soldier"
L 04/28/2026 - 05:37:54: "QuickScout<84><[U:1:900000012]><Red>" triggered "shot_fired" (weapon "quake_rl")
L 04/28/2026 - 05:37:54: "SoldierBoy<85><[U:1:900000011]><Blue>" triggered "shot_fired" (weapon "quake_rl")
L 04/28/2026 - 05:37:54: "SoldierBoy<85><[U:1:900000011]><Blue>" triggered "shot_hit" (weapon "quake_rl")
L 04/28/2026 - 05:37:54: "SoldierBoy<85><[U:1:900000011]><Blue>" triggered "damage" against "QuickScout<84><[U:1:900000012]><Red>" (damage "97") (weapon "quake_rl") (airshot "1") (height "280")
L 04/28/2026 - 05:37:55: "QuickScout<84><[U:1:900000012]><Red>" triggered "shot_fired" (weapon "quake_rl")
L 04/28/2026 - 05:37:57: "QuickScout<84><[U:1:900000012]><Red>" triggered "shot_fired" (weapon "quake_rl")
L 04/28/2026 - 05:37:57: "SoldierBoy<85><[U:1:900000011]><Blue>" triggered "shot_fired" (weapon "quake_rl")
L 04/28/2026 - 05:37:58: "SoldierBoy<85><[U:1:900000011]><Blue>" triggered "shot_fired" (weapon "shotgun_soldier")
L 04/28/2026 - 05:37:58: "SoldierBoy<85><[U:1:900000011]><Blue>" triggered "shot_hit" (weapon "shotgun_soldier")
L 04/28/2026 - 05:37:58: "SoldierBoy<85><[U:1:900000011]><Blue>" triggered "damage" against "QuickScout<84><[U:1:900000012]><Red>" (damage "66") (realdamage "57") (weapon "shotgun_soldier")
L 04/28/2026 - 05:37:58: "SoldierBoy<85><[U:1:900000011]><Blue>" killed "QuickScout<84><[U:1:900000012]><Red>" with "shotgun_soldier" (attacker_position "-8858 11902 10736") (victim_position "-8683 11924 10880")
L 04/28/2026 - 05:37:58: "QuickScout<84><[U:1:900000012]><Red>" spawned as "soldier"
L 04/28/2026 - 05:38:00: "QuickScout<84><[U:1:900000012]><Red>" triggered "shot_fired" (weapon "quake_rl")
L 04/28/2026 - 05:38:00: "QuickScout<84><[U:1:900000012]><Red>" triggered "shot_hit" (weapon "quake_rl")
L 04/28/2026 - 05:38:00: "QuickScout<84><[U:1:900000012]><Red>" triggered "damage" against "SoldierBoy<85><[U:1:900000011]><Blue>" (damage "51") (weapon "quake_rl")
L 04/28/2026 - 05:38:00: "SoldierBoy<85><[U:1:900000011]><Blue>" triggered "shot_fired" (weapon "quake_rl")
L 04/28/2026 - 05:38:00: "SoldierBoy<85><[U:1:900000011]><Blue>" triggered "shot_hit" (weapon "quake_rl")
L 04/28/2026 - 05:38:00: "SoldierBoy<85><[U:1:900000011]><Blue>" triggered "damage" against "QuickScout<84><[U:1:900000012]><Red>" (damage "100") (weapon "quake_rl") (airshot "1") (height "324")
L 04/28/2026 - 05:38:01: "QuickScout<84><[U:1:900000012]><Red>" triggered "shot_fired" (weapon "quake_rl")
L 04/28/2026 - 05:38:03: "QuickScout<84><[U:1:900000012]><Red>" committed suicide with "quake_rl" (attacker_position "-8064 11782 10378")
L 04/28/2026 - 05:38:03: "QuickScout<84><[U:1:900000012]><Red>" spawned as "soldier"
L 04/28/2026 - 05:38:06: "QuickScout<84><[U:1:900000012]><Red>" triggered "shot_hit" (weapon "quake_rl")
L 04/28/2026 - 05:38:06: "QuickScout<84><[U:1:900000012]><Red>" triggered "damage" against "SoldierBoy<85><[U:1:900000011]><Blue>" (damage "69") (weapon "quake_rl")
L 04/28/2026 - 05:38:06: "QuickScout<84><[U:1:900000012]><Red>" triggered "shot_fired" (weapon "quake_rl")
L 04/28/2026 - 05:38:06: "SoldierBoy<85><[U:1:900000011]><Blue>" triggered "shot_hit" (weapon "quake_rl")
L 04/28/2026 - 05:38:06: "SoldierBoy<85><[U:1:900000011]><Blue>" triggered "damage" against "QuickScout<84><[U:1:900000012]><Red>" (damage "70") (weapon "quake_rl")
L 04/28/2026 - 05:38:06: "QuickScout<84><[U:1:900000012]><Red>" triggered "shot_hit" (weapon "quake_rl")
L 04/28/2026 - 05:38:06: "QuickScout<84><[U:1:900000012]><Red>" triggered "damage" against "SoldierBoy<85><[U:1:900000011]><Blue>" (damage "68") (weapon "quake_rl")
L 04/28/2026 - 05:38:06: "QuickScout<84><[U:1:900000012]><Red>" triggered "shot_fired" (weapon "quake_rl")
L 04/28/2026 - 05:38:06: "SoldierBoy<85><[U:1:900000011]><Blue>" triggered "shot_fired" (weapon "quake_rl")
L 04/28/2026 - 05:38:07: "QuickScout<84><[U:1:900000012]><Red>" triggered "shot_fired" (weapon "quake_rl")
L 04/28/2026 - 05:38:07: "SoldierBoy<85><[U:1:900000011]><Blue>" triggered "shot_fired" (weapon "quake_rl")
L 04/28/2026 - 05:38:08: "QuickScout<84><[U:1:900000012]><Red>" triggered "shot_fired" (weapon "shotgun_soldier")
L 04/28/2026 - 05:38:08: "QuickScout<84><[U:1:900000012]><Red>" triggered "shot_hit" (weapon "shotgun_soldier")
L 04/28/2026 - 05:38:08: "QuickScout<84><[U:1:900000012]><Red>" triggered "damage" against "SoldierBoy<85><[U:1:900000011]><Blue>" (damage "33") (weapon "shotgun_soldier")
L 04/28/2026 - 05:38:09: "SoldierBoy<85><[U:1:900000011]><Blue>" triggered "shot_fired" (weapon "quake_rl")
L 04/28/2026 - 05:38:10: "SoldierBoy<85><[U:1:900000011]><Blue>" triggered "shot_fired" (weapon "shotgun_soldier")
L 04/28/2026 - 05:38:10: "QuickScout<84><[U:1:900000012]><Red>" triggered "shot_hit" (weapon "quake_rl")
L 04/28/2026 - 05:38:10: "QuickScout<84><[U:1:900000012]><Red>" triggered "damage" against "SoldierBoy<85><[U:1:900000011]><Blue>" (damage "52") (weapon "quake_rl")
L 04/28/2026 - 05:38:10: "SoldierBoy<85><[U:1:900000011]><Blue>" triggered "shot_fired" (weapon "shotgun_soldier")
L 04/28/2026 - 05:38:10: "SoldierBoy<85><[U:1:900000011]><Blue>" triggered "shot_hit" (weapon "shotgun_soldier")
L 04/28/2026 - 05:38:10: "SoldierBoy<85><[U:1:900000011]><Blue>" triggered "damage" against "QuickScout<84><[U:1:900000012]><Red>" (damage "54") (weapon "shotgun_soldier")
L 04/28/2026 - 05:38:10: "QuickScout<84><[U:1:900000012]><Red>" triggered "shot_fired" (weapon "quake_rl")
L 04/28/2026 - 05:38:13: "SoldierBoy<85><[U:1:900000011]><Blue>" triggered "shot_fired" (weapon "quake_rl")
L 04/28/2026 - 05:38:17: "QuickScout<84><[U:1:900000012]><Red>" triggered "shot_fired" (weapon "shotgun_soldier")
L 04/28/2026 - 05:38:17: "QuickScout<84><[U:1:900000012]><Red>" triggered "shot_hit" (weapon "shotgun_soldier")
L 04/28/2026 - 05:38:17: "QuickScout<84><[U:1:900000012]><Red>" triggered "damage" against "SoldierBoy<85><[U:1:900000011]><Blue>" (damage "47") (weapon "shotgun_soldier")
L 04/28/2026 - 05:38:17: "SoldierBoy<85><[U:1:900000011]><Blue>" triggered "shot_fired" (weapon "quake_rl")
L 04/28/2026 - 05:38:18: "SoldierBoy<85><[U:1:900000011]><Blue>" triggered "shot_fired" (weapon "shotgun_soldier")
L 04/28/2026 - 05:38:19: "QuickScout<84><[U:1:900000012]><Red>" triggered "shot_fired" (weapon "shotgun_soldier")
L 04/28/2026 - 05:38:19: "QuickScout<84><[U:1:900000012]><Red>" triggered "shot_hit" (weapon "shotgun_soldier")
L 04/28/2026 - 05:38:19: "QuickScout<84><[U:1:900000012]><Red>" triggered "damage" against "SoldierBoy<85><[U:1:900000011]><Blue>" (damage "20") (realdamage "10") (weapon "shotgun_soldier")
L 04/28/2026 - 05:38:19: "QuickScout<84><[U:1:900000012]><Red>" killed "SoldierBoy<85><[U:1:900000011]><Blue>" with "shotgun_soldier" (attacker_position "-8431 11981 10482") (victim_position "-8729 11820 10736")
L 04/28/2026 - 05:38:19: "QuickScout<84><[U:1:900000012]><Red>" triggered "revenge" against "SoldierBoy<85><[U:1:900000011]><Blue>"
L 04/28/2026 - 05:38:19: "SoldierBoy<85><[U:1:900000011]><Blue>" spawned as "soldier"
L 04/28/2026 - 05:38:21: "QuickScout<84><[U:1:900000012]><Red>" triggered "shot_fired" (weapon "quake_rl")
L 04/28/2026 - 05:38:21: "SoldierBoy<85><[U:1:900000011]><Blue>" triggered "shot_fired" (weapon "quake_rl")
L 04/28/2026 - 05:38:22: "QuickScout<84><[U:1:900000012]><Red>" triggered "shot_fired" (weapon "quake_rl")
L 04/28/2026 - 05:38:22: "SoldierBoy<85><[U:1:900000011]><Blue>" triggered "shot_fired" (weapon "quake_rl")
L 04/28/2026 - 05:38:22: "SoldierBoy<85><[U:1:900000011]><Blue>" triggered "shot_hit" (weapon "quake_rl")
L 04/28/2026 - 05:38:22: "SoldierBoy<85><[U:1:900000011]><Blue>" triggered "damage" against "QuickScout<84><[U:1:900000012]><Red>" (damage "54") (weapon "quake_rl")
L 04/28/2026 - 05:38:22: "QuickScout<84><[U:1:900000012]><Red>" triggered "shot_hit" (weapon "quake_rl")
L 04/28/2026 - 05:38:22: "QuickScout<84><[U:1:900000012]><Red>" triggered "damage" against "SoldierBoy<85><[U:1:900000011]><Blue>" (damage "86") (weapon "quake_rl")
L 04/28/2026 - 05:38:22: "QuickScout<84><[U:1:900000012]><Red>" triggered "shot_fired" (weapon "quake_rl")
L 04/28/2026 - 05:38:23: "SoldierBoy<85><[U:1:900000011]><Blue>" triggered "shot_fired" (weapon "quake_rl")
L 04/28/2026 - 05:38:23: "QuickScout<84><[U:1:900000012]><Red>" triggered "shot_fired" (weapon "shotgun_soldier")
L 04/28/2026 - 05:38:23: "SoldierBoy<85><[U:1:900000011]><Blue>" triggered "shot_fired" (weapon "shotgun_soldier")
L 04/28/2026 - 05:38:23: "SoldierBoy<85><[U:1:900000011]><Blue>" triggered "shot_hit" (weapon "shotgun_soldier")
L 04/28/2026 - 05:38:23: "SoldierBoy<85><[U:1:900000011]><Blue>" triggered "damage" against "QuickScout<84><[U:1:900000012]><Red>" (damage "79") (weapon "shotgun_soldier")
L 04/28/2026 - 05:38:24: "QuickScout<84><[U:1:900000012]><Red>" triggered "shot_fired" (weapon "shotgun_soldier")
L 04/28/2026 - 05:38:26: "QuickScout<84><[U:1:900000012]><Red>" picked up item "tf_ammo_pack"
L 04/28/2026 - 05:38:27: "SoldierBoy<85><[U:1:900000011]><Blue>" triggered "shot_fired" (weapon "shotgun_soldier")
L 04/28/2026 - 05:38:27: "SoldierBoy<85><[U:1:900000011]><Blue>" triggered "shot_hit" (weapon "shotgun_soldier")
L 04/28/2026 - 05:38:27: "SoldierBoy<85><[U:1:900000011]><Blue>" triggered "damage" against "QuickScout<84><[U:1:900000012]><Red>" (damage "18") (weapon "shotgun_soldier")
L 04/28/2026 - 05:38:28: "QuickScout<84><[U:1:900000012]><Red>" triggered "shot_fired" (weapon "quake_rl")
L 04/28/2026 - 05:38:28: "QuickScout<84><[U:1:900000012]><Red>" triggered "shot_hit" (weapon "quake_rl")
L 04/28/2026 - 05:38:28: "QuickScout<84><[U:1:900000012]><Red>" triggered "damage" against "SoldierBoy<85><[U:1:900000011]><Blue>" (damage "95") (realdamage "91") (weapon "quake_rl")
L 04/28/2026 - 05:38:28: "QuickScout<84><[U:1:900000012]><Red>" killed "SoldierBoy<85><[U:1:900000011]><Blue>" with "quake_rl" (attacker_position "-8717 11858 10736") (victim_position "-8399 11958 10460")
L 04/28/2026 - 05:38:28: "SoldierBoy<85><[U:1:900000011]><Blue>" spawned as "soldier"
L 04/28/2026 - 05:38:30: "SoldierBoy<85><[U:1:900000011]><Blue>" triggered "shot_fired" (weapon "quake_rl")
L 04/28/2026 - 05:38:30: "QuickScout<84><[U:1:900000012]><Red>" triggered "shot_fired" (weapon "quake_rl")
L 04/28/2026 - 05:38:30: "SoldierBoy<85><[U:1:900000011]><Blue>" triggered "shot_hit" (weapon "quake_rl")
L 04/28/2026 - 05:38:30: "SoldierBoy<85><[U:1:900000011]><Blue>" triggered "damage" against "QuickScout<84><[U:1:900000012]><Red>" (damage "50") (weapon "quake_rl")
L 04/28/2026 - 05:38:31: "SoldierBoy<85><[U:1:900000011]><Blue>" triggered "shot_fired" (weapon "quake_rl")
L 04/28/2026 - 05:38:31: "QuickScout<84><[U:1:900000012]><Red>" triggered "shot_fired" (weapon "quake_rl")
L 04/28/2026 - 05:38:32: "QuickScout<84><[U:1:900000012]><Red>" triggered "shot_hit" (weapon "quake_rl")
L 04/28/2026 - 05:38:32: "QuickScout<84><[U:1:900000012]><Red>" triggered "damage" against "SoldierBoy<85><[U:1:900000011]><Blue>" (damage "74") (weapon "quake_rl")
L 04/28/2026 - 05:38:32: "QuickScout<84><[U:1:900000012]><Red>" triggered "shot_fired" (weapon "quake_rl")
L 04/28/2026 - 05:38:32: "SoldierBoy<85><[U:1:900000011]><Blue>" triggered "shot_fired" (weapon "shotgun_soldier")
L 04/28/2026 - 05:38:32: "SoldierBoy<85><[U:1:900000011]><Blue>" triggered "shot_hit" (weapon "shotgun_soldier")
L 04/28/2026 - 05:38:32: "SoldierBoy<85><[U:1:900000011]><Blue>" triggered "damage" against "QuickScout<84><[U:1:900000012]><Red>" (damage "46") (weapon "shotgun_soldier")
L 04/28/2026 - 05:38:33: "SoldierBoy<85><[U:1:900000011]><Blue>" triggered "shot_fired" (weapon "shotgun_soldier")
L 04/28/2026 - 05:38:33: "SoldierBoy<85><[U:1:900000011]><Blue>" triggered "shot_hit" (weapon "shotgun_soldier")
L 04/28/2026 - 05:38:33: "SoldierBoy<85><[U:1:900000011]><Blue>" triggered "damage" against "QuickScout<84><[U:1:900000012]><Red>" (damage "34") (weapon "shotgun_soldier")
L 04/28/2026 - 05:38:33: "QuickScout<84><[U:1:900000012]><Red>" triggered "shot_fired" (weapon "quake_rl")
L 04/28/2026 - 05:38:34: "QuickScout<84><[U:1:900000012]><Red>" triggered "shot_fired" (weapon "shotgun_soldier")
L 04/28/2026 - 05:38:34: "QuickScout<84><[U:1:900000012]><Red>" triggered "shot_hit" (weapon "shotgun_soldier")
L 04/28/2026 - 05:38:34: "QuickScout<84><[U:1:900000012]><Red>" triggered "damage" against "SoldierBoy<85><[U:1:900000011]><Blue>" (damage "51") (weapon "shotgun_soldier")
L 04/28/2026 - 05:38:34: "SoldierBoy<85><[U:1:900000011]><Blue>" triggered "shot_fired" (weapon "shotgun_soldier")
L 04/28/2026 - 05:38:34: "SoldierBoy<85><[U:1:900000011]><Blue>" triggered "shot_hit" (weapon "shotgun_soldier")
L 04/28/2026 - 05:38:34: "SoldierBoy<85><[U:1:900000011]><Blue>" triggered "damage" against "QuickScout<84><[U:1:900000012]><Red>" (damage "86") (weapon "shotgun_soldier")
L 04/28/2026 - 05:38:34: "QuickScout<84><[U:1:900000012]><Red>" triggered "shot_fired" (weapon "shotgun_soldier")
L 04/28/2026 - 05:38:35: "SoldierBoy<85><[U:1:900000011]><Blue>" triggered "shot_fired" (weapon "shotgun_soldier")
L 04/28/2026 - 05:38:35: "SoldierBoy<85><[U:1:900000011]><Blue>" triggered "shot_hit" (weapon "shotgun_soldier")
L 04/28/2026 - 05:38:35: "SoldierBoy<85><[U:1:900000011]><Blue>" triggered "damage" against "QuickScout<84><[U:1:900000012]><Red>" (damage "57") (realdamage "54") (weapon "shotgun_soldier")
L 04/28/2026 - 05:38:35: "SoldierBoy<85><[U:1:900000011]><Blue>" killed "QuickScout<84><[U:1:900000012]><Red>" with "shotgun_soldier" (attacker_position "-8455 11805 10588") (victim_position "-8428 11559 10592")
L 04/28/2026 - 05:38:35: "QuickScout<84><[U:1:900000012]><Red>" spawned as "soldier"
L 04/28/2026 - 05:38:37: "SoldierBoy<85><[U:1:900000011]><Blue>" triggered "shot_fired" (weapon "quake_rl")
L 04/28/2026 - 05:38:37: "QuickScout<84><[U:1:900000012]><Red>" triggered "shot_fired" (weapon "quake_rl")
L 04/28/2026 - 05:38:37: "QuickScout<84><[U:1:900000012]><Red>" triggered "shot_hit" (weapon "quake_rl")
L 04/28/2026 - 05:38:37: "QuickScout<84><[U:1:900000012]><Red>" triggered "damage" against "SoldierBoy<85><[U:1:900000011]><Blue>" (damage "90") (weapon "quake_rl")
L 04/28/2026 - 05:38:38: "SoldierBoy<85><[U:1:900000011]><Blue>" triggered "shot_fired" (weapon "quake_rl")
L 04/28/2026 - 05:38:38: "QuickScout<84><[U:1:900000012]><Red>" triggered "damage" against "SoldierBoy<85><[U:1:900000011]><Blue>" (damage "65") (weapon "market_gardener")
L 04/28/2026 - 05:38:39: "QuickScout<84><[U:1:900000012]><Red>" triggered "shot_hit" (weapon "quake_rl")
L 04/28/2026 - 05:38:39: "QuickScout<84><[U:1:900000012]><Red>" triggered "damage" against "SoldierBoy<85><[U:1:900000011]><Blue>" (damage "64") (weapon "quake_rl")
L 04/28/2026 - 05:38:39: "QuickScout<84><[U:1:900000012]><Red>" triggered "shot_fired" (weapon "quake_rl")
L 04/28/2026 - 05:38:40: "QuickScout<84><[U:1:900000012]><Red>" triggered "shot_fired" (weapon "quake_rl")
L 04/28/2026 - 05:38:41: "QuickScout<84><[U:1:900000012]><Red>" picked up item "tf_ammo_pack"
L 04/28/2026 - 05:38:41: "QuickScout<84><[U:1:900000012]><Red>" triggered "shot_fired" (weapon "shotgun_soldier")
L 04/28/2026 - 05:38:41: "QuickScout<84><[U:1:900000012]><Red>" killed "SoldierBoy<85><[U:1:900000011]><Blue>" with "world" (attacker_position "-8336 11538 10401") (victim_position "-8288 11498 10413")
L 04/28/2026 - 05:38:42: "SoldierBoy<85><[U:1:900000011]><Blue>" spawned as "soldier"
L 04/28/2026 - 05:38:44: "QuickScout<84><[U:1:900000012]><Red>" triggered "shot_fired" (weapon "quake_rl")
L 04/28/2026 - 05:38:44: "SoldierBoy<85><[U:1:900000011]><Blue>" triggered "shot_fired" (weapon "quake_rl")
L 04/28/2026 - 05:38:45: "SoldierBoy<85><[U:1:900000011]><Blue>" triggered "shot_hit" (weapon "quake_rl")
L 04/28/2026 - 05:38:45: "SoldierBoy<85><[U:1:900000011]><Blue>" triggered "damage" against "QuickScout<84><[U:1:900000012]><Red>" (damage "85") (weapon "quake_rl")
L 04/28/2026 - 05:38:45: "QuickScout<84><[U:1:900000012]><Red>" triggered "shot_hit" (weapon "quake_rl")
L 04/28/2026 - 05:38:45: "QuickScout<84><[U:1:900000012]><Red>" triggered "damage" against "SoldierBoy<85><[U:1:900000011]><Blue>" (damage "111") (weapon "quake_rl")
L 04/28/2026 - 05:38:45: "SoldierBoy<85><[U:1:900000011]><Blue>" triggered "shot_fired" (weapon "quake_rl")
L 04/28/2026 - 05:38:45: "QuickScout<84><[U:1:900000012]><Red>" triggered "shot_fired" (weapon "quake_rl")
L 04/28/2026 - 05:38:46: "QuickScout<84><[U:1:900000012]><Red>" triggered "shot_fired" (weapon "quake_rl")
L 04/28/2026 - 05:38:46: "SoldierBoy<85><[U:1:900000011]><Blue>" triggered "shot_fired" (weapon "quake_rl")
L 04/28/2026 - 05:38:47: "SoldierBoy<85><[U:1:900000011]><Blue>" triggered "shot_fired" (weapon "shotgun_soldier")
L 04/28/2026 - 05:38:47: "SoldierBoy<85><[U:1:900000011]><Blue>" triggered "shot_hit" (weapon "shotgun_soldier")
L 04/28/2026 - 05:38:47: "SoldierBoy<85><[U:1:900000011]><Blue>" triggered "damage" against "QuickScout<84><[U:1:900000012]><Red>" (damage "89") (weapon "shotgun_soldier")
L 04/28/2026 - 05:38:47: "QuickScout<84><[U:1:900000012]><Red>" triggered "shot_fired" (weapon "quake_rl")
L 04/28/2026 - 05:38:48: "QuickScout<84><[U:1:900000012]><Red>" triggered "shot_fired" (weapon "shotgun_soldier")
L 04/28/2026 - 05:38:48: "SoldierBoy<85><[U:1:900000011]><Blue>" killed "QuickScout<84><[U:1:900000012]><Red>" with "world" (attacker_position "-8817 11760 10743") (victim_position "-8925 11592 10534")
L 04/28/2026 - 05:38:48: "QuickScout<84><[U:1:900000012]><Red>" spawned as "soldier"
L 04/28/2026 - 05:38:50: "SoldierBoy<85><[U:1:900000011]><Blue>" triggered "shot_fired" (weapon "quake_rl")
L 04/28/2026 - 05:38:51: "QuickScout<84><[U:1:900000012]><Red>" triggered "shot_fired" (weapon "quake_rl")
L 04/28/2026 - 05:38:51: "QuickScout<84><[U:1:900000012]><Red>" triggered "shot_hit" (weapon "quake_rl")
L 04/28/2026 - 05:38:51: "QuickScout<84><[U:1:900000012]><Red>" triggered "damage" against "SoldierBoy<85><[U:1:900000011]><Blue>" (damage "87") (weapon "quake_rl")
L 04/28/2026 - 05:38:51: "SoldierBoy<85><[U:1:900000011]><Blue>" triggered "shot_hit" (weapon "quake_rl")
L 04/28/2026 - 05:38:51: "SoldierBoy<85><[U:1:900000011]><Blue>" triggered "damage" against "QuickScout<84><[U:1:900000012]><Red>" (damage "70") (weapon "quake_rl")
L 04/28/2026 - 05:38:51: "SoldierBoy<85><[U:1:900000011]><Blue>" triggered "shot_fired" (weapon "quake_rl")
L 04/28/2026 - 05:38:54: "QuickScout<84><[U:1:900000012]><Red>" triggered "shot_fired" (weapon "quake_rl")
L 04/28/2026 - 05:38:54: "QuickScout<84><[U:1:900000012]><Red>" triggered "shot_hit" (weapon "quake_rl")
L 04/28/2026 - 05:38:54: "QuickScout<84><[U:1:900000012]><Red>" triggered "damage" against "SoldierBoy<85><[U:1:900000011]><Blue>" (damage "54") (weapon "quake_rl")
L 04/28/2026 - 05:38:55: "SoldierBoy<85><[U:1:900000011]><Blue>" triggered "shot_hit" (weapon "quake_rl")
L 04/28/2026 - 05:38:55: "SoldierBoy<85><[U:1:900000011]><Blue>" triggered "damage" against "QuickScout<84><[U:1:900000012]><Red>" (damage "61") (weapon "quake_rl")
L 04/28/2026 - 05:38:55: "SoldierBoy<85><[U:1:900000011]><Blue>" triggered "shot_fired" (weapon "quake_rl")
L 04/28/2026 - 05:38:55: "QuickScout<84><[U:1:900000012]><Red>" triggered "shot_fired" (weapon "quake_rl")
L 04/28/2026 - 05:38:56: "QuickScout<84><[U:1:900000012]><Red>" triggered "shot_hit" (weapon "quake_rl")
L 04/28/2026 - 05:38:56: "QuickScout<84><[U:1:900000012]><Red>" triggered "damage" against "SoldierBoy<85><[U:1:900000011]><Blue>" (damage "57") (weapon "quake_rl")
L 04/28/2026 - 05:38:56: "SoldierBoy<85><[U:1:900000011]><Blue>" triggered "shot_fired" (weapon "quake_rl")
L 04/28/2026 - 05:38:56: "QuickScout<84><[U:1:900000012]><Red>" triggered "shot_fired" (weapon "quake_rl")
L 04/28/2026 - 05:38:56: "SoldierBoy<85><[U:1:900000011]><Blue>" triggered "shot_hit" (weapon "quake_rl")
L 04/28/2026 - 05:38:56: "SoldierBoy<85><[U:1:900000011]><Blue>" triggered "damage" against "QuickScout<84><[U:1:900000012]><Red>" (damage "55") (realdamage "19") (weapon "quake_rl")
L 04/28/2026 - 05:38:56: "SoldierBoy<85><[U:1:900000011]><Blue>" killed "QuickScout<84><[U:1:900000012]><Red>" with "quake_rl" (attacker_position "-8977 11973 10847") (victim_position "-8664 11824 10805")
L 04/28/2026 - 05:38:56: "QuickScout<84><[U:1:900000012]><Red>" spawned as "soldier"
L 04/28/2026 - 05:38:58: "QuickScout<84><[U:1:900000012]><Red>" triggered "shot_fired" (weapon "quake_rl")
L 04/28/2026 - 05:38:59: "QuickScout<84><[U:1:900000012]><Red>" triggered "shot_hit" (weapon "quake_rl")
L 04/28/2026 - 05:38:59: "QuickScout<84><[U:1:900000012]><Red>" triggered "damage" against "SoldierBoy<85><[U:1:900000011]><Blue>" (damage "108") (weapon "quake_rl") (airshot "1") (height "531")
L 04/28/2026 - 05:38:59: "QuickScout<84><[U:1:900000012]><Red>" triggered "shot_fired" (weapon "quake_rl")
L 04/28/2026 - 05:39:00: "SoldierBoy<85><[U:1:900000011]><Blue>" triggered "shot_fired" (weapon "quake_rl")
L 04/28/2026 - 05:39:00: "SoldierBoy<85><[U:1:900000011]><Blue>" triggered "shot_hit" (weapon "quake_rl")
L 04/28/2026 - 05:39:00: "SoldierBoy<85><[U:1:900000011]><Blue>" triggered "damage" against "QuickScout<84><[U:1:900000012]><Red>" (damage "89") (weapon "quake_rl")
L 04/28/2026 - 05:39:01: "QuickScout<84><[U:1:900000012]><Red>" triggered "shot_fired" (weapon "quake_rl")
L 04/28/2026 - 05:39:01: "SoldierBoy<85><[U:1:900000011]><Blue>" triggered "shot_fired" (weapon "quake_rl")
L 04/28/2026 - 05:39:01: "SoldierBoy<85><[U:1:900000011]><Blue>" triggered "shot_hit" (weapon "quake_rl")
L 04/28/2026 - 05:39:01: "SoldierBoy<85><[U:1:900000011]><Blue>" triggered "damage" against "QuickScout<84><[U:1:900000012]><Red>" (damage "56") (weapon "quake_rl")
L 04/28/2026 - 05:39:02: "SoldierBoy<85><[U:1:900000011]><Blue>" triggered "shot_fired" (weapon "quake_rl")
L 04/28/2026 - 05:39:02: "QuickScout<84><[U:1:900000012]><Red>" triggered "shot_fired" (weapon "quake_rl")
L 04/28/2026 - 05:39:02: "QuickScout<84><[U:1:900000012]><Red>" triggered "shot_hit" (weapon "quake_rl")
L 04/28/2026 - 05:39:02: "QuickScout<84><[U:1:900000012]><Red>" triggered "damage" against "SoldierBoy<85><[U:1:900000011]><Blue>" (damage "62") (weapon "quake_rl")
L 04/28/2026 - 05:39:03: "SoldierBoy<85><[U:1:900000011]><Blue>" triggered "shot_fired" (weapon "shotgun_soldier")
L 04/28/2026 - 05:39:03: "SoldierBoy<85><[U:1:900000011]><Blue>" triggered "shot_hit" (weapon "shotgun_soldier")
L 04/28/2026 - 05:39:03: "SoldierBoy<85><[U:1:900000011]><Blue>" triggered "damage" against "QuickScout<84><[U:1:900000012]><Red>" (damage "49") (weapon "shotgun_soldier")
L 04/28/2026 - 05:39:03: "QuickScout<84><[U:1:900000012]><Red>" triggered "shot_fired" (weapon "shotgun_soldier")
L 04/28/2026 - 05:39:03: "SoldierBoy<85><[U:1:900000011]><Blue>" killed "QuickScout<84><[U:1:900000012]><Red>" with "world" (attacker_position "-8402 12172 10794") (victim_position "-8326 11571 10438")
L 04/28/2026 - 05:39:03: "QuickScout<84><[U:1:900000012]><Red>" spawned as "soldier"
L 04/28/2026 - 05:39:05: "QuickScout<84><[U:1:900000012]><Red>" triggered "shot_fired" (weapon "quake_rl")
L 04/28/2026 - 05:39:05: "SoldierBoy<85><[U:1:900000011]><Blue>" triggered "shot_fired" (weapon "quake_rl")
L 04/28/2026 - 05:39:05: "SoldierBoy<85><[U:1:900000011]><Blue>" triggered "shot_hit" (weapon "quake_rl")
L 04/28/2026 - 05:39:05: "SoldierBoy<85><[U:1:900000011]><Blue>" triggered "damage" against "QuickScout<84><[U:1:900000012]><Red>" (damage "104") (weapon "quake_rl") (airshot "1") (height "372")
L 04/28/2026 - 05:39:06: "QuickScout<84><[U:1:900000012]><Red>" triggered "shot_fired" (weapon "quake_rl")
L 04/28/2026 - 05:39:06: "QuickScout<84><[U:1:900000012]><Red>" triggered "shot_hit" (weapon "quake_rl")
L 04/28/2026 - 05:39:06: "QuickScout<84><[U:1:900000012]><Red>" triggered "damage" against "SoldierBoy<85><[U:1:900000011]><Blue>" (damage "58") (weapon "quake_rl")
L 04/28/2026 - 05:39:07: "SoldierBoy<85><[U:1:900000011]><Blue>" triggered "shot_fired" (weapon "quake_rl")
L 04/28/2026 - 05:39:07: "QuickScout<84><[U:1:900000012]><Red>" triggered "shot_fired" (weapon "quake_rl")
L 04/28/2026 - 05:39:11: "SoldierBoy<85><[U:1:900000011]><Blue>" triggered "shot_hit" (weapon "quake_rl")
L 04/28/2026 - 05:39:11: "SoldierBoy<85><[U:1:900000011]><Blue>" triggered "damage" against "QuickScout<84><[U:1:900000012]><Red>" (damage "111") (realdamage "44") (weapon "quake_rl")
L 04/28/2026 - 05:39:11: "SoldierBoy<85><[U:1:900000011]><Blue>" killed "QuickScout<84><[U:1:900000012]><Red>" with "quake_rl" (attacker_position "-8479 11720 10708") (victim_position "-8534 11723 10812")
L 04/28/2026 - 05:39:11: "SoldierBoy<85><[U:1:900000011]><Blue>" triggered "domination" against "QuickScout<84><[U:1:900000012]><Red>"
L 04/28/2026 - 05:39:11: "SoldierBoy<85><[U:1:900000011]><Blue>" triggered "shot_fired" (weapon "quake_rl")
L 04/28/2026 - 05:39:11: "QuickScout<84><[U:1:900000012]><Red>" spawned as "soldier"
L 04/28/2026 - 05:39:13: "QuickScout<84><[U:1:900000012]><Red>" triggered "shot_fired" (weapon "quake_rl")
L 04/28/2026 - 05:39:13: "SoldierBoy<85><[U:1:900000011]><Blue>" triggered "shot_fired" (weapon "quake_rl")
L 04/28/2026 - 05:39:13: "QuickScout<84><[U:1:900000012]><Red>" triggered "shot_hit" (weapon "quake_rl")
L 04/28/2026 - 05:39:13: "QuickScout<84><[U:1:900000012]><Red>" triggered "damage" against "SoldierBoy<85><[U:1:900000011]><Blue>" (damage "71") (weapon "quake_rl")
L 04/28/2026 - 05:39:14: "QuickScout<84><[U:1:900000012]><Red>" triggered "shot_fired" (weapon "quake_rl")
L 04/28/2026 - 05:39:14: "QuickScout<84><[U:1:900000012]><Red>" triggered "shot_hit" (weapon "quake_rl")
L 04/28/2026 - 05:39:14: "QuickScout<84><[U:1:900000012]><Red>" triggered "damage" against "SoldierBoy<85><[U:1:900000011]><Blue>" (damage "86") (weapon "quake_rl")
L 04/28/2026 - 05:39:14: "SoldierBoy<85><[U:1:900000011]><Blue>" triggered "shot_fired" (weapon "quake_rl")
L 04/28/2026 - 05:39:15: "SoldierBoy<85><[U:1:900000011]><Blue>" triggered "shot_fired" (weapon "quake_rl")
L 04/28/2026 - 05:39:15: "SoldierBoy<85><[U:1:900000011]><Blue>" triggered "shot_hit" (weapon "quake_rl")
L 04/28/2026 - 05:39:15: "SoldierBoy<85><[U:1:900000011]><Blue>" triggered "damage" against "QuickScout<84><[U:1:900000012]><Red>" (damage "47") (weapon "quake_rl")
L 04/28/2026 - 05:39:15: "QuickScout<84><[U:1:900000012]><Red>" picked up item "tf_ammo_pack"
L 04/28/2026 - 05:39:16: "SoldierBoy<85><[U:1:900000011]><Blue>" triggered "damage" against "QuickScout<84><[U:1:900000012]><Red>" (damage "195") (realdamage "176") (weapon "market_gardener") (crit "crit")
L 04/28/2026 - 05:39:16: "SoldierBoy<85><[U:1:900000011]><Blue>" killed "QuickScout<84><[U:1:900000012]><Red>" with "market_gardener" (attacker_position "-8499 11733 10788") (victim_position "-8547 11758 10722")
L 04/28/2026 - 05:39:16: "QuickScout<84><[U:1:900000012]><Red>" triggered "shot_hit" (weapon "quake_rl")
L 04/28/2026 - 05:39:16: "QuickScout<84><[U:1:900000012]><Red>" triggered "damage" against "SoldierBoy<85><[U:1:900000011]><Blue>" (damage "78") (weapon "quake_rl")
L 04/28/2026 - 05:39:16: "QuickScout<84><[U:1:900000012]><Red>" spawned as "soldier"
L 04/28/2026 - 05:39:16: "QuickScout<84><[U:1:900000012]><Red>" triggered "shot_fired" (weapon "quake_rl")
L 04/28/2026 - 05:39:18: "QuickScout<84><[U:1:900000012]><Red>" triggered "shot_fired" (weapon "quake_rl")
L 04/28/2026 - 05:39:18: "SoldierBoy<85><[U:1:900000011]><Blue>" triggered "shot_fired" (weapon "quake_rl")
L 04/28/2026 - 05:39:19: "QuickScout<84><[U:1:900000012]><Red>" triggered "damage" against "SoldierBoy<85><[U:1:900000011]><Blue>" (damage "195") (weapon "market_gardener") (crit "crit")
L 04/28/2026 - 05:39:20: "SoldierBoy<85><[U:1:900000011]><Blue>" triggered "shot_hit" (weapon "quake_rl")
L 04/28/2026 - 05:39:20: "SoldierBoy<85><[U:1:900000011]><Blue>" triggered "damage" against "QuickScout<84><[U:1:900000012]><Red>" (damage "111") (weapon "quake_rl")
L 04/28/2026 - 05:39:20: "QuickScout<84><[U:1:900000012]><Red>" killed "SoldierBoy<85><[U:1:900000011]><Blue>" with "world" (attacker_position "-8462 11594 10593") (victim_position "-8428 11482 10636")
L 04/28/2026 - 05:39:20: "QuickScout<84><[U:1:900000012]><Red>" triggered "revenge" against "SoldierBoy<85><[U:1:900000011]><Blue>"
L 04/28/2026 - 05:39:20: "SoldierBoy<85><[U:1:900000011]><Blue>" triggered "shot_fired" (weapon "quake_rl")
L 04/28/2026 - 05:39:20: "SoldierBoy<85><[U:1:900000011]><Blue>" spawned as "soldier"
L 04/28/2026 - 05:39:22: "SoldierBoy<85><[U:1:900000011]><Blue>" triggered "shot_fired" (weapon "quake_rl")
L 04/28/2026 - 05:39:23: "QuickScout<84><[U:1:900000012]><Red>" triggered "shot_fired" (weapon "quake_rl")
L 04/28/2026 - 05:39:23: "QuickScout<84><[U:1:900000012]><Red>" triggered "shot_hit" (weapon "quake_rl")
L 04/28/2026 - 05:39:23: "QuickScout<84><[U:1:900000012]><Red>" triggered "damage" against "SoldierBoy<85><[U:1:900000011]><Blue>" (damage "110") (weapon "quake_rl")
L 04/28/2026 - 05:39:23: "QuickScout<84><[U:1:900000012]><Red>" triggered "shot_fired" (weapon "quake_rl")
L 04/28/2026 - 05:39:24: "QuickScout<84><[U:1:900000012]><Red>" triggered "shot_fired" (weapon "quake_rl")
L 04/28/2026 - 05:39:24: "QuickScout<84><[U:1:900000012]><Red>" triggered "shot_hit" (weapon "quake_rl")
L 04/28/2026 - 05:39:24: "QuickScout<84><[U:1:900000012]><Red>" triggered "damage" against "SoldierBoy<85><[U:1:900000011]><Blue>" (damage "101") (weapon "quake_rl")
L 04/28/2026 - 05:39:25: "SoldierBoy<85><[U:1:900000011]><Blue>" triggered "shot_fired" (weapon "quake_rl")
L 04/28/2026 - 05:39:25: "QuickScout<84><[U:1:900000012]><Red>" triggered "shot_fired" (weapon "quake_rl")
L 04/28/2026 - 05:39:25: "QuickScout<84><[U:1:900000012]><Red>" triggered "shot_hit" (weapon "quake_rl")
L 04/28/2026 - 05:39:25: "QuickScout<84><[U:1:900000012]><Red>" triggered "damage" against "SoldierBoy<85><[U:1:900000011]><Blue>" (damage "65") (realdamage "25") (weapon "quake_rl")
L 04/28/2026 - 05:39:25: "QuickScout<84><[U:1:900000012]><Red>" killed "SoldierBoy<85><[U:1:900000011]><Blue>" with "quake_rl" (attacker_position "-8599 11636 10736") (victim_position "-8380 11610 10591")
L 04/28/2026 - 05:39:26: "SoldierBoy<85><[U:1:900000011]><Blue>" spawned as "soldier"
L 04/28/2026 - 05:39:28: "SoldierBoy<85><[U:1:900000011]><Blue>" triggered "shot_fired" (weapon "quake_rl")
L 04/28/2026 - 05:39:28: "SoldierBoy<85><[U:1:900000011]><Blue>" triggered "shot_hit" (weapon "quake_rl")
L 04/28/2026 - 05:39:28: "SoldierBoy<85><[U:1:900000011]><Blue>" triggered "damage" against "QuickScout<84><[U:1:900000012]><Red>" (damage "76") (weapon "quake_rl")
L 04/28/2026 - 05:39:28: "QuickScout<84><[U:1:900000012]><Red>" triggered "shot_fired" (weapon "quake_rl")
L 04/28/2026 - 05:39:28: "SoldierBoy<85><[U:1:900000011]><Blue>" triggered "shot_fired" (weapon "quake_rl")
L 04/28/2026 - 05:39:28: "SoldierBoy<85><[U:1:900000011]><Blue>" triggered "shot_hit" (weapon "quake_rl")
L 04/28/2026 - 05:39:28: "SoldierBoy<85><[U:1:900000011]><Blue>" triggered "damage" against "QuickScout<84><[U:1:900000012]><Red>" (damage "65") (weapon "quake_rl")
L 04/28/2026 - 05:39:28: "QuickScout<84><[U:1:900000012]><Red>" triggered "shot_hit" (weapon "quake_rl")
L 04/28/2026 - 05:39:28: "QuickScout<84><[U:1:900000012]><Red>" triggered "damage" against "SoldierBoy<85><[U:1:900000011]><Blue>" (damage "87") (weapon "quake_rl")
L 04/28/2026 - 05:39:29: "QuickScout<84><[U:1:900000012]><Red>" triggered "shot_fired" (weapon "quake_rl")
L 04/28/2026 - 05:39:29: "SoldierBoy<85><[U:1:900000011]><Blue>" triggered "shot_fired" (weapon "quake_rl")
L 04/28/2026 - 05:39:29: "QuickScout<84><[U:1:900000012]><Red>" triggered "shot_fired" (weapon "quake_rl")
L 04/28/2026 - 05:39:30: "SoldierBoy<85><[U:1:900000011]><Blue>" triggered "shot_fired" (weapon "shotgun_soldier")
L 04/28/2026 - 05:39:30: "SoldierBoy<85><[U:1:900000011]><Blue>" triggered "shot_hit" (weapon "shotgun_soldier")
L 04/28/2026 - 05:39:30: "SoldierBoy<85><[U:1:900000011]><Blue>" triggered "damage" against "QuickScout<84><[U:1:900000012]><Red>" (damage "57") (weapon "shotgun_soldier")
L 04/28/2026 - 05:39:30: "QuickScout<84><[U:1:900000012]><Red>" triggered "shot_fired" (weapon "quake_rl")
L 04/28/2026 - 05:39:31: "QuickScout<84><[U:1:900000012]><Red>" triggered "shot_fired" (weapon "shotgun_soldier")
L 04/28/2026 - 05:39:31: "SoldierBoy<85><[U:1:900000011]><Blue>" triggered "shot_fired" (weapon "shotgun_soldier")
L 04/28/2026 - 05:39:31: "SoldierBoy<85><[U:1:900000011]><Blue>" triggered "shot_hit" (weapon "shotgun_soldier")
L 04/28/2026 - 05:39:31: "SoldierBoy<85><[U:1:900000011]><Blue>" triggered "damage" against "QuickScout<84><[U:1:900000012]><Red>" (damage "61") (realdamage "57") (weapon "shotgun_soldier")
L 04/28/2026 - 05:39:31: "SoldierBoy<85><[U:1:900000011]><Blue>" killed "QuickScout<84><[U:1:900000012]><Red>" with "shotgun_soldier" (attacker_position "-8352 11571 10641") (victim_position "-8376 11713 10590")
L 04/28/2026 - 05:39:31: "QuickScout<84><[U:1:900000012]><Red>" spawned as "soldier"
L 04/28/2026 - 05:39:33: "QuickScout<84><[U:1:900000012]><Red>" triggered "shot_fired" (weapon "quake_rl")
L 04/28/2026 - 05:39:33: "SoldierBoy<85><[U:1:900000011]><Blue>" triggered "shot_fired" (weapon "quake_rl")
L 04/28/2026 - 05:39:34: "QuickScout<84><[U:1:900000012]><Red>" triggered "shot_fired" (weapon "quake_rl")
L 04/28/2026 - 05:39:34: "QuickScout<84><[U:1:900000012]><Red>" triggered "shot_hit" (weapon "quake_rl")
L 04/28/2026 - 05:39:34: "QuickScout<84><[U:1:900000012]><Red>" triggered "damage" against "SoldierBoy<85><[U:1:900000011]><Blue>" (damage "58") (weapon "quake_rl")
L 04/28/2026 - 05:39:34: "SoldierBoy<85><[U:1:900000011]><Blue>" triggered "shot_fired" (weapon "quake_rl")
L 04/28/2026 - 05:39:34: "SoldierBoy<85><[U:1:900000011]><Blue>" triggered "shot_hit" (weapon "quake_rl")
L 04/28/2026 - 05:39:34: "SoldierBoy<85><[U:1:900000011]><Blue>" triggered "damage" against "QuickScout<84><[U:1:900000012]><Red>" (damage "97") (weapon "quake_rl")
L 04/28/2026 - 05:39:35: "QuickScout<84><[U:1:900000012]><Red>" triggered "shot_fired" (weapon "quake_rl")
L 04/28/2026 - 05:39:35: "SoldierBoy<85><[U:1:900000011]><Blue>" triggered "shot_fired" (weapon "quake_rl")
L 04/28/2026 - 05:39:35: "QuickScout<84><[U:1:900000012]><Red>" triggered "shot_fired" (weapon "shotgun_soldier")
L 04/28/2026 - 05:39:35: "QuickScout<84><[U:1:900000012]><Red>" triggered "shot_hit" (weapon "shotgun_soldier")
L 04/28/2026 - 05:39:35: "QuickScout<84><[U:1:900000012]><Red>" triggered "damage" against "SoldierBoy<85><[U:1:900000011]><Blue>" (damage "15") (weapon "shotgun_soldier")
L 04/28/2026 - 05:39:36: "SoldierBoy<85><[U:1:900000011]><Blue>" triggered "shot_fired" (weapon "shotgun_soldier")
L 04/28/2026 - 05:39:36: "SoldierBoy<85><[U:1:900000011]><Blue>" triggered "shot_hit" (weapon "shotgun_soldier")
L 04/28/2026 - 05:39:36: "SoldierBoy<85><[U:1:900000011]><Blue>" triggered "damage" against "QuickScout<84><[U:1:900000012]><Red>" (damage "41") (weapon "shotgun_soldier")
L 04/28/2026 - 05:39:36: "QuickScout<84><[U:1:900000012]><Red>" triggered "shot_fired" (weapon "shotgun_soldier")
L 04/28/2026 - 05:39:36: "QuickScout<84><[U:1:900000012]><Red>" triggered "shot_hit" (weapon "shotgun_soldier")
L 04/28/2026 - 05:39:36: "QuickScout<84><[U:1:900000012]><Red>" triggered "damage" against "SoldierBoy<85><[U:1:900000011]><Blue>" (damage "16") (weapon "shotgun_soldier")
L 04/28/2026 - 05:39:36: "SoldierBoy<85><[U:1:900000011]><Blue>" triggered "shot_fired" (weapon "shotgun_soldier")
L 04/28/2026 - 05:39:40: "QuickScout<84><[U:1:900000012]><Red>" triggered "shot_fired" (weapon "quake_rl")
L 04/28/2026 - 05:39:42: "QuickScout<84><[U:1:900000012]><Red>" triggered "shot_fired" (weapon "quake_rl")
L 04/28/2026 - 05:39:42: "SoldierBoy<85><[U:1:900000011]><Blue>" triggered "shot_fired" (weapon "shotgun_soldier")
L 04/28/2026 - 05:39:42: "SoldierBoy<85><[U:1:900000011]><Blue>" triggered "shot_hit" (weapon "shotgun_soldier")
L 04/28/2026 - 05:39:42: "SoldierBoy<85><[U:1:900000011]><Blue>" triggered "damage" against "QuickScout<84><[U:1:900000012]><Red>" (damage "59") (realdamage "6") (weapon "shotgun_soldier")
L 04/28/2026 - 05:39:42: "SoldierBoy<85><[U:1:900000011]><Blue>" killed "QuickScout<84><[U:1:900000012]><Red>" with "shotgun_soldier" (attacker_position "-8432 11644 10713") (victim_position "-8211 11780 10466")
L 04/28/2026 - 05:39:42: "QuickScout<84><[U:1:900000012]><Red>" spawned as "soldier"
L 04/28/2026 - 05:39:45: "SoldierBoy<85><[U:1:900000011]><Blue>" triggered "shot_fired" (weapon "quake_rl")
L 04/28/2026 - 05:39:45: "QuickScout<84><[U:1:900000012]><Red>" triggered "shot_fired" (weapon "quake_rl")
L 04/28/2026 - 05:39:46: "QuickScout<84><[U:1:900000012]><Red>" triggered "shot_fired" (weapon "quake_rl")
L 04/28/2026 - 05:39:46: "SoldierBoy<85><[U:1:900000011]><Blue>" triggered "shot_fired" (weapon "quake_rl")
L 04/28/2026 - 05:39:46: "QuickScout<84><[U:1:900000012]><Red>" triggered "shot_fired" (weapon "quake_rl")
L 04/28/2026 - 05:39:47: "QuickScout<84><[U:1:900000012]><Red>" triggered "shot_hit" (weapon "quake_rl")
L 04/28/2026 - 05:39:47: "QuickScout<84><[U:1:900000012]><Red>" triggered "damage" against "SoldierBoy<85><[U:1:900000011]><Blue>" (damage "61") (weapon "quake_rl")
L 04/28/2026 - 05:39:47: "SoldierBoy<85><[U:1:900000011]><Blue>" triggered "shot_fired" (weapon "quake_rl")
L 04/28/2026 - 05:39:47: "SoldierBoy<85><[U:1:900000011]><Blue>" triggered "shot_hit" (weapon "quake_rl")
L 04/28/2026 - 05:39:47: "SoldierBoy<85><[U:1:900000011]><Blue>" triggered "damage" against "QuickScout<84><[U:1:900000012]><Red>" (damage "61") (weapon "quake_rl")
L 04/28/2026 - 05:39:47: "QuickScout<84><[U:1:900000012]><Red>" triggered "shot_fired" (weapon "shotgun_soldier")
L 04/28/2026 - 05:39:47: "QuickScout<84><[U:1:900000012]><Red>" triggered "shot_hit" (weapon "shotgun_soldier")
L 04/28/2026 - 05:39:47: "QuickScout<84><[U:1:900000012]><Red>" triggered "damage" against "SoldierBoy<85><[U:1:900000011]><Blue>" (damage "69") (weapon "shotgun_soldier")
L 04/28/2026 - 05:39:47: "SoldierBoy<85><[U:1:900000011]><Blue>" triggered "shot_hit" (weapon "quake_rl")
L 04/28/2026 - 05:39:47: "SoldierBoy<85><[U:1:900000011]><Blue>" triggered "damage" against "QuickScout<84><[U:1:900000012]><Red>" (damage "89") (weapon "quake_rl")
L 04/28/2026 - 05:39:47: "SoldierBoy<85><[U:1:900000011]><Blue>" triggered "shot_fired" (weapon "quake_rl")
L 04/28/2026 - 05:39:48: "QuickScout<84><[U:1:900000012]><Red>" triggered "shot_fired" (weapon "shotgun_soldier")
L 04/28/2026 - 05:39:48: "QuickScout<84><[U:1:900000012]><Red>" triggered "shot_hit" (weapon "shotgun_soldier")
L 04/28/2026 - 05:39:48: "QuickScout<84><[U:1:900000012]><Red>" triggered "damage" against "SoldierBoy<85><[U:1:900000011]><Blue>" (damage "32") (weapon "shotgun_soldier")
L 04/28/2026 - 05:39:48: "SoldierBoy<85><[U:1:900000011]><Blue>" triggered "shot_fired" (weapon "shotgun_soldier")
L 04/28/2026 - 05:39:48: "SoldierBoy<85><[U:1:900000011]><Blue>" triggered "shot_hit" (weapon "shotgun_soldier")
L 04/28/2026 - 05:39:48: "SoldierBoy<85><[U:1:900000011]><Blue>" triggered "damage" against "QuickScout<84><[U:1:900000012]><Red>" (damage "86") (realdamage "68") (weapon "shotgun_soldier")
L 04/28/2026 - 05:39:48: "SoldierBoy<85><[U:1:900000011]><Blue>" killed "QuickScout<84><[U:1:900000012]><Red>" with "shotgun_soldier" (attacker_position "-8750 11760 10743") (victim_position "-8778 11630 10832")
L 04/28/2026 - 05:39:48: "QuickScout<84><[U:1:900000012]><Red>" spawned as "soldier"
L 04/28/2026 - 05:39:51: "SoldierBoy<85><[U:1:900000011]><Blue>" triggered "shot_fired" (weapon "quake_rl")
L 04/28/2026 - 05:39:51: "QuickScout<84><[U:1:900000012]><Red>" triggered "shot_fired" (weapon "quake_rl")
L 04/28/2026 - 05:39:51: "QuickScout<84><[U:1:900000012]><Red>" triggered "shot_hit" (weapon "quake_rl")
L 04/28/2026 - 05:39:51: "QuickScout<84><[U:1:900000012]><Red>" triggered "damage" against "SoldierBoy<85><[U:1:900000011]><Blue>" (damage "58") (weapon "quake_rl")
L 04/28/2026 - 05:39:51: "QuickScout<84><[U:1:900000012]><Red>" triggered "shot_fired" (weapon "quake_rl")
L 04/28/2026 - 05:39:52: "SoldierBoy<85><[U:1:900000011]><Blue>" triggered "shot_fired" (weapon "quake_rl")
L 04/28/2026 - 05:39:52: "QuickScout<84><[U:1:900000012]><Red>" triggered "shot_fired" (weapon "quake_rl")
L 04/28/2026 - 05:39:52: "QuickScout<84><[U:1:900000012]><Red>" triggered "shot_hit" (weapon "quake_rl")
L 04/28/2026 - 05:39:52: "QuickScout<84><[U:1:900000012]><Red>" triggered "damage" against "SoldierBoy<85><[U:1:900000011]><Blue>" (damage "77") (weapon "quake_rl")
L 04/28/2026 - 05:39:52: "SoldierBoy<85><[U:1:900000011]><Blue>" triggered "shot_fired" (weapon "quake_rl")
L 04/28/2026 - 05:39:53: "QuickScout<84><[U:1:900000012]><Red>" triggered "shot_fired" (weapon "shotgun_soldier")
L 04/28/2026 - 05:39:53: "QuickScout<84><[U:1:900000012]><Red>" triggered "shot_hit" (weapon "shotgun_soldier")
L 04/28/2026 - 05:39:53: "QuickScout<84><[U:1:900000012]><Red>" triggered "damage" against "SoldierBoy<85><[U:1:900000011]><Blue>" (damage "41") (weapon "shotgun_soldier")
L 04/28/2026 - 05:39:53: "SoldierBoy<85><[U:1:900000011]><Blue>" triggered "shot_fired" (weapon "quake_rl")
L 04/28/2026 - 05:39:53: "QuickScout<84><[U:1:900000012]><Red>" triggered "shot_fired" (weapon "shotgun_soldier")
L 04/28/2026 - 05:39:53: "QuickScout<84><[U:1:900000012]><Red>" triggered "shot_hit" (weapon "shotgun_soldier")
L 04/28/2026 - 05:39:53: "QuickScout<84><[U:1:900000012]><Red>" triggered "damage" against "SoldierBoy<85><[U:1:900000011]><Blue>" (damage "20") (weapon "shotgun_soldier")
L 04/28/2026 - 05:39:54: "SoldierBoy<85><[U:1:900000011]><Blue>" triggered "shot_hit" (weapon "quake_rl")
L 04/28/2026 - 05:39:54: "SoldierBoy<85><[U:1:900000011]><Blue>" triggered "damage" against "QuickScout<84><[U:1:900000012]><Red>" (damage "93") (weapon "quake_rl")
L 04/28/2026 - 05:39:59: "QuickScout<84><[U:1:900000012]><Red>" triggered "shot_fired" (weapon "quake_rl")
L 04/28/2026 - 05:39:59: "QuickScout<84><[U:1:900000012]><Red>" triggered "shot_hit" (weapon "quake_rl")
L 04/28/2026 - 05:39:59: "QuickScout<84><[U:1:900000012]><Red>" triggered "damage" against "SoldierBoy<85><[U:1:900000011]><Blue>" (damage "53") (realdamage "49") (weapon "quake_rl")
L 04/28/2026 - 05:39:59: "QuickScout<84><[U:1:900000012]><Red>" killed "SoldierBoy<85><[U:1:900000011]><Blue>" with "quake_rl" (attacker_position "-8738 11961 10736") (victim_position "-8637 11981 10493")
L 04/28/2026 - 05:39:59: "SoldierBoy<85><[U:1:900000011]><Blue>" spawned as "soldier"
L 04/28/2026 - 05:40:01: "SoldierBoy<85><[U:1:900000011]><Blue>" triggered "shot_fired" (weapon "quake_rl")
L 04/28/2026 - 05:40:01: "SoldierBoy<85><[U:1:900000011]><Blue>" triggered "shot_hit" (weapon "quake_rl")
L 04/28/2026 - 05:40:01: "SoldierBoy<85><[U:1:900000011]><Blue>" triggered "damage" against "QuickScout<84><[U:1:900000012]><Red>" (damage "64") (weapon "quake_rl")
L 04/28/2026 - 05:40:01: "QuickScout<84><[U:1:900000012]><Red>" triggered "shot_fired" (weapon "quake_rl")
L 04/28/2026 - 05:40:02: "SoldierBoy<85><[U:1:900000011]><Blue>" triggered "shot_hit" (weapon "quake_rl")
L 04/28/2026 - 05:40:02: "SoldierBoy<85><[U:1:900000011]><Blue>" triggered "damage" against "QuickScout<84><[U:1:900000012]><Red>" (damage "111") (weapon "quake_rl") (airshot "1") (height "250")
L 04/28/2026 - 05:40:02: "SoldierBoy<85><[U:1:900000011]><Blue>" triggered "shot_fired" (weapon "quake_rl")
L 04/28/2026 - 05:40:02: "QuickScout<84><[U:1:900000012]><Red>" triggered "shot_fired" (weapon "quake_rl")
L 04/28/2026 - 05:40:02: "QuickScout<84><[U:1:900000012]><Red>" triggered "shot_hit" (weapon "quake_rl")
L 04/28/2026 - 05:40:02: "QuickScout<84><[U:1:900000012]><Red>" triggered "damage" against "SoldierBoy<85><[U:1:900000011]><Blue>" (damage "71") (weapon "quake_rl")
L 04/28/2026 - 05:40:03: "SoldierBoy<85><[U:1:900000011]><Blue>" triggered "shot_fired" (weapon "quake_rl")
L 04/28/2026 - 05:40:03: "QuickScout<84><[U:1:900000012]><Red>" triggered "shot_fired" (weapon "quake_rl")
L 04/28/2026 - 05:40:03: "QuickScout<84><[U:1:900000012]><Red>" triggered "shot_hit" (weapon "quake_rl")
L 04/28/2026 - 05:40:03: "QuickScout<84><[U:1:900000012]><Red>" triggered "damage" against "SoldierBoy<85><[U:1:900000011]><Blue>" (damage "62") (weapon "quake_rl")
L 04/28/2026 - 05:40:03: "SoldierBoy<85><[U:1:900000011]><Blue>" triggered "shot_fired" (weapon "shotgun_soldier")
L 04/28/2026 - 05:40:03: "SoldierBoy<85><[U:1:900000011]><Blue>" triggered "shot_hit" (weapon "shotgun_soldier")
L 04/28/2026 - 05:40:03: "SoldierBoy<85><[U:1:900000011]><Blue>" triggered "damage" against "QuickScout<84><[U:1:900000012]><Red>" (damage "76") (weapon "shotgun_soldier")
L 04/28/2026 - 05:40:04: "QuickScout<84><[U:1:900000012]><Red>" triggered "shot_fired" (weapon "quake_rl")
L 04/28/2026 - 05:40:04: "QuickScout<84><[U:1:900000012]><Red>" triggered "shot_hit" (weapon "quake_rl")
L 04/28/2026 - 05:40:04: "QuickScout<84><[U:1:900000012]><Red>" triggered "damage" against "SoldierBoy<85><[U:1:900000011]><Blue>" (damage "58") (realdamage "37") (weapon "quake_rl")
L 04/28/2026 - 05:40:04: "QuickScout<84><[U:1:900000012]><Red>" killed "SoldierBoy<85><[U:1:900000011]><Blue>" with "quake_rl" (attacker_position "-8766 11477 10736") (victim_position "-8654 11576 10799")
L 04/28/2026 - 05:40:04: "SoldierBoy<85><[U:1:900000011]><Blue>" spawned as "soldier"
L 04/28/2026 - 05:40:07: "SoldierBoy<85><[U:1:900000011]><Blue>" triggered "shot_fired" (weapon "quake_rl")
L 04/28/2026 - 05:40:07: "SoldierBoy<85><[U:1:900000011]><Blue>" triggered "shot_hit" (weapon "quake_rl")
L 04/28/2026 - 05:40:07: "SoldierBoy<85><[U:1:900000011]><Blue>" triggered "damage" against "QuickScout<84><[U:1:900000012]><Red>" (damage "105") (weapon "quake_rl")
L 04/28/2026 - 05:40:07: "QuickScout<84><[U:1:900000012]><Red>" picked up item "tf_ammo_pack"
L 04/28/2026 - 05:40:08: "QuickScout<84><[U:1:900000012]><Red>" triggered "shot_fired" (weapon "quake_rl")
L 04/28/2026 - 05:40:08: "QuickScout<84><[U:1:900000012]><Red>" triggered "shot_hit" (weapon "quake_rl")
L 04/28/2026 - 05:40:08: "QuickScout<84><[U:1:900000012]><Red>" triggered "damage" against "SoldierBoy<85><[U:1:900000011]><Blue>" (damage "101") (weapon "quake_rl")
L 04/28/2026 - 05:40:08: "SoldierBoy<85><[U:1:900000011]><Blue>" triggered "shot_fired" (weapon "quake_rl")
L 04/28/2026 - 05:40:11: "QuickScout<84><[U:1:900000012]><Red>" picked up item "tf_ammo_pack"
L 04/28/2026 - 05:40:13: "QuickScout<84><[U:1:900000012]><Red>" triggered "shot_fired" (weapon "quake_rl")
L 04/28/2026 - 05:40:13: "QuickScout<84><[U:1:900000012]><Red>" triggered "shot_fired" (weapon "quake_rl")
L 04/28/2026 - 05:40:14: "QuickScout<84><[U:1:900000012]><Red>" triggered "shot_fired" (weapon "quake_rl")
L 04/28/2026 - 05:40:15: "QuickScout<84><[U:1:900000012]><Red>" triggered "shot_fired" (weapon "quake_rl")
L 04/28/2026 - 05:40:16: "QuickScout<84><[U:1:900000012]><Red>" triggered "shot_fired" (weapon "shotgun_soldier")
L 04/28/2026 - 05:40:17: "SoldierBoy<85><[U:1:900000011]><Blue>" triggered "shot_fired" (weapon "quake_rl")
L 04/28/2026 - 05:40:17: "QuickScout<84><[U:1:900000012]><Red>" picked up item "tf_ammo_pack"
L 04/28/2026 - 05:40:18: "SoldierBoy<85><[U:1:900000011]><Blue>" triggered "shot_fired" (weapon "quake_rl")
L 04/28/2026 - 05:40:19: "SoldierBoy<85><[U:1:900000011]><Blue>" triggered "shot_fired" (weapon "quake_rl")
L 04/28/2026 - 05:40:20: "SoldierBoy<85><[U:1:900000011]><Blue>" triggered "shot_fired" (weapon "quake_rl")
L 04/28/2026 - 05:40:20: "SoldierBoy<85><[U:1:900000011]><Blue>" triggered "shot_hit" (weapon "quake_rl")
L 04/28/2026 - 05:40:20: "SoldierBoy<85><[U:1:900000011]><Blue>" triggered "damage" against "QuickScout<84><[U:1:900000012]><Red>" (damage "53") (realdamage "36") (weapon "quake_rl")
L 04/28/2026 - 05:40:20: "SoldierBoy<85><[U:1:900000011]><Blue>" killed "QuickScout<84><[U:1:900000012]><Red>" with "quake_rl" (attacker_position "-8852 11974 10736") (victim_position "-8496 11877 10586")
L 04/28/2026 - 05:40:20: "QuickScout<84><[U:1:900000012]><Red>" spawned as "soldier"
L 04/28/2026 - 05:40:22: "SoldierBoy<85><[U:1:900000011]><Blue>" triggered "shot_fired" (weapon "quake_rl")
L 04/28/2026 - 05:40:22: "QuickScout<84><[U:1:900000012]><Red>" triggered "shot_fired" (weapon "quake_rl")
L 04/28/2026 - 05:40:23: "SoldierBoy<85><[U:1:900000011]><Blue>" triggered "shot_hit" (weapon "quake_rl")
L 04/28/2026 - 05:40:23: "SoldierBoy<85><[U:1:900000011]><Blue>" triggered "damage" against "QuickScout<84><[U:1:900000012]><Red>" (damage "92") (weapon "quake_rl") (airshot "1") (height "463")
L 04/28/2026 - 05:40:23: "QuickScout<84><[U:1:900000012]><Red>" triggered "shot_hit" (weapon "quake_rl")
L 04/28/2026 - 05:40:23: "QuickScout<84><[U:1:900000012]><Red>" triggered "damage" against "SoldierBoy<85><[U:1:900000011]><Blue>" (damage "41") (weapon "quake_rl")
L 04/28/2026 - 05:40:23: "QuickScout<84><[U:1:900000012]><Red>" triggered "shot_fired" (weapon "quake_rl")
L 04/28/2026 - 05:40:23: "SoldierBoy<85><[U:1:900000011]><Blue>" triggered "shot_fired" (weapon "quake_rl")
L 04/28/2026 - 05:40:24: "QuickScout<84><[U:1:900000012]><Red>" triggered "shot_hit" (weapon "quake_rl")
L 04/28/2026 - 05:40:24: "QuickScout<84><[U:1:900000012]><Red>" triggered "damage" against "SoldierBoy<85><[U:1:900000011]><Blue>" (damage "46") (weapon "quake_rl")
L 04/28/2026 - 05:40:24: "SoldierBoy<85><[U:1:900000011]><Blue>" triggered "shot_fired" (weapon "quake_rl")
L 04/28/2026 - 05:40:25: "SoldierBoy<85><[U:1:900000011]><Blue>" triggered "shot_fired" (weapon "quake_rl")
L 04/28/2026 - 05:40:25: "SoldierBoy<85><[U:1:900000011]><Blue>" triggered "shot_hit" (weapon "quake_rl")
L 04/28/2026 - 05:40:25: "SoldierBoy<85><[U:1:900000011]><Blue>" triggered "damage" against "QuickScout<84><[U:1:900000012]><Red>" (damage "69") (weapon "quake_rl")
L 04/28/2026 - 05:40:25: "SoldierBoy<85><[U:1:900000011]><Blue>" killed "QuickScout<84><[U:1:900000012]><Red>" with "world" (attacker_position "-8767 11663 10743") (victim_position "-8563 11566 10673")
L 04/28/2026 - 05:40:26: "QuickScout<84><[U:1:900000012]><Red>" spawned as "soldier"
L 04/28/2026 - 05:40:28: "QuickScout<84><[U:1:900000012]><Red>" triggered "shot_fired" (weapon "quake_rl")
L 04/28/2026 - 05:40:28: "SoldierBoy<85><[U:1:900000011]><Blue>" triggered "shot_fired" (weapon "quake_rl")
L 04/28/2026 - 05:40:28: "SoldierBoy<85><[U:1:900000011]><Blue>" triggered "shot_hit" (weapon "quake_rl")
L 04/28/2026 - 05:40:28: "SoldierBoy<85><[U:1:900000011]><Blue>" triggered "damage" against "QuickScout<84><[U:1:900000012]><Red>" (damage "87") (weapon "quake_rl") (airshot "1") (height "390")
L 04/28/2026 - 05:40:29: "SoldierBoy<85><[U:1:900000011]><Blue>" triggered "shot_fired" (weapon "quake_rl")
L 04/28/2026 - 05:40:30: "QuickScout<84><[U:1:900000012]><Red>" triggered "shot_fired" (weapon "quake_rl")
L 04/28/2026 - 05:40:30: "SoldierBoy<85><[U:1:900000011]><Blue>" triggered "shot_fired" (weapon "quake_rl")
L 04/28/2026 - 05:40:30: "QuickScout<84><[U:1:900000012]><Red>" triggered "shot_hit" (weapon "quake_rl")
L 04/28/2026 - 05:40:30: "QuickScout<84><[U:1:900000012]><Red>" triggered "damage" against "SoldierBoy<85><[U:1:900000011]><Blue>" (damage "76") (weapon "quake_rl")
L 04/28/2026 - 05:40:31: "QuickScout<84><[U:1:900000012]><Red>" picked up item "tf_ammo_pack"
L 04/28/2026 - 05:40:31: "QuickScout<84><[U:1:900000012]><Red>" triggered "shot_fired" (weapon "quake_rl")
L 04/28/2026 - 05:40:34: "QuickScout<84><[U:1:900000012]><Red>" triggered "shot_fired" (weapon "shotgun_soldier")
L 04/28/2026 - 05:40:34: "QuickScout<84><[U:1:900000012]><Red>" triggered "shot_hit" (weapon "shotgun_soldier")
L 04/28/2026 - 05:40:34: "QuickScout<84><[U:1:900000012]><Red>" triggered "damage" against "SoldierBoy<85><[U:1:900000011]><Blue>" (damage "82") (weapon "shotgun_soldier")
L 04/28/2026 - 05:40:35: "QuickScout<84><[U:1:900000012]><Red>" triggered "shot_fired" (weapon "shotgun_soldier")
L 04/28/2026 - 05:40:35: "SoldierBoy<85><[U:1:900000011]><Blue>" triggered "shot_fired" (weapon "quake_rl")
L 04/28/2026 - 05:40:35: "SoldierBoy<85><[U:1:900000011]><Blue>" triggered "shot_hit" (weapon "quake_rl")
L 04/28/2026 - 05:40:35: "SoldierBoy<85><[U:1:900000011]><Blue>" triggered "damage" against "QuickScout<84><[U:1:900000012]><Red>" (damage "108") (realdamage "65") (weapon "quake_rl")
L 04/28/2026 - 05:40:35: "SoldierBoy<85><[U:1:900000011]><Blue>" killed "QuickScout<84><[U:1:900000012]><Red>" with "quake_rl" (attacker_position "-8512 11630 10697") (victim_position "-8660 11510 10646")
L 04/28/2026 - 05:40:35: "QuickScout<84><[U:1:900000012]><Red>" spawned as "soldier"
L 04/28/2026 - 05:40:37: "SoldierBoy<85><[U:1:900000011]><Blue>" triggered "shot_fired" (weapon "quake_rl")
L 04/28/2026 - 05:40:37: "QuickScout<84><[U:1:900000012]><Red>" triggered "shot_fired" (weapon "quake_rl")
L 04/28/2026 - 05:40:37: "SoldierBoy<85><[U:1:900000011]><Blue>" triggered "shot_hit" (weapon "quake_rl")
L 04/28/2026 - 05:40:37: "SoldierBoy<85><[U:1:900000011]><Blue>" triggered "damage" against "QuickScout<84><[U:1:900000012]><Red>" (damage "99") (weapon "quake_rl") (airshot "1") (height "357")
L 04/28/2026 - 05:40:39: "SoldierBoy<85><[U:1:900000011]><Blue>" triggered "shot_fired" (weapon "quake_rl")
L 04/28/2026 - 05:40:39: "QuickScout<84><[U:1:900000012]><Red>" triggered "shot_fired" (weapon "quake_rl")
L 04/28/2026 - 05:40:39: "SoldierBoy<85><[U:1:900000011]><Blue>" triggered "shot_fired" (weapon "quake_rl")
L 04/28/2026 - 05:40:40: "QuickScout<84><[U:1:900000012]><Red>" triggered "shot_hit" (weapon "quake_rl")
L 04/28/2026 - 05:40:40: "QuickScout<84><[U:1:900000012]><Red>" triggered "damage" against "SoldierBoy<85><[U:1:900000011]><Blue>" (damage "96") (weapon "quake_rl")
L 04/28/2026 - 05:40:40: "QuickScout<84><[U:1:900000012]><Red>" triggered "shot_fired" (weapon "quake_rl")
L 04/28/2026 - 05:40:40: "SoldierBoy<85><[U:1:900000011]><Blue>" triggered "shot_hit" (weapon "quake_rl")
L 04/28/2026 - 05:40:40: "SoldierBoy<85><[U:1:900000011]><Blue>" triggered "damage" against "QuickScout<84><[U:1:900000012]><Red>" (damage "80") (realdamage "31") (weapon "quake_rl")
L 04/28/2026 - 05:40:40: "SoldierBoy<85><[U:1:900000011]><Blue>" killed "QuickScout<84><[U:1:900000012]><Red>" with "quake_rl" (attacker_position "-8561 11595 10794") (victim_position "-8509 11794 10719")
L 04/28/2026 - 05:40:40: "SoldierBoy<85><[U:1:900000011]><Blue>" triggered "domination" against "QuickScout<84><[U:1:900000012]><Red>"
L 04/28/2026 - 05:40:40: "SoldierBoy<85><[U:1:900000011]><Blue>" triggered "shot_fired" (weapon "quake_rl")
L 04/28/2026 - 05:40:40: "QuickScout<84><[U:1:900000012]><Red>" spawned as "soldier"
L 04/28/2026 - 05:40:42: "QuickScout<84><[U:1:900000012]><Red>" triggered "shot_fired" (weapon "quake_rl")
L 04/28/2026 - 05:40:42: "SoldierBoy<85><[U:1:900000011]><Blue>" triggered "shot_fired" (weapon "quake_rl")
L 04/28/2026 - 05:40:42: "QuickScout<84><[U:1:900000012]><Red>" triggered "shot_hit" (weapon "quake_rl")
L 04/28/2026 - 05:40:42: "QuickScout<84><[U:1:900000012]><Red>" triggered "damage" against "SoldierBoy<85><[U:1:900000011]><Blue>" (damage "71") (weapon "quake_rl")
L 04/28/2026 - 05:40:43: "QuickScout<84><[U:1:900000012]><Red>" triggered "shot_hit" (weapon "quake_rl")
L 04/28/2026 - 05:40:43: "QuickScout<84><[U:1:900000012]><Red>" triggered "damage" against "SoldierBoy<85><[U:1:900000011]><Blue>" (damage "106") (weapon "quake_rl") (airshot "1") (height "282")
L 04/28/2026 - 05:40:43: "QuickScout<84><[U:1:900000012]><Red>" triggered "shot_fired" (weapon "quake_rl")
L 04/28/2026 - 05:40:43: "SoldierBoy<85><[U:1:900000011]><Blue>" triggered "shot_fired" (weapon "quake_rl")
L 04/28/2026 - 05:40:44: "SoldierBoy<85><[U:1:900000011]><Blue>" triggered "shot_hit" (weapon "quake_rl")
L 04/28/2026 - 05:40:44: "SoldierBoy<85><[U:1:900000011]><Blue>" triggered "damage" against "QuickScout<84><[U:1:900000012]><Red>" (damage "53") (weapon "quake_rl")
L 04/28/2026 - 05:40:45: "QuickScout<84><[U:1:900000012]><Red>" triggered "shot_fired" (weapon "quake_rl")
L 04/28/2026 - 05:40:45: "QuickScout<84><[U:1:900000012]><Red>" triggered "shot_fired" (weapon "shotgun_soldier")
L 04/28/2026 - 05:40:46: "QuickScout<84><[U:1:900000012]><Red>" triggered "shot_fired" (weapon "shotgun_soldier")
L 04/28/2026 - 05:40:46: "QuickScout<84><[U:1:900000012]><Red>" triggered "shot_hit" (weapon "shotgun_soldier")
L 04/28/2026 - 05:40:46: "QuickScout<84><[U:1:900000012]><Red>" triggered "damage" against "SoldierBoy<85><[U:1:900000011]><Blue>" (damage "86") (realdamage "73") (weapon "shotgun_soldier")
L 04/28/2026 - 05:40:46: "QuickScout<84><[U:1:900000012]><Red>" killed "SoldierBoy<85><[U:1:900000011]><Blue>" with "shotgun_soldier" (attacker_position "-8799 11989 10736") (victim_position "-8781 11845 10801")
L 04/28/2026 - 05:40:46: "QuickScout<84><[U:1:900000012]><Red>" triggered "revenge" against "SoldierBoy<85><[U:1:900000011]><Blue>"
L 04/28/2026 - 05:40:46: "SoldierBoy<85><[U:1:900000011]><Blue>" spawned as "soldier"
L 04/28/2026 - 05:40:48: "SoldierBoy<85><[U:1:900000011]><Blue>" triggered "shot_fired" (weapon "quake_rl")
L 04/28/2026 - 05:40:48: "QuickScout<84><[U:1:900000012]><Red>" triggered "shot_fired" (weapon "quake_rl")
L 04/28/2026 - 05:40:48: "SoldierBoy<85><[U:1:900000011]><Blue>" triggered "shot_hit" (weapon "quake_rl")
L 04/28/2026 - 05:40:48: "SoldierBoy<85><[U:1:900000011]><Blue>" triggered "damage" against "QuickScout<84><[U:1:900000012]><Red>" (damage "62") (weapon "quake_rl")
L 04/28/2026 - 05:40:49: "SoldierBoy<85><[U:1:900000011]><Blue>" triggered "shot_fired" (weapon "quake_rl")
L 04/28/2026 - 05:40:49: "SoldierBoy<85><[U:1:900000011]><Blue>" triggered "shot_hit" (weapon "quake_rl")
L 04/28/2026 - 05:40:49: "SoldierBoy<85><[U:1:900000011]><Blue>" triggered "damage" against "QuickScout<84><[U:1:900000012]><Red>" (damage "67") (weapon "quake_rl")
L 04/28/2026 - 05:40:49: "QuickScout<84><[U:1:900000012]><Red>" triggered "shot_hit" (weapon "quake_rl")
L 04/28/2026 - 05:40:49: "QuickScout<84><[U:1:900000012]><Red>" triggered "damage" against "SoldierBoy<85><[U:1:900000011]><Blue>" (damage "108") (weapon "quake_rl")
L 04/28/2026 - 05:40:49: "QuickScout<84><[U:1:900000012]><Red>" triggered "shot_fired" (weapon "quake_rl")
L 04/28/2026 - 05:40:49: "SoldierBoy<85><[U:1:900000011]><Blue>" triggered "shot_hit" (weapon "quake_rl")
L 04/28/2026 - 05:40:49: "SoldierBoy<85><[U:1:900000011]><Blue>" triggered "damage" against "QuickScout<84><[U:1:900000012]><Red>" (damage "109") (weapon "quake_rl") (airshot "1") (height "232")
L 04/28/2026 - 05:40:49: "SoldierBoy<85><[U:1:900000011]><Blue>" triggered "shot_fired" (weapon "quake_rl")
L 04/28/2026 - 05:40:49: "QuickScout<84><[U:1:900000012]><Red>" triggered "shot_hit" (weapon "quake_rl")
L 04/28/2026 - 05:40:49: "QuickScout<84><[U:1:900000012]><Red>" triggered "damage" against "SoldierBoy<85><[U:1:900000011]><Blue>" (damage "106") (realdamage "99") (weapon "quake_rl") (airshot "1") (height "185")
L 04/28/2026 - 05:40:49: "QuickScout<84><[U:1:900000012]><Red>" killed "SoldierBoy<85><[U:1:900000011]><Blue>" with "quake_rl" (attacker_position "-8890 11996 10994") (victim_position "-8708 11840 10921")
L 04/28/2026 - 05:40:50: "QuickScout<84><[U:1:900000012]><Red>" triggered "shot_fired" (weapon "quake_rl")
L 04/28/2026 - 05:40:50: "SoldierBoy<85><[U:1:900000011]><Blue>" spawned as "soldier"
L 04/28/2026 - 05:40:51: "QuickScout<84><[U:1:900000012]><Red>" triggered "shot_fired" (weapon "quake_rl")
L 04/28/2026 - 05:40:54: "SoldierBoy<85><[U:1:900000011]><Blue>" picked up item "tf_ammo_pack"
L 04/28/2026 - 05:40:54: "QuickScout<84><[U:1:900000012]><Red>" triggered "shot_fired" (weapon "quake_rl")
L 04/28/2026 - 05:40:54: "SoldierBoy<85><[U:1:900000011]><Blue>" triggered "shot_fired" (weapon "quake_rl")
L 04/28/2026 - 05:40:55: "QuickScout<84><[U:1:900000012]><Red>" triggered "shot_fired" (weapon "quake_rl")
L 04/28/2026 - 05:40:55: "QuickScout<84><[U:1:900000012]><Red>" triggered "shot_hit" (weapon "quake_rl")
L 04/28/2026 - 05:40:55: "QuickScout<84><[U:1:900000012]><Red>" triggered "damage" against "SoldierBoy<85><[U:1:900000011]><Blue>" (damage "50") (weapon "quake_rl")
L 04/28/2026 - 05:40:55: "SoldierBoy<85><[U:1:900000011]><Blue>" triggered "shot_fired" (weapon "quake_rl")
L 04/28/2026 - 05:40:55: "SoldierBoy<85><[U:1:900000011]><Blue>" triggered "shot_hit" (weapon "quake_rl")
L 04/28/2026 - 05:40:55: "SoldierBoy<85><[U:1:900000011]><Blue>" triggered "damage" against "QuickScout<84><[U:1:900000012]><Red>" (damage "57") (weapon "quake_rl")
L 04/28/2026 - 05:40:56: "QuickScout<84><[U:1:900000012]><Red>" triggered "shot_fired" (weapon "quake_rl")
L 04/28/2026 - 05:40:56: "QuickScout<84><[U:1:900000012]><Red>" triggered "shot_hit" (weapon "quake_rl")
L 04/28/2026 - 05:40:56: "QuickScout<84><[U:1:900000012]><Red>" triggered "damage" against "SoldierBoy<85><[U:1:900000011]><Blue>" (damage "97") (weapon "quake_rl")
L 04/28/2026 - 05:40:56: "SoldierBoy<85><[U:1:900000011]><Blue>" triggered "shot_fired" (weapon "quake_rl")
L 04/28/2026 - 05:40:56: "SoldierBoy<85><[U:1:900000011]><Blue>" triggered "shot_hit" (weapon "quake_rl")
L 04/28/2026 - 05:40:56: "SoldierBoy<85><[U:1:900000011]><Blue>" triggered "damage" against "QuickScout<84><[U:1:900000012]><Red>" (damage "64") (weapon "quake_rl")
L 04/28/2026 - 05:40:56: "QuickScout<84><[U:1:900000012]><Red>" triggered "shot_fired" (weapon "shotgun_soldier")
L 04/28/2026 - 05:40:56: "QuickScout<84><[U:1:900000012]><Red>" triggered "shot_hit" (weapon "shotgun_soldier")
L 04/28/2026 - 05:40:56: "QuickScout<84><[U:1:900000012]><Red>" triggered "damage" against "SoldierBoy<85><[U:1:900000011]><Blue>" (damage "6") (weapon "shotgun_soldier")
L 04/28/2026 - 05:40:57: "SoldierBoy<85><[U:1:900000011]><Blue>" triggered "shot_fired" (weapon "quake_rl")
L 04/28/2026 - 05:40:57: "SoldierBoy<85><[U:1:900000011]><Blue>" triggered "shot_hit" (weapon "quake_rl")
L 04/28/2026 - 05:40:57: "SoldierBoy<85><[U:1:900000011]><Blue>" triggered "damage" against "QuickScout<84><[U:1:900000012]><Red>" (damage "53") (weapon "quake_rl")
L 04/28/2026 - 05:40:57: "QuickScout<84><[U:1:900000012]><Red>" triggered "shot_fired" (weapon "shotgun_soldier")
L 04/28/2026 - 05:40:57: "QuickScout<84><[U:1:900000012]><Red>" triggered "shot_hit" (weapon "shotgun_soldier")
L 04/28/2026 - 05:40:57: "QuickScout<84><[U:1:900000012]><Red>" triggered "damage" against "SoldierBoy<85><[U:1:900000011]><Blue>" (damage "6") (weapon "shotgun_soldier")
L 04/28/2026 - 05:40:57: "SoldierBoy<85><[U:1:900000011]><Blue>" triggered "shot_fired" (weapon "shotgun_soldier")
L 04/28/2026 - 05:40:58: "QuickScout<84><[U:1:900000012]><Red>" triggered "shot_fired" (weapon "shotgun_soldier")
L 04/28/2026 - 05:40:58: "SoldierBoy<85><[U:1:900000011]><Blue>" triggered "shot_fired" (weapon "shotgun_soldier")
L 04/28/2026 - 05:40:58: "SoldierBoy<85><[U:1:900000011]><Blue>" triggered "shot_hit" (weapon "shotgun_soldier")
L 04/28/2026 - 05:40:58: "SoldierBoy<85><[U:1:900000011]><Blue>" triggered "damage" against "QuickScout<84><[U:1:900000012]><Red>" (damage "48") (realdamage "18") (weapon "shotgun_soldier")
L 04/28/2026 - 05:40:58: World triggered "mge_elo_delta" (player "[U:1:900000011]") (old_elo "2722") (new_elo "2722")
L 04/28/2026 - 05:40:58: World triggered "mge_elo_delta" (player "[U:1:900000012]") (old_elo "2131") (new_elo "2131")
L 04/28/2026 - 05:40:58: "SoldierBoy<85><[U:1:900000011]><Blue>" killed "QuickScout<84><[U:1:900000012]><Red>" with "shotgun_soldier" (attacker_position "-8373 11814 10589") (victim_position "-8705 12012 10736")
L 04/28/2026 - 05:40:58: World triggered "mge_match_end" (winner "[U:1:900000011]") (winner_score "20") (loser_score "9")
