L 04/27/2026 - 23:45:06: World triggered "meta_data" (matchid "26042723450665c5") (map "mge_triumph_beta7_rc1") (arena "Ammomod 1 [1v1 AMOD]") (gamemode "mge") (fraglimit "0")
L 04/27/2026 - 23:45:06: "SpyMask<53><[U:1:900000007]><Red>" changed role to "soldier"
L 04/27/2026 - 23:45:06: "DemoKnight<80><[U:1:900000010]><Blue>" changed role to "demoman"
L 04/27/2026 - 23:45:09: "DemoKnight<80><[U:1:900000010]><Blue>" triggered "damage" against "SpyMask<53><[U:1:900000007]><Red>" (damage "85") (weapon "splendid_screen")
L 04/27/2026 - 23:45:12: "DemoKnight<80><[U:1:900000010]><Blue>" triggered "damage" against "SpyMask<53><[U:1:900000007]><Red>" (damage "65") (weapon "paintrain")
L 04/27/2026 - 23:45:13: "DemoKnight<80><[U:1:900000010]><Blue>" triggered "damage" against "SpyMask<53><[U:1:900000007]><Red>" (damage "65") (weapon "paintrain")
L 04/27/2026 - 23:45:13: "SpyMask<53><[U:1:900000007]><Red>" triggered "shot_fired" (weapon "reserve_shooter")
L 04/27/2026 - 23:45:13: "SpyMask<53><[U:1:900000007]><Red>" triggered "shot_hit" (weapon "reserve_shooter")
L 04/27/2026 - 23:45:13: "SpyMask<53><[U:1:900000007]><Red>" triggered "damage" against "DemoKnight<80><[U:1:900000010]><Blue>" (damage "99") (weapon "reserve_shooter")
L 04/27/2026 - 23:45:14: "SpyMask<53><[U:1:900000007]><Red>" triggered "shot_hit" (weapon "rocketlauncher_directhit")
L 04/27/2026 - 23:45:14: "SpyMask<53><[U:1:900000007]><Red>" triggered "damage" against "DemoKnight<80><[U:1:900000010]><Blue>" (damage "77") (weapon "rocketlauncher_directhit")
L 04/27/2026 - 23:45:14: "SpyMask<53><[U:1:900000007]><Red>" triggered "shot_fired" (weapon "rocketlauncher_directhit")
L 04/27/2026 - 23:45:15: "SpyMask<53><[U:1:900000007]><Red>" triggered "shot_fired" (weapon "reserve_shooter")
L 04/27/2026 - 23:45:15: "SpyMask<53><[U:1:900000007]><Red>" triggered "shot_hit" (weapon "reserve_shooter")
L 04/27/2026 - 23:45:15: "SpyMask<53><[U:1:900000007]><Red>" triggered "damage" against "DemoKnight<80><[U:1:900000010]><Blue>" (damage "108") (weapon "reserve_shooter") (crit "mini")
L 04/27/2026 - 23:45:16: "SpyMask<53><[U:1:900000007]><Red>" triggered "shot_hit" (weapon "rocketlauncher_directhit")
L 04/27/2026 - 23:45:16: "SpyMask<53><[U:1:900000007]><Red>" triggered "damage" against "DemoKnight<80><[U:1:900000010]><Blue>" (damage "108") (weapon "rocketlauncher_directhit")
L 04/27/2026 - 23:45:16: "SpyMask<53><[U:1:900000007]><Red>" triggered "shot_fired" (weapon "rocketlauncher_directhit")
L 04/27/2026 - 23:45:17: "SpyMask<53><[U:1:900000007]><Red>" triggered "shot_fired" (weapon "rocketlauncher_directhit")
L 04/27/2026 - 23:45:17: "SpyMask<53><[U:1:900000007]><Red>" triggered "shot_fired" (weapon "reserve_shooter")
L 04/27/2026 - 23:45:17: "SpyMask<53><[U:1:900000007]><Red>" triggered "shot_hit" (weapon "reserve_shooter")
L 04/27/2026 - 23:45:17: "SpyMask<53><[U:1:900000007]><Red>" triggered "damage" against "DemoKnight<80><[U:1:900000010]><Blue>" (damage "5") (weapon "reserve_shooter")
L 04/27/2026 - 23:45:18: "DemoKnight<80><[U:1:900000010]><Blue>" triggered "damage" against "SpyMask<53><[U:1:900000007]><Red>" (damage "77") (weapon "splendid_screen")
L 04/27/2026 - 23:45:18: "SpyMask<53><[U:1:900000007]><Red>" triggered "shot_hit" (weapon "rocketlauncher_directhit")
L 04/27/2026 - 23:45:18: "SpyMask<53><[U:1:900000007]><Red>" triggered "damage" against "DemoKnight<80><[U:1:900000010]><Blue>" (damage "112") (weapon "rocketlauncher_directhit")
L 04/27/2026 - 23:45:18: "SpyMask<53><[U:1:900000007]><Red>" triggered "shot_fired" (weapon "rocketlauncher_directhit")
L 04/27/2026 - 23:45:18: "DemoKnight<80><[U:1:900000010]><Blue>" triggered "damage" against "SpyMask<53><[U:1:900000007]><Red>" (damage "88") (weapon "paintrain") (crit "mini")
L 04/27/2026 - 23:45:19: "SpyMask<53><[U:1:900000007]><Red>" triggered "shot_fired" (weapon "reserve_shooter")
L 04/27/2026 - 23:45:19: "SpyMask<53><[U:1:900000007]><Red>" triggered "shot_hit" (weapon "reserve_shooter")
L 04/27/2026 - 23:45:19: "SpyMask<53><[U:1:900000007]><Red>" triggered "damage" against "DemoKnight<80><[U:1:900000010]><Blue>" (damage "22") (weapon "reserve_shooter")
L 04/27/2026 - 23:45:20: "SpyMask<53><[U:1:900000007]><Red>" triggered "shot_hit" (weapon "rocketlauncher_directhit")
L 04/27/2026 - 23:45:20: "SpyMask<53><[U:1:900000007]><Red>" triggered "damage" against "DemoKnight<80><[U:1:900000010]><Blue>" (damage "54") (weapon "rocketlauncher_directhit")
L 04/27/2026 - 23:45:20: "SpyMask<53><[U:1:900000007]><Red>" triggered "shot_fired" (weapon "rocketlauncher_directhit")
L 04/27/2026 - 23:45:21: "SpyMask<53><[U:1:900000007]><Red>" triggered "shot_hit" (weapon "rocketlauncher_directhit")
L 04/27/2026 - 23:45:21: "SpyMask<53><[U:1:900000007]><Red>" triggered "damage" against "DemoKnight<80><[U:1:900000010]><Blue>" (damage "112") (weapon "rocketlauncher_directhit")
L 04/27/2026 - 23:45:21: "DemoKnight<80><[U:1:900000010]><Blue>" triggered "damage" against "SpyMask<53><[U:1:900000007]><Red>" (damage "65") (weapon "paintrain")
L 04/27/2026 - 23:45:21: "SpyMask<53><[U:1:900000007]><Red>" triggered "shot_fired" (weapon "rocketlauncher_directhit")
L 04/27/2026 - 23:45:21: "SpyMask<53><[U:1:900000007]><Red>" triggered "shot_fired" (weapon "reserve_shooter")
L 04/27/2026 - 23:45:21: "SpyMask<53><[U:1:900000007]><Red>" triggered "shot_hit" (weapon "reserve_shooter")
L 04/27/2026 - 23:45:21: "SpyMask<53><[U:1:900000007]><Red>" triggered "damage" against "DemoKnight<80><[U:1:900000010]><Blue>" (damage "98") (weapon "reserve_shooter")
L 04/27/2026 - 23:45:22: "DemoKnight<80><[U:1:900000010]><Blue>" triggered "damage" against "SpyMask<53><[U:1:900000007]><Red>" (damage "65") (weapon "paintrain")
L 04/27/2026 - 23:45:22: "SpyMask<53><[U:1:900000007]><Red>" triggered "shot_hit" (weapon "rocketlauncher_directhit")
L 04/27/2026 - 23:45:22: "SpyMask<53><[U:1:900000007]><Red>" triggered "damage" against "DemoKnight<80><[U:1:900000010]><Blue>" (damage "112") (weapon "rocketlauncher_directhit")
L 04/27/2026 - 23:45:22: "SpyMask<53><[U:1:900000007]><Red>" triggered "shot_fired" (weapon "rocketlauncher_directhit")
L 04/27/2026 - 23:45:23: "SpyMask<53><[U:1:900000007]><Red>" triggered "shot_fired" (weapon "reserve_shooter")
L 04/27/2026 - 23:45:24: "SpyMask<53><[U:1:900000007]><Red>" triggered "shot_fired" (weapon "reserve_shooter")
L 04/27/2026 - 23:45:24: "SpyMask<53><[U:1:900000007]><Red>" triggered "shot_hit" (weapon "reserve_shooter")
L 04/27/2026 - 23:45:24: "SpyMask<53><[U:1:900000007]><Red>" triggered "damage" against "DemoKnight<80><[U:1:900000010]><Blue>" (damage "9") (weapon "reserve_shooter")
L 04/27/2026 - 23:45:25: "SpyMask<53><[U:1:900000007]><Red>" triggered "shot_hit" (weapon "rocketlauncher_directhit")
L 04/27/2026 - 23:45:25: "SpyMask<53><[U:1:900000007]><Red>" triggered "damage" against "DemoKnight<80><[U:1:900000010]><Blue>" (damage "59") (weapon "rocketlauncher_directhit")
L 04/27/2026 - 23:45:25: "SpyMask<53><[U:1:900000007]><Red>" triggered "shot_fired" (weapon "rocketlauncher_directhit")
L 04/27/2026 - 23:45:25: "SpyMask<53><[U:1:900000007]><Red>" triggered "shot_fired" (weapon "reserve_shooter")
L 04/27/2026 - 23:45:25: "SpyMask<53><[U:1:900000007]><Red>" triggered "shot_hit" (weapon "reserve_shooter")
L 04/27/2026 - 23:45:25: "SpyMask<53><[U:1:900000007]><Red>" triggered "damage" against "DemoKnight<80><[U:1:900000010]><Blue>" (damage "58") (weapon "reserve_shooter") (crit "mini")
L 04/27/2026 - 23:45:26: "SpyMask<53><[U:1:900000007]><Red>" triggered "shot_fired" (weapon "rocketlauncher_directhit")
L 04/27/2026 - 23:45:27: "DemoKnight<80><[U:1:900000010]><Blue>" triggered "damage" against "SpyMask<53><[U:1:900000007]><Red>" (damage "65") (weapon "paintrain")
L 04/27/2026 - 23:45:27: "SpyMask<53><[U:1:900000007]><Red>" triggered "shot_hit" (weapon "rocketlauncher_directhit")
L 04/27/2026 - 23:45:27: "SpyMask<53><[U:1:900000007]><Red>" triggered "damage" against "DemoKnight<80><[U:1:900000010]><Blue>" (damage "56") (weapon "rocketlauncher_directhit")
L 04/27/2026 - 23:45:27: "SpyMask<53><[U:1:900000007]><Red>" triggered "shot_fired" (weapon "rocketlauncher_directhit")
L 04/27/2026 - 23:45:27: "DemoKnight<80><[U:1:900000010]><Blue>" triggered "damage" against "SpyMask<53><[U:1:900000007]><Red>" (damage "35") (weapon "splendid_screen")
L 04/27/2026 - 23:45:27: "SpyMask<53><[U:1:900000007]><Red>" triggered "shot_fired" (weapon "reserve_shooter")
L 04/27/2026 - 23:45:27: "SpyMask<53><[U:1:900000007]><Red>" triggered "shot_hit" (weapon "reserve_shooter")
L 04/27/2026 - 23:45:27: "SpyMask<53><[U:1:900000007]><Red>" triggered "damage" against "DemoKnight<80><[U:1:900000010]><Blue>" (damage "124") (weapon "reserve_shooter") (crit "mini")
L 04/27/2026 - 23:45:27: World triggered "mge_elo_delta" (player "[U:1:900000007]") (old_elo "1612") (new_elo "1618")
L 04/27/2026 - 23:45:27: World triggered "mge_elo_delta" (player "[U:1:900000010]") (old_elo "1565") (new_elo "1559")
L 04/27/2026 - 23:45:27: "SpyMask<53><[U:1:900000007]><Red>" killed "DemoKnight<80><[U:1:900000010]><Blue>" with "reserve_shooter" (attacker_position "-14728 -6340 111") (victim_position "-14862 -6373 106")
L 04/27/2026 - 23:45:28: World triggered "mge_match_end" (winner "[U:1:900000007]") (winner_score "5") (loser_score "0")
