L 04/28/2026 - 05:33:31: World triggered "meta_data" (matchid "2604280533311745") (map "mge_triumph_beta7_rc1") (arena "Badlands Spire 1 [1v1 MGE]") (gamemode "mge") (fraglimit "0")
L 04/28/2026 - 05:33:31: "QuickScout<84><[U:1:900000012]><Red>" changed role to "soldier"
L 04/28/2026 - 05:33:31: "SoldierBoy<85><[U:1:900000011]><Blue>" changed role to "soldier"
L 04/28/2026 - 05:33:33: "QuickScout<84><[U:1:900000012]><Red>" picked up item "tf_ammo_pack"
L 04/28/2026 - 05:33:50: "SoldierBoy<85><[U:1:900000011]><Blue>" triggered "shot_fired" (weapon "quake_rl")
L 04/28/2026 - 05:33:50: "QuickScout<84><[U:1:900000012]><Red>" triggered "shot_fired" (weapon "quake_rl")
L 04/28/2026 - 05:33:50: "SoldierBoy<85><[U:1:900000011]><Blue>" triggered "shot_hit" (weapon "quake_rl")
L 04/28/2026 - 05:33:50: "SoldierBoy<85><[U:1:900000011]><Blue>" triggered "damage" against "QuickScout<84><[U:1:900000012]><Red>" (damage "56") (weapon "quake_rl")
L 04/28/2026 - 05:33:50: "SoldierBoy<85><[U:1:900000011]><Blue>" triggered "shot_hit" (weapon "quake_rl")
L 04/28/2026 - 05:33:50: "SoldierBoy<85><[U:1:900000011]><Blue>" triggered "damage" against "QuickScout<84><[U:1:900000012]><Red>" (damage "79") (weapon "quake_rl")
L 04/28/2026 - 05:33:50: "SoldierBoy<85><[U:1:900000011]><Blue>" triggered "shot_fired" (weapon "quake_rl")
L 04/28/2026 - 05:33:51: "QuickScout<84><[U:1:900000012]><Red>" triggered "shot_hit" (weapon "quake_rl")
L 04/28/2026 - 05:33:51: "QuickScout<84><[U:1:900000012]><Red>" triggered "damage" against "SoldierBoy<85><[U:1:900000011]><Blue>" (damage "57") (weapon "quake_rl")
L 04/28/2026 - 05:33:51: "QuickScout<84><[U:1:900000012]><Red>" triggered "shot_fired" (weapon "quake_rl")
L 04/28/2026 - 05:33:51: "QuickScout<84><[U:1:900000012]><Red>" triggered "shot_fired" (weapon "quake_rl")
L 04/28/2026 - 05:33:51: "SoldierBoy<85><[U:1:900000011]><Blue>" triggered "shot_fired" (weapon "quake_rl")
L 04/28/2026 - 05:33:51: "SoldierBoy<85><[U:1:900000011]><Blue>" triggered "shot_hit" (weapon "quake_rl")
L 04/28/2026 - 05:33:51: "SoldierBoy<85><[U:1:900000011]><Blue>" triggered "damage" against "QuickScout<84><[U:1:900000012]><Red>" (damage "103") (realdamage "65") (weapon "quake_rl") (airshot "1") (height "359")
L 04/28/2026 - 05:33:51: "SoldierBoy<85><[U:1:900000011]><Blue>" killed "QuickScout<84><[U:1:900000012]><Red>" with "quake_rl" (attacker_position "-8787 11739 10883") (victim_position "-8698 11925 11095")
L 04/28/2026 - 05:33:51: "SoldierBoy<85><[U:1:900000011]><Blue>" triggered "domination" against "QuickScout<84><[U:1:900000012]><Red>"
L 04/28/2026 - 05:33:52: "QuickScout<84><[U:1:900000012]><Red>" spawned as "soldier"
L 04/28/2026 - 05:33:54: "QuickScout<84><[U:1:900000012]><Red>" triggered "shot_fired" (weapon "quake_rl")
L 04/28/2026 - 05:33:54: "SoldierBoy<85><[U:1:900000011]><Blue>" triggered "shot_fired" (weapon "quake_rl")
L 04/28/2026 - 05:33:54: "QuickScout<84><[U:1:900000012]><Red>" triggered "shot_hit" (weapon "quake_rl")
L 04/28/2026 - 05:33:54: "QuickScout<84><[U:1:900000012]><Red>" triggered "damage" against "SoldierBoy<85><[U:1:900000011]><Blue>" (damage "56") (weapon "quake_rl")
L 04/28/2026 - 05:33:55: "QuickScout<84><[U:1:900000012]><Red>" triggered "shot_fired" (weapon "quake_rl")
L 04/28/2026 - 05:33:55: "SoldierBoy<85><[U:1:900000011]><Blue>" triggered "shot_fired" (weapon "quake_rl")
L 04/28/2026 - 05:33:55: "SoldierBoy<85><[U:1:900000011]><Blue>" triggered "shot_hit" (weapon "quake_rl")
L 04/28/2026 - 05:33:55: "SoldierBoy<85><[U:1:900000011]><Blue>" triggered "damage" against "QuickScout<84><[U:1:900000012]><Red>" (damage "83") (weapon "quake_rl")
L 04/28/2026 - 05:33:55: "QuickScout<84><[U:1:900000012]><Red>" triggered "shot_fired" (weapon "quake_rl")
L 04/28/2026 - 05:33:56: "SoldierBoy<85><[U:1:900000011]><Blue>" triggered "shot_fired" (weapon "quake_rl")
L 04/28/2026 - 05:33:56: "QuickScout<84><[U:1:900000012]><Red>" triggered "shot_hit" (weapon "quake_rl")
L 04/28/2026 - 05:33:56: "QuickScout<84><[U:1:900000012]><Red>" triggered "damage" against "SoldierBoy<85><[U:1:900000011]><Blue>" (damage "68") (weapon "quake_rl")
L 04/28/2026 - 05:33:56: "QuickScout<84><[U:1:900000012]><Red>" triggered "shot_fired" (weapon "shotgun_soldier")
L 04/28/2026 - 05:33:57: "QuickScout<84><[U:1:900000012]><Red>" triggered "shot_fired" (weapon "shotgun_soldier")
L 04/28/2026 - 05:33:57: "SoldierBoy<85><[U:1:900000011]><Blue>" triggered "shot_fired" (weapon "shotgun_soldier")
L 04/28/2026 - 05:33:57: "SoldierBoy<85><[U:1:900000011]><Blue>" triggered "shot_hit" (weapon "shotgun_soldier")
L 04/28/2026 - 05:33:57: "SoldierBoy<85><[U:1:900000011]><Blue>" triggered "damage" against "QuickScout<84><[U:1:900000012]><Red>" (damage "59") (weapon "shotgun_soldier")
L 04/28/2026 - 05:33:58: "QuickScout<84><[U:1:900000012]><Red>" triggered "shot_fired" (weapon "shotgun_soldier")
L 04/28/2026 - 05:33:58: "QuickScout<84><[U:1:900000012]><Red>" triggered "shot_hit" (weapon "shotgun_soldier")
L 04/28/2026 - 05:33:58: "QuickScout<84><[U:1:900000012]><Red>" triggered "damage" against "SoldierBoy<85><[U:1:900000011]><Blue>" (damage "29") (weapon "shotgun_soldier")
L 04/28/2026 - 05:33:59: "QuickScout<84><[U:1:900000012]><Red>" triggered "shot_fired" (weapon "shotgun_soldier")
L 04/28/2026 - 05:33:59: "QuickScout<84><[U:1:900000012]><Red>" triggered "shot_hit" (weapon "shotgun_soldier")
L 04/28/2026 - 05:33:59: "QuickScout<84><[U:1:900000012]><Red>" triggered "damage" against "SoldierBoy<85><[U:1:900000011]><Blue>" (damage "8") (weapon "shotgun_soldier")
L 04/28/2026 - 05:33:59: "SoldierBoy<85><[U:1:900000011]><Blue>" triggered "shot_fired" (weapon "shotgun_soldier")
L 04/28/2026 - 05:33:59: "SoldierBoy<85><[U:1:900000011]><Blue>" triggered "shot_hit" (weapon "shotgun_soldier")
L 04/28/2026 - 05:33:59: "SoldierBoy<85><[U:1:900000011]><Blue>" triggered "damage" against "QuickScout<84><[U:1:900000012]><Red>" (damage "56") (weapon "shotgun_soldier")
L 04/28/2026 - 05:33:59: "QuickScout<84><[U:1:900000012]><Red>" triggered "shot_fired" (weapon "shotgun_soldier")
L 04/28/2026 - 05:34:00: "SoldierBoy<85><[U:1:900000011]><Blue>" triggered "shot_fired" (weapon "shotgun_soldier")
L 04/28/2026 - 05:34:00: "SoldierBoy<85><[U:1:900000011]><Blue>" triggered "shot_hit" (weapon "shotgun_soldier")
L 04/28/2026 - 05:34:00: "SoldierBoy<85><[U:1:900000011]><Blue>" triggered "damage" against "QuickScout<84><[U:1:900000012]><Red>" (damage "84") (realdamage "7") (weapon "shotgun_soldier")
L 04/28/2026 - 05:34:00: "SoldierBoy<85><[U:1:900000011]><Blue>" killed "QuickScout<84><[U:1:900000012]><Red>" with "shotgun_soldier" (attacker_position "-8610 11591 10667") (victim_position "-8703 11758 10743")
L 04/28/2026 - 05:34:00: "QuickScout<84><[U:1:900000012]><Red>" spawned as "soldier"
L 04/28/2026 - 05:34:02: "QuickScout<84><[U:1:900000012]><Red>" triggered "shot_fired" (weapon "quake_rl")
L 04/28/2026 - 05:34:02: "QuickScout<84><[U:1:900000012]><Red>" triggered "shot_hit" (weapon "quake_rl")
L 04/28/2026 - 05:34:02: "QuickScout<84><[U:1:900000012]><Red>" triggered "damage" against "SoldierBoy<85><[U:1:900000011]><Blue>" (damage "48") (weapon "quake_rl")
L 04/28/2026 - 05:34:03: "SoldierBoy<85><[U:1:900000011]><Blue>" triggered "shot_fired" (weapon "quake_rl")
L 04/28/2026 - 05:34:03: "QuickScout<84><[U:1:900000012]><Red>" triggered "shot_fired" (weapon "quake_rl")
L 04/28/2026 - 05:34:03: "SoldierBoy<85><[U:1:900000011]><Blue>" triggered "shot_hit" (weapon "quake_rl")
L 04/28/2026 - 05:34:03: "SoldierBoy<85><[U:1:900000011]><Blue>" triggered "damage" against "QuickScout<84><[U:1:900000012]><Red>" (damage "87") (weapon "quake_rl")
L 04/28/2026 - 05:34:03: "QuickScout<84><[U:1:900000012]><Red>" triggered "shot_hit" (weapon "quake_rl")
L 04/28/2026 - 05:34:03: "QuickScout<84><[U:1:900000012]><Red>" triggered "damage" against "SoldierBoy<85><[U:1:900000011]><Blue>" (damage "75") (weapon "quake_rl")
L 04/28/2026 - 05:34:04: "QuickScout<84><[U:1:900000012]><Red>" triggered "shot_fired" (weapon "quake_rl")
L 04/28/2026 - 05:34:04: "SoldierBoy<85><[U:1:900000011]><Blue>" triggered "shot_fired" (weapon "quake_rl")
L 04/28/2026 - 05:34:04: "QuickScout<84><[U:1:900000012]><Red>" triggered "shot_fired" (weapon "shotgun_soldier")
L 04/28/2026 - 05:34:04: "QuickScout<84><[U:1:900000012]><Red>" triggered "shot_hit" (weapon "shotgun_soldier")
L 04/28/2026 - 05:34:04: "QuickScout<84><[U:1:900000012]><Red>" triggered "damage" against "SoldierBoy<85><[U:1:900000011]><Blue>" (damage "61") (weapon "shotgun_soldier")
L 04/28/2026 - 05:34:04: "SoldierBoy<85><[U:1:900000011]><Blue>" triggered "shot_fired" (weapon "quake_rl")
L 04/28/2026 - 05:34:04: "SoldierBoy<85><[U:1:900000011]><Blue>" triggered "shot_hit" (weapon "quake_rl")
L 04/28/2026 - 05:34:04: "SoldierBoy<85><[U:1:900000011]><Blue>" triggered "damage" against "QuickScout<84><[U:1:900000012]><Red>" (damage "89") (weapon "quake_rl")
L 04/28/2026 - 05:34:04: "QuickScout<84><[U:1:900000012]><Red>" triggered "shot_fired" (weapon "shotgun_soldier")
L 04/28/2026 - 05:34:05: "SoldierBoy<85><[U:1:900000011]><Blue>" triggered "shot_fired" (weapon "shotgun_soldier")
L 04/28/2026 - 05:34:05: "SoldierBoy<85><[U:1:900000011]><Blue>" triggered "shot_hit" (weapon "shotgun_soldier")
L 04/28/2026 - 05:34:05: "SoldierBoy<85><[U:1:900000011]><Blue>" triggered "damage" against "QuickScout<84><[U:1:900000012]><Red>" (damage "45") (realdamage "30") (weapon "shotgun_soldier")
L 04/28/2026 - 05:34:05: "SoldierBoy<85><[U:1:900000011]><Blue>" killed "QuickScout<84><[U:1:900000012]><Red>" with "shotgun_soldier" (attacker_position "-8680 11836 10736") (victim_position "-8907 12040 10871")
L 04/28/2026 - 05:34:05: "QuickScout<84><[U:1:900000012]><Red>" spawned as "soldier"
L 04/28/2026 - 05:34:07: "SoldierBoy<85><[U:1:900000011]><Blue>" triggered "shot_fired" (weapon "quake_rl")
L 04/28/2026 - 05:34:07: "QuickScout<84><[U:1:900000012]><Red>" triggered "shot_fired" (weapon "quake_rl")
L 04/28/2026 - 05:34:08: "SoldierBoy<85><[U:1:900000011]><Blue>" triggered "shot_fired" (weapon "quake_rl")
L 04/28/2026 - 05:34:08: "QuickScout<84><[U:1:900000012]><Red>" triggered "shot_fired" (weapon "quake_rl")
L 04/28/2026 - 05:34:09: "SoldierBoy<85><[U:1:900000011]><Blue>" triggered "shot_hit" (weapon "quake_rl")
L 04/28/2026 - 05:34:09: "SoldierBoy<85><[U:1:900000011]><Blue>" triggered "damage" against "QuickScout<84><[U:1:900000012]><Red>" (damage "72") (weapon "quake_rl")
L 04/28/2026 - 05:34:09: "QuickScout<84><[U:1:900000012]><Red>" triggered "shot_hit" (weapon "quake_rl")
L 04/28/2026 - 05:34:09: "QuickScout<84><[U:1:900000012]><Red>" triggered "damage" against "SoldierBoy<85><[U:1:900000011]><Blue>" (damage "90") (weapon "quake_rl")
L 04/28/2026 - 05:34:09: "SoldierBoy<85><[U:1:900000011]><Blue>" triggered "shot_fired" (weapon "quake_rl")
L 04/28/2026 - 05:34:09: "QuickScout<84><[U:1:900000012]><Red>" triggered "shot_fired" (weapon "quake_rl")
L 04/28/2026 - 05:34:09: "QuickScout<84><[U:1:900000012]><Red>" triggered "shot_fired" (weapon "shotgun_soldier")
L 04/28/2026 - 05:34:09: "QuickScout<84><[U:1:900000012]><Red>" triggered "shot_hit" (weapon "shotgun_soldier")
L 04/28/2026 - 05:34:09: "QuickScout<84><[U:1:900000012]><Red>" triggered "damage" against "SoldierBoy<85><[U:1:900000011]><Blue>" (damage "35") (weapon "shotgun_soldier")
L 04/28/2026 - 05:34:09: "SoldierBoy<85><[U:1:900000011]><Blue>" triggered "shot_fired" (weapon "shotgun_soldier")
L 04/28/2026 - 05:34:09: "SoldierBoy<85><[U:1:900000011]><Blue>" triggered "shot_hit" (weapon "shotgun_soldier")
L 04/28/2026 - 05:34:09: "SoldierBoy<85><[U:1:900000011]><Blue>" triggered "damage" against "QuickScout<84><[U:1:900000012]><Red>" (damage "5") (weapon "shotgun_soldier")
L 04/28/2026 - 05:34:10: "QuickScout<84><[U:1:900000012]><Red>" triggered "shot_fired" (weapon "shotgun_soldier")
L 04/28/2026 - 05:34:10: "QuickScout<84><[U:1:900000012]><Red>" triggered "shot_hit" (weapon "shotgun_soldier")
L 04/28/2026 - 05:34:10: "QuickScout<84><[U:1:900000012]><Red>" triggered "damage" against "SoldierBoy<85><[U:1:900000011]><Blue>" (damage "4") (weapon "shotgun_soldier")
L 04/28/2026 - 05:34:10: "SoldierBoy<85><[U:1:900000011]><Blue>" triggered "shot_fired" (weapon "shotgun_soldier")
L 04/28/2026 - 05:34:10: "SoldierBoy<85><[U:1:900000011]><Blue>" triggered "shot_hit" (weapon "shotgun_soldier")
L 04/28/2026 - 05:34:10: "SoldierBoy<85><[U:1:900000011]><Blue>" triggered "damage" against "QuickScout<84><[U:1:900000012]><Red>" (damage "11") (weapon "shotgun_soldier")
L 04/28/2026 - 05:34:12: "SoldierBoy<85><[U:1:900000011]><Blue>" triggered "shot_fired" (weapon "quake_rl")
L 04/28/2026 - 05:34:13: "QuickScout<84><[U:1:900000012]><Red>" triggered "shot_fired" (weapon "quake_rl")
L 04/28/2026 - 05:34:13: "QuickScout<84><[U:1:900000012]><Red>" triggered "shot_hit" (weapon "quake_rl")
L 04/28/2026 - 05:34:13: "QuickScout<84><[U:1:900000012]><Red>" triggered "damage" against "SoldierBoy<85><[U:1:900000011]><Blue>" (damage "57") (weapon "quake_rl")
L 04/28/2026 - 05:34:13: "SoldierBoy<85><[U:1:900000011]><Blue>" triggered "shot_fired" (weapon "shotgun_soldier")
L 04/28/2026 - 05:34:13: "SoldierBoy<85><[U:1:900000011]><Blue>" triggered "shot_hit" (weapon "shotgun_soldier")
L 04/28/2026 - 05:34:13: "SoldierBoy<85><[U:1:900000011]><Blue>" triggered "damage" against "QuickScout<84><[U:1:900000012]><Red>" (damage "16") (weapon "shotgun_soldier")
L 04/28/2026 - 05:34:13: "QuickScout<84><[U:1:900000012]><Red>" triggered "shot_fired" (weapon "shotgun_soldier")
L 04/28/2026 - 05:34:13: "QuickScout<84><[U:1:900000012]><Red>" triggered "shot_hit" (weapon "shotgun_soldier")
L 04/28/2026 - 05:34:13: "QuickScout<84><[U:1:900000012]><Red>" triggered "damage" against "SoldierBoy<85><[U:1:900000011]><Blue>" (damage "8") (weapon "shotgun_soldier")
L 04/28/2026 - 05:34:14: "SoldierBoy<85><[U:1:900000011]><Blue>" triggered "shot_fired" (weapon "shotgun_soldier")
L 04/28/2026 - 05:34:14: "SoldierBoy<85><[U:1:900000011]><Blue>" triggered "shot_hit" (weapon "shotgun_soldier")
L 04/28/2026 - 05:34:14: "SoldierBoy<85><[U:1:900000011]><Blue>" triggered "damage" against "QuickScout<84><[U:1:900000012]><Red>" (damage "17") (weapon "shotgun_soldier")
L 04/28/2026 - 05:34:14: "QuickScout<84><[U:1:900000012]><Red>" triggered "shot_fired" (weapon "shotgun_soldier")
L 04/28/2026 - 05:34:14: "QuickScout<84><[U:1:900000012]><Red>" triggered "shot_hit" (weapon "shotgun_soldier")
L 04/28/2026 - 05:34:14: "QuickScout<84><[U:1:900000012]><Red>" triggered "damage" against "SoldierBoy<85><[U:1:900000011]><Blue>" (damage "8") (weapon "shotgun_soldier")
L 04/28/2026 - 05:34:15: "SoldierBoy<85><[U:1:900000011]><Blue>" triggered "shot_fired" (weapon "shotgun_soldier")
L 04/28/2026 - 05:34:15: "QuickScout<84><[U:1:900000012]><Red>" triggered "shot_fired" (weapon "shotgun_soldier")
L 04/28/2026 - 05:34:15: "SoldierBoy<85><[U:1:900000011]><Blue>" triggered "shot_fired" (weapon "shotgun_soldier")
L 04/28/2026 - 05:34:15: "SoldierBoy<85><[U:1:900000011]><Blue>" triggered "shot_hit" (weapon "shotgun_soldier")
L 04/28/2026 - 05:34:15: "SoldierBoy<85><[U:1:900000011]><Blue>" triggered "damage" against "QuickScout<84><[U:1:900000012]><Red>" (damage "34") (weapon "shotgun_soldier")
L 04/28/2026 - 05:34:15: "QuickScout<84><[U:1:900000012]><Red>" triggered "shot_fired" (weapon "shotgun_soldier")
L 04/28/2026 - 05:34:15: "QuickScout<84><[U:1:900000012]><Red>" triggered "shot_hit" (weapon "shotgun_soldier")
L 04/28/2026 - 05:34:15: "QuickScout<84><[U:1:900000012]><Red>" triggered "damage" against "SoldierBoy<85><[U:1:900000011]><Blue>" (damage "82") (realdamage "10") (weapon "shotgun_soldier")
L 04/28/2026 - 05:34:15: "QuickScout<84><[U:1:900000012]><Red>" killed "SoldierBoy<85><[U:1:900000011]><Blue>" with "shotgun_soldier" (attacker_position "-8308 11923 10451") (victim_position "-8122 11788 10398")
L 04/28/2026 - 05:34:15: "QuickScout<84><[U:1:900000012]><Red>" triggered "revenge" against "SoldierBoy<85><[U:1:900000011]><Blue>"
L 04/28/2026 - 05:34:16: "SoldierBoy<85><[U:1:900000011]><Blue>" spawned as "soldier"
L 04/28/2026 - 05:34:17: "QuickScout<84><[U:1:900000012]><Red>" triggered "shot_hit" (weapon "quake_rl")
L 04/28/2026 - 05:34:17: "QuickScout<84><[U:1:900000012]><Red>" triggered "damage" against "SoldierBoy<85><[U:1:900000011]><Blue>" (damage "112") (weapon "quake_rl") (airshot "1") (height "645")
L 04/28/2026 - 05:34:18: "QuickScout<84><[U:1:900000012]><Red>" triggered "shot_fired" (weapon "quake_rl")
L 04/28/2026 - 05:34:18: "SoldierBoy<85><[U:1:900000011]><Blue>" triggered "shot_fired" (weapon "quake_rl")
L 04/28/2026 - 05:34:20: "QuickScout<84><[U:1:900000012]><Red>" triggered "shot_fired" (weapon "quake_rl")
L 04/28/2026 - 05:34:20: "SoldierBoy<85><[U:1:900000011]><Blue>" triggered "shot_fired" (weapon "quake_rl")
L 04/28/2026 - 05:34:20: "QuickScout<84><[U:1:900000012]><Red>" triggered "shot_fired" (weapon "shotgun_soldier")
L 04/28/2026 - 05:34:21: "SoldierBoy<85><[U:1:900000011]><Blue>" triggered "shot_fired" (weapon "shotgun_soldier")
L 04/28/2026 - 05:34:21: "SoldierBoy<85><[U:1:900000011]><Blue>" triggered "shot_hit" (weapon "shotgun_soldier")
L 04/28/2026 - 05:34:21: "SoldierBoy<85><[U:1:900000011]><Blue>" triggered "damage" against "QuickScout<84><[U:1:900000012]><Red>" (damage "34") (weapon "shotgun_soldier")
L 04/28/2026 - 05:34:21: "QuickScout<84><[U:1:900000012]><Red>" triggered "shot_fired" (weapon "shotgun_soldier")
L 04/28/2026 - 05:34:21: "SoldierBoy<85><[U:1:900000011]><Blue>" triggered "shot_fired" (weapon "shotgun_soldier")
L 04/28/2026 - 05:34:21: "SoldierBoy<85><[U:1:900000011]><Blue>" triggered "shot_hit" (weapon "shotgun_soldier")
L 04/28/2026 - 05:34:21: "SoldierBoy<85><[U:1:900000011]><Blue>" triggered "damage" against "QuickScout<84><[U:1:900000012]><Red>" (damage "59") (weapon "shotgun_soldier")
L 04/28/2026 - 05:34:22: "QuickScout<84><[U:1:900000012]><Red>" triggered "shot_fired" (weapon "shotgun_soldier")
L 04/28/2026 - 05:34:22: "SoldierBoy<85><[U:1:900000011]><Blue>" triggered "shot_fired" (weapon "shotgun_soldier")
L 04/28/2026 - 05:34:22: "SoldierBoy<85><[U:1:900000011]><Blue>" triggered "shot_hit" (weapon "shotgun_soldier")
L 04/28/2026 - 05:34:22: "SoldierBoy<85><[U:1:900000011]><Blue>" triggered "damage" against "QuickScout<84><[U:1:900000012]><Red>" (damage "57") (realdamage "34") (weapon "shotgun_soldier")
L 04/28/2026 - 05:34:22: "SoldierBoy<85><[U:1:900000011]><Blue>" killed "QuickScout<84><[U:1:900000012]><Red>" with "shotgun_soldier" (attacker_position "-8489 11539 10603") (victim_position "-8427 11754 10701")
L 04/28/2026 - 05:34:22: "QuickScout<84><[U:1:900000012]><Red>" spawned as "soldier"
L 04/28/2026 - 05:34:24: "SoldierBoy<85><[U:1:900000011]><Blue>" triggered "shot_fired" (weapon "quake_rl")
L 04/28/2026 - 05:34:24: "QuickScout<84><[U:1:900000012]><Red>" triggered "shot_fired" (weapon "quake_rl")
L 04/28/2026 - 05:34:24: "QuickScout<84><[U:1:900000012]><Red>" triggered "shot_hit" (weapon "quake_rl")
L 04/28/2026 - 05:34:24: "QuickScout<84><[U:1:900000012]><Red>" triggered "damage" against "SoldierBoy<85><[U:1:900000011]><Blue>" (damage "104") (weapon "quake_rl")
L 04/28/2026 - 05:34:25: "QuickScout<84><[U:1:900000012]><Red>" triggered "shot_fired" (weapon "quake_rl")
L 04/28/2026 - 05:34:25: "QuickScout<84><[U:1:900000012]><Red>" triggered "shot_hit" (weapon "quake_rl")
L 04/28/2026 - 05:34:25: "QuickScout<84><[U:1:900000012]><Red>" triggered "damage" against "SoldierBoy<85><[U:1:900000011]><Blue>" (damage "68") (weapon "quake_rl")
L 04/28/2026 - 05:34:25: "SoldierBoy<85><[U:1:900000011]><Blue>" triggered "shot_fired" (weapon "quake_rl")
L 04/28/2026 - 05:34:26: "QuickScout<84><[U:1:900000012]><Red>" triggered "shot_hit" (weapon "quake_rl")
L 04/28/2026 - 05:34:26: "QuickScout<84><[U:1:900000012]><Red>" triggered "damage" against "SoldierBoy<85><[U:1:900000011]><Blue>" (damage "83") (weapon "quake_rl")
L 04/28/2026 - 05:34:26: "QuickScout<84><[U:1:900000012]><Red>" triggered "shot_fired" (weapon "quake_rl")
L 04/28/2026 - 05:34:26: "SoldierBoy<85><[U:1:900000011]><Blue>" triggered "shot_hit" (weapon "quake_rl")
L 04/28/2026 - 05:34:26: "SoldierBoy<85><[U:1:900000011]><Blue>" triggered "damage" against "QuickScout<84><[U:1:900000012]><Red>" (damage "64") (weapon "quake_rl")
L 04/28/2026 - 05:34:26: "SoldierBoy<85><[U:1:900000011]><Blue>" triggered "shot_fired" (weapon "quake_rl")
L 04/28/2026 - 05:34:27: "SoldierBoy<85><[U:1:900000011]><Blue>" triggered "shot_fired" (weapon "shotgun_soldier")
L 04/28/2026 - 05:34:27: "SoldierBoy<85><[U:1:900000011]><Blue>" triggered "shot_hit" (weapon "shotgun_soldier")
L 04/28/2026 - 05:34:27: "SoldierBoy<85><[U:1:900000011]><Blue>" triggered "damage" against "QuickScout<84><[U:1:900000012]><Red>" (damage "65") (weapon "shotgun_soldier")
L 04/28/2026 - 05:34:27: "QuickScout<84><[U:1:900000012]><Red>" triggered "shot_fired" (weapon "shotgun_soldier")
L 04/28/2026 - 05:34:27: "QuickScout<84><[U:1:900000012]><Red>" triggered "shot_hit" (weapon "shotgun_soldier")
L 04/28/2026 - 05:34:27: "QuickScout<84><[U:1:900000012]><Red>" triggered "damage" against "SoldierBoy<85><[U:1:900000011]><Blue>" (damage "68") (realdamage "30") (weapon "shotgun_soldier")
L 04/28/2026 - 05:34:27: "QuickScout<84><[U:1:900000012]><Red>" killed "SoldierBoy<85><[U:1:900000011]><Blue>" with "shotgun_soldier" (attacker_position "-8720 11665 11168") (victim_position "-8472 11490 11056")
L 04/28/2026 - 05:34:27: "SoldierBoy<85><[U:1:900000011]><Blue>" spawned as "soldier"
L 04/28/2026 - 05:34:29: "QuickScout<84><[U:1:900000012]><Red>" triggered "shot_fired" (weapon "quake_rl")
L 04/28/2026 - 05:34:29: "SoldierBoy<85><[U:1:900000011]><Blue>" triggered "shot_fired" (weapon "quake_rl")
L 04/28/2026 - 05:34:29: "SoldierBoy<85><[U:1:900000011]><Blue>" triggered "shot_hit" (weapon "quake_rl")
L 04/28/2026 - 05:34:29: "SoldierBoy<85><[U:1:900000011]><Blue>" triggered "damage" against "QuickScout<84><[U:1:900000012]><Red>" (damage "57") (weapon "quake_rl")
L 04/28/2026 - 05:34:30: "QuickScout<84><[U:1:900000012]><Red>" triggered "shot_fired" (weapon "quake_rl")
L 04/28/2026 - 05:34:30: "QuickScout<84><[U:1:900000012]><Red>" triggered "shot_fired" (weapon "quake_rl")
L 04/28/2026 - 05:34:31: "SoldierBoy<85><[U:1:900000011]><Blue>" triggered "shot_fired" (weapon "quake_rl")
L 04/28/2026 - 05:34:31: "SoldierBoy<85><[U:1:900000011]><Blue>" triggered "shot_hit" (weapon "quake_rl")
L 04/28/2026 - 05:34:31: "SoldierBoy<85><[U:1:900000011]><Blue>" triggered "damage" against "QuickScout<84><[U:1:900000012]><Red>" (damage "97") (weapon "quake_rl")
L 04/28/2026 - 05:34:31: "QuickScout<84><[U:1:900000012]><Red>" triggered "shot_fired" (weapon "quake_rl")
L 04/28/2026 - 05:34:31: "SoldierBoy<85><[U:1:900000011]><Blue>" triggered "shot_fired" (weapon "quake_rl")
L 04/28/2026 - 05:34:32: "QuickScout<84><[U:1:900000012]><Red>" triggered "shot_fired" (weapon "shotgun_soldier")
L 04/28/2026 - 05:34:33: "QuickScout<84><[U:1:900000012]><Red>" committed suicide with "quake_rl" (attacker_position "-8372 11498 10394")
L 04/28/2026 - 05:34:33: "QuickScout<84><[U:1:900000012]><Red>" spawned as "soldier"
L 04/28/2026 - 05:34:36: "QuickScout<84><[U:1:900000012]><Red>" triggered "shot_fired" (weapon "quake_rl")
L 04/28/2026 - 05:34:36: "QuickScout<84><[U:1:900000012]><Red>" triggered "shot_hit" (weapon "quake_rl")
L 04/28/2026 - 05:34:36: "QuickScout<84><[U:1:900000012]><Red>" triggered "damage" against "SoldierBoy<85><[U:1:900000011]><Blue>" (damage "59") (weapon "quake_rl")
L 04/28/2026 - 05:34:36: "SoldierBoy<85><[U:1:900000011]><Blue>" triggered "shot_fired" (weapon "quake_rl")
L 04/28/2026 - 05:34:36: "SoldierBoy<85><[U:1:900000011]><Blue>" triggered "shot_hit" (weapon "quake_rl")
L 04/28/2026 - 05:34:36: "SoldierBoy<85><[U:1:900000011]><Blue>" triggered "damage" against "QuickScout<84><[U:1:900000012]><Red>" (damage "71") (weapon "quake_rl")
L 04/28/2026 - 05:34:37: "QuickScout<84><[U:1:900000012]><Red>" triggered "shot_fired" (weapon "quake_rl")
L 04/28/2026 - 05:34:37: "SoldierBoy<85><[U:1:900000011]><Blue>" triggered "shot_fired" (weapon "quake_rl")
L 04/28/2026 - 05:34:37: "SoldierBoy<85><[U:1:900000011]><Blue>" triggered "shot_hit" (weapon "quake_rl")
L 04/28/2026 - 05:34:37: "SoldierBoy<85><[U:1:900000011]><Blue>" triggered "damage" against "QuickScout<84><[U:1:900000012]><Red>" (damage "60") (weapon "quake_rl")
L 04/28/2026 - 05:34:38: "SoldierBoy<85><[U:1:900000011]><Blue>" triggered "shot_fired" (weapon "quake_rl")
L 04/28/2026 - 05:34:38: "QuickScout<84><[U:1:900000012]><Red>" triggered "shot_hit" (weapon "quake_rl")
L 04/28/2026 - 05:34:38: "QuickScout<84><[U:1:900000012]><Red>" triggered "damage" against "SoldierBoy<85><[U:1:900000011]><Blue>" (damage "108") (weapon "quake_rl")
L 04/28/2026 - 05:34:38: "SoldierBoy<85><[U:1:900000011]><Blue>" triggered "shot_fired" (weapon "shotgun_soldier")
L 04/28/2026 - 05:34:38: "SoldierBoy<85><[U:1:900000011]><Blue>" triggered "shot_hit" (weapon "shotgun_soldier")
L 04/28/2026 - 05:34:38: "SoldierBoy<85><[U:1:900000011]><Blue>" triggered "damage" against "QuickScout<84><[U:1:900000012]><Red>" (damage "16") (weapon "shotgun_soldier")
L 04/28/2026 - 05:34:39: "QuickScout<84><[U:1:900000012]><Red>" triggered "shot_fired" (weapon "quake_rl")
L 04/28/2026 - 05:34:39: "SoldierBoy<85><[U:1:900000011]><Blue>" triggered "shot_fired" (weapon "shotgun_soldier")
L 04/28/2026 - 05:34:39: "SoldierBoy<85><[U:1:900000011]><Blue>" triggered "shot_hit" (weapon "shotgun_soldier")
L 04/28/2026 - 05:34:39: "SoldierBoy<85><[U:1:900000011]><Blue>" triggered "damage" against "QuickScout<84><[U:1:900000012]><Red>" (damage "32") (weapon "shotgun_soldier")
L 04/28/2026 - 05:34:39: "QuickScout<84><[U:1:900000012]><Red>" triggered "shot_fired" (weapon "quake_rl")
L 04/28/2026 - 05:34:40: "SoldierBoy<85><[U:1:900000011]><Blue>" triggered "shot_fired" (weapon "shotgun_soldier")
L 04/28/2026 - 05:34:40: "SoldierBoy<85><[U:1:900000011]><Blue>" triggered "shot_hit" (weapon "shotgun_soldier")
L 04/28/2026 - 05:34:40: "SoldierBoy<85><[U:1:900000011]><Blue>" triggered "damage" against "QuickScout<84><[U:1:900000012]><Red>" (damage "58") (realdamage "27") (weapon "shotgun_soldier")
L 04/28/2026 - 05:34:40: "SoldierBoy<85><[U:1:900000011]><Blue>" killed "QuickScout<84><[U:1:900000012]><Red>" with "shotgun_soldier" (attacker_position "-8372 11420 10630") (victim_position "-8372 11787 10590")
L 04/28/2026 - 05:34:40: "QuickScout<84><[U:1:900000012]><Red>" spawned as "soldier"
L 04/28/2026 - 05:34:43: "SoldierBoy<85><[U:1:900000011]><Blue>" triggered "shot_fired" (weapon "quake_rl")
L 04/28/2026 - 05:34:43: "QuickScout<84><[U:1:900000012]><Red>" triggered "shot_fired" (weapon "quake_rl")
L 04/28/2026 - 05:34:43: "SoldierBoy<85><[U:1:900000011]><Blue>" triggered "shot_hit" (weapon "quake_rl")
L 04/28/2026 - 05:34:43: "SoldierBoy<85><[U:1:900000011]><Blue>" triggered "damage" against "QuickScout<84><[U:1:900000012]><Red>" (damage "60") (weapon "quake_rl")
L 04/28/2026 - 05:34:44: "QuickScout<84><[U:1:900000012]><Red>" triggered "shot_fired" (weapon "quake_rl")
L 04/28/2026 - 05:34:44: "QuickScout<84><[U:1:900000012]><Red>" triggered "shot_hit" (weapon "quake_rl")
L 04/28/2026 - 05:34:44: "QuickScout<84><[U:1:900000012]><Red>" triggered "damage" against "SoldierBoy<85><[U:1:900000011]><Blue>" (damage "51") (weapon "quake_rl")
L 04/28/2026 - 05:34:44: "SoldierBoy<85><[U:1:900000011]><Blue>" triggered "shot_fired" (weapon "quake_rl")
L 04/28/2026 - 05:34:45: "QuickScout<84><[U:1:900000012]><Red>" triggered "shot_fired" (weapon "quake_rl")
L 04/28/2026 - 05:34:45: "SoldierBoy<85><[U:1:900000011]><Blue>" triggered "shot_hit" (weapon "quake_rl")
L 04/28/2026 - 05:34:45: "SoldierBoy<85><[U:1:900000011]><Blue>" triggered "damage" against "QuickScout<84><[U:1:900000012]><Red>" (damage "65") (weapon "quake_rl")
L 04/28/2026 - 05:34:45: "SoldierBoy<85><[U:1:900000011]><Blue>" triggered "shot_fired" (weapon "quake_rl")
L 04/28/2026 - 05:34:45: "QuickScout<84><[U:1:900000012]><Red>" triggered "shot_fired" (weapon "quake_rl")
L 04/28/2026 - 05:34:48: "SoldierBoy<85><[U:1:900000011]><Blue>" triggered "shot_fired" (weapon "quake_rl")
L 04/28/2026 - 05:34:48: "SoldierBoy<85><[U:1:900000011]><Blue>" triggered "shot_hit" (weapon "quake_rl")
L 04/28/2026 - 05:34:48: "SoldierBoy<85><[U:1:900000011]><Blue>" triggered "damage" against "QuickScout<84><[U:1:900000012]><Red>" (damage "59") (weapon "quake_rl")
L 04/28/2026 - 05:34:48: "QuickScout<84><[U:1:900000012]><Red>" picked up item "tf_ammo_pack"
L 04/28/2026 - 05:34:48: "QuickScout<84><[U:1:900000012]><Red>" triggered "shot_fired" (weapon "shotgun_soldier")
L 04/28/2026 - 05:34:48: "SoldierBoy<85><[U:1:900000011]><Blue>" triggered "shot_fired" (weapon "shotgun_soldier")
L 04/28/2026 - 05:34:48: "SoldierBoy<85><[U:1:900000011]><Blue>" triggered "shot_hit" (weapon "shotgun_soldier")
L 04/28/2026 - 05:34:48: "SoldierBoy<85><[U:1:900000011]><Blue>" triggered "damage" against "QuickScout<84><[U:1:900000012]><Red>" (damage "53") (realdamage "25") (weapon "shotgun_soldier")
L 04/28/2026 - 05:34:48: "SoldierBoy<85><[U:1:900000011]><Blue>" killed "QuickScout<84><[U:1:900000012]><Red>" with "shotgun_soldier" (attacker_position "-8592 11789 10767") (victim_position "-8349 11669 10591")
L 04/28/2026 - 05:34:48: "QuickScout<84><[U:1:900000012]><Red>" spawned as "soldier"
L 04/28/2026 - 05:34:51: "QuickScout<84><[U:1:900000012]><Red>" triggered "shot_fired" (weapon "quake_rl")
L 04/28/2026 - 05:34:51: "SoldierBoy<85><[U:1:900000011]><Blue>" triggered "shot_fired" (weapon "quake_rl")
L 04/28/2026 - 05:34:51: "QuickScout<84><[U:1:900000012]><Red>" triggered "shot_hit" (weapon "quake_rl")
L 04/28/2026 - 05:34:51: "QuickScout<84><[U:1:900000012]><Red>" triggered "damage" against "SoldierBoy<85><[U:1:900000011]><Blue>" (damage "48") (weapon "quake_rl")
L 04/28/2026 - 05:34:52: "SoldierBoy<85><[U:1:900000011]><Blue>" triggered "shot_fired" (weapon "quake_rl")
L 04/28/2026 - 05:34:52: "SoldierBoy<85><[U:1:900000011]><Blue>" triggered "shot_hit" (weapon "quake_rl")
L 04/28/2026 - 05:34:52: "SoldierBoy<85><[U:1:900000011]><Blue>" triggered "damage" against "QuickScout<84><[U:1:900000012]><Red>" (damage "112") (weapon "quake_rl")
L 04/28/2026 - 05:34:52: "QuickScout<84><[U:1:900000012]><Red>" triggered "shot_hit" (weapon "quake_rl")
L 04/28/2026 - 05:34:52: "QuickScout<84><[U:1:900000012]><Red>" triggered "damage" against "SoldierBoy<85><[U:1:900000011]><Blue>" (damage "72") (weapon "quake_rl")
L 04/28/2026 - 05:34:52: "SoldierBoy<85><[U:1:900000011]><Blue>" triggered "shot_fired" (weapon "quake_rl")
L 04/28/2026 - 05:34:52: "QuickScout<84><[U:1:900000012]><Red>" triggered "shot_fired" (weapon "quake_rl")
L 04/28/2026 - 05:34:53: "QuickScout<84><[U:1:900000012]><Red>" triggered "shot_fired" (weapon "quake_rl")
L 04/28/2026 - 05:34:53: "SoldierBoy<85><[U:1:900000011]><Blue>" triggered "shot_fired" (weapon "quake_rl")
L 04/28/2026 - 05:34:54: "QuickScout<84><[U:1:900000012]><Red>" triggered "shot_fired" (weapon "shotgun_soldier")
L 04/28/2026 - 05:34:54: "QuickScout<84><[U:1:900000012]><Red>" triggered "shot_hit" (weapon "shotgun_soldier")
L 04/28/2026 - 05:34:54: "QuickScout<84><[U:1:900000012]><Red>" triggered "damage" against "SoldierBoy<85><[U:1:900000011]><Blue>" (damage "51") (weapon "shotgun_soldier")
L 04/28/2026 - 05:34:54: "SoldierBoy<85><[U:1:900000011]><Blue>" triggered "shot_fired" (weapon "shotgun_soldier")
L 04/28/2026 - 05:34:54: "SoldierBoy<85><[U:1:900000011]><Blue>" triggered "shot_hit" (weapon "shotgun_soldier")
L 04/28/2026 - 05:34:54: "SoldierBoy<85><[U:1:900000011]><Blue>" triggered "damage" against "QuickScout<84><[U:1:900000012]><Red>" (damage "36") (weapon "shotgun_soldier")
L 04/28/2026 - 05:34:54: "QuickScout<84><[U:1:900000012]><Red>" triggered "shot_fired" (weapon "shotgun_soldier")
L 04/28/2026 - 05:34:54: "QuickScout<84><[U:1:900000012]><Red>" triggered "shot_hit" (weapon "shotgun_soldier")
L 04/28/2026 - 05:34:54: "QuickScout<84><[U:1:900000012]><Red>" triggered "damage" against "SoldierBoy<85><[U:1:900000011]><Blue>" (damage "10") (weapon "shotgun_soldier")
L 04/28/2026 - 05:34:54: "SoldierBoy<85><[U:1:900000011]><Blue>" triggered "shot_fired" (weapon "shotgun_soldier")
L 04/28/2026 - 05:34:54: "SoldierBoy<85><[U:1:900000011]><Blue>" triggered "shot_hit" (weapon "shotgun_soldier")
L 04/28/2026 - 05:34:54: "SoldierBoy<85><[U:1:900000011]><Blue>" triggered "damage" against "QuickScout<84><[U:1:900000012]><Red>" (damage "4") (weapon "shotgun_soldier")
L 04/28/2026 - 05:34:55: "QuickScout<84><[U:1:900000012]><Red>" triggered "shot_fired" (weapon "shotgun_soldier")
L 04/28/2026 - 05:34:55: "QuickScout<84><[U:1:900000012]><Red>" triggered "shot_hit" (weapon "shotgun_soldier")
L 04/28/2026 - 05:34:55: "QuickScout<84><[U:1:900000012]><Red>" triggered "damage" against "SoldierBoy<85><[U:1:900000011]><Blue>" (damage "5") (weapon "shotgun_soldier")
L 04/28/2026 - 05:34:55: "SoldierBoy<85><[U:1:900000011]><Blue>" triggered "shot_fired" (weapon "shotgun_soldier")
L 04/28/2026 - 05:34:55: "SoldierBoy<85><[U:1:900000011]><Blue>" triggered "shot_hit" (weapon "shotgun_soldier")
L 04/28/2026 - 05:34:55: "SoldierBoy<85><[U:1:900000011]><Blue>" triggered "damage" against "QuickScout<84><[U:1:900000012]><Red>" (damage "80") (realdamage "14") (weapon "shotgun_soldier")
L 04/28/2026 - 05:34:55: "SoldierBoy<85><[U:1:900000011]><Blue>" killed "QuickScout<84><[U:1:900000012]><Red>" with "shotgun_soldier" (attacker_position "-8654 11679 10908") (victim_position "-8698 11877 10736")
L 04/28/2026 - 05:34:56: "QuickScout<84><[U:1:900000012]><Red>" spawned as "soldier"
L 04/28/2026 - 05:34:58: "QuickScout<84><[U:1:900000012]><Red>" triggered "shot_fired" (weapon "quake_rl")
L 04/28/2026 - 05:34:58: "QuickScout<84><[U:1:900000012]><Red>" triggered "shot_hit" (weapon "quake_rl")
L 04/28/2026 - 05:34:58: "QuickScout<84><[U:1:900000012]><Red>" triggered "damage" against "SoldierBoy<85><[U:1:900000011]><Blue>" (damage "74") (weapon "quake_rl")
L 04/28/2026 - 05:34:58: "SoldierBoy<85><[U:1:900000011]><Blue>" triggered "shot_fired" (weapon "quake_rl")
L 04/28/2026 - 05:34:58: "SoldierBoy<85><[U:1:900000011]><Blue>" triggered "shot_hit" (weapon "quake_rl")
L 04/28/2026 - 05:34:58: "SoldierBoy<85><[U:1:900000011]><Blue>" triggered "damage" against "QuickScout<84><[U:1:900000012]><Red>" (damage "73") (weapon "quake_rl")
L 04/28/2026 - 05:34:59: "QuickScout<84><[U:1:900000012]><Red>" triggered "shot_fired" (weapon "quake_rl")
L 04/28/2026 - 05:34:59: "SoldierBoy<85><[U:1:900000011]><Blue>" triggered "shot_fired" (weapon "quake_rl")
L 04/28/2026 - 05:34:59: "SoldierBoy<85><[U:1:900000011]><Blue>" triggered "shot_hit" (weapon "quake_rl")
L 04/28/2026 - 05:34:59: "SoldierBoy<85><[U:1:900000011]><Blue>" triggered "damage" against "QuickScout<84><[U:1:900000012]><Red>" (damage "89") (weapon "quake_rl")
L 04/28/2026 - 05:35:00: "QuickScout<84><[U:1:900000012]><Red>" triggered "shot_fired" (weapon "shotgun_soldier")
L 04/28/2026 - 05:35:00: "SoldierBoy<85><[U:1:900000011]><Blue>" triggered "shot_fired" (weapon "shotgun_soldier")
L 04/28/2026 - 05:35:00: "SoldierBoy<85><[U:1:900000011]><Blue>" triggered "shot_hit" (weapon "shotgun_soldier")
L 04/28/2026 - 05:35:00: "SoldierBoy<85><[U:1:900000011]><Blue>" triggered "damage" against "QuickScout<84><[U:1:900000012]><Red>" (damage "84") (realdamage "70") (weapon "shotgun_soldier")
L 04/28/2026 - 05:35:00: "SoldierBoy<85><[U:1:900000011]><Blue>" killed "QuickScout<84><[U:1:900000012]><Red>" with "shotgun_soldier" (attacker_position "-8605 11719 10738") (victim_position "-8708 11593 10853")
L 04/28/2026 - 05:35:00: "SoldierBoy<85><[U:1:900000011]><Blue>" triggered "domination" against "QuickScout<84><[U:1:900000012]><Red>"
L 04/28/2026 - 05:35:00: "QuickScout<84><[U:1:900000012]><Red>" spawned as "soldier"
L 04/28/2026 - 05:35:02: "QuickScout<84><[U:1:900000012]><Red>" triggered "shot_fired" (weapon "quake_rl")
L 04/28/2026 - 05:35:02: "QuickScout<84><[U:1:900000012]><Red>" triggered "shot_hit" (weapon "quake_rl")
L 04/28/2026 - 05:35:02: "QuickScout<84><[U:1:900000012]><Red>" triggered "damage" against "SoldierBoy<85><[U:1:900000011]><Blue>" (damage "57") (weapon "quake_rl")
L 04/28/2026 - 05:35:02: "SoldierBoy<85><[U:1:900000011]><Blue>" triggered "shot_fired" (weapon "quake_rl")
L 04/28/2026 - 05:35:03: "QuickScout<84><[U:1:900000012]><Red>" triggered "shot_fired" (weapon "quake_rl")
L 04/28/2026 - 05:35:03: "QuickScout<84><[U:1:900000012]><Red>" triggered "shot_hit" (weapon "quake_rl")
L 04/28/2026 - 05:35:03: "QuickScout<84><[U:1:900000012]><Red>" triggered "damage" against "SoldierBoy<85><[U:1:900000011]><Blue>" (damage "57") (weapon "quake_rl")
L 04/28/2026 - 05:35:03: "SoldierBoy<85><[U:1:900000011]><Blue>" triggered "shot_hit" (weapon "quake_rl")
L 04/28/2026 - 05:35:03: "SoldierBoy<85><[U:1:900000011]><Blue>" triggered "damage" against "QuickScout<84><[U:1:900000012]><Red>" (damage "57") (weapon "quake_rl")
L 04/28/2026 - 05:35:03: "SoldierBoy<85><[U:1:900000011]><Blue>" triggered "shot_fired" (weapon "quake_rl")
L 04/28/2026 - 05:35:04: "QuickScout<84><[U:1:900000012]><Red>" triggered "shot_fired" (weapon "quake_rl")
L 04/28/2026 - 05:35:08: "SoldierBoy<85><[U:1:900000011]><Blue>" triggered "shot_hit" (weapon "quake_rl")
L 04/28/2026 - 05:35:08: "SoldierBoy<85><[U:1:900000011]><Blue>" triggered "damage" against "QuickScout<84><[U:1:900000012]><Red>" (damage "110") (realdamage "95") (weapon "quake_rl") (airshot "1") (height "272")
L 04/28/2026 - 05:35:08: "SoldierBoy<85><[U:1:900000011]><Blue>" killed "QuickScout<84><[U:1:900000012]><Red>" with "quake_rl" (attacker_position "-8732 11975 10736") (victim_position "-8606 11938 10761")
L 04/28/2026 - 05:35:08: "QuickScout<84><[U:1:900000012]><Red>" triggered "shot_hit" (weapon "quake_rl")
L 04/28/2026 - 05:35:08: "QuickScout<84><[U:1:900000012]><Red>" triggered "damage" against "SoldierBoy<85><[U:1:900000011]><Blue>" (damage "87") (weapon "quake_rl")
L 04/28/2026 - 05:35:08: "SoldierBoy<85><[U:1:900000011]><Blue>" triggered "shot_fired" (weapon "quake_rl")
L 04/28/2026 - 05:35:08: "QuickScout<84><[U:1:900000012]><Red>" triggered "shot_fired" (weapon "quake_rl")
L 04/28/2026 - 05:35:08: "QuickScout<84><[U:1:900000012]><Red>" spawned as "soldier"
L 04/28/2026 - 05:35:13: "QuickScout<84><[U:1:900000012]><Red>" triggered "shot_hit" (weapon "quake_rl")
L 04/28/2026 - 05:35:13: "QuickScout<84><[U:1:900000012]><Red>" triggered "damage" against "SoldierBoy<85><[U:1:900000011]><Blue>" (damage "111") (weapon "quake_rl")
L 04/28/2026 - 05:35:13: "QuickScout<84><[U:1:900000012]><Red>" triggered "shot_fired" (weapon "quake_rl")
L 04/28/2026 - 05:35:13: "SoldierBoy<85><[U:1:900000011]><Blue>" triggered "shot_fired" (weapon "quake_rl")
L 04/28/2026 - 05:35:14: "QuickScout<84><[U:1:900000012]><Red>" triggered "shot_fired" (weapon "quake_rl")
L 04/28/2026 - 05:35:15: "SoldierBoy<85><[U:1:900000011]><Blue>" triggered "shot_fired" (weapon "quake_rl")
L 04/28/2026 - 05:35:16: "SoldierBoy<85><[U:1:900000011]><Blue>" triggered "shot_fired" (weapon "quake_rl")
L 04/28/2026 - 05:35:17: "QuickScout<84><[U:1:900000012]><Red>" triggered "shot_fired" (weapon "quake_rl")
L 04/28/2026 - 05:35:17: "SoldierBoy<85><[U:1:900000011]><Blue>" triggered "shot_fired" (weapon "shotgun_soldier")
L 04/28/2026 - 05:35:17: "SoldierBoy<85><[U:1:900000011]><Blue>" triggered "shot_hit" (weapon "shotgun_soldier")
L 04/28/2026 - 05:35:17: "SoldierBoy<85><[U:1:900000011]><Blue>" triggered "damage" against "QuickScout<84><[U:1:900000012]><Red>" (damage "50") (realdamage "48") (weapon "shotgun_soldier")
L 04/28/2026 - 05:35:17: "SoldierBoy<85><[U:1:900000011]><Blue>" killed "QuickScout<84><[U:1:900000012]><Red>" with "shotgun_soldier" (attacker_position "-8456 11826 10650") (victim_position "-8708 11974 11036")
L 04/28/2026 - 05:35:17: "QuickScout<84><[U:1:900000012]><Red>" spawned as "soldier"
L 04/28/2026 - 05:35:19: "SoldierBoy<85><[U:1:900000011]><Blue>" triggered "shot_hit" (weapon "quake_rl")
L 04/28/2026 - 05:35:19: "SoldierBoy<85><[U:1:900000011]><Blue>" triggered "damage" against "QuickScout<84><[U:1:900000012]><Red>" (damage "107") (weapon "quake_rl") (airshot "1") (height "219")
L 04/28/2026 - 05:35:19: "SoldierBoy<85><[U:1:900000011]><Blue>" triggered "shot_fired" (weapon "quake_rl")
L 04/28/2026 - 05:35:19: "QuickScout<84><[U:1:900000012]><Red>" triggered "shot_fired" (weapon "quake_rl")
L 04/28/2026 - 05:35:19: "QuickScout<84><[U:1:900000012]><Red>" triggered "shot_hit" (weapon "quake_rl")
L 04/28/2026 - 05:35:19: "QuickScout<84><[U:1:900000012]><Red>" triggered "damage" against "SoldierBoy<85><[U:1:900000011]><Blue>" (damage "55") (weapon "quake_rl")
L 04/28/2026 - 05:35:20: "SoldierBoy<85><[U:1:900000011]><Blue>" triggered "shot_fired" (weapon "quake_rl")
L 04/28/2026 - 05:35:21: "SoldierBoy<85><[U:1:900000011]><Blue>" triggered "shot_fired" (weapon "quake_rl")
L 04/28/2026 - 05:35:22: "QuickScout<84><[U:1:900000012]><Red>" triggered "damage" against "SoldierBoy<85><[U:1:900000011]><Blue>" (damage "65") (weapon "market_gardener")
L 04/28/2026 - 05:35:22: "SoldierBoy<85><[U:1:900000011]><Blue>" triggered "shot_fired" (weapon "shotgun_soldier")
L 04/28/2026 - 05:35:22: "SoldierBoy<85><[U:1:900000011]><Blue>" triggered "shot_hit" (weapon "shotgun_soldier")
L 04/28/2026 - 05:35:22: "SoldierBoy<85><[U:1:900000011]><Blue>" triggered "damage" against "QuickScout<84><[U:1:900000012]><Red>" (damage "86") (weapon "shotgun_soldier")
L 04/28/2026 - 05:35:23: "QuickScout<84><[U:1:900000012]><Red>" triggered "shot_fired" (weapon "quake_rl")
L 04/28/2026 - 05:35:23: "QuickScout<84><[U:1:900000012]><Red>" triggered "shot_hit" (weapon "quake_rl")
L 04/28/2026 - 05:35:23: "QuickScout<84><[U:1:900000012]><Red>" triggered "damage" against "SoldierBoy<85><[U:1:900000011]><Blue>" (damage "103") (weapon "quake_rl")
L 04/28/2026 - 05:35:23: "SoldierBoy<85><[U:1:900000011]><Blue>" triggered "shot_fired" (weapon "quake_rl")
L 04/28/2026 - 05:35:23: "QuickScout<84><[U:1:900000012]><Red>" triggered "shot_fired" (weapon "quake_rl")
L 04/28/2026 - 05:35:23: "QuickScout<84><[U:1:900000012]><Red>" triggered "shot_hit" (weapon "quake_rl")
L 04/28/2026 - 05:35:23: "QuickScout<84><[U:1:900000012]><Red>" triggered "damage" against "SoldierBoy<85><[U:1:900000011]><Blue>" (damage "55") (realdamage "45") (weapon "quake_rl")
L 04/28/2026 - 05:35:23: "QuickScout<84><[U:1:900000012]><Red>" killed "SoldierBoy<85><[U:1:900000011]><Blue>" with "quake_rl" (attacker_position "-8438 11637 10669") (victim_position "-8516 11563 10750")
L 04/28/2026 - 05:35:23: "QuickScout<84><[U:1:900000012]><Red>" triggered "revenge" against "SoldierBoy<85><[U:1:900000011]><Blue>"
L 04/28/2026 - 05:35:24: "SoldierBoy<85><[U:1:900000011]><Blue>" spawned as "soldier"
L 04/28/2026 - 05:35:25: "QuickScout<84><[U:1:900000012]><Red>" triggered "shot_fired" (weapon "quake_rl")
L 04/28/2026 - 05:35:26: "SoldierBoy<85><[U:1:900000011]><Blue>" triggered "shot_fired" (weapon "quake_rl")
L 04/28/2026 - 05:35:26: "QuickScout<84><[U:1:900000012]><Red>" triggered "shot_fired" (weapon "quake_rl")
L 04/28/2026 - 05:35:26: "QuickScout<84><[U:1:900000012]><Red>" triggered "shot_hit" (weapon "quake_rl")
L 04/28/2026 - 05:35:26: "QuickScout<84><[U:1:900000012]><Red>" triggered "damage" against "SoldierBoy<85><[U:1:900000011]><Blue>" (damage "54") (weapon "quake_rl")
L 04/28/2026 - 05:35:26: "SoldierBoy<85><[U:1:900000011]><Blue>" triggered "shot_fired" (weapon "quake_rl")
L 04/28/2026 - 05:35:26: "SoldierBoy<85><[U:1:900000011]><Blue>" triggered "shot_hit" (weapon "quake_rl")
L 04/28/2026 - 05:35:26: "SoldierBoy<85><[U:1:900000011]><Blue>" triggered "damage" against "QuickScout<84><[U:1:900000012]><Red>" (damage "82") (weapon "quake_rl")
L 04/28/2026 - 05:35:27: "QuickScout<84><[U:1:900000012]><Red>" triggered "shot_fired" (weapon "quake_rl")
L 04/28/2026 - 05:35:27: "QuickScout<84><[U:1:900000012]><Red>" triggered "shot_hit" (weapon "quake_rl")
L 04/28/2026 - 05:35:27: "QuickScout<84><[U:1:900000012]><Red>" triggered "damage" against "SoldierBoy<85><[U:1:900000011]><Blue>" (damage "106") (weapon "quake_rl")
L 04/28/2026 - 05:35:27: "SoldierBoy<85><[U:1:900000011]><Blue>" triggered "shot_fired" (weapon "quake_rl")
L 04/28/2026 - 05:35:28: "QuickScout<84><[U:1:900000012]><Red>" triggered "shot_fired" (weapon "quake_rl")
L 04/28/2026 - 05:35:31: "SoldierBoy<85><[U:1:900000011]><Blue>" triggered "shot_fired" (weapon "shotgun_soldier")
L 04/28/2026 - 05:35:31: "SoldierBoy<85><[U:1:900000011]><Blue>" triggered "shot_hit" (weapon "shotgun_soldier")
L 04/28/2026 - 05:35:31: "SoldierBoy<85><[U:1:900000011]><Blue>" triggered "damage" against "QuickScout<84><[U:1:900000012]><Red>" (damage "16") (weapon "shotgun_soldier")
L 04/28/2026 - 05:35:32: "QuickScout<84><[U:1:900000012]><Red>" triggered "shot_fired" (weapon "shotgun_soldier")
L 04/28/2026 - 05:35:33: "SoldierBoy<85><[U:1:900000011]><Blue>" triggered "shot_fired" (weapon "shotgun_soldier")
L 04/28/2026 - 05:35:33: "QuickScout<84><[U:1:900000012]><Red>" triggered "shot_fired" (weapon "shotgun_soldier")
L 04/28/2026 - 05:35:33: "SoldierBoy<85><[U:1:900000011]><Blue>" triggered "shot_fired" (weapon "shotgun_soldier")
L 04/28/2026 - 05:35:33: "QuickScout<84><[U:1:900000012]><Red>" triggered "shot_fired" (weapon "shotgun_soldier")
L 04/28/2026 - 05:35:33: "QuickScout<84><[U:1:900000012]><Red>" triggered "shot_hit" (weapon "shotgun_soldier")
L 04/28/2026 - 05:35:33: "QuickScout<84><[U:1:900000012]><Red>" triggered "damage" against "SoldierBoy<85><[U:1:900000011]><Blue>" (damage "46") (weapon "shotgun_soldier")
L 04/28/2026 - 05:35:33: "QuickScout<84><[U:1:900000012]><Red>" killed "SoldierBoy<85><[U:1:900000011]><Blue>" with "world" (attacker_position "-8705 11929 10736") (victim_position "-8474 11982 10475")
L 04/28/2026 - 05:35:34: "SoldierBoy<85><[U:1:900000011]><Blue>" spawned as "soldier"
L 04/28/2026 - 05:35:36: "SoldierBoy<85><[U:1:900000011]><Blue>" triggered "shot_fired" (weapon "quake_rl")
L 04/28/2026 - 05:35:36: "QuickScout<84><[U:1:900000012]><Red>" triggered "shot_fired" (weapon "quake_rl")
L 04/28/2026 - 05:35:36: "SoldierBoy<85><[U:1:900000011]><Blue>" triggered "shot_hit" (weapon "quake_rl")
L 04/28/2026 - 05:35:36: "SoldierBoy<85><[U:1:900000011]><Blue>" triggered "damage" against "QuickScout<84><[U:1:900000012]><Red>" (damage "55") (weapon "quake_rl")
L 04/28/2026 - 05:35:36: "QuickScout<84><[U:1:900000012]><Red>" triggered "shot_fired" (weapon "quake_rl")
L 04/28/2026 - 05:35:37: "QuickScout<84><[U:1:900000012]><Red>" triggered "shot_hit" (weapon "quake_rl")
L 04/28/2026 - 05:35:37: "QuickScout<84><[U:1:900000012]><Red>" triggered "damage" against "SoldierBoy<85><[U:1:900000011]><Blue>" (damage "52") (weapon "quake_rl")
L 04/28/2026 - 05:35:37: "SoldierBoy<85><[U:1:900000011]><Blue>" triggered "shot_fired" (weapon "quake_rl")
L 04/28/2026 - 05:35:37: "SoldierBoy<85><[U:1:900000011]><Blue>" triggered "shot_hit" (weapon "quake_rl")
L 04/28/2026 - 05:35:37: "SoldierBoy<85><[U:1:900000011]><Blue>" triggered "damage" against "QuickScout<84><[U:1:900000012]><Red>" (damage "73") (weapon "quake_rl")
L 04/28/2026 - 05:35:37: "QuickScout<84><[U:1:900000012]><Red>" triggered "shot_fired" (weapon "quake_rl")
L 04/28/2026 - 05:35:38: "SoldierBoy<85><[U:1:900000011]><Blue>" triggered "shot_fired" (weapon "quake_rl")
L 04/28/2026 - 05:35:38: "SoldierBoy<85><[U:1:900000011]><Blue>" triggered "shot_hit" (weapon "quake_rl")
L 04/28/2026 - 05:35:38: "SoldierBoy<85><[U:1:900000011]><Blue>" triggered "damage" against "QuickScout<84><[U:1:900000012]><Red>" (damage "85") (weapon "quake_rl")
L 04/28/2026 - 05:35:38: "QuickScout<84><[U:1:900000012]><Red>" triggered "shot_fired" (weapon "quake_rl")
L 04/28/2026 - 05:35:38: "QuickScout<84><[U:1:900000012]><Red>" triggered "shot_hit" (weapon "quake_rl")
L 04/28/2026 - 05:35:38: "QuickScout<84><[U:1:900000012]><Red>" triggered "damage" against "SoldierBoy<85><[U:1:900000011]><Blue>" (damage "79") (weapon "quake_rl")
L 04/28/2026 - 05:35:38: "SoldierBoy<85><[U:1:900000011]><Blue>" triggered "shot_fired" (weapon "shotgun_soldier")
L 04/28/2026 - 05:35:38: "SoldierBoy<85><[U:1:900000011]><Blue>" triggered "shot_hit" (weapon "shotgun_soldier")
L 04/28/2026 - 05:35:38: "SoldierBoy<85><[U:1:900000011]><Blue>" triggered "damage" against "QuickScout<84><[U:1:900000012]><Red>" (damage "59") (weapon "shotgun_soldier")
L 04/28/2026 - 05:35:39: "QuickScout<84><[U:1:900000012]><Red>" triggered "shot_fired" (weapon "shotgun_soldier")
L 04/28/2026 - 05:35:39: "QuickScout<84><[U:1:900000012]><Red>" triggered "shot_fired" (weapon "shotgun_soldier")
L 04/28/2026 - 05:35:39: "QuickScout<84><[U:1:900000012]><Red>" triggered "shot_hit" (weapon "shotgun_soldier")
L 04/28/2026 - 05:35:39: "QuickScout<84><[U:1:900000012]><Red>" triggered "damage" against "SoldierBoy<85><[U:1:900000011]><Blue>" (damage "22") (weapon "shotgun_soldier")
L 04/28/2026 - 05:35:40: "SoldierBoy<85><[U:1:900000011]><Blue>" triggered "shot_fired" (weapon "shotgun_soldier")
L 04/28/2026 - 05:35:40: "SoldierBoy<85><[U:1:900000011]><Blue>" triggered "shot_hit" (weapon "shotgun_soldier")
L 04/28/2026 - 05:35:40: "SoldierBoy<85><[U:1:900000011]><Blue>" triggered "damage" against "QuickScout<84><[U:1:900000012]><Red>" (damage "47") (realdamage "5") (weapon "shotgun_soldier")
L 04/28/2026 - 05:35:40: "SoldierBoy<85><[U:1:900000011]><Blue>" killed "QuickScout<84><[U:1:900000012]><Red>" with "shotgun_soldier" (attacker_position "-8917 11804 10970") (victim_position "-8762 11706 10743")
L 04/28/2026 - 05:35:40: "QuickScout<84><[U:1:900000012]><Red>" spawned as "soldier"
L 04/28/2026 - 05:35:42: "SoldierBoy<85><[U:1:900000011]><Blue>" triggered "shot_fired" (weapon "quake_rl")
L 04/28/2026 - 05:35:42: "QuickScout<84><[U:1:900000012]><Red>" triggered "shot_fired" (weapon "quake_rl")
L 04/28/2026 - 05:35:44: "SoldierBoy<85><[U:1:900000011]><Blue>" triggered "shot_hit" (weapon "quake_rl")
L 04/28/2026 - 05:35:44: "SoldierBoy<85><[U:1:900000011]><Blue>" triggered "damage" against "QuickScout<84><[U:1:900000012]><Red>" (damage "98") (weapon "quake_rl")
L 04/28/2026 - 05:35:44: "SoldierBoy<85><[U:1:900000011]><Blue>" triggered "shot_fired" (weapon "quake_rl")
L 04/28/2026 - 05:35:44: "QuickScout<84><[U:1:900000012]><Red>" triggered "shot_fired" (weapon "quake_rl")
L 04/28/2026 - 05:35:44: "QuickScout<84><[U:1:900000012]><Red>" triggered "shot_hit" (weapon "quake_rl")
L 04/28/2026 - 05:35:44: "QuickScout<84><[U:1:900000012]><Red>" triggered "damage" against "SoldierBoy<85><[U:1:900000011]><Blue>" (damage "54") (weapon "quake_rl")
L 04/28/2026 - 05:35:45: "SoldierBoy<85><[U:1:900000011]><Blue>" triggered "shot_fired" (weapon "quake_rl")
L 04/28/2026 - 05:35:45: "QuickScout<84><[U:1:900000012]><Red>" triggered "shot_fired" (weapon "quake_rl")
L 04/28/2026 - 05:35:46: "SoldierBoy<85><[U:1:900000011]><Blue>" triggered "shot_fired" (weapon "quake_rl")
L 04/28/2026 - 05:35:46: "QuickScout<84><[U:1:900000012]><Red>" triggered "shot_fired" (weapon "shotgun_soldier")
L 04/28/2026 - 05:35:46: "QuickScout<84><[U:1:900000012]><Red>" triggered "shot_hit" (weapon "shotgun_soldier")
L 04/28/2026 - 05:35:46: "QuickScout<84><[U:1:900000012]><Red>" triggered "damage" against "SoldierBoy<85><[U:1:900000011]><Blue>" (damage "27") (weapon "shotgun_soldier")
L 04/28/2026 - 05:35:46: "SoldierBoy<85><[U:1:900000011]><Blue>" triggered "shot_fired" (weapon "shotgun_soldier")
L 04/28/2026 - 05:35:46: "SoldierBoy<85><[U:1:900000011]><Blue>" triggered "shot_hit" (weapon "shotgun_soldier")
L 04/28/2026 - 05:35:46: "SoldierBoy<85><[U:1:900000011]><Blue>" triggered "damage" against "QuickScout<84><[U:1:900000012]><Red>" (damage "31") (weapon "shotgun_soldier")
L 04/28/2026 - 05:35:46: "QuickScout<84><[U:1:900000012]><Red>" triggered "shot_fired" (weapon "shotgun_soldier")
L 04/28/2026 - 05:35:47: "SoldierBoy<85><[U:1:900000011]><Blue>" triggered "shot_fired" (weapon "shotgun_soldier")
L 04/28/2026 - 05:35:47: "SoldierBoy<85><[U:1:900000011]><Blue>" triggered "shot_hit" (weapon "shotgun_soldier")
L 04/28/2026 - 05:35:47: "SoldierBoy<85><[U:1:900000011]><Blue>" triggered "damage" against "QuickScout<84><[U:1:900000012]><Red>" (damage "43") (weapon "shotgun_soldier")
L 04/28/2026 - 05:35:47: "QuickScout<84><[U:1:900000012]><Red>" triggered "shot_fired" (weapon "shotgun_soldier")
L 04/28/2026 - 05:35:47: "SoldierBoy<85><[U:1:900000011]><Blue>" triggered "shot_fired" (weapon "shotgun_soldier")
L 04/28/2026 - 05:35:48: "QuickScout<84><[U:1:900000012]><Red>" triggered "shot_fired" (weapon "shotgun_soldier")
L 04/28/2026 - 05:35:48: "QuickScout<84><[U:1:900000012]><Red>" triggered "shot_hit" (weapon "shotgun_soldier")
L 04/28/2026 - 05:35:48: "QuickScout<84><[U:1:900000012]><Red>" triggered "damage" against "SoldierBoy<85><[U:1:900000011]><Blue>" (damage "35") (weapon "shotgun_soldier")
L 04/28/2026 - 05:35:48: "SoldierBoy<85><[U:1:900000011]><Blue>" triggered "shot_fired" (weapon "shotgun_soldier")
L 04/28/2026 - 05:35:48: "SoldierBoy<85><[U:1:900000011]><Blue>" triggered "shot_hit" (weapon "shotgun_soldier")
L 04/28/2026 - 05:35:48: "SoldierBoy<85><[U:1:900000011]><Blue>" triggered "damage" against "QuickScout<84><[U:1:900000012]><Red>" (damage "33") (realdamage "5") (weapon "shotgun_soldier")
L 04/28/2026 - 05:35:48: "SoldierBoy<85><[U:1:900000011]><Blue>" killed "QuickScout<84><[U:1:900000012]><Red>" with "shotgun_soldier" (attacker_position "-8268 12069 10327") (victim_position "-8644 11933 10494")
L 04/28/2026 - 05:35:48: "QuickScout<84><[U:1:900000012]><Red>" spawned as "soldier"
L 04/28/2026 - 05:35:50: "QuickScout<84><[U:1:900000012]><Red>" triggered "shot_fired" (weapon "quake_rl")
L 04/28/2026 - 05:35:50: "SoldierBoy<85><[U:1:900000011]><Blue>" triggered "shot_fired" (weapon "quake_rl")
L 04/28/2026 - 05:35:51: "SoldierBoy<85><[U:1:900000011]><Blue>" triggered "shot_fired" (weapon "quake_rl")
L 04/28/2026 - 05:35:51: "QuickScout<84><[U:1:900000012]><Red>" triggered "shot_fired" (weapon "quake_rl")
L 04/28/2026 - 05:35:51: "SoldierBoy<85><[U:1:900000011]><Blue>" triggered "shot_hit" (weapon "quake_rl")
L 04/28/2026 - 05:35:51: "SoldierBoy<85><[U:1:900000011]><Blue>" triggered "damage" against "QuickScout<84><[U:1:900000012]><Red>" (damage "80") (weapon "quake_rl")
L 04/28/2026 - 05:35:51: "QuickScout<84><[U:1:900000012]><Red>" triggered "shot_hit" (weapon "quake_rl")
L 04/28/2026 - 05:35:51: "QuickScout<84><[U:1:900000012]><Red>" triggered "damage" against "SoldierBoy<85><[U:1:900000011]><Blue>" (damage "76") (weapon "quake_rl")
L 04/28/2026 - 05:35:52: "QuickScout<84><[U:1:900000012]><Red>" triggered "shot_fired" (weapon "quake_rl")
L 04/28/2026 - 05:35:52: "SoldierBoy<85><[U:1:900000011]><Blue>" triggered "shot_fired" (weapon "quake_rl")
L 04/28/2026 - 05:35:52: "SoldierBoy<85><[U:1:900000011]><Blue>" triggered "shot_hit" (weapon "quake_rl")
L 04/28/2026 - 05:35:52: "SoldierBoy<85><[U:1:900000011]><Blue>" triggered "damage" against "QuickScout<84><[U:1:900000012]><Red>" (damage "99") (weapon "quake_rl")
L 04/28/2026 - 05:35:53: "QuickScout<84><[U:1:900000012]><Red>" triggered "shot_fired" (weapon "shotgun_soldier")
L 04/28/2026 - 05:35:53: "SoldierBoy<85><[U:1:900000011]><Blue>" triggered "shot_fired" (weapon "shotgun_soldier")
L 04/28/2026 - 05:35:53: "SoldierBoy<85><[U:1:900000011]><Blue>" triggered "shot_hit" (weapon "shotgun_soldier")
L 04/28/2026 - 05:35:53: "SoldierBoy<85><[U:1:900000011]><Blue>" triggered "damage" against "QuickScout<84><[U:1:900000012]><Red>" (damage "21") (weapon "shotgun_soldier")
L 04/28/2026 - 05:35:53: "SoldierBoy<85><[U:1:900000011]><Blue>" killed "QuickScout<84><[U:1:900000012]><Red>" with "world" (attacker_position "-8632 11714 10771") (victim_position "-8572 11368 10329")
L 04/28/2026 - 05:35:53: "QuickScout<84><[U:1:900000012]><Red>" spawned as "soldier"
L 04/28/2026 - 05:35:55: "QuickScout<84><[U:1:900000012]><Red>" triggered "shot_fired" (weapon "quake_rl")
L 04/28/2026 - 05:35:56: "SoldierBoy<85><[U:1:900000011]><Blue>" triggered "shot_fired" (weapon "quake_rl")
L 04/28/2026 - 05:35:56: "SoldierBoy<85><[U:1:900000011]><Blue>" triggered "shot_fired" (weapon "quake_rl")
L 04/28/2026 - 05:35:56: "QuickScout<84><[U:1:900000012]><Red>" triggered "shot_hit" (weapon "quake_rl")
L 04/28/2026 - 05:35:56: "QuickScout<84><[U:1:900000012]><Red>" triggered "damage" against "SoldierBoy<85><[U:1:900000011]><Blue>" (damage "71") (weapon "quake_rl")
L 04/28/2026 - 05:35:56: "SoldierBoy<85><[U:1:900000011]><Blue>" triggered "shot_hit" (weapon "quake_rl")
L 04/28/2026 - 05:35:56: "SoldierBoy<85><[U:1:900000011]><Blue>" triggered "damage" against "QuickScout<84><[U:1:900000012]><Red>" (damage "89") (weapon "quake_rl")
L 04/28/2026 - 05:35:57: "QuickScout<84><[U:1:900000012]><Red>" triggered "shot_fired" (weapon "quake_rl")
L 04/28/2026 - 05:35:57: "QuickScout<84><[U:1:900000012]><Red>" triggered "shot_fired" (weapon "quake_rl")
L 04/28/2026 - 05:35:58: "QuickScout<84><[U:1:900000012]><Red>" triggered "shot_hit" (weapon "quake_rl")
L 04/28/2026 - 05:35:58: "QuickScout<84><[U:1:900000012]><Red>" triggered "damage" against "SoldierBoy<85><[U:1:900000011]><Blue>" (damage "42") (weapon "quake_rl")
L 04/28/2026 - 05:35:58: "SoldierBoy<85><[U:1:900000011]><Blue>" triggered "shot_fired" (weapon "quake_rl")
L 04/28/2026 - 05:35:59: "SoldierBoy<85><[U:1:900000011]><Blue>" triggered "shot_fired" (weapon "quake_rl")
L 04/28/2026 - 05:35:59: "QuickScout<84><[U:1:900000012]><Red>" triggered "shot_fired" (weapon "quake_rl")
L 04/28/2026 - 05:35:59: "SoldierBoy<85><[U:1:900000011]><Blue>" triggered "shot_fired" (weapon "shotgun_soldier")
L 04/28/2026 - 05:35:59: "SoldierBoy<85><[U:1:900000011]><Blue>" triggered "shot_hit" (weapon "shotgun_soldier")
L 04/28/2026 - 05:35:59: "SoldierBoy<85><[U:1:900000011]><Blue>" triggered "damage" against "QuickScout<84><[U:1:900000012]><Red>" (damage "80") (weapon "shotgun_soldier")
L 04/28/2026 - 05:35:59: "QuickScout<84><[U:1:900000012]><Red>" triggered "shot_hit" (weapon "quake_rl")
L 04/28/2026 - 05:35:59: "QuickScout<84><[U:1:900000012]><Red>" triggered "damage" against "SoldierBoy<85><[U:1:900000011]><Blue>" (damage "64") (weapon "quake_rl")
L 04/28/2026 - 05:36:00: "QuickScout<84><[U:1:900000012]><Red>" triggered "shot_fired" (weapon "shotgun_soldier")
L 04/28/2026 - 05:36:00: "QuickScout<84><[U:1:900000012]><Red>" triggered "shot_hit" (weapon "shotgun_soldier")
L 04/28/2026 - 05:36:00: "QuickScout<84><[U:1:900000012]><Red>" triggered "damage" against "SoldierBoy<85><[U:1:900000011]><Blue>" (damage "39") (weapon "shotgun_soldier")
L 04/28/2026 - 05:36:00: "SoldierBoy<85><[U:1:900000011]><Blue>" triggered "shot_fired" (weapon "shotgun_soldier")
L 04/28/2026 - 05:36:00: "SoldierBoy<85><[U:1:900000011]><Blue>" triggered "shot_hit" (weapon "shotgun_soldier")
L 04/28/2026 - 05:36:00: "SoldierBoy<85><[U:1:900000011]><Blue>" triggered "damage" against "QuickScout<84><[U:1:900000012]><Red>" (damage "48") (realdamage "8") (weapon "shotgun_soldier")
L 04/28/2026 - 05:36:00: "SoldierBoy<85><[U:1:900000011]><Blue>" killed "QuickScout<84><[U:1:900000012]><Red>" with "shotgun_soldier" (attacker_position "-8483 11377 11001") (victim_position "-8780 11509 10725")
L 04/28/2026 - 05:36:00: "SoldierBoy<85><[U:1:900000011]><Blue>" triggered "domination" against "QuickScout<84><[U:1:900000012]><Red>"
L 04/28/2026 - 05:36:00: "QuickScout<84><[U:1:900000012]><Red>" spawned as "soldier"
L 04/28/2026 - 05:36:02: "QuickScout<84><[U:1:900000012]><Red>" triggered "shot_fired" (weapon "quake_rl")
L 04/28/2026 - 05:36:03: "SoldierBoy<85><[U:1:900000011]><Blue>" triggered "shot_hit" (weapon "quake_rl")
L 04/28/2026 - 05:36:03: "SoldierBoy<85><[U:1:900000011]><Blue>" triggered "damage" against "QuickScout<84><[U:1:900000012]><Red>" (damage "111") (weapon "quake_rl") (airshot "1") (height "388")
L 04/28/2026 - 05:36:03: "SoldierBoy<85><[U:1:900000011]><Blue>" triggered "shot_fired" (weapon "quake_rl")
L 04/28/2026 - 05:36:04: "QuickScout<84><[U:1:900000012]><Red>" triggered "shot_fired" (weapon "quake_rl")
L 04/28/2026 - 05:36:04: "SoldierBoy<85><[U:1:900000011]><Blue>" triggered "shot_fired" (weapon "quake_rl")
L 04/28/2026 - 05:36:04: "SoldierBoy<85><[U:1:900000011]><Blue>" triggered "shot_hit" (weapon "quake_rl")
L 04/28/2026 - 05:36:04: "SoldierBoy<85><[U:1:900000011]><Blue>" triggered "damage" against "QuickScout<84><[U:1:900000012]><Red>" (damage "72") (weapon "quake_rl")
L 04/28/2026 - 05:36:04: "QuickScout<84><[U:1:900000012]><Red>" triggered "shot_fired" (weapon "quake_rl")
L 04/28/2026 - 05:36:04: "SoldierBoy<85><[U:1:900000011]><Blue>" triggered "shot_fired" (weapon "quake_rl")
L 04/28/2026 - 05:36:04: "SoldierBoy<85><[U:1:900000011]><Blue>" triggered "shot_hit" (weapon "quake_rl")
L 04/28/2026 - 05:36:04: "SoldierBoy<85><[U:1:900000011]><Blue>" triggered "damage" against "QuickScout<84><[U:1:900000012]><Red>" (damage "102") (realdamage "51") (weapon "quake_rl") (airshot "1") (height "723")
L 04/28/2026 - 05:36:04: "SoldierBoy<85><[U:1:900000011]><Blue>" killed "QuickScout<84><[U:1:900000012]><Red>" with "quake_rl" (attacker_position "-8683 11869 10736") (victim_position "-8657 12066 10994")
L 04/28/2026 - 05:36:05: "QuickScout<84><[U:1:900000012]><Red>" triggered "shot_hit" (weapon "quake_rl")
L 04/28/2026 - 05:36:05: "QuickScout<84><[U:1:900000012]><Red>" triggered "damage" against "SoldierBoy<85><[U:1:900000011]><Blue>" (damage "53") (weapon "quake_rl")
L 04/28/2026 - 05:36:05: "QuickScout<84><[U:1:900000012]><Red>" spawned as "soldier"
L 04/28/2026 - 05:36:07: "QuickScout<84><[U:1:900000012]><Red>" triggered "shot_fired" (weapon "quake_rl")
L 04/28/2026 - 05:36:07: "QuickScout<84><[U:1:900000012]><Red>" triggered "shot_hit" (weapon "quake_rl")
L 04/28/2026 - 05:36:07: "QuickScout<84><[U:1:900000012]><Red>" triggered "damage" against "SoldierBoy<85><[U:1:900000011]><Blue>" (damage "71") (weapon "quake_rl")
L 04/28/2026 - 05:36:07: "SoldierBoy<85><[U:1:900000011]><Blue>" triggered "shot_fired" (weapon "quake_rl")
L 04/28/2026 - 05:36:07: "QuickScout<84><[U:1:900000012]><Red>" triggered "shot_hit" (weapon "quake_rl")
L 04/28/2026 - 05:36:07: "QuickScout<84><[U:1:900000012]><Red>" triggered "damage" against "SoldierBoy<85><[U:1:900000011]><Blue>" (damage "70") (weapon "quake_rl")
L 04/28/2026 - 05:36:08: "QuickScout<84><[U:1:900000012]><Red>" triggered "shot_fired" (weapon "quake_rl")
L 04/28/2026 - 05:36:08: "SoldierBoy<85><[U:1:900000011]><Blue>" triggered "shot_fired" (weapon "quake_rl")
L 04/28/2026 - 05:36:08: "QuickScout<84><[U:1:900000012]><Red>" triggered "shot_fired" (weapon "quake_rl")
L 04/28/2026 - 05:36:09: "QuickScout<84><[U:1:900000012]><Red>" triggered "shot_fired" (weapon "shotgun_soldier")
L 04/28/2026 - 05:36:09: "QuickScout<84><[U:1:900000012]><Red>" triggered "shot_hit" (weapon "shotgun_soldier")
L 04/28/2026 - 05:36:09: "QuickScout<84><[U:1:900000012]><Red>" triggered "damage" against "SoldierBoy<85><[U:1:900000011]><Blue>" (damage "57") (weapon "shotgun_soldier")
L 04/28/2026 - 05:36:09: "SoldierBoy<85><[U:1:900000011]><Blue>" triggered "shot_fired" (weapon "quake_rl")
L 04/28/2026 - 05:36:09: "SoldierBoy<85><[U:1:900000011]><Blue>" triggered "shot_hit" (weapon "quake_rl")
L 04/28/2026 - 05:36:09: "SoldierBoy<85><[U:1:900000011]><Blue>" triggered "damage" against "QuickScout<84><[U:1:900000012]><Red>" (damage "70") (weapon "quake_rl")
L 04/28/2026 - 05:36:09: "QuickScout<84><[U:1:900000012]><Red>" triggered "shot_fired" (weapon "shotgun_soldier")
L 04/28/2026 - 05:36:10: "SoldierBoy<85><[U:1:900000011]><Blue>" triggered "shot_fired" (weapon "shotgun_soldier")
L 04/28/2026 - 05:36:10: "SoldierBoy<85><[U:1:900000011]><Blue>" triggered "shot_hit" (weapon "shotgun_soldier")
L 04/28/2026 - 05:36:10: "SoldierBoy<85><[U:1:900000011]><Blue>" triggered "damage" against "QuickScout<84><[U:1:900000012]><Red>" (damage "85") (weapon "shotgun_soldier")
L 04/28/2026 - 05:36:10: "QuickScout<84><[U:1:900000012]><Red>" triggered "shot_fired" (weapon "shotgun_soldier")
L 04/28/2026 - 05:36:10: "QuickScout<84><[U:1:900000012]><Red>" triggered "shot_hit" (weapon "shotgun_soldier")
L 04/28/2026 - 05:36:10: "QuickScout<84><[U:1:900000012]><Red>" triggered "damage" against "SoldierBoy<85><[U:1:900000011]><Blue>" (damage "8") (weapon "shotgun_soldier")
L 04/28/2026 - 05:36:11: "SoldierBoy<85><[U:1:900000011]><Blue>" triggered "shot_fired" (weapon "shotgun_soldier")
L 04/28/2026 - 05:36:11: "SoldierBoy<85><[U:1:900000011]><Blue>" triggered "shot_hit" (weapon "shotgun_soldier")
L 04/28/2026 - 05:36:11: "SoldierBoy<85><[U:1:900000011]><Blue>" triggered "damage" against "QuickScout<84><[U:1:900000012]><Red>" (damage "16") (weapon "shotgun_soldier")
L 04/28/2026 - 05:36:11: "SoldierBoy<85><[U:1:900000011]><Blue>" killed "QuickScout<84><[U:1:900000012]><Red>" with "world" (attacker_position "-8587 11864 10580") (victim_position "-8586 12136 10254")
L 04/28/2026 - 05:36:11: "QuickScout<84><[U:1:900000012]><Red>" spawned as "soldier"
L 04/28/2026 - 05:36:13: "QuickScout<84><[U:1:900000012]><Red>" triggered "shot_fired" (weapon "quake_rl")
L 04/28/2026 - 05:36:13: "SoldierBoy<85><[U:1:900000011]><Blue>" triggered "shot_fired" (weapon "quake_rl")
L 04/28/2026 - 05:36:13: "QuickScout<84><[U:1:900000012]><Red>" triggered "shot_hit" (weapon "quake_rl")
L 04/28/2026 - 05:36:13: "QuickScout<84><[U:1:900000012]><Red>" triggered "damage" against "SoldierBoy<85><[U:1:900000011]><Blue>" (damage "71") (weapon "quake_rl")
L 04/28/2026 - 05:36:14: "QuickScout<84><[U:1:900000012]><Red>" triggered "shot_fired" (weapon "quake_rl")
L 04/28/2026 - 05:36:14: "SoldierBoy<85><[U:1:900000011]><Blue>" triggered "shot_fired" (weapon "quake_rl")
L 04/28/2026 - 05:36:14: "SoldierBoy<85><[U:1:900000011]><Blue>" triggered "shot_hit" (weapon "quake_rl")
L 04/28/2026 - 05:36:14: "SoldierBoy<85><[U:1:900000011]><Blue>" triggered "damage" against "QuickScout<84><[U:1:900000012]><Red>" (damage "88") (weapon "quake_rl")
L 04/28/2026 - 05:36:15: "QuickScout<84><[U:1:900000012]><Red>" triggered "shot_fired" (weapon "quake_rl")
L 04/28/2026 - 05:36:15: "SoldierBoy<85><[U:1:900000011]><Blue>" triggered "shot_fired" (weapon "quake_rl")
L 04/28/2026 - 05:36:15: "QuickScout<84><[U:1:900000012]><Red>" triggered "shot_fired" (weapon "shotgun_soldier")
L 04/28/2026 - 05:36:19: "SoldierBoy<85><[U:1:900000011]><Blue>" triggered "shot_fired" (weapon "quake_rl")
L 04/28/2026 - 05:36:19: "QuickScout<84><[U:1:900000012]><Red>" triggered "shot_hit" (weapon "quake_rl")
L 04/28/2026 - 05:36:19: "QuickScout<84><[U:1:900000012]><Red>" triggered "damage" against "SoldierBoy<85><[U:1:900000011]><Blue>" (damage "106") (weapon "quake_rl")
L 04/28/2026 - 05:36:19: "QuickScout<84><[U:1:900000012]><Red>" triggered "shot_fired" (weapon "quake_rl")
L 04/28/2026 - 05:36:19: "QuickScout<84><[U:1:900000012]><Red>" triggered "shot_fired" (weapon "shotgun_soldier")
L 04/28/2026 - 05:36:20: "SoldierBoy<85><[U:1:900000011]><Blue>" triggered "shot_fired" (weapon "quake_rl")
L 04/28/2026 - 05:36:20: "QuickScout<84><[U:1:900000012]><Red>" triggered "shot_fired" (weapon "shotgun_soldier")
L 04/28/2026 - 05:36:20: "SoldierBoy<85><[U:1:900000011]><Blue>" triggered "shot_fired" (weapon "shotgun_soldier")
L 04/28/2026 - 05:36:20: "SoldierBoy<85><[U:1:900000011]><Blue>" triggered "shot_hit" (weapon "shotgun_soldier")
L 04/28/2026 - 05:36:20: "SoldierBoy<85><[U:1:900000011]><Blue>" triggered "damage" against "QuickScout<84><[U:1:900000012]><Red>" (damage "87") (realdamage "15") (weapon "shotgun_soldier")
L 04/28/2026 - 05:36:20: "SoldierBoy<85><[U:1:900000011]><Blue>" killed "QuickScout<84><[U:1:900000012]><Red>" with "shotgun_soldier" (attacker_position "-8607 11704 10739") (victim_position "-8594 11565 10705")
L 04/28/2026 - 05:36:20: "QuickScout<84><[U:1:900000012]><Red>" spawned as "soldier"
L 04/28/2026 - 05:36:22: "QuickScout<84><[U:1:900000012]><Red>" triggered "shot_fired" (weapon "quake_rl")
L 04/28/2026 - 05:36:23: "QuickScout<84><[U:1:900000012]><Red>" triggered "shot_hit" (weapon "quake_rl")
L 04/28/2026 - 05:36:23: "QuickScout<84><[U:1:900000012]><Red>" triggered "damage" against "SoldierBoy<85><[U:1:900000011]><Blue>" (damage "47") (weapon "quake_rl")
L 04/28/2026 - 05:36:23: "SoldierBoy<85><[U:1:900000011]><Blue>" triggered "shot_fired" (weapon "quake_rl")
L 04/28/2026 - 05:36:24: "QuickScout<84><[U:1:900000012]><Red>" triggered "shot_hit" (weapon "quake_rl")
L 04/28/2026 - 05:36:24: "QuickScout<84><[U:1:900000012]><Red>" triggered "damage" against "SoldierBoy<85><[U:1:900000011]><Blue>" (damage "67") (weapon "quake_rl")
L 04/28/2026 - 05:36:24: "QuickScout<84><[U:1:900000012]><Red>" triggered "shot_fired" (weapon "quake_rl")
L 04/28/2026 - 05:36:24: "SoldierBoy<85><[U:1:900000011]><Blue>" triggered "shot_fired" (weapon "quake_rl")
L 04/28/2026 - 05:36:24: "SoldierBoy<85><[U:1:900000011]><Blue>" triggered "shot_hit" (weapon "quake_rl")
L 04/28/2026 - 05:36:24: "SoldierBoy<85><[U:1:900000011]><Blue>" triggered "damage" against "QuickScout<84><[U:1:900000012]><Red>" (damage "69") (weapon "quake_rl")
L 04/28/2026 - 05:36:24: "QuickScout<84><[U:1:900000012]><Red>" triggered "shot_fired" (weapon "quake_rl")
L 04/28/2026 - 05:36:24: "SoldierBoy<85><[U:1:900000011]><Blue>" triggered "shot_fired" (weapon "quake_rl")
L 04/28/2026 - 05:36:25: "QuickScout<84><[U:1:900000012]><Red>" triggered "shot_fired" (weapon "shotgun_soldier")
L 04/28/2026 - 05:36:25: "SoldierBoy<85><[U:1:900000011]><Blue>" triggered "shot_fired" (weapon "quake_rl")
L 04/28/2026 - 05:36:25: "SoldierBoy<85><[U:1:900000011]><Blue>" triggered "shot_hit" (weapon "quake_rl")
L 04/28/2026 - 05:36:25: "SoldierBoy<85><[U:1:900000011]><Blue>" triggered "damage" against "QuickScout<84><[U:1:900000012]><Red>" (damage "60") (weapon "quake_rl")
L 04/28/2026 - 05:36:26: "QuickScout<84><[U:1:900000012]><Red>" triggered "shot_fired" (weapon "shotgun_soldier")
L 04/28/2026 - 05:36:26: "QuickScout<84><[U:1:900000012]><Red>" triggered "shot_hit" (weapon "shotgun_soldier")
L 04/28/2026 - 05:36:26: "QuickScout<84><[U:1:900000012]><Red>" triggered "damage" against "SoldierBoy<85><[U:1:900000011]><Blue>" (damage "8") (weapon "shotgun_soldier")
L 04/28/2026 - 05:36:26: "SoldierBoy<85><[U:1:900000011]><Blue>" triggered "shot_fired" (weapon "shotgun_soldier")
L 04/28/2026 - 05:36:26: "SoldierBoy<85><[U:1:900000011]><Blue>" triggered "shot_hit" (weapon "shotgun_soldier")
L 04/28/2026 - 05:36:26: "SoldierBoy<85><[U:1:900000011]><Blue>" triggered "damage" against "QuickScout<84><[U:1:900000012]><Red>" (damage "8") (weapon "shotgun_soldier")
L 04/28/2026 - 05:36:27: "QuickScout<84><[U:1:900000012]><Red>" triggered "shot_fired" (weapon "shotgun_soldier")
L 04/28/2026 - 05:36:27: "SoldierBoy<85><[U:1:900000011]><Blue>" triggered "shot_fired" (weapon "shotgun_soldier")
L 04/28/2026 - 05:36:27: "SoldierBoy<85><[U:1:900000011]><Blue>" triggered "shot_hit" (weapon "shotgun_soldier")
L 04/28/2026 - 05:36:27: "SoldierBoy<85><[U:1:900000011]><Blue>" triggered "damage" against "QuickScout<84><[U:1:900000012]><Red>" (damage "42") (weapon "shotgun_soldier")
L 04/28/2026 - 05:36:27: "QuickScout<84><[U:1:900000012]><Red>" triggered "shot_fired" (weapon "shotgun_soldier")
L 04/28/2026 - 05:36:27: "QuickScout<84><[U:1:900000012]><Red>" triggered "shot_hit" (weapon "shotgun_soldier")
L 04/28/2026 - 05:36:27: "QuickScout<84><[U:1:900000012]><Red>" triggered "damage" against "SoldierBoy<85><[U:1:900000011]><Blue>" (damage "58") (weapon "shotgun_soldier")
L 04/28/2026 - 05:36:28: "SoldierBoy<85><[U:1:900000011]><Blue>" triggered "shot_fired" (weapon "shotgun_soldier")
L 04/28/2026 - 05:36:28: "SoldierBoy<85><[U:1:900000011]><Blue>" triggered "shot_hit" (weapon "shotgun_soldier")
L 04/28/2026 - 05:36:28: "SoldierBoy<85><[U:1:900000011]><Blue>" triggered "damage" against "QuickScout<84><[U:1:900000012]><Red>" (damage "59") (realdamage "20") (weapon "shotgun_soldier")
L 04/28/2026 - 05:36:28: "SoldierBoy<85><[U:1:900000011]><Blue>" killed "QuickScout<84><[U:1:900000012]><Red>" with "shotgun_soldier" (attacker_position "-8587 11545 10706") (victim_position "-8598 11740 10736")
L 04/28/2026 - 05:36:28: "QuickScout<84><[U:1:900000012]><Red>" spawned as "soldier"
L 04/28/2026 - 05:36:30: "QuickScout<84><[U:1:900000012]><Red>" triggered "shot_fired" (weapon "quake_rl")
L 04/28/2026 - 05:36:30: "QuickScout<84><[U:1:900000012]><Red>" triggered "shot_hit" (weapon "quake_rl")
L 04/28/2026 - 05:36:30: "QuickScout<84><[U:1:900000012]><Red>" triggered "damage" against "SoldierBoy<85><[U:1:900000011]><Blue>" (damage "71") (weapon "quake_rl")
L 04/28/2026 - 05:36:30: "SoldierBoy<85><[U:1:900000011]><Blue>" triggered "shot_fired" (weapon "quake_rl")
L 04/28/2026 - 05:36:31: "QuickScout<84><[U:1:900000012]><Red>" triggered "shot_hit" (weapon "quake_rl")
L 04/28/2026 - 05:36:31: "QuickScout<84><[U:1:900000012]><Red>" triggered "damage" against "SoldierBoy<85><[U:1:900000011]><Blue>" (damage "70") (weapon "quake_rl")
L 04/28/2026 - 05:36:31: "SoldierBoy<85><[U:1:900000011]><Blue>" triggered "shot_hit" (weapon "quake_rl")
L 04/28/2026 - 05:36:31: "SoldierBoy<85><[U:1:900000011]><Blue>" triggered "damage" against "QuickScout<84><[U:1:900000012]><Red>" (damage "79") (weapon "quake_rl")
L 04/28/2026 - 05:36:31: "QuickScout<84><[U:1:900000012]><Red>" triggered "shot_fired" (weapon "quake_rl")
L 04/28/2026 - 05:36:31: "SoldierBoy<85><[U:1:900000011]><Blue>" triggered "shot_fired" (weapon "quake_rl")
L 04/28/2026 - 05:36:32: "QuickScout<84><[U:1:900000012]><Red>" triggered "shot_fired" (weapon "quake_rl")
L 04/28/2026 - 05:36:32: "SoldierBoy<85><[U:1:900000011]><Blue>" triggered "shot_fired" (weapon "quake_rl")
L 04/28/2026 - 05:36:32: "QuickScout<84><[U:1:900000012]><Red>" triggered "shot_fired" (weapon "shotgun_soldier")
L 04/28/2026 - 05:36:32: "QuickScout<84><[U:1:900000012]><Red>" triggered "shot_hit" (weapon "shotgun_soldier")
L 04/28/2026 - 05:36:32: "QuickScout<84><[U:1:900000012]><Red>" triggered "damage" against "SoldierBoy<85><[U:1:900000011]><Blue>" (damage "15") (weapon "shotgun_soldier")
L 04/28/2026 - 05:36:33: "SoldierBoy<85><[U:1:900000011]><Blue>" triggered "shot_fired" (weapon "quake_rl")
L 04/28/2026 - 05:36:33: "QuickScout<84><[U:1:900000012]><Red>" triggered "shot_fired" (weapon "shotgun_soldier")
L 04/28/2026 - 05:36:33: "QuickScout<84><[U:1:900000012]><Red>" triggered "shot_hit" (weapon "shotgun_soldier")
L 04/28/2026 - 05:36:33: "QuickScout<84><[U:1:900000012]><Red>" triggered "damage" against "SoldierBoy<85><[U:1:900000011]><Blue>" (damage "15") (weapon "shotgun_soldier")
L 04/28/2026 - 05:36:33: "SoldierBoy<85><[U:1:900000011]><Blue>" triggered "shot_fired" (weapon "shotgun_soldier")
L 04/28/2026 - 05:36:33: "SoldierBoy<85><[U:1:900000011]><Blue>" triggered "shot_hit" (weapon "shotgun_soldier")
L 04/28/2026 - 05:36:33: "SoldierBoy<85><[U:1:900000011]><Blue>" triggered "damage" against "QuickScout<84><[U:1:900000012]><Red>" (damage "16") (weapon "shotgun_soldier")
L 04/28/2026 - 05:36:34: "QuickScout<84><[U:1:900000012]><Red>" triggered "shot_fired" (weapon "shotgun_soldier")
L 04/28/2026 - 05:36:34: "QuickScout<84><[U:1:900000012]><Red>" triggered "shot_hit" (weapon "shotgun_soldier")
L 04/28/2026 - 05:36:34: "QuickScout<84><[U:1:900000012]><Red>" triggered "damage" against "SoldierBoy<85><[U:1:900000011]><Blue>" (damage "5") (weapon "shotgun_soldier")
L 04/28/2026 - 05:36:38: "QuickScout<84><[U:1:900000012]><Red>" killed "SoldierBoy<85><[U:1:900000011]><Blue>" with "world" (attacker_position "-8688 11825 10736") (victim_position "-8552 10994 10596")
L 04/28/2026 - 05:36:38: "QuickScout<84><[U:1:900000012]><Red>" triggered "revenge" against "SoldierBoy<85><[U:1:900000011]><Blue>"
L 04/28/2026 - 05:36:38: "SoldierBoy<85><[U:1:900000011]><Blue>" spawned as "soldier"
L 04/28/2026 - 05:36:40: "QuickScout<84><[U:1:900000012]><Red>" triggered "shot_fired" (weapon "quake_rl")
L 04/28/2026 - 05:36:40: "SoldierBoy<85><[U:1:900000011]><Blue>" triggered "shot_fired" (weapon "quake_rl")
L 04/28/2026 - 05:36:41: "SoldierBoy<85><[U:1:900000011]><Blue>" triggered "shot_hit" (weapon "quake_rl")
L 04/28/2026 - 05:36:41: "SoldierBoy<85><[U:1:900000011]><Blue>" triggered "damage" against "QuickScout<84><[U:1:900000012]><Red>" (damage "78") (weapon "quake_rl")
L 04/28/2026 - 05:36:41: "SoldierBoy<85><[U:1:900000011]><Blue>" triggered "shot_fired" (weapon "quake_rl")
L 04/28/2026 - 05:36:41: "QuickScout<84><[U:1:900000012]><Red>" triggered "shot_fired" (weapon "quake_rl")
L 04/28/2026 - 05:36:41: "SoldierBoy<85><[U:1:900000011]><Blue>" triggered "shot_hit" (weapon "quake_rl")
L 04/28/2026 - 05:36:41: "SoldierBoy<85><[U:1:900000011]><Blue>" triggered "damage" against "QuickScout<84><[U:1:900000012]><Red>" (damage "86") (weapon "quake_rl")
L 04/28/2026 - 05:36:42: "SoldierBoy<85><[U:1:900000011]><Blue>" triggered "shot_hit" (weapon "quake_rl")
L 04/28/2026 - 05:36:42: "SoldierBoy<85><[U:1:900000011]><Blue>" triggered "damage" against "QuickScout<84><[U:1:900000012]><Red>" (damage "69") (weapon "quake_rl")
L 04/28/2026 - 05:36:42: "QuickScout<84><[U:1:900000012]><Red>" triggered "shot_hit" (weapon "quake_rl")
L 04/28/2026 - 05:36:42: "QuickScout<84><[U:1:900000012]><Red>" triggered "damage" against "SoldierBoy<85><[U:1:900000011]><Blue>" (damage "78") (weapon "quake_rl")
L 04/28/2026 - 05:36:42: "SoldierBoy<85><[U:1:900000011]><Blue>" triggered "shot_fired" (weapon "quake_rl")
L 04/28/2026 - 05:36:42: "QuickScout<84><[U:1:900000012]><Red>" triggered "shot_fired" (weapon "quake_rl")
L 04/28/2026 - 05:36:43: "SoldierBoy<85><[U:1:900000011]><Blue>" triggered "shot_fired" (weapon "shotgun_soldier")
L 04/28/2026 - 05:36:43: "SoldierBoy<85><[U:1:900000011]><Blue>" triggered "shot_hit" (weapon "shotgun_soldier")
L 04/28/2026 - 05:36:43: "SoldierBoy<85><[U:1:900000011]><Blue>" triggered "damage" against "QuickScout<84><[U:1:900000012]><Red>" (damage "18") (weapon "shotgun_soldier")
L 04/28/2026 - 05:36:44: "QuickScout<84><[U:1:900000012]><Red>" triggered "shot_fired" (weapon "quake_rl")
L 04/28/2026 - 05:36:46: "QuickScout<84><[U:1:900000012]><Red>" killed "SoldierBoy<85><[U:1:900000011]><Blue>" with "player" (attacker_position "-8484 11627 10698") (victim_position "-9565 12155 10403")
L 04/28/2026 - 05:36:46: "SoldierBoy<85><[U:1:900000011]><Blue>" spawned as "soldier"
L 04/28/2026 - 05:36:48: "SoldierBoy<85><[U:1:900000011]><Blue>" triggered "shot_fired" (weapon "quake_rl")
L 04/28/2026 - 05:36:48: "QuickScout<84><[U:1:900000012]><Red>" triggered "shot_fired" (weapon "quake_rl")
L 04/28/2026 - 05:36:48: "SoldierBoy<85><[U:1:900000011]><Blue>" triggered "shot_hit" (weapon "quake_rl")
L 04/28/2026 - 05:36:48: "SoldierBoy<85><[U:1:900000011]><Blue>" triggered "damage" against "QuickScout<84><[U:1:900000012]><Red>" (damage "84") (weapon "quake_rl")
L 04/28/2026 - 05:36:49: "QuickScout<84><[U:1:900000012]><Red>" triggered "shot_fired" (weapon "quake_rl")
L 04/28/2026 - 05:36:49: "QuickScout<84><[U:1:900000012]><Red>" triggered "shot_hit" (weapon "quake_rl")
L 04/28/2026 - 05:36:49: "QuickScout<84><[U:1:900000012]><Red>" triggered "damage" against "SoldierBoy<85><[U:1:900000011]><Blue>" (damage "59") (weapon "quake_rl")
L 04/28/2026 - 05:36:49: "SoldierBoy<85><[U:1:900000011]><Blue>" triggered "shot_fired" (weapon "quake_rl")
L 04/28/2026 - 05:36:50: "QuickScout<84><[U:1:900000012]><Red>" triggered "shot_fired" (weapon "quake_rl")
L 04/28/2026 - 05:36:50: "QuickScout<84><[U:1:900000012]><Red>" triggered "shot_hit" (weapon "quake_rl")
L 04/28/2026 - 05:36:50: "QuickScout<84><[U:1:900000012]><Red>" triggered "damage" against "SoldierBoy<85><[U:1:900000011]><Blue>" (damage "84") (weapon "quake_rl")
L 04/28/2026 - 05:36:50: "SoldierBoy<85><[U:1:900000011]><Blue>" triggered "shot_fired" (weapon "quake_rl")
L 04/28/2026 - 05:36:51: "SoldierBoy<85><[U:1:900000011]><Blue>" triggered "shot_fired" (weapon "shotgun_soldier")
L 04/28/2026 - 05:36:51: "SoldierBoy<85><[U:1:900000011]><Blue>" triggered "shot_hit" (weapon "shotgun_soldier")
L 04/28/2026 - 05:36:51: "SoldierBoy<85><[U:1:900000011]><Blue>" triggered "damage" against "QuickScout<84><[U:1:900000012]><Red>" (damage "16") (weapon "shotgun_soldier")
L 04/28/2026 - 05:36:51: "QuickScout<84><[U:1:900000012]><Red>" triggered "shot_hit" (weapon "quake_rl")
L 04/28/2026 - 05:36:51: "QuickScout<84><[U:1:900000012]><Red>" triggered "damage" against "SoldierBoy<85><[U:1:900000011]><Blue>" (damage "106") (realdamage "94") (weapon "quake_rl")
L 04/28/2026 - 05:36:51: "QuickScout<84><[U:1:900000012]><Red>" killed "SoldierBoy<85><[U:1:900000011]><Blue>" with "quake_rl" (attacker_position "-8758 11973 10736") (victim_position "-8583 11811 10737")
L 04/28/2026 - 05:36:51: "QuickScout<84><[U:1:900000012]><Red>" triggered "shot_fired" (weapon "quake_rl")
L 04/28/2026 - 05:36:51: "SoldierBoy<85><[U:1:900000011]><Blue>" spawned as "soldier"
L 04/28/2026 - 05:36:53: "SoldierBoy<85><[U:1:900000011]><Blue>" triggered "shot_fired" (weapon "quake_rl")
L 04/28/2026 - 05:36:53: "QuickScout<84><[U:1:900000012]><Red>" triggered "shot_fired" (weapon "quake_rl")
L 04/28/2026 - 05:36:53: "SoldierBoy<85><[U:1:900000011]><Blue>" triggered "shot_hit" (weapon "quake_rl")
L 04/28/2026 - 05:36:53: "SoldierBoy<85><[U:1:900000011]><Blue>" triggered "damage" against "QuickScout<84><[U:1:900000012]><Red>" (damage "68") (weapon "quake_rl")
L 04/28/2026 - 05:36:54: "QuickScout<84><[U:1:900000012]><Red>" triggered "shot_fired" (weapon "quake_rl")
L 04/28/2026 - 05:36:54: "SoldierBoy<85><[U:1:900000011]><Blue>" triggered "shot_fired" (weapon "quake_rl")
L 04/28/2026 - 05:36:54: "QuickScout<84><[U:1:900000012]><Red>" triggered "shot_hit" (weapon "quake_rl")
L 04/28/2026 - 05:36:54: "QuickScout<84><[U:1:900000012]><Red>" triggered "damage" against "SoldierBoy<85><[U:1:900000011]><Blue>" (damage "89") (weapon "quake_rl")
L 04/28/2026 - 05:36:55: "SoldierBoy<85><[U:1:900000011]><Blue>" triggered "shot_fired" (weapon "quake_rl")
L 04/28/2026 - 05:36:55: "SoldierBoy<85><[U:1:900000011]><Blue>" triggered "shot_hit" (weapon "quake_rl")
L 04/28/2026 - 05:36:55: "SoldierBoy<85><[U:1:900000011]><Blue>" triggered "damage" against "QuickScout<84><[U:1:900000012]><Red>" (damage "68") (weapon "quake_rl")
L 04/28/2026 - 05:36:55: "QuickScout<84><[U:1:900000012]><Red>" triggered "shot_fired" (weapon "quake_rl")
L 04/28/2026 - 05:36:56: "QuickScout<84><[U:1:900000012]><Red>" triggered "shot_fired" (weapon "quake_rl")
L 04/28/2026 - 05:36:56: "SoldierBoy<85><[U:1:900000011]><Blue>" triggered "shot_fired" (weapon "shotgun_soldier")
L 04/28/2026 - 05:36:56: "SoldierBoy<85><[U:1:900000011]><Blue>" triggered "shot_hit" (weapon "shotgun_soldier")
L 04/28/2026 - 05:36:56: "SoldierBoy<85><[U:1:900000011]><Blue>" triggered "damage" against "QuickScout<84><[U:1:900000012]><Red>" (damage "16") (weapon "shotgun_soldier")
L 04/28/2026 - 05:36:56: "SoldierBoy<85><[U:1:900000011]><Blue>" triggered "damage" against "QuickScout<84><[U:1:900000012]><Red>" (damage "8") (weapon "shotgun_soldier")
L 04/28/2026 - 05:36:56: "QuickScout<84><[U:1:900000012]><Red>" triggered "shot_fired" (weapon "shotgun_soldier")
L 04/28/2026 - 05:36:57: "QuickScout<84><[U:1:900000012]><Red>" triggered "shot_fired" (weapon "shotgun_soldier")
L 04/28/2026 - 05:36:57: "SoldierBoy<85><[U:1:900000011]><Blue>" triggered "shot_fired" (weapon "shotgun_soldier")
L 04/28/2026 - 05:36:57: "SoldierBoy<85><[U:1:900000011]><Blue>" triggered "shot_hit" (weapon "shotgun_soldier")
L 04/28/2026 - 05:36:57: "SoldierBoy<85><[U:1:900000011]><Blue>" triggered "damage" against "QuickScout<84><[U:1:900000012]><Red>" (damage "49") (weapon "shotgun_soldier")
L 04/28/2026 - 05:36:58: "QuickScout<84><[U:1:900000012]><Red>" triggered "shot_fired" (weapon "shotgun_soldier")
L 04/28/2026 - 05:36:58: "QuickScout<84><[U:1:900000012]><Red>" triggered "shot_hit" (weapon "shotgun_soldier")
L 04/28/2026 - 05:36:58: "QuickScout<84><[U:1:900000012]><Red>" triggered "damage" against "SoldierBoy<85><[U:1:900000011]><Blue>" (damage "73") (weapon "shotgun_soldier")
L 04/28/2026 - 05:36:58: "SoldierBoy<85><[U:1:900000011]><Blue>" triggered "shot_fired" (weapon "shotgun_soldier")
L 04/28/2026 - 05:36:58: "QuickScout<84><[U:1:900000012]><Red>" triggered "shot_fired" (weapon "shotgun_soldier")
L 04/28/2026 - 05:36:58: "SoldierBoy<85><[U:1:900000011]><Blue>" triggered "shot_fired" (weapon "shotgun_soldier")
L 04/28/2026 - 05:36:58: "SoldierBoy<85><[U:1:900000011]><Blue>" triggered "shot_hit" (weapon "shotgun_soldier")
L 04/28/2026 - 05:36:58: "SoldierBoy<85><[U:1:900000011]><Blue>" triggered "damage" against "QuickScout<84><[U:1:900000012]><Red>" (damage "24") (weapon "shotgun_soldier")
L 04/28/2026 - 05:36:59: "QuickScout<84><[U:1:900000012]><Red>" triggered "shot_fired" (weapon "shotgun_soldier")
L 04/28/2026 - 05:36:59: "SoldierBoy<85><[U:1:900000011]><Blue>" triggered "shot_fired" (weapon "shotgun_soldier")
L 04/28/2026 - 05:36:59: "SoldierBoy<85><[U:1:900000011]><Blue>" triggered "shot_hit" (weapon "shotgun_soldier")
L 04/28/2026 - 05:36:59: "SoldierBoy<85><[U:1:900000011]><Blue>" triggered "damage" against "QuickScout<84><[U:1:900000012]><Red>" (damage "24") (weapon "shotgun_soldier")
L 04/28/2026 - 05:36:59: "QuickScout<84><[U:1:900000012]><Red>" triggered "shot_fired" (weapon "shotgun_soldier")
L 04/28/2026 - 05:37:00: "SoldierBoy<85><[U:1:900000011]><Blue>" triggered "shot_fired" (weapon "shotgun_soldier")
L 04/28/2026 - 05:37:01: "QuickScout<84><[U:1:900000012]><Red>" triggered "shot_fired" (weapon "shotgun_soldier")
L 04/28/2026 - 05:37:01: "QuickScout<84><[U:1:900000012]><Red>" triggered "shot_hit" (weapon "shotgun_soldier")
L 04/28/2026 - 05:37:01: "QuickScout<84><[U:1:900000012]><Red>" triggered "damage" against "SoldierBoy<85><[U:1:900000011]><Blue>" (damage "87") (realdamage "39") (weapon "shotgun_soldier")
L 04/28/2026 - 05:37:01: "QuickScout<84><[U:1:900000012]><Red>" killed "SoldierBoy<85><[U:1:900000011]><Blue>" with "shotgun_soldier" (attacker_position "-8300 11719 10654") (victim_position "-8370 11611 10591")
L 04/28/2026 - 05:37:01: "QuickScout<84><[U:1:900000012]><Red>" triggered "domination" against "SoldierBoy<85><[U:1:900000011]><Blue>"
L 04/28/2026 - 05:37:01: "SoldierBoy<85><[U:1:900000011]><Blue>" spawned as "soldier"
L 04/28/2026 - 05:37:03: "QuickScout<84><[U:1:900000012]><Red>" triggered "shot_fired" (weapon "quake_rl")
L 04/28/2026 - 05:37:03: "QuickScout<84><[U:1:900000012]><Red>" triggered "shot_hit" (weapon "quake_rl")
L 04/28/2026 - 05:37:03: "QuickScout<84><[U:1:900000012]><Red>" triggered "damage" against "SoldierBoy<85><[U:1:900000011]><Blue>" (damage "101") (weapon "quake_rl") (airshot "1") (height "224")
L 04/28/2026 - 05:37:04: "SoldierBoy<85><[U:1:900000011]><Blue>" triggered "shot_fired" (weapon "quake_rl")
L 04/28/2026 - 05:37:04: "QuickScout<84><[U:1:900000012]><Red>" triggered "shot_fired" (weapon "quake_rl")
L 04/28/2026 - 05:37:06: "SoldierBoy<85><[U:1:900000011]><Blue>" triggered "shot_fired" (weapon "quake_rl")
L 04/28/2026 - 05:37:06: "SoldierBoy<85><[U:1:900000011]><Blue>" triggered "shot_hit" (weapon "quake_rl")
L 04/28/2026 - 05:37:06: "SoldierBoy<85><[U:1:900000011]><Blue>" triggered "damage" against "QuickScout<84><[U:1:900000012]><Red>" (damage "60") (weapon "quake_rl")
L 04/28/2026 - 05:37:07: "QuickScout<84><[U:1:900000012]><Red>" triggered "shot_hit" (weapon "quake_rl")
L 04/28/2026 - 05:37:07: "QuickScout<84><[U:1:900000012]><Red>" triggered "damage" against "SoldierBoy<85><[U:1:900000011]><Blue>" (damage "51") (weapon "quake_rl")
L 04/28/2026 - 05:37:07: "QuickScout<84><[U:1:900000012]><Red>" triggered "shot_fired" (weapon "quake_rl")
L 04/28/2026 - 05:37:07: "SoldierBoy<85><[U:1:900000011]><Blue>" triggered "shot_fired" (weapon "shotgun_soldier")
L 04/28/2026 - 05:37:07: "SoldierBoy<85><[U:1:900000011]><Blue>" triggered "shot_hit" (weapon "shotgun_soldier")
L 04/28/2026 - 05:37:07: "SoldierBoy<85><[U:1:900000011]><Blue>" triggered "damage" against "QuickScout<84><[U:1:900000012]><Red>" (damage "59") (weapon "shotgun_soldier")
L 04/28/2026 - 05:37:08: "QuickScout<84><[U:1:900000012]><Red>" triggered "shot_fired" (weapon "quake_rl")
L 04/28/2026 - 05:37:08: "QuickScout<84><[U:1:900000012]><Red>" triggered "shot_hit" (weapon "quake_rl")
L 04/28/2026 - 05:37:08: "QuickScout<84><[U:1:900000012]><Red>" triggered "damage" against "SoldierBoy<85><[U:1:900000011]><Blue>" (damage "53") (realdamage "24") (weapon "quake_rl")
L 04/28/2026 - 05:37:08: "QuickScout<84><[U:1:900000012]><Red>" killed "SoldierBoy<85><[U:1:900000011]><Blue>" with "quake_rl" (attacker_position "-8720 11569 10754") (victim_position "-8720 11973 10736")
L 04/28/2026 - 05:37:08: "SoldierBoy<85><[U:1:900000011]><Blue>" spawned as "soldier"
L 04/28/2026 - 05:37:10: "QuickScout<84><[U:1:900000012]><Red>" triggered "shot_hit" (weapon "quake_rl")
L 04/28/2026 - 05:37:10: "QuickScout<84><[U:1:900000012]><Red>" triggered "damage" against "SoldierBoy<85><[U:1:900000011]><Blue>" (damage "104") (weapon "quake_rl") (airshot "1") (height "213")
L 04/28/2026 - 05:37:10: "QuickScout<84><[U:1:900000012]><Red>" triggered "shot_fired" (weapon "quake_rl")
L 04/28/2026 - 05:37:10: "SoldierBoy<85><[U:1:900000011]><Blue>" triggered "shot_fired" (weapon "quake_rl")
L 04/28/2026 - 05:37:10: "SoldierBoy<85><[U:1:900000011]><Blue>" triggered "shot_hit" (weapon "quake_rl")
L 04/28/2026 - 05:37:10: "SoldierBoy<85><[U:1:900000011]><Blue>" triggered "damage" against "QuickScout<84><[U:1:900000012]><Red>" (damage "60") (weapon "quake_rl")
L 04/28/2026 - 05:37:11: "SoldierBoy<85><[U:1:900000011]><Blue>" triggered "shot_fired" (weapon "quake_rl")
L 04/28/2026 - 05:37:11: "QuickScout<84><[U:1:900000012]><Red>" triggered "shot_fired" (weapon "quake_rl")
L 04/28/2026 - 05:37:11: "SoldierBoy<85><[U:1:900000011]><Blue>" triggered "shot_hit" (weapon "quake_rl")
L 04/28/2026 - 05:37:11: "SoldierBoy<85><[U:1:900000011]><Blue>" triggered "damage" against "QuickScout<84><[U:1:900000012]><Red>" (damage "35") (weapon "quake_rl")
L 04/28/2026 - 05:37:12: "QuickScout<84><[U:1:900000012]><Red>" triggered "shot_fired" (weapon "quake_rl")
L 04/28/2026 - 05:37:13: "SoldierBoy<85><[U:1:900000011]><Blue>" triggered "shot_fired" (weapon "quake_rl")
L 04/28/2026 - 05:37:13: "SoldierBoy<85><[U:1:900000011]><Blue>" triggered "shot_hit" (weapon "quake_rl")
L 04/28/2026 - 05:37:13: "SoldierBoy<85><[U:1:900000011]><Blue>" triggered "damage" against "QuickScout<84><[U:1:900000012]><Red>" (damage "92") (weapon "quake_rl")
L 04/28/2026 - 05:37:14: "QuickScout<84><[U:1:900000012]><Red>" triggered "shot_fired" (weapon "quake_rl")
L 04/28/2026 - 05:37:14: "SoldierBoy<85><[U:1:900000011]><Blue>" triggered "shot_fired" (weapon "quake_rl")
L 04/28/2026 - 05:37:15: "SoldierBoy<85><[U:1:900000011]><Blue>" triggered "shot_fired" (weapon "shotgun_soldier")
L 04/28/2026 - 05:37:15: "SoldierBoy<85><[U:1:900000011]><Blue>" triggered "shot_hit" (weapon "shotgun_soldier")
L 04/28/2026 - 05:37:15: "SoldierBoy<85><[U:1:900000011]><Blue>" triggered "damage" against "QuickScout<84><[U:1:900000012]><Red>" (damage "23") (weapon "shotgun_soldier")
L 04/28/2026 - 05:37:15: "QuickScout<84><[U:1:900000012]><Red>" triggered "shot_fired" (weapon "quake_rl")
L 04/28/2026 - 05:37:15: "QuickScout<84><[U:1:900000012]><Red>" triggered "shot_fired" (weapon "shotgun_soldier")
L 04/28/2026 - 05:37:15: "QuickScout<84><[U:1:900000012]><Red>" triggered "shot_hit" (weapon "shotgun_soldier")
L 04/28/2026 - 05:37:15: "QuickScout<84><[U:1:900000012]><Red>" triggered "damage" against "SoldierBoy<85><[U:1:900000011]><Blue>" (damage "30") (weapon "shotgun_soldier")
L 04/28/2026 - 05:37:15: "SoldierBoy<85><[U:1:900000011]><Blue>" triggered "shot_fired" (weapon "shotgun_soldier")
L 04/28/2026 - 05:37:16: "QuickScout<84><[U:1:900000012]><Red>" triggered "shot_fired" (weapon "shotgun_soldier")
L 04/28/2026 - 05:37:16: "SoldierBoy<85><[U:1:900000011]><Blue>" triggered "shot_fired" (weapon "shotgun_soldier")
L 04/28/2026 - 05:37:16: "SoldierBoy<85><[U:1:900000011]><Blue>" triggered "shot_hit" (weapon "shotgun_soldier")
L 04/28/2026 - 05:37:16: "SoldierBoy<85><[U:1:900000011]><Blue>" triggered "damage" against "QuickScout<84><[U:1:900000012]><Red>" (damage "74") (realdamage "67") (weapon "shotgun_soldier")
L 04/28/2026 - 05:37:16: World triggered "mge_elo_delta" (player "[U:1:900000011]") (old_elo "2722") (new_elo "2722")
L 04/28/2026 - 05:37:16: World triggered "mge_elo_delta" (player "[U:1:900000012]") (old_elo "2131") (new_elo "2131")
L 04/28/2026 - 05:37:16: "SoldierBoy<85><[U:1:900000011]><Blue>" killed "QuickScout<84><[U:1:900000012]><Red>" with "shotgun_soldier" (attacker_position "-8679 11712 10743") (victim_position "-8677 11936 10736")
L 04/28/2026 - 05:37:16: "SoldierBoy<85><[U:1:900000011]><Blue>" triggered "revenge" against "QuickScout<84><[U:1:900000012]><Red>"
L 04/28/2026 - 05:37:16: World triggered "mge_match_end" (winner "[U:1:900000011]") (winner_score "20") (loser_score "9")
