L 04/27/2026 - 22:35:04: World triggered "meta_data" (matchid "26042722350459ea") (map "mge_triumph_beta7_rc1") (arena "Badlands Middle 1 [1v1 MGE]") (gamemode "mge") (fraglimit "0")
L 04/27/2026 - 22:35:04: "SniperOne<70><[U:1:900000005]><Red>" changed role to "scout"
L 04/27/2026 - 22:35:04: "HeavyGuy<51><[U:1:900000006]><Blue>" changed role to "scout"
L 04/27/2026 - 22:35:05: "SniperOne<70><[U:1:900000005]><Red>" triggered "shot_fired" (weapon "scattergun")
L 04/27/2026 - 22:35:05: "HeavyGuy<51><[U:1:900000006]><Blue>" triggered "shot_fired" (weapon "scattergun")
L 04/27/2026 - 22:35:05: "HeavyGuy<51><[U:1:900000006]><Blue>" triggered "shot_hit" (weapon "scattergun")
L 04/27/2026 - 22:35:05: "HeavyGuy<51><[U:1:900000006]><Blue>" triggered "damage" against "SniperOne<70><[U:1:900000005]><Red>" (damage "18") (weapon "scattergun")
L 04/27/2026 - 22:35:06: "SniperOne<70><[U:1:900000005]><Red>" triggered "shot_fired" (weapon "scattergun")
L 04/27/2026 - 22:35:06: "HeavyGuy<51><[U:1:900000006]><Blue>" triggered "shot_fired" (weapon "scattergun")
L 04/27/2026 - 22:35:06: "HeavyGuy<51><[U:1:900000006]><Blue>" triggered "shot_hit" (weapon "scattergun")
L 04/27/2026 - 22:35:06: "HeavyGuy<51><[U:1:900000006]><Blue>" triggered "damage" against "SniperOne<70><[U:1:900000005]><Red>" (damage "22") (weapon "scattergun")
L 04/27/2026 - 22:35:06: "SniperOne<70><[U:1:900000005]><Red>" triggered "shot_fired" (weapon "scattergun")
L 04/27/2026 - 22:35:07: "HeavyGuy<51><[U:1:900000006]><Blue>" triggered "shot_fired" (weapon "scattergun")
L 04/27/2026 - 22:35:07: "HeavyGuy<51><[U:1:900000006]><Blue>" triggered "shot_hit" (weapon "scattergun")
L 04/27/2026 - 22:35:07: "HeavyGuy<51><[U:1:900000006]><Blue>" triggered "damage" against "SniperOne<70><[U:1:900000005]><Red>" (damage "14") (weapon "scattergun")
L 04/27/2026 - 22:35:07: "SniperOne<70><[U:1:900000005]><Red>" triggered "shot_fired" (weapon "scattergun")
L 04/27/2026 - 22:35:08: "HeavyGuy<51><[U:1:900000006]><Blue>" triggered "shot_fired" (weapon "scattergun")
L 04/27/2026 - 22:35:08: "HeavyGuy<51><[U:1:900000006]><Blue>" triggered "shot_hit" (weapon "scattergun")
L 04/27/2026 - 22:35:08: "HeavyGuy<51><[U:1:900000006]><Blue>" triggered "damage" against "SniperOne<70><[U:1:900000005]><Red>" (damage "4") (weapon "scattergun")
L 04/27/2026 - 22:35:09: "HeavyGuy<51><[U:1:900000006]><Blue>" triggered "shot_fired" (weapon "scattergun")
L 04/27/2026 - 22:35:09: "HeavyGuy<51><[U:1:900000006]><Blue>" triggered "shot_hit" (weapon "scattergun")
L 04/27/2026 - 22:35:09: "HeavyGuy<51><[U:1:900000006]><Blue>" triggered "damage" against "SniperOne<70><[U:1:900000005]><Red>" (damage "18") (weapon "scattergun")
L 04/27/2026 - 22:35:10: "HeavyGuy<51><[U:1:900000006]><Blue>" triggered "shot_fired" (weapon "scattergun")
L 04/27/2026 - 22:35:10: "HeavyGuy<51><[U:1:900000006]><Blue>" triggered "shot_hit" (weapon "scattergun")
L 04/27/2026 - 22:35:10: "HeavyGuy<51><[U:1:900000006]><Blue>" triggered "damage" against "SniperOne<70><[U:1:900000005]><Red>" (damage "12") (weapon "scattergun")
L 04/27/2026 - 22:35:10: "SniperOne<70><[U:1:900000005]><Red>" triggered "shot_fired" (weapon "scattergun")
L 04/27/2026 - 22:35:11: "SniperOne<70><[U:1:900000005]><Red>" triggered "shot_fired" (weapon "scattergun")
L 04/27/2026 - 22:35:12: "SniperOne<70><[U:1:900000005]><Red>" triggered "shot_fired" (weapon "scattergun")
L 04/27/2026 - 22:35:13: "HeavyGuy<51><[U:1:900000006]><Blue>" triggered "shot_fired" (weapon "scattergun")
L 04/27/2026 - 22:35:13: "HeavyGuy<51><[U:1:900000006]><Blue>" triggered "shot_hit" (weapon "scattergun")
L 04/27/2026 - 22:35:13: "HeavyGuy<51><[U:1:900000006]><Blue>" triggered "damage" against "SniperOne<70><[U:1:900000005]><Red>" (damage "16") (weapon "scattergun") (crit "mini")
L 04/27/2026 - 22:35:14: "SniperOne<70><[U:1:900000005]><Red>" triggered "shot_fired" (weapon "scattergun")
L 04/27/2026 - 22:35:15: "HeavyGuy<51><[U:1:900000006]><Blue>" triggered "shot_fired" (weapon "scattergun")
L 04/27/2026 - 22:35:19: "HeavyGuy<51><[U:1:900000006]><Blue>" triggered "shot_fired" (weapon "scattergun")
L 04/27/2026 - 22:35:19: "HeavyGuy<51><[U:1:900000006]><Blue>" triggered "shot_hit" (weapon "scattergun")
L 04/27/2026 - 22:35:19: "HeavyGuy<51><[U:1:900000006]><Blue>" triggered "damage" against "SniperOne<70><[U:1:900000005]><Red>" (damage "16") (weapon "scattergun")
L 04/27/2026 - 22:35:20: "HeavyGuy<51><[U:1:900000006]><Blue>" triggered "shot_fired" (weapon "scattergun")
L 04/27/2026 - 22:35:20: "HeavyGuy<51><[U:1:900000006]><Blue>" triggered "shot_hit" (weapon "scattergun")
L 04/27/2026 - 22:35:20: "HeavyGuy<51><[U:1:900000006]><Blue>" triggered "damage" against "SniperOne<70><[U:1:900000005]><Red>" (damage "40") (realdamage "19") (weapon "scattergun")
L 04/27/2026 - 22:35:20: "HeavyGuy<51><[U:1:900000006]><Blue>" killed "SniperOne<70><[U:1:900000005]><Red>" with "scattergun" (attacker_position "-13325 12094 10726") (victim_position "-13086 11856 10833")
L 04/27/2026 - 22:35:20: "SniperOne<70><[U:1:900000005]><Red>" spawned as "scout"
L 04/27/2026 - 22:35:22: "HeavyGuy<51><[U:1:900000006]><Blue>" triggered "shot_fired" (weapon "scattergun")
L 04/27/2026 - 22:35:22: "HeavyGuy<51><[U:1:900000006]><Blue>" triggered "shot_hit" (weapon "scattergun")
L 04/27/2026 - 22:35:22: "HeavyGuy<51><[U:1:900000006]><Blue>" triggered "damage" against "SniperOne<70><[U:1:900000005]><Red>" (damage "4") (weapon "scattergun")
L 04/27/2026 - 22:35:23: "HeavyGuy<51><[U:1:900000006]><Blue>" triggered "shot_fired" (weapon "scattergun")
L 04/27/2026 - 22:35:23: "HeavyGuy<51><[U:1:900000006]><Blue>" triggered "shot_hit" (weapon "scattergun")
L 04/27/2026 - 22:35:23: "HeavyGuy<51><[U:1:900000006]><Blue>" triggered "damage" against "SniperOne<70><[U:1:900000005]><Red>" (damage "10") (weapon "scattergun")
L 04/27/2026 - 22:35:26: "HeavyGuy<51><[U:1:900000006]><Blue>" triggered "shot_fired" (weapon "scattergun")
L 04/27/2026 - 22:35:26: "HeavyGuy<51><[U:1:900000006]><Blue>" triggered "shot_hit" (weapon "scattergun")
L 04/27/2026 - 22:35:26: "HeavyGuy<51><[U:1:900000006]><Blue>" triggered "damage" against "SniperOne<70><[U:1:900000005]><Red>" (damage "20") (weapon "scattergun")
L 04/27/2026 - 22:35:27: "HeavyGuy<51><[U:1:900000006]><Blue>" triggered "shot_fired" (weapon "scattergun")
L 04/27/2026 - 22:35:27: "SniperOne<70><[U:1:900000005]><Red>" triggered "shot_fired" (weapon "scattergun")
L 04/27/2026 - 22:35:27: "SniperOne<70><[U:1:900000005]><Red>" triggered "shot_hit" (weapon "scattergun")
L 04/27/2026 - 22:35:27: "SniperOne<70><[U:1:900000005]><Red>" triggered "damage" against "HeavyGuy<51><[U:1:900000006]><Blue>" (damage "68") (weapon "scattergun") (crit "mini")
L 04/27/2026 - 22:35:27: "HeavyGuy<51><[U:1:900000006]><Blue>" triggered "shot_fired" (weapon "scattergun")
L 04/27/2026 - 22:35:28: "SniperOne<70><[U:1:900000005]><Red>" triggered "shot_fired" (weapon "scattergun")
L 04/27/2026 - 22:35:28: "HeavyGuy<51><[U:1:900000006]><Blue>" triggered "shot_fired" (weapon "scattergun")
L 04/27/2026 - 22:35:28: "HeavyGuy<51><[U:1:900000006]><Blue>" triggered "shot_hit" (weapon "scattergun")
L 04/27/2026 - 22:35:28: "HeavyGuy<51><[U:1:900000006]><Blue>" triggered "damage" against "SniperOne<70><[U:1:900000005]><Red>" (damage "41") (weapon "scattergun") (crit "mini")
L 04/27/2026 - 22:35:29: "HeavyGuy<51><[U:1:900000006]><Blue>" triggered "shot_fired" (weapon "scattergun")
L 04/27/2026 - 22:35:29: "HeavyGuy<51><[U:1:900000006]><Blue>" triggered "shot_hit" (weapon "scattergun")
L 04/27/2026 - 22:35:29: "HeavyGuy<51><[U:1:900000006]><Blue>" triggered "damage" against "SniperOne<70><[U:1:900000005]><Red>" (damage "9") (weapon "scattergun") (crit "mini")
L 04/27/2026 - 22:35:30: "SniperOne<70><[U:1:900000005]><Red>" triggered "shot_fired" (weapon "scattergun")
L 04/27/2026 - 22:35:30: "SniperOne<70><[U:1:900000005]><Red>" triggered "shot_hit" (weapon "scattergun")
L 04/27/2026 - 22:35:30: "SniperOne<70><[U:1:900000005]><Red>" triggered "damage" against "HeavyGuy<51><[U:1:900000006]><Blue>" (damage "9") (weapon "scattergun") (crit "mini")
L 04/27/2026 - 22:35:30: "HeavyGuy<51><[U:1:900000006]><Blue>" triggered "shot_fired" (weapon "scattergun")
L 04/27/2026 - 22:35:30: "SniperOne<70><[U:1:900000005]><Red>" triggered "shot_fired" (weapon "scattergun")
L 04/27/2026 - 22:35:30: "SniperOne<70><[U:1:900000005]><Red>" triggered "shot_hit" (weapon "scattergun")
L 04/27/2026 - 22:35:30: "SniperOne<70><[U:1:900000005]><Red>" triggered "damage" against "HeavyGuy<51><[U:1:900000006]><Blue>" (damage "25") (weapon "scattergun") (crit "mini")
L 04/27/2026 - 22:35:31: "SniperOne<70><[U:1:900000005]><Red>" triggered "shot_fired" (weapon "scattergun")
L 04/27/2026 - 22:35:33: "SniperOne<70><[U:1:900000005]><Red>" triggered "shot_fired" (weapon "scattergun")
L 04/27/2026 - 22:35:33: "SniperOne<70><[U:1:900000005]><Red>" triggered "shot_hit" (weapon "scattergun")
L 04/27/2026 - 22:35:33: "SniperOne<70><[U:1:900000005]><Red>" triggered "damage" against "HeavyGuy<51><[U:1:900000006]><Blue>" (damage "15") (weapon "scattergun")
L 04/27/2026 - 22:35:35: "SniperOne<70><[U:1:900000005]><Red>" triggered "shot_fired" (weapon "scattergun")
L 04/27/2026 - 22:35:35: "SniperOne<70><[U:1:900000005]><Red>" triggered "shot_hit" (weapon "scattergun")
L 04/27/2026 - 22:35:35: "SniperOne<70><[U:1:900000005]><Red>" triggered "damage" against "HeavyGuy<51><[U:1:900000006]><Blue>" (damage "38") (realdamage "12") (weapon "scattergun")
L 04/27/2026 - 22:35:35: "SniperOne<70><[U:1:900000005]><Red>" killed "HeavyGuy<51><[U:1:900000006]><Blue>" with "scattergun" (attacker_position "-13094 11238 10759") (victim_position "-13300 11280 10696")
L 04/27/2026 - 22:35:35: "HeavyGuy<51><[U:1:900000006]><Blue>" spawned as "scout"
L 04/27/2026 - 22:35:36: "HeavyGuy<51><[U:1:900000006]><Blue>" triggered "shot_fired" (weapon "scattergun")
L 04/27/2026 - 22:35:37: "HeavyGuy<51><[U:1:900000006]><Blue>" triggered "shot_fired" (weapon "scattergun")
L 04/27/2026 - 22:35:37: "HeavyGuy<51><[U:1:900000006]><Blue>" triggered "shot_hit" (weapon "scattergun")
L 04/27/2026 - 22:35:37: "HeavyGuy<51><[U:1:900000006]><Blue>" triggered "damage" against "SniperOne<70><[U:1:900000005]><Red>" (damage "4") (weapon "scattergun")
L 04/27/2026 - 22:35:38: "HeavyGuy<51><[U:1:900000006]><Blue>" triggered "shot_fired" (weapon "scattergun")
L 04/27/2026 - 22:35:38: "HeavyGuy<51><[U:1:900000006]><Blue>" triggered "shot_hit" (weapon "scattergun")
L 04/27/2026 - 22:35:38: "HeavyGuy<51><[U:1:900000006]><Blue>" triggered "damage" against "SniperOne<70><[U:1:900000005]><Red>" (damage "7") (weapon "scattergun")
L 04/27/2026 - 22:35:40: "HeavyGuy<51><[U:1:900000006]><Blue>" triggered "shot_fired" (weapon "scattergun")
L 04/27/2026 - 22:35:40: "HeavyGuy<51><[U:1:900000006]><Blue>" picked up item "tf_ammo_pack"
L 04/27/2026 - 22:35:44: "SniperOne<70><[U:1:900000005]><Red>" triggered "shot_fired" (weapon "scattergun")
L 04/27/2026 - 22:35:44: "SniperOne<70><[U:1:900000005]><Red>" triggered "shot_hit" (weapon "scattergun")
L 04/27/2026 - 22:35:44: "SniperOne<70><[U:1:900000005]><Red>" triggered "damage" against "HeavyGuy<51><[U:1:900000006]><Blue>" (damage "140") (realdamage "125") (weapon "scattergun") (crit "mini")
L 04/27/2026 - 22:35:44: "SniperOne<70><[U:1:900000005]><Red>" killed "HeavyGuy<51><[U:1:900000006]><Blue>" with "scattergun" (attacker_position "-12261 10899 10688") (victim_position "-12292 10839 10688")
L 04/27/2026 - 22:35:44: "HeavyGuy<51><[U:1:900000006]><Blue>" spawned as "scout"
L 04/27/2026 - 22:35:47: "HeavyGuy<51><[U:1:900000006]><Blue>" triggered "damage" against "SniperOne<70><[U:1:900000005]><Red>" (damage "68") (weapon "guillotine") (crit "mini")
L 04/27/2026 - 22:35:47: "HeavyGuy<51><[U:1:900000006]><Blue>" triggered "damage" against "SniperOne<70><[U:1:900000005]><Red>" (damage "5") (weapon "guillotine") (crit "mini")
L 04/27/2026 - 22:35:47: "SniperOne<70><[U:1:900000005]><Red>" triggered "shot_fired" (weapon "scattergun")
L 04/27/2026 - 22:35:48: "HeavyGuy<51><[U:1:900000006]><Blue>" triggered "damage" against "SniperOne<70><[U:1:900000005]><Red>" (damage "5") (weapon "guillotine") (crit "mini")
L 04/27/2026 - 22:35:48: "HeavyGuy<51><[U:1:900000006]><Blue>" triggered "shot_fired" (weapon "scattergun")
L 04/27/2026 - 22:35:48: "SniperOne<70><[U:1:900000005]><Red>" triggered "shot_fired" (weapon "scattergun")
L 04/27/2026 - 22:35:48: "HeavyGuy<51><[U:1:900000006]><Blue>" triggered "damage" against "SniperOne<70><[U:1:900000005]><Red>" (damage "5") (weapon "guillotine") (crit "mini")
L 04/27/2026 - 22:35:48: "HeavyGuy<51><[U:1:900000006]><Blue>" triggered "shot_fired" (weapon "scattergun")
L 04/27/2026 - 22:35:49: "HeavyGuy<51><[U:1:900000006]><Blue>" triggered "damage" against "SniperOne<70><[U:1:900000005]><Red>" (damage "5") (weapon "guillotine") (crit "mini")
L 04/27/2026 - 22:35:49: "HeavyGuy<51><[U:1:900000006]><Blue>" triggered "shot_fired" (weapon "scattergun")
L 04/27/2026 - 22:35:49: "HeavyGuy<51><[U:1:900000006]><Blue>" triggered "damage" against "SniperOne<70><[U:1:900000005]><Red>" (damage "4") (weapon "guillotine")
L 04/27/2026 - 22:35:50: "HeavyGuy<51><[U:1:900000006]><Blue>" triggered "damage" against "SniperOne<70><[U:1:900000005]><Red>" (damage "4") (weapon "guillotine")
L 04/27/2026 - 22:35:50: "HeavyGuy<51><[U:1:900000006]><Blue>" triggered "damage" against "SniperOne<70><[U:1:900000005]><Red>" (damage "4") (weapon "guillotine")
L 04/27/2026 - 22:35:50: "SniperOne<70><[U:1:900000005]><Red>" triggered "shot_fired" (weapon "scattergun")
L 04/27/2026 - 22:35:50: "SniperOne<70><[U:1:900000005]><Red>" triggered "shot_hit" (weapon "scattergun")
L 04/27/2026 - 22:35:50: "SniperOne<70><[U:1:900000005]><Red>" triggered "damage" against "HeavyGuy<51><[U:1:900000006]><Blue>" (damage "14") (weapon "scattergun")
L 04/27/2026 - 22:35:51: "HeavyGuy<51><[U:1:900000006]><Blue>" triggered "damage" against "SniperOne<70><[U:1:900000005]><Red>" (damage "4") (weapon "guillotine")
L 04/27/2026 - 22:35:51: "SniperOne<70><[U:1:900000005]><Red>" triggered "shot_fired" (weapon "scattergun")
L 04/27/2026 - 22:35:51: "SniperOne<70><[U:1:900000005]><Red>" triggered "shot_hit" (weapon "scattergun")
L 04/27/2026 - 22:35:51: "SniperOne<70><[U:1:900000005]><Red>" triggered "damage" against "HeavyGuy<51><[U:1:900000006]><Blue>" (damage "5") (weapon "scattergun")
L 04/27/2026 - 22:35:51: "HeavyGuy<51><[U:1:900000006]><Blue>" triggered "damage" against "SniperOne<70><[U:1:900000005]><Red>" (damage "4") (weapon "guillotine")
L 04/27/2026 - 22:35:52: "SniperOne<70><[U:1:900000005]><Red>" triggered "shot_fired" (weapon "scattergun")
L 04/27/2026 - 22:35:52: "SniperOne<70><[U:1:900000005]><Red>" triggered "shot_hit" (weapon "scattergun")
L 04/27/2026 - 22:35:52: "SniperOne<70><[U:1:900000005]><Red>" triggered "damage" against "HeavyGuy<51><[U:1:900000006]><Blue>" (damage "8") (weapon "scattergun")
L 04/27/2026 - 22:35:52: "HeavyGuy<51><[U:1:900000006]><Blue>" triggered "damage" against "SniperOne<70><[U:1:900000005]><Red>" (damage "4") (weapon "guillotine")
L 04/27/2026 - 22:35:52: "HeavyGuy<51><[U:1:900000006]><Blue>" triggered "shot_fired" (weapon "scattergun")
L 04/27/2026 - 22:35:56: "HeavyGuy<51><[U:1:900000006]><Blue>" triggered "shot_fired" (weapon "scattergun")
L 04/27/2026 - 22:35:56: "HeavyGuy<51><[U:1:900000006]><Blue>" triggered "shot_hit" (weapon "scattergun")
L 04/27/2026 - 22:35:56: "HeavyGuy<51><[U:1:900000006]><Blue>" triggered "damage" against "SniperOne<70><[U:1:900000005]><Red>" (damage "76") (realdamage "32") (weapon "scattergun")
L 04/27/2026 - 22:35:56: "HeavyGuy<51><[U:1:900000006]><Blue>" killed "SniperOne<70><[U:1:900000005]><Red>" with "scattergun" (attacker_position "-13176 10853 10883") (victim_position "-13154 10597 10696")
L 04/27/2026 - 22:35:56: "SniperOne<70><[U:1:900000005]><Red>" spawned as "scout"
L 04/27/2026 - 22:35:56: "HeavyGuy<51><[U:1:900000006]><Blue>" triggered "shot_fired" (weapon "scattergun")
L 04/27/2026 - 22:35:58: "HeavyGuy<51><[U:1:900000006]><Blue>" picked up item "tf_ammo_pack"
L 04/27/2026 - 22:36:01: "SniperOne<70><[U:1:900000005]><Red>" say "!add"
L 04/27/2026 - 22:36:02: "SniperOne<70><[U:1:900000005]><Red>" joined team "Spectator"
L 04/27/2026 - 22:36:02: "SniperOne<70><[U:1:900000005]><Spectator>" joined team "Red"
L 04/27/2026 - 22:36:02: "SniperOne<70><[U:1:900000005]><Red>" spawned as "scout"
L 04/27/2026 - 22:36:13: "SniperOne<70><[U:1:900000005]><Red>" say "gg"
L 04/27/2026 - 22:36:21: "SniperOne<70><[U:1:900000005]><Red>" say "nice shot"
L 04/27/2026 - 22:37:02: "HeavyGuy<51><[U:1:900000006]><Blue>" say "close game"
L 04/27/2026 - 22:37:04: "HeavyGuy<51><[U:1:900000006]><Blue>" joined team "Spectator"
L 04/27/2026 - 22:37:04: "HeavyGuy<51><[U:1:900000006]><Spectator>" joined team "Blue"
L 04/27/2026 - 22:37:04: "HeavyGuy<51><[U:1:900000006]><Blue>" spawned as "scout"
L 04/28/2026 - 00:00:00: World triggered "mge_match_aborted" (reason "map_change")
