L 04/28/2026 - 06:08:39: World triggered "meta_data" (matchid "260428060839cdc9") (map "mge_triumph_beta7_rc1") (arena "Badlands Spire 1 [1v1 MGE]") (gamemode "mge") (fraglimit "0")
L 04/28/2026 - 06:08:39: "AirshotKing<86><[U:1:900000013]><Red>" changed role to "soldier"
L 04/28/2026 - 06:08:39: "SoldierBoy<85><[U:1:900000011]><Blue>" changed role to "soldier"
L 04/28/2026 - 06:08:40: "AirshotKing<86><[U:1:900000013]><Red>" triggered "shot_fired" (weapon "quake_rl")
L 04/28/2026 - 06:08:40: "SoldierBoy<85><[U:1:900000011]><Blue>" triggered "shot_fired" (weapon "quake_rl")
L 04/28/2026 - 06:08:40: "SoldierBoy<85><[U:1:900000011]><Blue>" triggered "shot_hit" (weapon "quake_rl")
L 04/28/2026 - 06:08:40: "SoldierBoy<85><[U:1:900000011]><Blue>" triggered "damage" against "AirshotKing<86><[U:1:900000013]><Red>" (damage "66") (weapon "quake_rl")
L 04/28/2026 - 06:08:41: "AirshotKing<86><[U:1:900000013]><Red>" triggered "shot_fired" (weapon "quake_rl")
L 04/28/2026 - 06:08:41: "AirshotKing<86><[U:1:900000013]><Red>" triggered "shot_hit" (weapon "quake_rl")
L 04/28/2026 - 06:08:41: "AirshotKing<86><[U:1:900000013]><Red>" triggered "damage" against "SoldierBoy<85><[U:1:900000011]><Blue>" (damage "93") (weapon "quake_rl")
L 04/28/2026 - 06:08:41: "SoldierBoy<85><[U:1:900000011]><Blue>" triggered "shot_fired" (weapon "quake_rl")
L 04/28/2026 - 06:08:42: "AirshotKing<86><[U:1:900000013]><Red>" triggered "shot_fired" (weapon "quake_rl")
L 04/28/2026 - 06:08:42: "SoldierBoy<85><[U:1:900000011]><Blue>" triggered "shot_fired" (weapon "quake_rl")
L 04/28/2026 - 06:08:42: "SoldierBoy<85><[U:1:900000011]><Blue>" triggered "shot_hit" (weapon "quake_rl")
L 04/28/2026 - 06:08:42: "SoldierBoy<85><[U:1:900000011]><Blue>" triggered "damage" against "AirshotKing<86><[U:1:900000013]><Red>" (damage "72") (weapon "quake_rl")
L 04/28/2026 - 06:08:42: "AirshotKing<86><[U:1:900000013]><Red>" triggered "shot_fired" (weapon "shotgun_soldier")
L 04/28/2026 - 06:08:42: "AirshotKing<86><[U:1:900000013]><Red>" triggered "shot_hit" (weapon "shotgun_soldier")
L 04/28/2026 - 06:08:42: "AirshotKing<86><[U:1:900000013]><Red>" triggered "damage" against "SoldierBoy<85><[U:1:900000011]><Blue>" (damage "62") (weapon "shotgun_soldier")
L 04/28/2026 - 06:08:42: "SoldierBoy<85><[U:1:900000011]><Blue>" triggered "shot_fired" (weapon "shotgun_soldier")
L 04/28/2026 - 06:08:42: "SoldierBoy<85><[U:1:900000011]><Blue>" triggered "shot_hit" (weapon "shotgun_soldier")
L 04/28/2026 - 06:08:42: "SoldierBoy<85><[U:1:900000011]><Blue>" triggered "damage" against "AirshotKing<86><[U:1:900000013]><Red>" (damage "38") (weapon "shotgun_soldier")
L 04/28/2026 - 06:08:43: "AirshotKing<86><[U:1:900000013]><Red>" triggered "shot_fired" (weapon "shotgun_soldier")
L 04/28/2026 - 06:08:43: "AirshotKing<86><[U:1:900000013]><Red>" triggered "shot_hit" (weapon "shotgun_soldier")
L 04/28/2026 - 06:08:43: "AirshotKing<86><[U:1:900000013]><Red>" triggered "damage" against "SoldierBoy<85><[U:1:900000011]><Blue>" (damage "17") (weapon "shotgun_soldier")
L 04/28/2026 - 06:08:43: "AirshotKing<86><[U:1:900000013]><Red>" killed "SoldierBoy<85><[U:1:900000011]><Blue>" with "shotgun_soldier" (attacker_position "-8597 11543 11072") (victim_position "-8361 11673 10591")
L 04/28/2026 - 06:08:43: "SoldierBoy<85><[U:1:900000011]><Blue>" spawned as "soldier"
L 04/28/2026 - 06:08:45: "SoldierBoy<85><[U:1:900000011]><Blue>" triggered "shot_fired" (weapon "quake_rl")
L 04/28/2026 - 06:08:45: "AirshotKing<86><[U:1:900000013]><Red>" triggered "shot_fired" (weapon "quake_rl")
L 04/28/2026 - 06:08:45: "SoldierBoy<85><[U:1:900000011]><Blue>" triggered "shot_hit" (weapon "quake_rl")
L 04/28/2026 - 06:08:45: "SoldierBoy<85><[U:1:900000011]><Blue>" triggered "damage" against "AirshotKing<86><[U:1:900000013]><Red>" (damage "57") (weapon "quake_rl")
L 04/28/2026 - 06:08:46: "AirshotKing<86><[U:1:900000013]><Red>" triggered "shot_fired" (weapon "quake_rl")
L 04/28/2026 - 06:08:46: "SoldierBoy<85><[U:1:900000011]><Blue>" triggered "shot_fired" (weapon "quake_rl")
L 04/28/2026 - 06:08:46: "SoldierBoy<85><[U:1:900000011]><Blue>" triggered "shot_hit" (weapon "quake_rl")
L 04/28/2026 - 06:08:46: "SoldierBoy<85><[U:1:900000011]><Blue>" triggered "damage" against "AirshotKing<86><[U:1:900000013]><Red>" (damage "103") (weapon "quake_rl")
L 04/28/2026 - 06:08:47: "AirshotKing<86><[U:1:900000013]><Red>" triggered "shot_fired" (weapon "quake_rl")
L 04/28/2026 - 06:08:47: "AirshotKing<86><[U:1:900000013]><Red>" triggered "shot_fired" (weapon "quake_rl")
L 04/28/2026 - 06:08:48: "SoldierBoy<85><[U:1:900000011]><Blue>" triggered "shot_fired" (weapon "quake_rl")
L 04/28/2026 - 06:08:48: "SoldierBoy<85><[U:1:900000011]><Blue>" triggered "shot_hit" (weapon "quake_rl")
L 04/28/2026 - 06:08:48: "SoldierBoy<85><[U:1:900000011]><Blue>" triggered "damage" against "AirshotKing<86><[U:1:900000013]><Red>" (damage "76") (weapon "quake_rl")
L 04/28/2026 - 06:08:49: "AirshotKing<86><[U:1:900000013]><Red>" triggered "shot_hit" (weapon "quake_rl")
L 04/28/2026 - 06:08:49: "AirshotKing<86><[U:1:900000013]><Red>" triggered "damage" against "SoldierBoy<85><[U:1:900000011]><Blue>" (damage "110") (weapon "quake_rl")
L 04/28/2026 - 06:08:49: "SoldierBoy<85><[U:1:900000011]><Blue>" killed "AirshotKing<86><[U:1:900000013]><Red>" with "world" (attacker_position "-8714 11975 10736") (victim_position "-8630 11925 10638")
L 04/28/2026 - 06:08:49: "AirshotKing<86><[U:1:900000013]><Red>" triggered "shot_fired" (weapon "quake_rl")
L 04/28/2026 - 06:08:49: "AirshotKing<86><[U:1:900000013]><Red>" spawned as "soldier"
L 04/28/2026 - 06:08:57: "SoldierBoy<85><[U:1:900000011]><Blue>" triggered "shot_fired" (weapon "quake_rl")
L 04/28/2026 - 06:08:57: "SoldierBoy<85><[U:1:900000011]><Blue>" triggered "shot_hit" (weapon "quake_rl")
L 04/28/2026 - 06:08:57: "SoldierBoy<85><[U:1:900000011]><Blue>" triggered "damage" against "AirshotKing<86><[U:1:900000013]><Red>" (damage "64") (weapon "quake_rl")
L 04/28/2026 - 06:08:57: "AirshotKing<86><[U:1:900000013]><Red>" triggered "shot_fired" (weapon "quake_rl")
L 04/28/2026 - 06:08:58: "SoldierBoy<85><[U:1:900000011]><Blue>" triggered "shot_fired" (weapon "quake_rl")
L 04/28/2026 - 06:08:58: "AirshotKing<86><[U:1:900000013]><Red>" triggered "shot_fired" (weapon "quake_rl")
L 04/28/2026 - 06:08:59: "AirshotKing<86><[U:1:900000013]><Red>" picked up item "tf_ammo_pack"
L 04/28/2026 - 06:09:00: "SoldierBoy<85><[U:1:900000011]><Blue>" triggered "shot_fired" (weapon "quake_rl")
L 04/28/2026 - 06:09:00: "AirshotKing<86><[U:1:900000013]><Red>" triggered "shot_fired" (weapon "quake_rl")
L 04/28/2026 - 06:09:00: "SoldierBoy<85><[U:1:900000011]><Blue>" triggered "shot_fired" (weapon "quake_rl")
L 04/28/2026 - 06:09:01: "SoldierBoy<85><[U:1:900000011]><Blue>" triggered "shot_hit" (weapon "quake_rl")
L 04/28/2026 - 06:09:01: "SoldierBoy<85><[U:1:900000011]><Blue>" triggered "damage" against "AirshotKing<86><[U:1:900000013]><Red>" (damage "70") (realdamage "59") (weapon "quake_rl")
L 04/28/2026 - 06:09:01: "SoldierBoy<85><[U:1:900000011]><Blue>" killed "AirshotKing<86><[U:1:900000013]><Red>" with "quake_rl" (attacker_position "-8507 11750 10798") (victim_position "-8382 11597 10591")
L 04/28/2026 - 06:09:01: "AirshotKing<86><[U:1:900000013]><Red>" spawned as "soldier"
L 04/28/2026 - 06:09:03: "AirshotKing<86><[U:1:900000013]><Red>" triggered "shot_fired" (weapon "quake_rl")
L 04/28/2026 - 06:09:03: "AirshotKing<86><[U:1:900000013]><Red>" triggered "shot_hit" (weapon "quake_rl")
L 04/28/2026 - 06:09:03: "AirshotKing<86><[U:1:900000013]><Red>" triggered "damage" against "SoldierBoy<85><[U:1:900000011]><Blue>" (damage "104") (weapon "quake_rl")
L 04/28/2026 - 06:09:03: "SoldierBoy<85><[U:1:900000011]><Blue>" triggered "shot_fired" (weapon "quake_rl")
L 04/28/2026 - 06:09:04: "SoldierBoy<85><[U:1:900000011]><Blue>" triggered "shot_fired" (weapon "quake_rl")
L 04/28/2026 - 06:09:04: "AirshotKing<86><[U:1:900000013]><Red>" triggered "shot_fired" (weapon "quake_rl")
L 04/28/2026 - 06:09:04: "SoldierBoy<85><[U:1:900000011]><Blue>" triggered "shot_hit" (weapon "quake_rl")
L 04/28/2026 - 06:09:04: "SoldierBoy<85><[U:1:900000011]><Blue>" triggered "damage" against "AirshotKing<86><[U:1:900000013]><Red>" (damage "96") (weapon "quake_rl")
L 04/28/2026 - 06:09:04: "AirshotKing<86><[U:1:900000013]><Red>" triggered "shot_fired" (weapon "quake_rl")
L 04/28/2026 - 06:09:05: "SoldierBoy<85><[U:1:900000011]><Blue>" triggered "shot_fired" (weapon "quake_rl")
L 04/28/2026 - 06:09:05: "AirshotKing<86><[U:1:900000013]><Red>" triggered "shot_hit" (weapon "quake_rl")
L 04/28/2026 - 06:09:05: "AirshotKing<86><[U:1:900000013]><Red>" triggered "damage" against "SoldierBoy<85><[U:1:900000011]><Blue>" (damage "48") (weapon "quake_rl")
L 04/28/2026 - 06:09:05: "AirshotKing<86><[U:1:900000013]><Red>" triggered "shot_fired" (weapon "shotgun_soldier")
L 04/28/2026 - 06:09:05: "AirshotKing<86><[U:1:900000013]><Red>" triggered "shot_hit" (weapon "shotgun_soldier")
L 04/28/2026 - 06:09:05: "AirshotKing<86><[U:1:900000013]><Red>" triggered "damage" against "SoldierBoy<85><[U:1:900000011]><Blue>" (damage "15") (weapon "shotgun_soldier")
L 04/28/2026 - 06:09:06: "SoldierBoy<85><[U:1:900000011]><Blue>" triggered "shot_fired" (weapon "quake_rl")
L 04/28/2026 - 06:09:06: "SoldierBoy<85><[U:1:900000011]><Blue>" triggered "shot_fired" (weapon "shotgun_soldier")
L 04/28/2026 - 06:09:06: "SoldierBoy<85><[U:1:900000011]><Blue>" triggered "shot_hit" (weapon "shotgun_soldier")
L 04/28/2026 - 06:09:06: "SoldierBoy<85><[U:1:900000011]><Blue>" triggered "damage" against "AirshotKing<86><[U:1:900000013]><Red>" (damage "76") (weapon "shotgun_soldier")
L 04/28/2026 - 06:09:07: "AirshotKing<86><[U:1:900000013]><Red>" triggered "shot_fired" (weapon "quake_rl")
L 04/28/2026 - 06:09:07: "AirshotKing<86><[U:1:900000013]><Red>" triggered "shot_hit" (weapon "quake_rl")
L 04/28/2026 - 06:09:07: "AirshotKing<86><[U:1:900000013]><Red>" triggered "damage" against "SoldierBoy<85><[U:1:900000011]><Blue>" (damage "53") (weapon "quake_rl")
L 04/28/2026 - 06:09:07: "SoldierBoy<85><[U:1:900000011]><Blue>" triggered "shot_fired" (weapon "shotgun_soldier")
L 04/28/2026 - 06:09:07: "SoldierBoy<85><[U:1:900000011]><Blue>" triggered "shot_hit" (weapon "shotgun_soldier")
L 04/28/2026 - 06:09:07: "SoldierBoy<85><[U:1:900000011]><Blue>" triggered "damage" against "AirshotKing<86><[U:1:900000013]><Red>" (damage "56") (weapon "shotgun_soldier")
L 04/28/2026 - 06:09:07: "AirshotKing<86><[U:1:900000013]><Red>" triggered "shot_fired" (weapon "shotgun_soldier")
L 04/28/2026 - 06:09:08: "SoldierBoy<85><[U:1:900000011]><Blue>" triggered "shot_fired" (weapon "shotgun_soldier")
L 04/28/2026 - 06:09:08: "SoldierBoy<85><[U:1:900000011]><Blue>" triggered "shot_hit" (weapon "shotgun_soldier")
L 04/28/2026 - 06:09:08: "SoldierBoy<85><[U:1:900000011]><Blue>" triggered "damage" against "AirshotKing<86><[U:1:900000013]><Red>" (damage "41") (realdamage "5") (weapon "shotgun_soldier")
L 04/28/2026 - 06:09:08: "SoldierBoy<85><[U:1:900000011]><Blue>" killed "AirshotKing<86><[U:1:900000013]><Red>" with "shotgun_soldier" (attacker_position "-9202 11968 10823") (victim_position "-9021 11604 10785")
L 04/28/2026 - 06:09:08: "AirshotKing<86><[U:1:900000013]><Red>" spawned as "soldier"
L 04/28/2026 - 06:09:10: "SoldierBoy<85><[U:1:900000011]><Blue>" triggered "shot_fired" (weapon "quake_rl")
L 04/28/2026 - 06:09:10: "AirshotKing<86><[U:1:900000013]><Red>" triggered "shot_fired" (weapon "quake_rl")
L 04/28/2026 - 06:09:10: "SoldierBoy<85><[U:1:900000011]><Blue>" triggered "shot_hit" (weapon "quake_rl")
L 04/28/2026 - 06:09:10: "SoldierBoy<85><[U:1:900000011]><Blue>" triggered "damage" against "AirshotKing<86><[U:1:900000013]><Red>" (damage "95") (weapon "quake_rl") (airshot "1") (height "363")
L 04/28/2026 - 06:09:10: "AirshotKing<86><[U:1:900000013]><Red>" triggered "shot_fired" (weapon "quake_rl")
L 04/28/2026 - 06:09:11: "SoldierBoy<85><[U:1:900000011]><Blue>" triggered "shot_fired" (weapon "quake_rl")
L 04/28/2026 - 06:09:11: "AirshotKing<86><[U:1:900000013]><Red>" triggered "shot_hit" (weapon "quake_rl")
L 04/28/2026 - 06:09:11: "AirshotKing<86><[U:1:900000013]><Red>" triggered "damage" against "SoldierBoy<85><[U:1:900000011]><Blue>" (damage "60") (weapon "quake_rl")
L 04/28/2026 - 06:09:11: "AirshotKing<86><[U:1:900000013]><Red>" triggered "shot_fired" (weapon "quake_rl")
L 04/28/2026 - 06:09:13: "AirshotKing<86><[U:1:900000013]><Red>" triggered "shot_hit" (weapon "quake_rl")
L 04/28/2026 - 06:09:13: "AirshotKing<86><[U:1:900000013]><Red>" triggered "damage" against "SoldierBoy<85><[U:1:900000011]><Blue>" (damage "112") (weapon "quake_rl")
L 04/28/2026 - 06:09:13: "AirshotKing<86><[U:1:900000013]><Red>" triggered "shot_fired" (weapon "quake_rl")
L 04/28/2026 - 06:09:14: "AirshotKing<86><[U:1:900000013]><Red>" triggered "shot_fired" (weapon "shotgun_soldier")
L 04/28/2026 - 06:09:14: "AirshotKing<86><[U:1:900000013]><Red>" triggered "shot_hit" (weapon "shotgun_soldier")
L 04/28/2026 - 06:09:14: "AirshotKing<86><[U:1:900000013]><Red>" triggered "damage" against "SoldierBoy<85><[U:1:900000011]><Blue>" (damage "46") (realdamage "30") (weapon "shotgun_soldier")
L 04/28/2026 - 06:09:14: "AirshotKing<86><[U:1:900000013]><Red>" killed "SoldierBoy<85><[U:1:900000011]><Blue>" with "shotgun_soldier" (attacker_position "-8909 11751 10534") (victim_position "-8829 11530 10740")
L 04/28/2026 - 06:09:14: "SoldierBoy<85><[U:1:900000011]><Blue>" triggered "shot_fired" (weapon "quake_rl")
L 04/28/2026 - 06:09:14: "SoldierBoy<85><[U:1:900000011]><Blue>" spawned as "soldier"
L 04/28/2026 - 06:09:14: "SoldierBoy<85><[U:1:900000011]><Blue>" triggered "shot_hit" (weapon "quake_rl")
L 04/28/2026 - 06:09:14: "SoldierBoy<85><[U:1:900000011]><Blue>" triggered "damage" against "AirshotKing<86><[U:1:900000013]><Red>" (damage "24") (weapon "quake_rl")
L 04/28/2026 - 06:09:16: "AirshotKing<86><[U:1:900000013]><Red>" triggered "shot_fired" (weapon "quake_rl")
L 04/28/2026 - 06:09:17: "AirshotKing<86><[U:1:900000013]><Red>" triggered "shot_hit" (weapon "quake_rl")
L 04/28/2026 - 06:09:17: "AirshotKing<86><[U:1:900000013]><Red>" triggered "damage" against "SoldierBoy<85><[U:1:900000011]><Blue>" (damage "95") (weapon "quake_rl") (airshot "1") (height "195")
L 04/28/2026 - 06:09:17: "SoldierBoy<85><[U:1:900000011]><Blue>" triggered "shot_fired" (weapon "quake_rl")
L 04/28/2026 - 06:09:17: "AirshotKing<86><[U:1:900000013]><Red>" triggered "shot_fired" (weapon "quake_rl")
L 04/28/2026 - 06:09:18: "AirshotKing<86><[U:1:900000013]><Red>" triggered "shot_hit" (weapon "quake_rl")
L 04/28/2026 - 06:09:18: "AirshotKing<86><[U:1:900000013]><Red>" triggered "damage" against "SoldierBoy<85><[U:1:900000011]><Blue>" (damage "50") (weapon "quake_rl")
L 04/28/2026 - 06:09:18: "SoldierBoy<85><[U:1:900000011]><Blue>" triggered "shot_fired" (weapon "quake_rl")
L 04/28/2026 - 06:09:18: "AirshotKing<86><[U:1:900000013]><Red>" triggered "shot_fired" (weapon "quake_rl")
L 04/28/2026 - 06:09:18: "SoldierBoy<85><[U:1:900000011]><Blue>" triggered "shot_hit" (weapon "quake_rl")
L 04/28/2026 - 06:09:18: "SoldierBoy<85><[U:1:900000011]><Blue>" triggered "damage" against "AirshotKing<86><[U:1:900000013]><Red>" (damage "62") (weapon "quake_rl")
L 04/28/2026 - 06:09:18: "AirshotKing<86><[U:1:900000013]><Red>" triggered "shot_hit" (weapon "quake_rl")
L 04/28/2026 - 06:09:18: "AirshotKing<86><[U:1:900000013]><Red>" triggered "damage" against "SoldierBoy<85><[U:1:900000011]><Blue>" (damage "50") (weapon "quake_rl")
L 04/28/2026 - 06:09:19: "AirshotKing<86><[U:1:900000013]><Red>" triggered "shot_fired" (weapon "quake_rl")
L 04/28/2026 - 06:09:20: "SoldierBoy<85><[U:1:900000011]><Blue>" triggered "shot_fired" (weapon "quake_rl")
L 04/28/2026 - 06:09:25: "SoldierBoy<85><[U:1:900000011]><Blue>" triggered "shot_fired" (weapon "quake_rl")
L 04/28/2026 - 06:09:26: "AirshotKing<86><[U:1:900000013]><Red>" triggered "shot_fired" (weapon "quake_rl")
L 04/28/2026 - 06:09:26: "AirshotKing<86><[U:1:900000013]><Red>" triggered "shot_hit" (weapon "quake_rl")
L 04/28/2026 - 06:09:26: "AirshotKing<86><[U:1:900000013]><Red>" triggered "damage" against "SoldierBoy<85><[U:1:900000011]><Blue>" (damage "41") (weapon "quake_rl")
L 04/28/2026 - 06:09:26: "SoldierBoy<85><[U:1:900000011]><Blue>" triggered "shot_fired" (weapon "quake_rl")
L 04/28/2026 - 06:09:26: "AirshotKing<86><[U:1:900000013]><Red>" triggered "shot_fired" (weapon "quake_rl")
L 04/28/2026 - 06:09:26: "SoldierBoy<85><[U:1:900000011]><Blue>" triggered "shot_fired" (weapon "shotgun_soldier")
L 04/28/2026 - 06:09:26: "SoldierBoy<85><[U:1:900000011]><Blue>" triggered "shot_hit" (weapon "shotgun_soldier")
L 04/28/2026 - 06:09:26: "SoldierBoy<85><[U:1:900000011]><Blue>" triggered "damage" against "AirshotKing<86><[U:1:900000013]><Red>" (damage "20") (weapon "shotgun_soldier")
L 04/28/2026 - 06:09:27: "AirshotKing<86><[U:1:900000013]><Red>" triggered "shot_hit" (weapon "quake_rl")
L 04/28/2026 - 06:09:27: "AirshotKing<86><[U:1:900000013]><Red>" triggered "damage" against "SoldierBoy<85><[U:1:900000011]><Blue>" (damage "46") (realdamage "5") (weapon "quake_rl")
L 04/28/2026 - 06:09:27: "AirshotKing<86><[U:1:900000013]><Red>" killed "SoldierBoy<85><[U:1:900000011]><Blue>" with "quake_rl" (attacker_position "-8589 11537 10696") (victim_position "-8593 12018 10803")
L 04/28/2026 - 06:09:27: "SoldierBoy<85><[U:1:900000011]><Blue>" spawned as "soldier"
L 04/28/2026 - 06:09:28: "AirshotKing<86><[U:1:900000013]><Red>" triggered "shot_fired" (weapon "quake_rl")
L 04/28/2026 - 06:09:29: "SoldierBoy<85><[U:1:900000011]><Blue>" triggered "shot_fired" (weapon "quake_rl")
L 04/28/2026 - 06:09:29: "SoldierBoy<85><[U:1:900000011]><Blue>" triggered "shot_hit" (weapon "quake_rl")
L 04/28/2026 - 06:09:29: "SoldierBoy<85><[U:1:900000011]><Blue>" triggered "damage" against "AirshotKing<86><[U:1:900000013]><Red>" (damage "73") (weapon "quake_rl")
L 04/28/2026 - 06:09:29: "AirshotKing<86><[U:1:900000013]><Red>" triggered "shot_hit" (weapon "quake_rl")
L 04/28/2026 - 06:09:29: "AirshotKing<86><[U:1:900000013]><Red>" triggered "damage" against "SoldierBoy<85><[U:1:900000011]><Blue>" (damage "108") (weapon "quake_rl") (airshot "1") (height "214")
L 04/28/2026 - 06:09:29: "AirshotKing<86><[U:1:900000013]><Red>" triggered "shot_fired" (weapon "quake_rl")
L 04/28/2026 - 06:09:30: "AirshotKing<86><[U:1:900000013]><Red>" triggered "shot_fired" (weapon "quake_rl")
L 04/28/2026 - 06:09:30: "SoldierBoy<85><[U:1:900000011]><Blue>" triggered "shot_fired" (weapon "quake_rl")
L 04/28/2026 - 06:09:30: "SoldierBoy<85><[U:1:900000011]><Blue>" triggered "shot_hit" (weapon "quake_rl")
L 04/28/2026 - 06:09:30: "SoldierBoy<85><[U:1:900000011]><Blue>" triggered "damage" against "AirshotKing<86><[U:1:900000013]><Red>" (damage "67") (weapon "quake_rl")
L 04/28/2026 - 06:09:31: "AirshotKing<86><[U:1:900000013]><Red>" triggered "shot_fired" (weapon "quake_rl")
L 04/28/2026 - 06:09:31: "SoldierBoy<85><[U:1:900000011]><Blue>" triggered "shot_hit" (weapon "quake_rl")
L 04/28/2026 - 06:09:31: "SoldierBoy<85><[U:1:900000011]><Blue>" triggered "damage" against "AirshotKing<86><[U:1:900000013]><Red>" (damage "70") (weapon "quake_rl")
L 04/28/2026 - 06:09:31: "SoldierBoy<85><[U:1:900000011]><Blue>" triggered "shot_fired" (weapon "quake_rl")
L 04/28/2026 - 06:09:32: "AirshotKing<86><[U:1:900000013]><Red>" triggered "shot_fired" (weapon "shotgun_soldier")
L 04/28/2026 - 06:09:34: "AirshotKing<86><[U:1:900000013]><Red>" triggered "shot_fired" (weapon "quake_rl")
L 04/28/2026 - 06:09:35: "SoldierBoy<85><[U:1:900000011]><Blue>" triggered "shot_fired" (weapon "shotgun_soldier")
L 04/28/2026 - 06:09:35: "SoldierBoy<85><[U:1:900000011]><Blue>" triggered "shot_hit" (weapon "shotgun_soldier")
L 04/28/2026 - 06:09:35: "SoldierBoy<85><[U:1:900000011]><Blue>" triggered "damage" against "AirshotKing<86><[U:1:900000013]><Red>" (damage "63") (realdamage "47") (weapon "shotgun_soldier")
L 04/28/2026 - 06:09:35: "SoldierBoy<85><[U:1:900000011]><Blue>" killed "AirshotKing<86><[U:1:900000013]><Red>" with "shotgun_soldier" (attacker_position "-8605 11575 10720") (victim_position "-8798 11780 10743")
L 04/28/2026 - 06:09:35: "AirshotKing<86><[U:1:900000013]><Red>" spawned as "soldier"
L 04/28/2026 - 06:09:37: "AirshotKing<86><[U:1:900000013]><Red>" triggered "shot_fired" (weapon "quake_rl")
L 04/28/2026 - 06:09:38: "AirshotKing<86><[U:1:900000013]><Red>" triggered "shot_hit" (weapon "quake_rl")
L 04/28/2026 - 06:09:38: "AirshotKing<86><[U:1:900000013]><Red>" triggered "damage" against "SoldierBoy<85><[U:1:900000011]><Blue>" (damage "50") (weapon "quake_rl")
L 04/28/2026 - 06:09:38: "AirshotKing<86><[U:1:900000013]><Red>" triggered "shot_fired" (weapon "quake_rl")
L 04/28/2026 - 06:09:38: "AirshotKing<86><[U:1:900000013]><Red>" triggered "shot_hit" (weapon "quake_rl")
L 04/28/2026 - 06:09:38: "AirshotKing<86><[U:1:900000013]><Red>" triggered "damage" against "SoldierBoy<85><[U:1:900000011]><Blue>" (damage "59") (weapon "quake_rl")
L 04/28/2026 - 06:09:38: "SoldierBoy<85><[U:1:900000011]><Blue>" triggered "shot_hit" (weapon "quake_rl")
L 04/28/2026 - 06:09:38: "SoldierBoy<85><[U:1:900000011]><Blue>" triggered "damage" against "AirshotKing<86><[U:1:900000013]><Red>" (damage "77") (weapon "quake_rl")
L 04/28/2026 - 06:09:38: "SoldierBoy<85><[U:1:900000011]><Blue>" triggered "shot_fired" (weapon "quake_rl")
L 04/28/2026 - 06:09:39: "AirshotKing<86><[U:1:900000013]><Red>" triggered "shot_fired" (weapon "quake_rl")
L 04/28/2026 - 06:09:39: "SoldierBoy<85><[U:1:900000011]><Blue>" triggered "shot_fired" (weapon "quake_rl")
L 04/28/2026 - 06:09:39: "SoldierBoy<85><[U:1:900000011]><Blue>" triggered "shot_hit" (weapon "quake_rl")
L 04/28/2026 - 06:09:39: "SoldierBoy<85><[U:1:900000011]><Blue>" triggered "damage" against "AirshotKing<86><[U:1:900000013]><Red>" (damage "50") (weapon "quake_rl")
L 04/28/2026 - 06:09:39: "AirshotKing<86><[U:1:900000013]><Red>" triggered "shot_fired" (weapon "shotgun_soldier")
L 04/28/2026 - 06:09:39: "AirshotKing<86><[U:1:900000013]><Red>" triggered "shot_hit" (weapon "shotgun_soldier")
L 04/28/2026 - 06:09:39: "AirshotKing<86><[U:1:900000013]><Red>" triggered "damage" against "SoldierBoy<85><[U:1:900000011]><Blue>" (damage "50") (weapon "shotgun_soldier")
L 04/28/2026 - 06:09:43: "SoldierBoy<85><[U:1:900000011]><Blue>" triggered "shot_fired" (weapon "quake_rl")
L 04/28/2026 - 06:09:44: "AirshotKing<86><[U:1:900000013]><Red>" triggered "shot_fired" (weapon "quake_rl")
L 04/28/2026 - 06:09:44: "AirshotKing<86><[U:1:900000013]><Red>" triggered "shot_hit" (weapon "quake_rl")
L 04/28/2026 - 06:09:44: "AirshotKing<86><[U:1:900000013]><Red>" triggered "damage" against "SoldierBoy<85><[U:1:900000011]><Blue>" (damage "83") (weapon "quake_rl")
L 04/28/2026 - 06:09:44: "AirshotKing<86><[U:1:900000013]><Red>" triggered "shot_fired" (weapon "shotgun_soldier")
L 04/28/2026 - 06:09:44: "AirshotKing<86><[U:1:900000013]><Red>" triggered "shot_hit" (weapon "shotgun_soldier")
L 04/28/2026 - 06:09:44: "AirshotKing<86><[U:1:900000013]><Red>" triggered "damage" against "SoldierBoy<85><[U:1:900000011]><Blue>" (damage "36") (weapon "shotgun_soldier")
L 04/28/2026 - 06:09:44: "SoldierBoy<85><[U:1:900000011]><Blue>" triggered "shot_fired" (weapon "quake_rl")
L 04/28/2026 - 06:09:45: "SoldierBoy<85><[U:1:900000011]><Blue>" triggered "shot_fired" (weapon "shotgun_soldier")
L 04/28/2026 - 06:09:45: "SoldierBoy<85><[U:1:900000011]><Blue>" triggered "shot_hit" (weapon "shotgun_soldier")
L 04/28/2026 - 06:09:45: "SoldierBoy<85><[U:1:900000011]><Blue>" triggered "damage" against "AirshotKing<86><[U:1:900000013]><Red>" (damage "10") (weapon "shotgun_soldier")
L 04/28/2026 - 06:09:45: "SoldierBoy<85><[U:1:900000011]><Blue>" triggered "shot_fired" (weapon "shotgun_soldier")
L 04/28/2026 - 06:09:45: "SoldierBoy<85><[U:1:900000011]><Blue>" triggered "shot_hit" (weapon "shotgun_soldier")
L 04/28/2026 - 06:09:45: "SoldierBoy<85><[U:1:900000011]><Blue>" triggered "damage" against "AirshotKing<86><[U:1:900000013]><Red>" (damage "6") (weapon "shotgun_soldier")
L 04/28/2026 - 06:09:46: "SoldierBoy<85><[U:1:900000011]><Blue>" triggered "shot_fired" (weapon "shotgun_soldier")
L 04/28/2026 - 06:09:46: "SoldierBoy<85><[U:1:900000011]><Blue>" triggered "shot_hit" (weapon "shotgun_soldier")
L 04/28/2026 - 06:09:46: "SoldierBoy<85><[U:1:900000011]><Blue>" triggered "damage" against "AirshotKing<86><[U:1:900000013]><Red>" (damage "26") (realdamage "19") (weapon "shotgun_soldier")
L 04/28/2026 - 06:09:46: "SoldierBoy<85><[U:1:900000011]><Blue>" killed "AirshotKing<86><[U:1:900000013]><Red>" with "shotgun_soldier" (attacker_position "-9072 11675 10509") (victim_position "-8743 12301 10592")
L 04/28/2026 - 06:09:46: "AirshotKing<86><[U:1:900000013]><Red>" spawned as "soldier"
L 04/28/2026 - 06:09:54: "AirshotKing<86><[U:1:900000013]><Red>" triggered "shot_fired" (weapon "quake_rl")
L 04/28/2026 - 06:09:54: "SoldierBoy<85><[U:1:900000011]><Blue>" triggered "shot_fired" (weapon "quake_rl")
L 04/28/2026 - 06:09:55: "SoldierBoy<85><[U:1:900000011]><Blue>" triggered "shot_hit" (weapon "quake_rl")
L 04/28/2026 - 06:09:55: "SoldierBoy<85><[U:1:900000011]><Blue>" triggered "damage" against "AirshotKing<86><[U:1:900000013]><Red>" (damage "76") (weapon "quake_rl")
L 04/28/2026 - 06:09:55: "AirshotKing<86><[U:1:900000013]><Red>" triggered "shot_fired" (weapon "quake_rl")
L 04/28/2026 - 06:09:55: "SoldierBoy<85><[U:1:900000011]><Blue>" triggered "shot_fired" (weapon "quake_rl")
L 04/28/2026 - 06:09:56: "AirshotKing<86><[U:1:900000013]><Red>" triggered "shot_fired" (weapon "quake_rl")
L 04/28/2026 - 06:09:56: "AirshotKing<86><[U:1:900000013]><Red>" triggered "shot_hit" (weapon "quake_rl")
L 04/28/2026 - 06:09:56: "AirshotKing<86><[U:1:900000013]><Red>" triggered "damage" against "SoldierBoy<85><[U:1:900000011]><Blue>" (damage "68") (weapon "quake_rl")
L 04/28/2026 - 06:09:57: "SoldierBoy<85><[U:1:900000011]><Blue>" triggered "shot_fired" (weapon "quake_rl")
L 04/28/2026 - 06:09:57: "AirshotKing<86><[U:1:900000013]><Red>" triggered "shot_fired" (weapon "quake_rl")
L 04/28/2026 - 06:09:57: "AirshotKing<86><[U:1:900000013]><Red>" triggered "shot_hit" (weapon "quake_rl")
L 04/28/2026 - 06:09:57: "AirshotKing<86><[U:1:900000013]><Red>" triggered "damage" against "SoldierBoy<85><[U:1:900000011]><Blue>" (damage "57") (weapon "quake_rl")
L 04/28/2026 - 06:09:57: "SoldierBoy<85><[U:1:900000011]><Blue>" triggered "shot_hit" (weapon "quake_rl")
L 04/28/2026 - 06:09:57: "SoldierBoy<85><[U:1:900000011]><Blue>" triggered "damage" against "AirshotKing<86><[U:1:900000013]><Red>" (damage "73") (weapon "quake_rl")
L 04/28/2026 - 06:09:57: "AirshotKing<86><[U:1:900000013]><Red>" triggered "shot_fired" (weapon "shotgun_soldier")
L 04/28/2026 - 06:09:57: "AirshotKing<86><[U:1:900000013]><Red>" triggered "shot_hit" (weapon "shotgun_soldier")
L 04/28/2026 - 06:09:57: "AirshotKing<86><[U:1:900000013]><Red>" triggered "damage" against "SoldierBoy<85><[U:1:900000011]><Blue>" (damage "31") (realdamage "15") (weapon "shotgun_soldier")
L 04/28/2026 - 06:09:57: "AirshotKing<86><[U:1:900000013]><Red>" killed "SoldierBoy<85><[U:1:900000011]><Blue>" with "shotgun_soldier" (attacker_position "-8576 11666 10999") (victim_position "-8917 11907 10736")
L 04/28/2026 - 06:09:57: "SoldierBoy<85><[U:1:900000011]><Blue>" spawned as "soldier"
L 04/28/2026 - 06:09:59: "AirshotKing<86><[U:1:900000013]><Red>" triggered "shot_fired" (weapon "quake_rl")
L 04/28/2026 - 06:09:59: "SoldierBoy<85><[U:1:900000011]><Blue>" triggered "shot_fired" (weapon "quake_rl")
L 04/28/2026 - 06:09:59: "SoldierBoy<85><[U:1:900000011]><Blue>" triggered "shot_hit" (weapon "quake_rl")
L 04/28/2026 - 06:09:59: "SoldierBoy<85><[U:1:900000011]><Blue>" triggered "damage" against "AirshotKing<86><[U:1:900000013]><Red>" (damage "80") (weapon "quake_rl")
L 04/28/2026 - 06:10:00: "AirshotKing<86><[U:1:900000013]><Red>" triggered "shot_fired" (weapon "quake_rl")
L 04/28/2026 - 06:10:00: "SoldierBoy<85><[U:1:900000011]><Blue>" triggered "shot_fired" (weapon "quake_rl")
L 04/28/2026 - 06:10:00: "SoldierBoy<85><[U:1:900000011]><Blue>" triggered "shot_hit" (weapon "quake_rl")
L 04/28/2026 - 06:10:00: "SoldierBoy<85><[U:1:900000011]><Blue>" triggered "damage" against "AirshotKing<86><[U:1:900000013]><Red>" (damage "97") (weapon "quake_rl") (airshot "1") (height "392")
L 04/28/2026 - 06:10:01: "AirshotKing<86><[U:1:900000013]><Red>" triggered "shot_fired" (weapon "quake_rl")
L 04/28/2026 - 06:10:01: "AirshotKing<86><[U:1:900000013]><Red>" triggered "shot_hit" (weapon "quake_rl")
L 04/28/2026 - 06:10:01: "AirshotKing<86><[U:1:900000013]><Red>" triggered "damage" against "SoldierBoy<85><[U:1:900000011]><Blue>" (damage "105") (weapon "quake_rl")
L 04/28/2026 - 06:10:01: "SoldierBoy<85><[U:1:900000011]><Blue>" triggered "shot_fired" (weapon "quake_rl")
L 04/28/2026 - 06:10:01: "SoldierBoy<85><[U:1:900000011]><Blue>" triggered "shot_fired" (weapon "shotgun_soldier")
L 04/28/2026 - 06:10:02: "AirshotKing<86><[U:1:900000013]><Red>" triggered "shot_fired" (weapon "quake_rl")
L 04/28/2026 - 06:10:02: "AirshotKing<86><[U:1:900000013]><Red>" triggered "shot_hit" (weapon "quake_rl")
L 04/28/2026 - 06:10:02: "AirshotKing<86><[U:1:900000013]><Red>" triggered "damage" against "SoldierBoy<85><[U:1:900000011]><Blue>" (damage "48") (weapon "quake_rl")
L 04/28/2026 - 06:10:02: "AirshotKing<86><[U:1:900000013]><Red>" triggered "shot_fired" (weapon "shotgun_soldier")
L 04/28/2026 - 06:10:02: "AirshotKing<86><[U:1:900000013]><Red>" triggered "shot_hit" (weapon "shotgun_soldier")
L 04/28/2026 - 06:10:02: "AirshotKing<86><[U:1:900000013]><Red>" triggered "damage" against "SoldierBoy<85><[U:1:900000011]><Blue>" (damage "35") (weapon "shotgun_soldier")
L 04/28/2026 - 06:10:04: "AirshotKing<86><[U:1:900000013]><Red>" triggered "shot_fired" (weapon "quake_rl")
L 04/28/2026 - 06:10:04: "SoldierBoy<85><[U:1:900000011]><Blue>" triggered "shot_fired" (weapon "shotgun_soldier")
L 04/28/2026 - 06:10:04: "SoldierBoy<85><[U:1:900000011]><Blue>" triggered "shot_hit" (weapon "shotgun_soldier")
L 04/28/2026 - 06:10:04: "SoldierBoy<85><[U:1:900000011]><Blue>" triggered "damage" against "AirshotKing<86><[U:1:900000013]><Red>" (damage "38") (weapon "shotgun_soldier")
L 04/28/2026 - 06:10:04: "AirshotKing<86><[U:1:900000013]><Red>" triggered "shot_fired" (weapon "shotgun_soldier")
L 04/28/2026 - 06:10:05: "AirshotKing<86><[U:1:900000013]><Red>" triggered "shot_fired" (weapon "shotgun_soldier")
L 04/28/2026 - 06:10:05: "AirshotKing<86><[U:1:900000013]><Red>" triggered "shot_hit" (weapon "shotgun_soldier")
L 04/28/2026 - 06:10:05: "AirshotKing<86><[U:1:900000013]><Red>" triggered "damage" against "SoldierBoy<85><[U:1:900000011]><Blue>" (damage "54") (realdamage "42") (weapon "shotgun_soldier")
L 04/28/2026 - 06:10:05: "AirshotKing<86><[U:1:900000013]><Red>" killed "SoldierBoy<85><[U:1:900000011]><Blue>" with "shotgun_soldier" (attacker_position "-8608 11519 10635") (victim_position "-8819 11713 10743")
L 04/28/2026 - 06:10:05: "SoldierBoy<85><[U:1:900000011]><Blue>" spawned as "soldier"
L 04/28/2026 - 06:10:07: "AirshotKing<86><[U:1:900000013]><Red>" triggered "shot_fired" (weapon "quake_rl")
L 04/28/2026 - 06:10:07: "SoldierBoy<85><[U:1:900000011]><Blue>" triggered "shot_fired" (weapon "quake_rl")
L 04/28/2026 - 06:10:08: "SoldierBoy<85><[U:1:900000011]><Blue>" triggered "shot_hit" (weapon "quake_rl")
L 04/28/2026 - 06:10:08: "SoldierBoy<85><[U:1:900000011]><Blue>" triggered "damage" against "AirshotKing<86><[U:1:900000013]><Red>" (damage "68") (weapon "quake_rl")
L 04/28/2026 - 06:10:08: "AirshotKing<86><[U:1:900000013]><Red>" triggered "shot_hit" (weapon "quake_rl")
L 04/28/2026 - 06:10:08: "AirshotKing<86><[U:1:900000013]><Red>" triggered "damage" against "SoldierBoy<85><[U:1:900000011]><Blue>" (damage "104") (weapon "quake_rl") (airshot "1") (height "200")
L 04/28/2026 - 06:10:08: "AirshotKing<86><[U:1:900000013]><Red>" triggered "shot_fired" (weapon "quake_rl")
L 04/28/2026 - 06:10:08: "SoldierBoy<85><[U:1:900000011]><Blue>" triggered "shot_fired" (weapon "quake_rl")
L 04/28/2026 - 06:10:08: "SoldierBoy<85><[U:1:900000011]><Blue>" triggered "shot_hit" (weapon "quake_rl")
L 04/28/2026 - 06:10:08: "SoldierBoy<85><[U:1:900000011]><Blue>" triggered "damage" against "AirshotKing<86><[U:1:900000013]><Red>" (damage "64") (weapon "quake_rl")
L 04/28/2026 - 06:10:09: "AirshotKing<86><[U:1:900000013]><Red>" triggered "shot_fired" (weapon "quake_rl")
L 04/28/2026 - 06:10:09: "SoldierBoy<85><[U:1:900000011]><Blue>" triggered "shot_fired" (weapon "quake_rl")
L 04/28/2026 - 06:10:09: "SoldierBoy<85><[U:1:900000011]><Blue>" triggered "shot_hit" (weapon "quake_rl")
L 04/28/2026 - 06:10:09: "SoldierBoy<85><[U:1:900000011]><Blue>" triggered "damage" against "AirshotKing<86><[U:1:900000013]><Red>" (damage "71") (weapon "quake_rl")
L 04/28/2026 - 06:10:10: "AirshotKing<86><[U:1:900000013]><Red>" triggered "shot_fired" (weapon "quake_rl")
L 04/28/2026 - 06:10:10: "SoldierBoy<85><[U:1:900000011]><Blue>" triggered "shot_fired" (weapon "shotgun_soldier")
L 04/28/2026 - 06:10:10: "AirshotKing<86><[U:1:900000013]><Red>" triggered "shot_hit" (weapon "quake_rl")
L 04/28/2026 - 06:10:10: "AirshotKing<86><[U:1:900000013]><Red>" triggered "damage" against "SoldierBoy<85><[U:1:900000011]><Blue>" (damage "67") (weapon "quake_rl")
L 04/28/2026 - 06:10:10: "AirshotKing<86><[U:1:900000013]><Red>" triggered "shot_fired" (weapon "shotgun_soldier")
L 04/28/2026 - 06:10:10: "SoldierBoy<85><[U:1:900000011]><Blue>" triggered "shot_fired" (weapon "shotgun_soldier")
L 04/28/2026 - 06:10:10: "SoldierBoy<85><[U:1:900000011]><Blue>" triggered "shot_hit" (weapon "shotgun_soldier")
L 04/28/2026 - 06:10:10: "SoldierBoy<85><[U:1:900000011]><Blue>" triggered "damage" against "AirshotKing<86><[U:1:900000013]><Red>" (damage "6") (weapon "shotgun_soldier")
L 04/28/2026 - 06:10:12: "AirshotKing<86><[U:1:900000013]><Red>" triggered "shot_fired" (weapon "quake_rl")
L 04/28/2026 - 06:10:14: "SoldierBoy<85><[U:1:900000011]><Blue>" picked up item "tf_ammo_pack"
L 04/28/2026 - 06:10:16: "SoldierBoy<85><[U:1:900000011]><Blue>" triggered "shot_fired" (weapon "shotgun_soldier")
L 04/28/2026 - 06:10:16: "SoldierBoy<85><[U:1:900000011]><Blue>" triggered "shot_hit" (weapon "shotgun_soldier")
L 04/28/2026 - 06:10:16: "SoldierBoy<85><[U:1:900000011]><Blue>" triggered "damage" against "AirshotKing<86><[U:1:900000013]><Red>" (damage "42") (weapon "shotgun_soldier")
L 04/28/2026 - 06:10:16: "AirshotKing<86><[U:1:900000013]><Red>" triggered "shot_fired" (weapon "shotgun_soldier")
L 04/28/2026 - 06:10:20: "AirshotKing<86><[U:1:900000013]><Red>" say "!add"
L 04/28/2026 - 06:10:20: "SoldierBoy<85><[U:1:900000011]><Blue>" picked up item "tf_ammo_pack"
L 04/28/2026 - 06:10:21: "AirshotKing<86><[U:1:900000013]><Red>" say "gg"
L 04/28/2026 - 06:10:23: "AirshotKing<86><[U:1:900000013]><Red>" say "nice shot"
L 04/28/2026 - 06:10:24: "AirshotKing<86><[U:1:900000013]><Red>" say "close game"
L 04/28/2026 - 06:10:26: "AirshotKing<86><[U:1:900000013]><Red>" say "!remove"
L 04/28/2026 - 06:10:27: "AirshotKing<86><[U:1:900000013]><Red>" committed suicide with "quake_rl" (attacker_position "-8326 11766 10438")
L 04/28/2026 - 06:10:27: "AirshotKing<86><[U:1:900000013]><Red>" spawned as "soldier"
L 04/28/2026 - 06:10:30: "AirshotKing<86><[U:1:900000013]><Red>" triggered "shot_fired" (weapon "quake_rl")
L 04/28/2026 - 06:10:30: "SoldierBoy<85><[U:1:900000011]><Blue>" triggered "shot_fired" (weapon "quake_rl")
L 04/28/2026 - 06:10:30: "AirshotKing<86><[U:1:900000013]><Red>" triggered "shot_hit" (weapon "quake_rl")
L 04/28/2026 - 06:10:30: "AirshotKing<86><[U:1:900000013]><Red>" triggered "damage" against "SoldierBoy<85><[U:1:900000011]><Blue>" (damage "47") (weapon "quake_rl")
L 04/28/2026 - 06:10:31: "AirshotKing<86><[U:1:900000013]><Red>" triggered "shot_fired" (weapon "quake_rl")
L 04/28/2026 - 06:10:31: "AirshotKing<86><[U:1:900000013]><Red>" triggered "shot_hit" (weapon "quake_rl")
L 04/28/2026 - 06:10:31: "AirshotKing<86><[U:1:900000013]><Red>" triggered "damage" against "SoldierBoy<85><[U:1:900000011]><Blue>" (damage "85") (weapon "quake_rl")
L 04/28/2026 - 06:10:31: "SoldierBoy<85><[U:1:900000011]><Blue>" triggered "shot_hit" (weapon "quake_rl")
L 04/28/2026 - 06:10:31: "SoldierBoy<85><[U:1:900000011]><Blue>" triggered "damage" against "AirshotKing<86><[U:1:900000013]><Red>" (damage "110") (weapon "quake_rl")
L 04/28/2026 - 06:10:31: "SoldierBoy<85><[U:1:900000011]><Blue>" triggered "shot_fired" (weapon "quake_rl")
L 04/28/2026 - 06:10:32: "SoldierBoy<85><[U:1:900000011]><Blue>" triggered "shot_fired" (weapon "quake_rl")
L 04/28/2026 - 06:10:32: "AirshotKing<86><[U:1:900000013]><Red>" triggered "shot_fired" (weapon "quake_rl")
L 04/28/2026 - 06:10:32: "SoldierBoy<85><[U:1:900000011]><Blue>" triggered "shot_hit" (weapon "quake_rl")
L 04/28/2026 - 06:10:32: "SoldierBoy<85><[U:1:900000011]><Blue>" triggered "damage" against "AirshotKing<86><[U:1:900000013]><Red>" (damage "73") (weapon "quake_rl")
L 04/28/2026 - 06:10:33: "SoldierBoy<85><[U:1:900000011]><Blue>" triggered "shot_fired" (weapon "shotgun_soldier")
L 04/28/2026 - 06:10:33: "SoldierBoy<85><[U:1:900000011]><Blue>" triggered "shot_hit" (weapon "shotgun_soldier")
L 04/28/2026 - 06:10:33: "SoldierBoy<85><[U:1:900000011]><Blue>" triggered "damage" against "AirshotKing<86><[U:1:900000013]><Red>" (damage "17") (weapon "shotgun_soldier")
L 04/28/2026 - 06:10:33: "AirshotKing<86><[U:1:900000013]><Red>" triggered "shot_fired" (weapon "shotgun_soldier")
L 04/28/2026 - 06:10:33: "AirshotKing<86><[U:1:900000013]><Red>" triggered "shot_hit" (weapon "shotgun_soldier")
L 04/28/2026 - 06:10:33: "AirshotKing<86><[U:1:900000013]><Red>" triggered "damage" against "SoldierBoy<85><[U:1:900000011]><Blue>" (damage "87") (weapon "shotgun_soldier")
L 04/28/2026 - 06:10:33: "SoldierBoy<85><[U:1:900000011]><Blue>" triggered "shot_fired" (weapon "shotgun_soldier")
L 04/28/2026 - 06:10:33: "SoldierBoy<85><[U:1:900000011]><Blue>" triggered "shot_hit" (weapon "shotgun_soldier")
L 04/28/2026 - 06:10:33: "SoldierBoy<85><[U:1:900000011]><Blue>" triggered "damage" against "AirshotKing<86><[U:1:900000013]><Red>" (damage "17") (weapon "shotgun_soldier")
L 04/28/2026 - 06:10:33: "AirshotKing<86><[U:1:900000013]><Red>" triggered "shot_fired" (weapon "shotgun_soldier")
L 04/28/2026 - 06:10:34: "SoldierBoy<85><[U:1:900000011]><Blue>" killed "AirshotKing<86><[U:1:900000013]><Red>" with "world" (attacker_position "-8410 11642 10592") (victim_position "-8446 11901 10592")
L 04/28/2026 - 06:10:34: "AirshotKing<86><[U:1:900000013]><Red>" spawned as "soldier"
L 04/28/2026 - 06:10:36: "AirshotKing<86><[U:1:900000013]><Red>" triggered "shot_fired" (weapon "quake_rl")
L 04/28/2026 - 06:10:36: "SoldierBoy<85><[U:1:900000011]><Blue>" triggered "shot_fired" (weapon "quake_rl")
L 04/28/2026 - 06:10:36: "AirshotKing<86><[U:1:900000013]><Red>" triggered "shot_hit" (weapon "quake_rl")
L 04/28/2026 - 06:10:36: "AirshotKing<86><[U:1:900000013]><Red>" triggered "damage" against "SoldierBoy<85><[U:1:900000011]><Blue>" (damage "82") (weapon "quake_rl")
L 04/28/2026 - 06:10:37: "SoldierBoy<85><[U:1:900000011]><Blue>" triggered "shot_fired" (weapon "quake_rl")
L 04/28/2026 - 06:10:37: "SoldierBoy<85><[U:1:900000011]><Blue>" triggered "shot_hit" (weapon "quake_rl")
L 04/28/2026 - 06:10:37: "SoldierBoy<85><[U:1:900000011]><Blue>" triggered "damage" against "AirshotKing<86><[U:1:900000013]><Red>" (damage "62") (weapon "quake_rl")
L 04/28/2026 - 06:10:38: "AirshotKing<86><[U:1:900000013]><Red>" triggered "shot_fired" (weapon "quake_rl")
L 04/28/2026 - 06:10:39: "SoldierBoy<85><[U:1:900000011]><Blue>" triggered "shot_hit" (weapon "quake_rl")
L 04/28/2026 - 06:10:39: "SoldierBoy<85><[U:1:900000011]><Blue>" triggered "damage" against "AirshotKing<86><[U:1:900000013]><Red>" (damage "108") (weapon "quake_rl")
L 04/28/2026 - 06:10:39: "SoldierBoy<85><[U:1:900000011]><Blue>" triggered "shot_fired" (weapon "quake_rl")
L 04/28/2026 - 06:10:39: "AirshotKing<86><[U:1:900000013]><Red>" triggered "shot_fired" (weapon "shotgun_soldier")
L 04/28/2026 - 06:10:39: "AirshotKing<86><[U:1:900000013]><Red>" triggered "shot_hit" (weapon "shotgun_soldier")
L 04/28/2026 - 06:10:39: "AirshotKing<86><[U:1:900000013]><Red>" triggered "damage" against "SoldierBoy<85><[U:1:900000011]><Blue>" (damage "8") (weapon "shotgun_soldier")
L 04/28/2026 - 06:10:39: "SoldierBoy<85><[U:1:900000011]><Blue>" triggered "shot_fired" (weapon "shotgun_soldier")
L 04/28/2026 - 06:10:39: "SoldierBoy<85><[U:1:900000011]><Blue>" triggered "shot_hit" (weapon "shotgun_soldier")
L 04/28/2026 - 06:10:39: "SoldierBoy<85><[U:1:900000011]><Blue>" triggered "damage" against "AirshotKing<86><[U:1:900000013]><Red>" (damage "72") (realdamage "35") (weapon "shotgun_soldier")
L 04/28/2026 - 06:10:39: "SoldierBoy<85><[U:1:900000011]><Blue>" killed "AirshotKing<86><[U:1:900000013]><Red>" with "shotgun_soldier" (attacker_position "-8681 11566 10650") (victim_position "-8798 11653 10884")
L 04/28/2026 - 06:10:39: "AirshotKing<86><[U:1:900000013]><Red>" spawned as "soldier"
L 04/28/2026 - 06:10:42: "AirshotKing<86><[U:1:900000013]><Red>" say "well played"
L 04/28/2026 - 06:10:44: "SoldierBoy<85><[U:1:900000011]><Blue>" triggered "shot_fired" (weapon "quake_rl")
L 04/28/2026 - 06:10:44: "AirshotKing<86><[U:1:900000013]><Red>" triggered "shot_fired" (weapon "quake_rl")
L 04/28/2026 - 06:10:45: "AirshotKing<86><[U:1:900000013]><Red>" triggered "shot_hit" (weapon "quake_rl")
L 04/28/2026 - 06:10:45: "AirshotKing<86><[U:1:900000013]><Red>" triggered "damage" against "SoldierBoy<85><[U:1:900000011]><Blue>" (damage "49") (weapon "quake_rl")
L 04/28/2026 - 06:10:46: "AirshotKing<86><[U:1:900000013]><Red>" say "good game"
L 04/28/2026 - 06:10:47: "AirshotKing<86><[U:1:900000013]><Red>" say "!add end"
L 04/28/2026 - 06:10:50: "SoldierBoy<85><[U:1:900000011]><Blue>" triggered "shot_fired" (weapon "quake_rl")
L 04/28/2026 - 06:10:50: "SoldierBoy<85><[U:1:900000011]><Blue>" triggered "shot_hit" (weapon "quake_rl")
L 04/28/2026 - 06:10:50: "SoldierBoy<85><[U:1:900000011]><Blue>" triggered "damage" against "AirshotKing<86><[U:1:900000013]><Red>" (damage "103") (weapon "quake_rl") (airshot "1") (height "761")
L 04/28/2026 - 06:10:50: "AirshotKing<86><[U:1:900000013]><Red>" triggered "shot_fired" (weapon "quake_rl")
L 04/28/2026 - 06:10:51: "SoldierBoy<85><[U:1:900000011]><Blue>" triggered "shot_fired" (weapon "quake_rl")
L 04/28/2026 - 06:10:51: "AirshotKing<86><[U:1:900000013]><Red>" triggered "shot_fired" (weapon "quake_rl")
L 04/28/2026 - 06:10:52: "SoldierBoy<85><[U:1:900000011]><Blue>" triggered "shot_fired" (weapon "quake_rl")
L 04/28/2026 - 06:10:52: "AirshotKing<86><[U:1:900000013]><Red>" triggered "shot_hit" (weapon "quake_rl")
L 04/28/2026 - 06:10:52: "AirshotKing<86><[U:1:900000013]><Red>" triggered "damage" against "SoldierBoy<85><[U:1:900000011]><Blue>" (damage "29") (weapon "quake_rl")
L 04/28/2026 - 06:10:52: "SoldierBoy<85><[U:1:900000011]><Blue>" triggered "shot_hit" (weapon "quake_rl")
L 04/28/2026 - 06:10:52: "SoldierBoy<85><[U:1:900000011]><Blue>" triggered "damage" against "AirshotKing<86><[U:1:900000013]><Red>" (damage "66") (realdamage "54") (weapon "quake_rl") (airshot "1") (height "988")
L 04/28/2026 - 06:10:52: "SoldierBoy<85><[U:1:900000011]><Blue>" killed "AirshotKing<86><[U:1:900000013]><Red>" with "quake_rl" (attacker_position "-8511 11773 10719") (victim_position "-8974 11990 11210")
L 04/28/2026 - 06:10:52: "AirshotKing<86><[U:1:900000013]><Red>" spawned as "soldier"
L 04/28/2026 - 06:10:52: "AirshotKing<86><[U:1:900000013]><Red>" triggered "shot_fired" (weapon "quake_rl")
L 04/28/2026 - 06:10:53: "AirshotKing<86><[U:1:900000013]><Red>" triggered "shot_hit" (weapon "quake_rl")
L 04/28/2026 - 06:10:53: "AirshotKing<86><[U:1:900000013]><Red>" triggered "damage" against "SoldierBoy<85><[U:1:900000011]><Blue>" (damage "37") (weapon "quake_rl")
L 04/28/2026 - 06:10:54: "AirshotKing<86><[U:1:900000013]><Red>" triggered "shot_fired" (weapon "quake_rl")
L 04/28/2026 - 06:10:54: "SoldierBoy<85><[U:1:900000011]><Blue>" triggered "shot_fired" (weapon "quake_rl")
L 04/28/2026 - 06:10:54: "AirshotKing<86><[U:1:900000013]><Red>" triggered "shot_hit" (weapon "quake_rl")
L 04/28/2026 - 06:10:54: "AirshotKing<86><[U:1:900000013]><Red>" triggered "damage" against "SoldierBoy<85><[U:1:900000011]><Blue>" (damage "101") (weapon "quake_rl")
L 04/28/2026 - 06:10:55: "AirshotKing<86><[U:1:900000013]><Red>" triggered "shot_fired" (weapon "quake_rl")
L 04/28/2026 - 06:10:55: "AirshotKing<86><[U:1:900000013]><Red>" triggered "shot_hit" (weapon "quake_rl")
L 04/28/2026 - 06:10:55: "AirshotKing<86><[U:1:900000013]><Red>" triggered "damage" against "SoldierBoy<85><[U:1:900000011]><Blue>" (damage "54") (weapon "quake_rl")
L 04/28/2026 - 06:10:56: "SoldierBoy<85><[U:1:900000011]><Blue>" triggered "shot_hit" (weapon "quake_rl")
L 04/28/2026 - 06:10:56: "SoldierBoy<85><[U:1:900000011]><Blue>" triggered "damage" against "AirshotKing<86><[U:1:900000013]><Red>" (damage "51") (weapon "quake_rl")
L 04/28/2026 - 06:10:56: "SoldierBoy<85><[U:1:900000011]><Blue>" triggered "shot_fired" (weapon "quake_rl")
L 04/28/2026 - 06:10:56: "AirshotKing<86><[U:1:900000013]><Red>" triggered "shot_fired" (weapon "quake_rl")
L 04/28/2026 - 06:10:56: "AirshotKing<86><[U:1:900000013]><Red>" triggered "shot_hit" (weapon "quake_rl")
L 04/28/2026 - 06:10:56: "AirshotKing<86><[U:1:900000013]><Red>" triggered "damage" against "SoldierBoy<85><[U:1:900000011]><Blue>" (damage "81") (weapon "quake_rl")
L 04/28/2026 - 06:10:57: "SoldierBoy<85><[U:1:900000011]><Blue>" triggered "shot_fired" (weapon "quake_rl")
L 04/28/2026 - 06:10:57: "AirshotKing<86><[U:1:900000013]><Red>" triggered "shot_fired" (weapon "shotgun_soldier")
L 04/28/2026 - 06:10:57: "AirshotKing<86><[U:1:900000013]><Red>" triggered "shot_hit" (weapon "shotgun_soldier")
L 04/28/2026 - 06:10:57: "AirshotKing<86><[U:1:900000013]><Red>" triggered "damage" against "SoldierBoy<85><[U:1:900000011]><Blue>" (damage "39") (realdamage "10") (weapon "shotgun_soldier")
L 04/28/2026 - 06:10:57: "AirshotKing<86><[U:1:900000013]><Red>" killed "SoldierBoy<85><[U:1:900000011]><Blue>" with "shotgun_soldier" (attacker_position "-8544 11758 10913") (victim_position "-8700 11560 10747")
L 04/28/2026 - 06:10:57: "SoldierBoy<85><[U:1:900000011]><Blue>" spawned as "soldier"
L 04/28/2026 - 06:10:58: "AirshotKing<86><[U:1:900000013]><Red>" triggered "shot_fired" (weapon "quake_rl")
L 04/28/2026 - 06:10:59: "AirshotKing<86><[U:1:900000013]><Red>" triggered "shot_hit" (weapon "quake_rl")
L 04/28/2026 - 06:10:59: "AirshotKing<86><[U:1:900000013]><Red>" triggered "damage" against "SoldierBoy<85><[U:1:900000011]><Blue>" (damage "96") (weapon "quake_rl") (airshot "1") (height "804")
L 04/28/2026 - 06:10:59: "SoldierBoy<85><[U:1:900000011]><Blue>" triggered "shot_fired" (weapon "quake_rl")
L 04/28/2026 - 06:10:59: "SoldierBoy<85><[U:1:900000011]><Blue>" triggered "shot_hit" (weapon "quake_rl")
L 04/28/2026 - 06:10:59: "SoldierBoy<85><[U:1:900000011]><Blue>" triggered "damage" against "AirshotKing<86><[U:1:900000013]><Red>" (damage "47") (weapon "quake_rl")
L 04/28/2026 - 06:10:59: "AirshotKing<86><[U:1:900000013]><Red>" triggered "shot_fired" (weapon "quake_rl")
L 04/28/2026 - 06:11:02: "AirshotKing<86><[U:1:900000013]><Red>" triggered "shot_fired" (weapon "quake_rl")
L 04/28/2026 - 06:11:02: "SoldierBoy<85><[U:1:900000011]><Blue>" triggered "shot_fired" (weapon "quake_rl")
L 04/28/2026 - 06:11:03: "AirshotKing<86><[U:1:900000013]><Red>" triggered "shot_fired" (weapon "quake_rl")
L 04/28/2026 - 06:11:03: "SoldierBoy<85><[U:1:900000011]><Blue>" triggered "shot_hit" (weapon "quake_rl")
L 04/28/2026 - 06:11:03: "SoldierBoy<85><[U:1:900000011]><Blue>" triggered "damage" against "AirshotKing<86><[U:1:900000013]><Red>" (damage "71") (weapon "quake_rl")
L 04/28/2026 - 06:11:03: "SoldierBoy<85><[U:1:900000011]><Blue>" picked up item "tf_ammo_pack"
L 04/28/2026 - 06:11:03: "AirshotKing<86><[U:1:900000013]><Red>" triggered "shot_fired" (weapon "quake_rl")
L 04/28/2026 - 06:11:03: "SoldierBoy<85><[U:1:900000011]><Blue>" triggered "shot_fired" (weapon "quake_rl")
L 04/28/2026 - 06:11:03: "AirshotKing<86><[U:1:900000013]><Red>" triggered "shot_hit" (weapon "quake_rl")
L 04/28/2026 - 06:11:03: "AirshotKing<86><[U:1:900000013]><Red>" triggered "damage" against "SoldierBoy<85><[U:1:900000011]><Blue>" (damage "48") (weapon "quake_rl")
L 04/28/2026 - 06:11:04: "SoldierBoy<85><[U:1:900000011]><Blue>" triggered "shot_fired" (weapon "shotgun_soldier")
L 04/28/2026 - 06:11:04: "SoldierBoy<85><[U:1:900000011]><Blue>" triggered "shot_hit" (weapon "shotgun_soldier")
L 04/28/2026 - 06:11:04: "SoldierBoy<85><[U:1:900000011]><Blue>" triggered "damage" against "AirshotKing<86><[U:1:900000013]><Red>" (damage "38") (weapon "shotgun_soldier")
L 04/28/2026 - 06:11:04: "AirshotKing<86><[U:1:900000013]><Red>" triggered "shot_fired" (weapon "shotgun_soldier")
L 04/28/2026 - 06:11:04: "AirshotKing<86><[U:1:900000013]><Red>" triggered "shot_hit" (weapon "shotgun_soldier")
L 04/28/2026 - 06:11:04: "AirshotKing<86><[U:1:900000013]><Red>" triggered "damage" against "SoldierBoy<85><[U:1:900000011]><Blue>" (damage "41") (realdamage "28") (weapon "shotgun_soldier")
L 04/28/2026 - 06:11:04: "AirshotKing<86><[U:1:900000013]><Red>" killed "SoldierBoy<85><[U:1:900000011]><Blue>" with "shotgun_soldier" (attacker_position "-8849 11939 10750") (victim_position "-8725 11540 10725")
L 04/28/2026 - 06:11:04: "SoldierBoy<85><[U:1:900000011]><Blue>" spawned as "soldier"
L 04/28/2026 - 06:11:06: "SoldierBoy<85><[U:1:900000011]><Blue>" triggered "shot_fired" (weapon "quake_rl")
L 04/28/2026 - 06:11:07: "SoldierBoy<85><[U:1:900000011]><Blue>" triggered "shot_hit" (weapon "quake_rl")
L 04/28/2026 - 06:11:07: "SoldierBoy<85><[U:1:900000011]><Blue>" triggered "damage" against "AirshotKing<86><[U:1:900000013]><Red>" (damage "64") (weapon "quake_rl")
L 04/28/2026 - 06:11:07: "AirshotKing<86><[U:1:900000013]><Red>" triggered "shot_fired" (weapon "quake_rl")
L 04/28/2026 - 06:11:08: "AirshotKing<86><[U:1:900000013]><Red>" triggered "shot_fired" (weapon "quake_rl")
L 04/28/2026 - 06:11:08: "SoldierBoy<85><[U:1:900000011]><Blue>" triggered "shot_fired" (weapon "quake_rl")
L 04/28/2026 - 06:11:08: "AirshotKing<86><[U:1:900000013]><Red>" triggered "shot_hit" (weapon "quake_rl")
L 04/28/2026 - 06:11:08: "AirshotKing<86><[U:1:900000013]><Red>" triggered "damage" against "SoldierBoy<85><[U:1:900000011]><Blue>" (damage "65") (weapon "quake_rl")
L 04/28/2026 - 06:11:08: "SoldierBoy<85><[U:1:900000011]><Blue>" triggered "shot_hit" (weapon "quake_rl")
L 04/28/2026 - 06:11:08: "SoldierBoy<85><[U:1:900000011]><Blue>" triggered "damage" against "AirshotKing<86><[U:1:900000013]><Red>" (damage "104") (weapon "quake_rl")
L 04/28/2026 - 06:11:08: "AirshotKing<86><[U:1:900000013]><Red>" triggered "shot_fired" (weapon "quake_rl")
L 04/28/2026 - 06:11:16: "AirshotKing<86><[U:1:900000013]><Red>" triggered "shot_fired" (weapon "quake_rl")
L 04/28/2026 - 06:11:17: "AirshotKing<86><[U:1:900000013]><Red>" triggered "shot_fired" (weapon "quake_rl")
L 04/28/2026 - 06:11:17: "AirshotKing<86><[U:1:900000013]><Red>" triggered "shot_hit" (weapon "quake_rl")
L 04/28/2026 - 06:11:17: "AirshotKing<86><[U:1:900000013]><Red>" triggered "damage" against "SoldierBoy<85><[U:1:900000011]><Blue>" (damage "83") (weapon "quake_rl")
L 04/28/2026 - 06:11:17: "AirshotKing<86><[U:1:900000013]><Red>" picked up item "tf_ammo_pack"
L 04/28/2026 - 06:11:18: "SoldierBoy<85><[U:1:900000011]><Blue>" triggered "shot_fired" (weapon "quake_rl")
L 04/28/2026 - 06:11:18: "SoldierBoy<85><[U:1:900000011]><Blue>" triggered "shot_hit" (weapon "quake_rl")
L 04/28/2026 - 06:11:18: "SoldierBoy<85><[U:1:900000011]><Blue>" triggered "damage" against "AirshotKing<86><[U:1:900000013]><Red>" (damage "93") (realdamage "47") (weapon "quake_rl")
L 04/28/2026 - 06:11:18: "SoldierBoy<85><[U:1:900000011]><Blue>" killed "AirshotKing<86><[U:1:900000013]><Red>" with "quake_rl" (attacker_position "-8462 11575 11087") (victim_position "-8644 11562 10653")
L 04/28/2026 - 06:11:18: "AirshotKing<86><[U:1:900000013]><Red>" triggered "shot_fired" (weapon "quake_rl")
L 04/28/2026 - 06:11:18: "AirshotKing<86><[U:1:900000013]><Red>" spawned as "soldier"
L 04/28/2026 - 06:11:20: "AirshotKing<86><[U:1:900000013]><Red>" triggered "shot_fired" (weapon "quake_rl")
L 04/28/2026 - 06:11:20: "AirshotKing<86><[U:1:900000013]><Red>" triggered "shot_hit" (weapon "quake_rl")
L 04/28/2026 - 06:11:20: "AirshotKing<86><[U:1:900000013]><Red>" triggered "damage" against "SoldierBoy<85><[U:1:900000011]><Blue>" (damage "51") (weapon "quake_rl")
L 04/28/2026 - 06:11:21: "SoldierBoy<85><[U:1:900000011]><Blue>" triggered "shot_fired" (weapon "quake_rl")
L 04/28/2026 - 06:11:21: "AirshotKing<86><[U:1:900000013]><Red>" triggered "shot_fired" (weapon "quake_rl")
L 04/28/2026 - 06:11:21: "AirshotKing<86><[U:1:900000013]><Red>" triggered "shot_hit" (weapon "quake_rl")
L 04/28/2026 - 06:11:21: "AirshotKing<86><[U:1:900000013]><Red>" triggered "damage" against "SoldierBoy<85><[U:1:900000011]><Blue>" (damage "78") (weapon "quake_rl")
L 04/28/2026 - 06:11:22: "SoldierBoy<85><[U:1:900000011]><Blue>" triggered "shot_fired" (weapon "quake_rl")
L 04/28/2026 - 06:11:22: "AirshotKing<86><[U:1:900000013]><Red>" triggered "shot_fired" (weapon "quake_rl")
L 04/28/2026 - 06:11:24: "AirshotKing<86><[U:1:900000013]><Red>" triggered "shot_fired" (weapon "quake_rl")
L 04/28/2026 - 06:11:24: "AirshotKing<86><[U:1:900000013]><Red>" triggered "damage" against "SoldierBoy<85><[U:1:900000011]><Blue>" (damage "65") (weapon "market_gardener")
L 04/28/2026 - 06:11:26: "AirshotKing<86><[U:1:900000013]><Red>" triggered "shot_fired" (weapon "shotgun_soldier")
L 04/28/2026 - 06:11:26: "AirshotKing<86><[U:1:900000013]><Red>" triggered "shot_hit" (weapon "shotgun_soldier")
L 04/28/2026 - 06:11:26: "AirshotKing<86><[U:1:900000013]><Red>" triggered "damage" against "SoldierBoy<85><[U:1:900000011]><Blue>" (damage "54") (realdamage "9") (weapon "shotgun_soldier")
L 04/28/2026 - 06:11:26: "AirshotKing<86><[U:1:900000013]><Red>" killed "SoldierBoy<85><[U:1:900000011]><Blue>" with "shotgun_soldier" (attacker_position "-8542 11680 10788") (victim_position "-8782 11867 10736")
L 04/28/2026 - 06:11:26: "SoldierBoy<85><[U:1:900000011]><Blue>" spawned as "soldier"
L 04/28/2026 - 06:11:29: "SoldierBoy<85><[U:1:900000011]><Blue>" triggered "shot_fired" (weapon "quake_rl")
L 04/28/2026 - 06:11:29: "SoldierBoy<85><[U:1:900000011]><Blue>" triggered "shot_hit" (weapon "quake_rl")
L 04/28/2026 - 06:11:29: "SoldierBoy<85><[U:1:900000011]><Blue>" triggered "damage" against "AirshotKing<86><[U:1:900000013]><Red>" (damage "72") (weapon "quake_rl")
L 04/28/2026 - 06:11:29: "AirshotKing<86><[U:1:900000013]><Red>" triggered "shot_fired" (weapon "quake_rl")
L 04/28/2026 - 06:11:29: "SoldierBoy<85><[U:1:900000011]><Blue>" triggered "shot_hit" (weapon "quake_rl")
L 04/28/2026 - 06:11:29: "SoldierBoy<85><[U:1:900000011]><Blue>" triggered "damage" against "AirshotKing<86><[U:1:900000013]><Red>" (damage "112") (weapon "quake_rl") (airshot "1") (height "293")
L 04/28/2026 - 06:11:29: "SoldierBoy<85><[U:1:900000011]><Blue>" triggered "shot_fired" (weapon "quake_rl")
L 04/28/2026 - 06:11:30: "AirshotKing<86><[U:1:900000013]><Red>" triggered "shot_fired" (weapon "quake_rl")
L 04/28/2026 - 06:11:30: "SoldierBoy<85><[U:1:900000011]><Blue>" triggered "shot_fired" (weapon "quake_rl")
L 04/28/2026 - 06:11:31: "AirshotKing<86><[U:1:900000013]><Red>" triggered "shot_fired" (weapon "quake_rl")
L 04/28/2026 - 06:11:31: "AirshotKing<86><[U:1:900000013]><Red>" triggered "shot_fired" (weapon "quake_rl")
L 04/28/2026 - 06:11:32: "AirshotKing<86><[U:1:900000013]><Red>" triggered "shot_fired" (weapon "shotgun_soldier")
L 04/28/2026 - 06:11:34: "AirshotKing<86><[U:1:900000013]><Red>" triggered "shot_fired" (weapon "quake_rl")
L 04/28/2026 - 06:11:34: "SoldierBoy<85><[U:1:900000011]><Blue>" triggered "shot_fired" (weapon "shotgun_soldier")
L 04/28/2026 - 06:11:34: "SoldierBoy<85><[U:1:900000011]><Blue>" triggered "shot_hit" (weapon "shotgun_soldier")
L 04/28/2026 - 06:11:34: "SoldierBoy<85><[U:1:900000011]><Blue>" triggered "damage" against "AirshotKing<86><[U:1:900000013]><Red>" (damage "88") (realdamage "55") (weapon "shotgun_soldier")
L 04/28/2026 - 06:11:34: "SoldierBoy<85><[U:1:900000011]><Blue>" killed "AirshotKing<86><[U:1:900000013]><Red>" with "shotgun_soldier" (attacker_position "-8281 11887 10448") (victim_position "-8282 11963 10360")
L 04/28/2026 - 06:11:35: "AirshotKing<86><[U:1:900000013]><Red>" spawned as "soldier"
L 04/28/2026 - 06:11:37: "AirshotKing<86><[U:1:900000013]><Red>" triggered "shot_fired" (weapon "quake_rl")
L 04/28/2026 - 06:11:37: "SoldierBoy<85><[U:1:900000011]><Blue>" triggered "shot_fired" (weapon "quake_rl")
L 04/28/2026 - 06:11:38: "AirshotKing<86><[U:1:900000013]><Red>" triggered "shot_fired" (weapon "quake_rl")
L 04/28/2026 - 06:11:38: "SoldierBoy<85><[U:1:900000011]><Blue>" triggered "shot_fired" (weapon "quake_rl")
L 04/28/2026 - 06:11:38: "AirshotKing<86><[U:1:900000013]><Red>" triggered "shot_hit" (weapon "quake_rl")
L 04/28/2026 - 06:11:38: "AirshotKing<86><[U:1:900000013]><Red>" triggered "damage" against "SoldierBoy<85><[U:1:900000011]><Blue>" (damage "79") (weapon "quake_rl")
L 04/28/2026 - 06:11:38: "SoldierBoy<85><[U:1:900000011]><Blue>" triggered "shot_fired" (weapon "quake_rl")
L 04/28/2026 - 06:11:39: "SoldierBoy<85><[U:1:900000011]><Blue>" triggered "shot_hit" (weapon "quake_rl")
L 04/28/2026 - 06:11:39: "SoldierBoy<85><[U:1:900000011]><Blue>" triggered "damage" against "AirshotKing<86><[U:1:900000013]><Red>" (damage "94") (weapon "quake_rl")
L 04/28/2026 - 06:11:39: "AirshotKing<86><[U:1:900000013]><Red>" triggered "shot_fired" (weapon "quake_rl")
L 04/28/2026 - 06:11:40: "AirshotKing<86><[U:1:900000013]><Red>" triggered "shot_fired" (weapon "shotgun_soldier")
L 04/28/2026 - 06:11:41: "SoldierBoy<85><[U:1:900000011]><Blue>" triggered "shot_fired" (weapon "quake_rl")
L 04/28/2026 - 06:11:41: "SoldierBoy<85><[U:1:900000011]><Blue>" triggered "shot_hit" (weapon "quake_rl")
L 04/28/2026 - 06:11:41: "SoldierBoy<85><[U:1:900000011]><Blue>" triggered "damage" against "AirshotKing<86><[U:1:900000013]><Red>" (damage "59") (weapon "quake_rl")
L 04/28/2026 - 06:11:42: "SoldierBoy<85><[U:1:900000011]><Blue>" picked up item "tf_ammo_pack"
L 04/28/2026 - 06:11:44: "SoldierBoy<85><[U:1:900000011]><Blue>" killed "AirshotKing<86><[U:1:900000013]><Red>" with "world" (attacker_position "-8424 11938 10461") (victim_position "-8816 11490 10839")
L 04/28/2026 - 06:11:44: "AirshotKing<86><[U:1:900000013]><Red>" spawned as "soldier"
L 04/28/2026 - 06:11:49: "AirshotKing<86><[U:1:900000013]><Red>" triggered "shot_fired" (weapon "quake_rl")
L 04/28/2026 - 06:11:49: "AirshotKing<86><[U:1:900000013]><Red>" triggered "shot_hit" (weapon "quake_rl")
L 04/28/2026 - 06:11:49: "AirshotKing<86><[U:1:900000013]><Red>" triggered "damage" against "SoldierBoy<85><[U:1:900000011]><Blue>" (damage "61") (weapon "quake_rl")
L 04/28/2026 - 06:11:50: "AirshotKing<86><[U:1:900000013]><Red>" triggered "shot_fired" (weapon "quake_rl")
L 04/28/2026 - 06:11:50: "AirshotKing<86><[U:1:900000013]><Red>" triggered "shot_hit" (weapon "quake_rl")
L 04/28/2026 - 06:11:50: "AirshotKing<86><[U:1:900000013]><Red>" triggered "damage" against "SoldierBoy<85><[U:1:900000011]><Blue>" (damage "82") (weapon "quake_rl")
L 04/28/2026 - 06:11:50: "SoldierBoy<85><[U:1:900000011]><Blue>" triggered "shot_fired" (weapon "quake_rl")
L 04/28/2026 - 06:11:51: "SoldierBoy<85><[U:1:900000011]><Blue>" triggered "shot_fired" (weapon "quake_rl")
L 04/28/2026 - 06:11:51: "AirshotKing<86><[U:1:900000013]><Red>" triggered "shot_fired" (weapon "quake_rl")
L 04/28/2026 - 06:11:51: "SoldierBoy<85><[U:1:900000011]><Blue>" triggered "shot_hit" (weapon "quake_rl")
L 04/28/2026 - 06:11:51: "SoldierBoy<85><[U:1:900000011]><Blue>" triggered "damage" against "AirshotKing<86><[U:1:900000013]><Red>" (damage "100") (weapon "quake_rl")
L 04/28/2026 - 06:11:51: "AirshotKing<86><[U:1:900000013]><Red>" triggered "shot_fired" (weapon "shotgun_soldier")
L 04/28/2026 - 06:11:51: "SoldierBoy<85><[U:1:900000011]><Blue>" triggered "shot_hit" (weapon "quake_rl")
L 04/28/2026 - 06:11:51: "SoldierBoy<85><[U:1:900000011]><Blue>" triggered "damage" against "AirshotKing<86><[U:1:900000013]><Red>" (damage "111") (realdamage "92") (weapon "quake_rl")
L 04/28/2026 - 06:11:51: "SoldierBoy<85><[U:1:900000011]><Blue>" killed "AirshotKing<86><[U:1:900000013]><Red>" with "quake_rl" (attacker_position "-8580 11566 10799") (victim_position "-8683 11603 10791")
L 04/28/2026 - 06:11:52: "SoldierBoy<85><[U:1:900000011]><Blue>" triggered "shot_fired" (weapon "quake_rl")
L 04/28/2026 - 06:11:52: "AirshotKing<86><[U:1:900000013]><Red>" spawned as "soldier"
L 04/28/2026 - 06:11:53: "AirshotKing<86><[U:1:900000013]><Red>" triggered "shot_hit" (weapon "quake_rl")
L 04/28/2026 - 06:11:53: "AirshotKing<86><[U:1:900000013]><Red>" triggered "damage" against "SoldierBoy<85><[U:1:900000011]><Blue>" (damage "112") (weapon "quake_rl")
L 04/28/2026 - 06:11:54: "AirshotKing<86><[U:1:900000013]><Red>" triggered "shot_fired" (weapon "quake_rl")
L 04/28/2026 - 06:11:54: "SoldierBoy<85><[U:1:900000011]><Blue>" triggered "shot_fired" (weapon "quake_rl")
L 04/28/2026 - 06:11:54: "AirshotKing<86><[U:1:900000013]><Red>" triggered "shot_fired" (weapon "quake_rl")
L 04/28/2026 - 06:11:54: "AirshotKing<86><[U:1:900000013]><Red>" triggered "shot_hit" (weapon "quake_rl")
L 04/28/2026 - 06:11:54: "AirshotKing<86><[U:1:900000013]><Red>" triggered "damage" against "SoldierBoy<85><[U:1:900000011]><Blue>" (damage "68") (weapon "quake_rl")
L 04/28/2026 - 06:11:55: "SoldierBoy<85><[U:1:900000011]><Blue>" triggered "shot_fired" (weapon "quake_rl")
L 04/28/2026 - 06:11:55: "AirshotKing<86><[U:1:900000013]><Red>" triggered "shot_fired" (weapon "quake_rl")
L 04/28/2026 - 06:11:55: "SoldierBoy<85><[U:1:900000011]><Blue>" triggered "shot_fired" (weapon "quake_rl")
L 04/28/2026 - 06:11:56: "SoldierBoy<85><[U:1:900000011]><Blue>" triggered "shot_hit" (weapon "quake_rl")
L 04/28/2026 - 06:11:56: "SoldierBoy<85><[U:1:900000011]><Blue>" triggered "damage" against "AirshotKing<86><[U:1:900000013]><Red>" (damage "62") (weapon "quake_rl")
L 04/28/2026 - 06:11:56: "AirshotKing<86><[U:1:900000013]><Red>" triggered "shot_fired" (weapon "shotgun_soldier")
L 04/28/2026 - 06:11:56: "AirshotKing<86><[U:1:900000013]><Red>" triggered "shot_fired" (weapon "shotgun_soldier")
L 04/28/2026 - 06:11:57: "SoldierBoy<85><[U:1:900000011]><Blue>" triggered "shot_fired" (weapon "quake_rl")
L 04/28/2026 - 06:11:57: "SoldierBoy<85><[U:1:900000011]><Blue>" triggered "shot_hit" (weapon "quake_rl")
L 04/28/2026 - 06:11:57: "SoldierBoy<85><[U:1:900000011]><Blue>" triggered "damage" against "AirshotKing<86><[U:1:900000013]><Red>" (damage "97") (weapon "quake_rl")
L 04/28/2026 - 06:11:57: "AirshotKing<86><[U:1:900000013]><Red>" triggered "shot_fired" (weapon "shotgun_soldier")
L 04/28/2026 - 06:11:57: "AirshotKing<86><[U:1:900000013]><Red>" triggered "shot_hit" (weapon "shotgun_soldier")
L 04/28/2026 - 06:11:57: "AirshotKing<86><[U:1:900000013]><Red>" triggered "damage" against "SoldierBoy<85><[U:1:900000011]><Blue>" (damage "7") (weapon "shotgun_soldier")
L 04/28/2026 - 06:11:57: "SoldierBoy<85><[U:1:900000011]><Blue>" triggered "shot_fired" (weapon "shotgun_soldier")
L 04/28/2026 - 06:11:57: "SoldierBoy<85><[U:1:900000011]><Blue>" triggered "shot_hit" (weapon "shotgun_soldier")
L 04/28/2026 - 06:11:57: "SoldierBoy<85><[U:1:900000011]><Blue>" triggered "damage" against "AirshotKing<86><[U:1:900000013]><Red>" (damage "62") (realdamage "16") (weapon "shotgun_soldier")
L 04/28/2026 - 06:11:57: "SoldierBoy<85><[U:1:900000011]><Blue>" killed "AirshotKing<86><[U:1:900000013]><Red>" with "shotgun_soldier" (attacker_position "-8200 11440 10350") (victim_position "-8246 11155 10418")
L 04/28/2026 - 06:11:57: "SoldierBoy<85><[U:1:900000011]><Blue>" triggered "domination" against "AirshotKing<86><[U:1:900000013]><Red>"
L 04/28/2026 - 06:11:57: "AirshotKing<86><[U:1:900000013]><Red>" spawned as "soldier"
L 04/28/2026 - 06:12:00: "AirshotKing<86><[U:1:900000013]><Red>" triggered "shot_fired" (weapon "quake_rl")
L 04/28/2026 - 06:12:00: "SoldierBoy<85><[U:1:900000011]><Blue>" triggered "shot_fired" (weapon "quake_rl")
L 04/28/2026 - 06:12:00: "AirshotKing<86><[U:1:900000013]><Red>" triggered "shot_fired" (weapon "quake_rl")
L 04/28/2026 - 06:12:00: "AirshotKing<86><[U:1:900000013]><Red>" triggered "shot_hit" (weapon "quake_rl")
L 04/28/2026 - 06:12:00: "AirshotKing<86><[U:1:900000013]><Red>" triggered "damage" against "SoldierBoy<85><[U:1:900000011]><Blue>" (damage "59") (weapon "quake_rl")
L 04/28/2026 - 06:12:01: "SoldierBoy<85><[U:1:900000011]><Blue>" triggered "shot_hit" (weapon "quake_rl")
L 04/28/2026 - 06:12:01: "SoldierBoy<85><[U:1:900000011]><Blue>" triggered "damage" against "AirshotKing<86><[U:1:900000013]><Red>" (damage "70") (weapon "quake_rl")
L 04/28/2026 - 06:12:01: "SoldierBoy<85><[U:1:900000011]><Blue>" triggered "shot_fired" (weapon "quake_rl")
L 04/28/2026 - 06:12:01: "AirshotKing<86><[U:1:900000013]><Red>" triggered "shot_fired" (weapon "quake_rl")
L 04/28/2026 - 06:12:01: "SoldierBoy<85><[U:1:900000011]><Blue>" triggered "shot_fired" (weapon "quake_rl")
L 04/28/2026 - 06:12:01: "AirshotKing<86><[U:1:900000013]><Red>" triggered "shot_fired" (weapon "shotgun_soldier")
L 04/28/2026 - 06:12:01: "AirshotKing<86><[U:1:900000013]><Red>" triggered "shot_hit" (weapon "shotgun_soldier")
L 04/28/2026 - 06:12:01: "AirshotKing<86><[U:1:900000013]><Red>" triggered "damage" against "SoldierBoy<85><[U:1:900000011]><Blue>" (damage "66") (weapon "shotgun_soldier")
L 04/28/2026 - 06:12:02: "SoldierBoy<85><[U:1:900000011]><Blue>" triggered "shot_fired" (weapon "shotgun_soldier")
L 04/28/2026 - 06:12:02: "SoldierBoy<85><[U:1:900000011]><Blue>" triggered "shot_hit" (weapon "shotgun_soldier")
L 04/28/2026 - 06:12:02: "SoldierBoy<85><[U:1:900000011]><Blue>" triggered "damage" against "AirshotKing<86><[U:1:900000013]><Red>" (damage "84") (weapon "shotgun_soldier")
L 04/28/2026 - 06:12:02: "AirshotKing<86><[U:1:900000013]><Red>" triggered "shot_fired" (weapon "shotgun_soldier")
L 04/28/2026 - 06:12:02: "AirshotKing<86><[U:1:900000013]><Red>" triggered "shot_hit" (weapon "shotgun_soldier")
L 04/28/2026 - 06:12:02: "AirshotKing<86><[U:1:900000013]><Red>" triggered "damage" against "SoldierBoy<85><[U:1:900000011]><Blue>" (damage "9") (weapon "shotgun_soldier")
L 04/28/2026 - 06:12:03: "SoldierBoy<85><[U:1:900000011]><Blue>" triggered "shot_fired" (weapon "shotgun_soldier")
L 04/28/2026 - 06:12:03: "SoldierBoy<85><[U:1:900000011]><Blue>" triggered "shot_hit" (weapon "shotgun_soldier")
L 04/28/2026 - 06:12:03: "SoldierBoy<85><[U:1:900000011]><Blue>" triggered "damage" against "AirshotKing<86><[U:1:900000013]><Red>" (damage "77") (realdamage "58") (weapon "shotgun_soldier")
L 04/28/2026 - 06:12:03: "SoldierBoy<85><[U:1:900000011]><Blue>" killed "AirshotKing<86><[U:1:900000013]><Red>" with "shotgun_soldier" (attacker_position "-8671 11632 10743") (victim_position "-8592 11491 10705")
L 04/28/2026 - 06:12:03: "AirshotKing<86><[U:1:900000013]><Red>" spawned as "soldier"
L 04/28/2026 - 06:12:05: "AirshotKing<86><[U:1:900000013]><Red>" triggered "shot_fired" (weapon "quake_rl")
L 04/28/2026 - 06:12:05: "SoldierBoy<85><[U:1:900000011]><Blue>" triggered "shot_fired" (weapon "quake_rl")
L 04/28/2026 - 06:12:05: "AirshotKing<86><[U:1:900000013]><Red>" triggered "shot_hit" (weapon "quake_rl")
L 04/28/2026 - 06:12:05: "AirshotKing<86><[U:1:900000013]><Red>" triggered "damage" against "SoldierBoy<85><[U:1:900000011]><Blue>" (damage "57") (weapon "quake_rl")
L 04/28/2026 - 06:12:06: "AirshotKing<86><[U:1:900000013]><Red>" triggered "shot_hit" (weapon "quake_rl")
L 04/28/2026 - 06:12:06: "AirshotKing<86><[U:1:900000013]><Red>" triggered "damage" against "SoldierBoy<85><[U:1:900000011]><Blue>" (damage "82") (weapon "quake_rl")
L 04/28/2026 - 06:12:06: "AirshotKing<86><[U:1:900000013]><Red>" triggered "shot_fired" (weapon "quake_rl")
L 04/28/2026 - 06:12:06: "SoldierBoy<85><[U:1:900000011]><Blue>" triggered "shot_hit" (weapon "quake_rl")
L 04/28/2026 - 06:12:06: "SoldierBoy<85><[U:1:900000011]><Blue>" triggered "damage" against "AirshotKing<86><[U:1:900000013]><Red>" (damage "76") (weapon "quake_rl")
L 04/28/2026 - 06:12:06: "SoldierBoy<85><[U:1:900000011]><Blue>" triggered "shot_fired" (weapon "quake_rl")
L 04/28/2026 - 06:12:07: "SoldierBoy<85><[U:1:900000011]><Blue>" triggered "shot_fired" (weapon "quake_rl")
L 04/28/2026 - 06:12:07: "AirshotKing<86><[U:1:900000013]><Red>" triggered "shot_fired" (weapon "quake_rl")
L 04/28/2026 - 06:12:07: "SoldierBoy<85><[U:1:900000011]><Blue>" triggered "shot_fired" (weapon "quake_rl")
L 04/28/2026 - 06:12:08: "AirshotKing<86><[U:1:900000013]><Red>" triggered "shot_fired" (weapon "shotgun_soldier")
L 04/28/2026 - 06:12:08: "AirshotKing<86><[U:1:900000013]><Red>" triggered "shot_hit" (weapon "shotgun_soldier")
L 04/28/2026 - 06:12:08: "AirshotKing<86><[U:1:900000013]><Red>" triggered "damage" against "SoldierBoy<85><[U:1:900000011]><Blue>" (damage "8") (weapon "shotgun_soldier")
L 04/28/2026 - 06:12:10: "AirshotKing<86><[U:1:900000013]><Red>" triggered "shot_fired" (weapon "quake_rl")
L 04/28/2026 - 06:12:12: "SoldierBoy<85><[U:1:900000011]><Blue>" picked up item "tf_ammo_pack"
L 04/28/2026 - 06:12:12: "SoldierBoy<85><[U:1:900000011]><Blue>" triggered "shot_fired" (weapon "quake_rl")
L 04/28/2026 - 06:12:12: "SoldierBoy<85><[U:1:900000011]><Blue>" triggered "shot_hit" (weapon "quake_rl")
L 04/28/2026 - 06:12:12: "SoldierBoy<85><[U:1:900000011]><Blue>" triggered "damage" against "AirshotKing<86><[U:1:900000013]><Red>" (damage "47") (weapon "quake_rl")
L 04/28/2026 - 06:12:13: "AirshotKing<86><[U:1:900000013]><Red>" triggered "shot_fired" (weapon "shotgun_soldier")
L 04/28/2026 - 06:12:13: "AirshotKing<86><[U:1:900000013]><Red>" triggered "shot_hit" (weapon "shotgun_soldier")
L 04/28/2026 - 06:12:13: "AirshotKing<86><[U:1:900000013]><Red>" triggered "damage" against "SoldierBoy<85><[U:1:900000011]><Blue>" (damage "24") (weapon "shotgun_soldier")
L 04/28/2026 - 06:12:16: "AirshotKing<86><[U:1:900000013]><Red>" triggered "shot_fired" (weapon "quake_rl")
L 04/28/2026 - 06:12:17: "SoldierBoy<85><[U:1:900000011]><Blue>" triggered "shot_fired" (weapon "shotgun_soldier")
L 04/28/2026 - 06:12:17: "SoldierBoy<85><[U:1:900000011]><Blue>" triggered "shot_hit" (weapon "shotgun_soldier")
L 04/28/2026 - 06:12:17: "SoldierBoy<85><[U:1:900000011]><Blue>" triggered "damage" against "AirshotKing<86><[U:1:900000013]><Red>" (damage "18") (weapon "shotgun_soldier")
L 04/28/2026 - 06:12:17: "AirshotKing<86><[U:1:900000013]><Red>" triggered "shot_hit" (weapon "quake_rl")
L 04/28/2026 - 06:12:17: "AirshotKing<86><[U:1:900000013]><Red>" triggered "damage" against "SoldierBoy<85><[U:1:900000011]><Blue>" (damage "66") (realdamage "3") (weapon "quake_rl")
L 04/28/2026 - 06:12:17: "AirshotKing<86><[U:1:900000013]><Red>" killed "SoldierBoy<85><[U:1:900000011]><Blue>" with "quake_rl" (attacker_position "-8383 11788 10589") (victim_position "-8476 11915 10587")
L 04/28/2026 - 06:12:17: "AirshotKing<86><[U:1:900000013]><Red>" triggered "revenge" against "SoldierBoy<85><[U:1:900000011]><Blue>"
L 04/28/2026 - 06:12:17: "AirshotKing<86><[U:1:900000013]><Red>" triggered "shot_fired" (weapon "quake_rl")
L 04/28/2026 - 06:12:17: "SoldierBoy<85><[U:1:900000011]><Blue>" spawned as "soldier"
L 04/28/2026 - 06:12:19: "AirshotKing<86><[U:1:900000013]><Red>" triggered "shot_fired" (weapon "quake_rl")
L 04/28/2026 - 06:12:19: "SoldierBoy<85><[U:1:900000011]><Blue>" triggered "shot_fired" (weapon "quake_rl")
L 04/28/2026 - 06:12:19: "SoldierBoy<85><[U:1:900000011]><Blue>" triggered "shot_hit" (weapon "quake_rl")
L 04/28/2026 - 06:12:19: "SoldierBoy<85><[U:1:900000011]><Blue>" triggered "damage" against "AirshotKing<86><[U:1:900000013]><Red>" (damage "53") (weapon "quake_rl")
L 04/28/2026 - 06:12:20: "AirshotKing<86><[U:1:900000013]><Red>" triggered "shot_fired" (weapon "quake_rl")
L 04/28/2026 - 06:12:22: "AirshotKing<86><[U:1:900000013]><Red>" triggered "shot_hit" (weapon "quake_rl")
L 04/28/2026 - 06:12:22: "AirshotKing<86><[U:1:900000013]><Red>" triggered "damage" against "SoldierBoy<85><[U:1:900000011]><Blue>" (damage "110") (weapon "quake_rl")
L 04/28/2026 - 06:12:22: "AirshotKing<86><[U:1:900000013]><Red>" triggered "shot_fired" (weapon "quake_rl")
L 04/28/2026 - 06:12:22: "SoldierBoy<85><[U:1:900000011]><Blue>" triggered "shot_fired" (weapon "quake_rl")
L 04/28/2026 - 06:12:22: "AirshotKing<86><[U:1:900000013]><Red>" triggered "shot_fired" (weapon "shotgun_soldier")
L 04/28/2026 - 06:12:22: "AirshotKing<86><[U:1:900000013]><Red>" triggered "shot_hit" (weapon "shotgun_soldier")
L 04/28/2026 - 06:12:22: "AirshotKing<86><[U:1:900000013]><Red>" triggered "damage" against "SoldierBoy<85><[U:1:900000011]><Blue>" (damage "7") (weapon "shotgun_soldier")
L 04/28/2026 - 06:12:22: "AirshotKing<86><[U:1:900000013]><Red>" triggered "damage" against "SoldierBoy<85><[U:1:900000011]><Blue>" (damage "13") (weapon "shotgun_soldier")
L 04/28/2026 - 06:12:22: "AirshotKing<86><[U:1:900000013]><Red>" triggered "damage" against "SoldierBoy<85><[U:1:900000011]><Blue>" (damage "13") (weapon "shotgun_soldier")
L 04/28/2026 - 06:12:24: "SoldierBoy<85><[U:1:900000011]><Blue>" triggered "shot_hit" (weapon "quake_rl")
L 04/28/2026 - 06:12:24: "SoldierBoy<85><[U:1:900000011]><Blue>" triggered "damage" against "AirshotKing<86><[U:1:900000013]><Red>" (damage "79") (weapon "quake_rl")
L 04/28/2026 - 06:12:24: "SoldierBoy<85><[U:1:900000011]><Blue>" triggered "shot_fired" (weapon "quake_rl")
L 04/28/2026 - 06:12:24: "AirshotKing<86><[U:1:900000013]><Red>" triggered "shot_fired" (weapon "quake_rl")
L 04/28/2026 - 06:12:25: "SoldierBoy<85><[U:1:900000011]><Blue>" killed "AirshotKing<86><[U:1:900000013]><Red>" with "world" (attacker_position "-8795 11517 10725") (victim_position "-8281 11756 10452")
L 04/28/2026 - 06:12:25: "AirshotKing<86><[U:1:900000013]><Red>" spawned as "soldier"
L 04/28/2026 - 06:12:27: "AirshotKing<86><[U:1:900000013]><Red>" triggered "shot_fired" (weapon "quake_rl")
L 04/28/2026 - 06:12:27: "AirshotKing<86><[U:1:900000013]><Red>" triggered "shot_hit" (weapon "quake_rl")
L 04/28/2026 - 06:12:27: "AirshotKing<86><[U:1:900000013]><Red>" triggered "damage" against "SoldierBoy<85><[U:1:900000011]><Blue>" (damage "64") (weapon "quake_rl")
L 04/28/2026 - 06:12:28: "SoldierBoy<85><[U:1:900000011]><Blue>" triggered "shot_fired" (weapon "quake_rl")
L 04/28/2026 - 06:12:28: "SoldierBoy<85><[U:1:900000011]><Blue>" triggered "shot_hit" (weapon "quake_rl")
L 04/28/2026 - 06:12:28: "SoldierBoy<85><[U:1:900000011]><Blue>" triggered "damage" against "AirshotKing<86><[U:1:900000013]><Red>" (damage "105") (weapon "quake_rl")
L 04/28/2026 - 06:12:28: "AirshotKing<86><[U:1:900000013]><Red>" triggered "shot_fired" (weapon "quake_rl")
L 04/28/2026 - 06:12:28: "AirshotKing<86><[U:1:900000013]><Red>" triggered "shot_hit" (weapon "quake_rl")
L 04/28/2026 - 06:12:28: "AirshotKing<86><[U:1:900000013]><Red>" triggered "damage" against "SoldierBoy<85><[U:1:900000011]><Blue>" (damage "66") (weapon "quake_rl")
L 04/28/2026 - 06:12:28: "SoldierBoy<85><[U:1:900000011]><Blue>" triggered "shot_fired" (weapon "quake_rl")
L 04/28/2026 - 06:12:28: "SoldierBoy<85><[U:1:900000011]><Blue>" triggered "shot_hit" (weapon "quake_rl")
L 04/28/2026 - 06:12:28: "SoldierBoy<85><[U:1:900000011]><Blue>" triggered "damage" against "AirshotKing<86><[U:1:900000013]><Red>" (damage "81") (weapon "quake_rl")
L 04/28/2026 - 06:12:29: "AirshotKing<86><[U:1:900000013]><Red>" triggered "shot_fired" (weapon "quake_rl")
L 04/28/2026 - 06:12:29: "AirshotKing<86><[U:1:900000013]><Red>" triggered "shot_hit" (weapon "quake_rl")
L 04/28/2026 - 06:12:29: "AirshotKing<86><[U:1:900000013]><Red>" triggered "damage" against "SoldierBoy<85><[U:1:900000011]><Blue>" (damage "60") (weapon "quake_rl")
L 04/28/2026 - 06:12:29: "SoldierBoy<85><[U:1:900000011]><Blue>" triggered "shot_fired" (weapon "quake_rl")
L 04/28/2026 - 06:12:29: "AirshotKing<86><[U:1:900000013]><Red>" triggered "shot_fired" (weapon "shotgun_soldier")
L 04/28/2026 - 06:12:29: "AirshotKing<86><[U:1:900000013]><Red>" triggered "shot_hit" (weapon "shotgun_soldier")
L 04/28/2026 - 06:12:29: "AirshotKing<86><[U:1:900000013]><Red>" triggered "damage" against "SoldierBoy<85><[U:1:900000011]><Blue>" (damage "20") (weapon "shotgun_soldier")
L 04/28/2026 - 06:12:29: "SoldierBoy<85><[U:1:900000011]><Blue>" triggered "shot_hit" (weapon "quake_rl")
L 04/28/2026 - 06:12:29: "SoldierBoy<85><[U:1:900000011]><Blue>" triggered "damage" against "AirshotKing<86><[U:1:900000013]><Red>" (damage "98") (realdamage "58") (weapon "quake_rl") (airshot "1") (height "249")
L 04/28/2026 - 06:12:29: "SoldierBoy<85><[U:1:900000011]><Blue>" killed "AirshotKing<86><[U:1:900000013]><Red>" with "quake_rl" (attacker_position "-8922 11919 10736") (victim_position "-8722 11686 10992")
L 04/28/2026 - 06:12:30: "AirshotKing<86><[U:1:900000013]><Red>" spawned as "soldier"
L 04/28/2026 - 06:12:31: "AirshotKing<86><[U:1:900000013]><Red>" triggered "shot_fired" (weapon "quake_rl")
L 04/28/2026 - 06:13:20: "AirshotKing<86><[U:1:900000013]><Red>" say "!add"
L 04/28/2026 - 06:13:21: "AirshotKing<86><[U:1:900000013]><Red>" say "gg"
L 04/28/2026 - 06:13:22: "AirshotKing<86><[U:1:900000013]><Red>" say "nice shot"
L 04/28/2026 - 06:13:31: "AirshotKing<86><[U:1:900000013]><Red>" triggered "shot_fired" (weapon "quake_rl")
L 04/28/2026 - 06:13:31: "SoldierBoy<85><[U:1:900000011]><Blue>" triggered "shot_fired" (weapon "quake_rl")
L 04/28/2026 - 06:13:31: "AirshotKing<86><[U:1:900000013]><Red>" triggered "shot_hit" (weapon "quake_rl")
L 04/28/2026 - 06:13:31: "AirshotKing<86><[U:1:900000013]><Red>" triggered "damage" against "SoldierBoy<85><[U:1:900000011]><Blue>" (damage "68") (weapon "quake_rl")
L 04/28/2026 - 06:13:32: "SoldierBoy<85><[U:1:900000011]><Blue>" triggered "shot_fired" (weapon "quake_rl")
L 04/28/2026 - 06:13:32: "AirshotKing<86><[U:1:900000013]><Red>" triggered "shot_fired" (weapon "quake_rl")
L 04/28/2026 - 06:13:32: "SoldierBoy<85><[U:1:900000011]><Blue>" triggered "shot_hit" (weapon "quake_rl")
L 04/28/2026 - 06:13:32: "SoldierBoy<85><[U:1:900000011]><Blue>" triggered "damage" against "AirshotKing<86><[U:1:900000013]><Red>" (damage "73") (weapon "quake_rl")
L 04/28/2026 - 06:13:32: "AirshotKing<86><[U:1:900000013]><Red>" triggered "shot_hit" (weapon "quake_rl")
L 04/28/2026 - 06:13:32: "AirshotKing<86><[U:1:900000013]><Red>" triggered "damage" against "SoldierBoy<85><[U:1:900000011]><Blue>" (damage "102") (weapon "quake_rl") (airshot "1") (height "263")
L 04/28/2026 - 06:13:33: "SoldierBoy<85><[U:1:900000011]><Blue>" triggered "shot_fired" (weapon "quake_rl")
L 04/28/2026 - 06:13:33: "AirshotKing<86><[U:1:900000013]><Red>" triggered "shot_fired" (weapon "quake_rl")
L 04/28/2026 - 06:13:33: "AirshotKing<86><[U:1:900000013]><Red>" killed "SoldierBoy<85><[U:1:900000011]><Blue>" with "world" (attacker_position "-8635 11623 11041") (victim_position "-8207 12264 10345")
L 04/28/2026 - 06:13:33: "SoldierBoy<85><[U:1:900000011]><Blue>" spawned as "soldier"
L 04/28/2026 - 06:13:35: "AirshotKing<86><[U:1:900000013]><Red>" triggered "shot_fired" (weapon "quake_rl")
L 04/28/2026 - 06:13:36: "AirshotKing<86><[U:1:900000013]><Red>" triggered "shot_hit" (weapon "quake_rl")
L 04/28/2026 - 06:13:36: "AirshotKing<86><[U:1:900000013]><Red>" triggered "damage" against "SoldierBoy<85><[U:1:900000011]><Blue>" (damage "108") (weapon "quake_rl") (airshot "1") (height "236")
L 04/28/2026 - 06:13:36: "AirshotKing<86><[U:1:900000013]><Red>" triggered "shot_fired" (weapon "quake_rl")
L 04/28/2026 - 06:13:36: "SoldierBoy<85><[U:1:900000011]><Blue>" triggered "shot_fired" (weapon "quake_rl")
L 04/28/2026 - 06:13:37: "AirshotKing<86><[U:1:900000013]><Red>" triggered "shot_fired" (weapon "quake_rl")
L 04/28/2026 - 06:13:37: "AirshotKing<86><[U:1:900000013]><Red>" triggered "shot_hit" (weapon "quake_rl")
L 04/28/2026 - 06:13:37: "AirshotKing<86><[U:1:900000013]><Red>" triggered "damage" against "SoldierBoy<85><[U:1:900000011]><Blue>" (damage "101") (weapon "quake_rl") (airshot "1") (height "557")
L 04/28/2026 - 06:13:38: "AirshotKing<86><[U:1:900000013]><Red>" triggered "shot_fired" (weapon "quake_rl")
L 04/28/2026 - 06:13:38: "SoldierBoy<85><[U:1:900000011]><Blue>" triggered "shot_fired" (weapon "quake_rl")
L 04/28/2026 - 06:13:38: "SoldierBoy<85><[U:1:900000011]><Blue>" triggered "shot_hit" (weapon "quake_rl")
L 04/28/2026 - 06:13:38: "SoldierBoy<85><[U:1:900000011]><Blue>" triggered "damage" against "AirshotKing<86><[U:1:900000013]><Red>" (damage "55") (weapon "quake_rl")
L 04/28/2026 - 06:13:38: "AirshotKing<86><[U:1:900000013]><Red>" killed "SoldierBoy<85><[U:1:900000011]><Blue>" with "world" (attacker_position "-8712 11572 10736") (victim_position "-8604 12004 10493")
L 04/28/2026 - 06:13:38: "SoldierBoy<85><[U:1:900000011]><Blue>" spawned as "soldier"
L 04/28/2026 - 06:13:40: "SoldierBoy<85><[U:1:900000011]><Blue>" triggered "shot_fired" (weapon "quake_rl")
L 04/28/2026 - 06:13:40: "SoldierBoy<85><[U:1:900000011]><Blue>" triggered "shot_hit" (weapon "quake_rl")
L 04/28/2026 - 06:13:40: "SoldierBoy<85><[U:1:900000011]><Blue>" triggered "damage" against "AirshotKing<86><[U:1:900000013]><Red>" (damage "65") (weapon "quake_rl")
L 04/28/2026 - 06:13:41: "AirshotKing<86><[U:1:900000013]><Red>" triggered "shot_fired" (weapon "quake_rl")
L 04/28/2026 - 06:13:41: "AirshotKing<86><[U:1:900000013]><Red>" triggered "shot_fired" (weapon "quake_rl")
L 04/28/2026 - 06:13:42: "AirshotKing<86><[U:1:900000013]><Red>" triggered "shot_hit" (weapon "quake_rl")
L 04/28/2026 - 06:13:42: "AirshotKing<86><[U:1:900000013]><Red>" triggered "damage" against "SoldierBoy<85><[U:1:900000011]><Blue>" (damage "51") (weapon "quake_rl")
L 04/28/2026 - 06:13:42: "SoldierBoy<85><[U:1:900000011]><Blue>" triggered "shot_fired" (weapon "quake_rl")
L 04/28/2026 - 06:13:42: "SoldierBoy<85><[U:1:900000011]><Blue>" triggered "shot_hit" (weapon "quake_rl")
L 04/28/2026 - 06:13:42: "SoldierBoy<85><[U:1:900000011]><Blue>" triggered "damage" against "AirshotKing<86><[U:1:900000013]><Red>" (damage "60") (weapon "quake_rl")
L 04/28/2026 - 06:13:43: "SoldierBoy<85><[U:1:900000011]><Blue>" triggered "shot_fired" (weapon "quake_rl")
L 04/28/2026 - 06:13:43: "SoldierBoy<85><[U:1:900000011]><Blue>" triggered "shot_hit" (weapon "quake_rl")
L 04/28/2026 - 06:13:43: "SoldierBoy<85><[U:1:900000011]><Blue>" triggered "damage" against "AirshotKing<86><[U:1:900000013]><Red>" (damage "49") (weapon "quake_rl")
L 04/28/2026 - 06:13:44: "AirshotKing<86><[U:1:900000013]><Red>" triggered "shot_fired" (weapon "quake_rl")
L 04/28/2026 - 06:13:45: "AirshotKing<86><[U:1:900000013]><Red>" triggered "shot_fired" (weapon "shotgun_soldier")
L 04/28/2026 - 06:13:45: "AirshotKing<86><[U:1:900000013]><Red>" triggered "shot_hit" (weapon "shotgun_soldier")
L 04/28/2026 - 06:13:45: "AirshotKing<86><[U:1:900000013]><Red>" triggered "damage" against "SoldierBoy<85><[U:1:900000011]><Blue>" (damage "53") (weapon "shotgun_soldier")
L 04/28/2026 - 06:13:45: "SoldierBoy<85><[U:1:900000011]><Blue>" triggered "shot_fired" (weapon "shotgun_soldier")
L 04/28/2026 - 06:13:45: "SoldierBoy<85><[U:1:900000011]><Blue>" triggered "shot_hit" (weapon "shotgun_soldier")
L 04/28/2026 - 06:13:45: "SoldierBoy<85><[U:1:900000011]><Blue>" triggered "damage" against "AirshotKing<86><[U:1:900000013]><Red>" (damage "88") (realdamage "48") (weapon "shotgun_soldier")
L 04/28/2026 - 06:13:45: "SoldierBoy<85><[U:1:900000011]><Blue>" killed "AirshotKing<86><[U:1:900000013]><Red>" with "shotgun_soldier" (attacker_position "-8691 11599 10743") (victim_position "-8643 11577 10654")
L 04/28/2026 - 06:13:45: "AirshotKing<86><[U:1:900000013]><Red>" spawned as "soldier"
L 04/28/2026 - 06:13:47: "SoldierBoy<85><[U:1:900000011]><Blue>" triggered "shot_fired" (weapon "quake_rl")
L 04/28/2026 - 06:13:47: "AirshotKing<86><[U:1:900000013]><Red>" triggered "shot_fired" (weapon "quake_rl")
L 04/28/2026 - 06:13:47: "AirshotKing<86><[U:1:900000013]><Red>" triggered "shot_hit" (weapon "quake_rl")
L 04/28/2026 - 06:13:47: "AirshotKing<86><[U:1:900000013]><Red>" triggered "damage" against "SoldierBoy<85><[U:1:900000011]><Blue>" (damage "47") (weapon "quake_rl")
L 04/28/2026 - 06:13:48: "AirshotKing<86><[U:1:900000013]><Red>" triggered "shot_fired" (weapon "quake_rl")
L 04/28/2026 - 06:13:48: "AirshotKing<86><[U:1:900000013]><Red>" triggered "shot_hit" (weapon "quake_rl")
L 04/28/2026 - 06:13:48: "AirshotKing<86><[U:1:900000013]><Red>" triggered "damage" against "SoldierBoy<85><[U:1:900000011]><Blue>" (damage "90") (weapon "quake_rl")
L 04/28/2026 - 06:13:48: "SoldierBoy<85><[U:1:900000011]><Blue>" triggered "shot_hit" (weapon "quake_rl")
L 04/28/2026 - 06:13:48: "SoldierBoy<85><[U:1:900000011]><Blue>" triggered "damage" against "AirshotKing<86><[U:1:900000013]><Red>" (damage "56") (weapon "quake_rl")
L 04/28/2026 - 06:13:48: "SoldierBoy<85><[U:1:900000011]><Blue>" triggered "shot_fired" (weapon "quake_rl")
L 04/28/2026 - 06:13:49: "SoldierBoy<85><[U:1:900000011]><Blue>" triggered "shot_fired" (weapon "quake_rl")
L 04/28/2026 - 06:13:49: "AirshotKing<86><[U:1:900000013]><Red>" triggered "shot_fired" (weapon "quake_rl")
L 04/28/2026 - 06:13:49: "SoldierBoy<85><[U:1:900000011]><Blue>" triggered "shot_hit" (weapon "quake_rl")
L 04/28/2026 - 06:13:49: "SoldierBoy<85><[U:1:900000011]><Blue>" triggered "damage" against "AirshotKing<86><[U:1:900000013]><Red>" (damage "50") (weapon "quake_rl")
L 04/28/2026 - 06:13:50: "SoldierBoy<85><[U:1:900000011]><Blue>" triggered "shot_fired" (weapon "quake_rl")
L 04/28/2026 - 06:13:50: "SoldierBoy<85><[U:1:900000011]><Blue>" triggered "shot_hit" (weapon "quake_rl")
L 04/28/2026 - 06:13:50: "SoldierBoy<85><[U:1:900000011]><Blue>" triggered "damage" against "AirshotKing<86><[U:1:900000013]><Red>" (damage "55") (weapon "quake_rl")
L 04/28/2026 - 06:13:50: "AirshotKing<86><[U:1:900000013]><Red>" triggered "shot_fired" (weapon "shotgun_soldier")
L 04/28/2026 - 06:13:50: "AirshotKing<86><[U:1:900000013]><Red>" triggered "shot_hit" (weapon "shotgun_soldier")
L 04/28/2026 - 06:13:50: "AirshotKing<86><[U:1:900000013]><Red>" triggered "damage" against "SoldierBoy<85><[U:1:900000011]><Blue>" (damage "51") (weapon "shotgun_soldier")
L 04/28/2026 - 06:13:50: "SoldierBoy<85><[U:1:900000011]><Blue>" triggered "shot_fired" (weapon "shotgun_soldier")
L 04/28/2026 - 06:13:50: "SoldierBoy<85><[U:1:900000011]><Blue>" triggered "shot_hit" (weapon "shotgun_soldier")
L 04/28/2026 - 06:13:50: "SoldierBoy<85><[U:1:900000011]><Blue>" triggered "damage" against "AirshotKing<86><[U:1:900000013]><Red>" (damage "68") (weapon "shotgun_soldier")
L 04/28/2026 - 06:13:51: "AirshotKing<86><[U:1:900000013]><Red>" triggered "shot_fired" (weapon "shotgun_soldier")
L 04/28/2026 - 06:13:51: "SoldierBoy<85><[U:1:900000011]><Blue>" triggered "shot_fired" (weapon "shotgun_soldier")
L 04/28/2026 - 06:13:51: "SoldierBoy<85><[U:1:900000011]><Blue>" triggered "shot_hit" (weapon "shotgun_soldier")
L 04/28/2026 - 06:13:51: "SoldierBoy<85><[U:1:900000011]><Blue>" triggered "damage" against "AirshotKing<86><[U:1:900000013]><Red>" (damage "57") (realdamage "7") (weapon "shotgun_soldier")
L 04/28/2026 - 06:13:51: "SoldierBoy<85><[U:1:900000011]><Blue>" killed "AirshotKing<86><[U:1:900000013]><Red>" with "shotgun_soldier" (attacker_position "-8921 11859 10736") (victim_position "-8878 11766 10948")
L 04/28/2026 - 06:13:51: "AirshotKing<86><[U:1:900000013]><Red>" spawned as "soldier"
L 04/28/2026 - 06:13:53: "SoldierBoy<85><[U:1:900000011]><Blue>" triggered "shot_fired" (weapon "quake_rl")
L 04/28/2026 - 06:13:53: "AirshotKing<86><[U:1:900000013]><Red>" triggered "shot_fired" (weapon "quake_rl")
L 04/28/2026 - 06:13:53: "AirshotKing<86><[U:1:900000013]><Red>" triggered "shot_hit" (weapon "quake_rl")
L 04/28/2026 - 06:13:53: "AirshotKing<86><[U:1:900000013]><Red>" triggered "damage" against "SoldierBoy<85><[U:1:900000011]><Blue>" (damage "74") (weapon "quake_rl")
L 04/28/2026 - 06:13:54: "AirshotKing<86><[U:1:900000013]><Red>" triggered "shot_fired" (weapon "quake_rl")
L 04/28/2026 - 06:13:54: "AirshotKing<86><[U:1:900000013]><Red>" triggered "shot_hit" (weapon "quake_rl")
L 04/28/2026 - 06:13:54: "AirshotKing<86><[U:1:900000013]><Red>" triggered "damage" against "SoldierBoy<85><[U:1:900000011]><Blue>" (damage "64") (weapon "quake_rl")
L 04/28/2026 - 06:13:54: "SoldierBoy<85><[U:1:900000011]><Blue>" triggered "shot_hit" (weapon "quake_rl")
L 04/28/2026 - 06:13:54: "SoldierBoy<85><[U:1:900000011]><Blue>" triggered "damage" against "AirshotKing<86><[U:1:900000013]><Red>" (damage "82") (weapon "quake_rl")
L 04/28/2026 - 06:13:54: "SoldierBoy<85><[U:1:900000011]><Blue>" triggered "shot_fired" (weapon "quake_rl")
L 04/28/2026 - 06:13:55: "SoldierBoy<85><[U:1:900000011]><Blue>" triggered "shot_fired" (weapon "quake_rl")
L 04/28/2026 - 06:13:55: "AirshotKing<86><[U:1:900000013]><Red>" triggered "shot_fired" (weapon "quake_rl")
L 04/28/2026 - 06:13:56: "AirshotKing<86><[U:1:900000013]><Red>" triggered "shot_hit" (weapon "quake_rl")
L 04/28/2026 - 06:13:56: "AirshotKing<86><[U:1:900000013]><Red>" triggered "damage" against "SoldierBoy<85><[U:1:900000011]><Blue>" (damage "60") (weapon "quake_rl")
L 04/28/2026 - 06:13:56: "AirshotKing<86><[U:1:900000013]><Red>" triggered "shot_fired" (weapon "shotgun_soldier")
L 04/28/2026 - 06:13:56: "AirshotKing<86><[U:1:900000013]><Red>" triggered "shot_hit" (weapon "shotgun_soldier")
L 04/28/2026 - 06:13:56: "AirshotKing<86><[U:1:900000013]><Red>" triggered "damage" against "SoldierBoy<85><[U:1:900000011]><Blue>" (damage "51") (weapon "shotgun_soldier")
L 04/28/2026 - 06:13:57: "SoldierBoy<85><[U:1:900000011]><Blue>" triggered "shot_fired" (weapon "quake_rl")
L 04/28/2026 - 06:13:59: "AirshotKing<86><[U:1:900000013]><Red>" triggered "shot_fired" (weapon "quake_rl")
L 04/28/2026 - 06:14:01: "AirshotKing<86><[U:1:900000013]><Red>" triggered "shot_fired" (weapon "quake_rl")
L 04/28/2026 - 06:14:02: "AirshotKing<86><[U:1:900000013]><Red>" triggered "shot_fired" (weapon "shotgun_soldier")
L 04/28/2026 - 06:14:02: "AirshotKing<86><[U:1:900000013]><Red>" triggered "shot_hit" (weapon "shotgun_soldier")
L 04/28/2026 - 06:14:02: "AirshotKing<86><[U:1:900000013]><Red>" triggered "damage" against "SoldierBoy<85><[U:1:900000011]><Blue>" (damage "24") (weapon "shotgun_soldier")
L 04/28/2026 - 06:14:03: "SoldierBoy<85><[U:1:900000011]><Blue>" triggered "shot_fired" (weapon "quake_rl")
L 04/28/2026 - 06:14:03: "SoldierBoy<85><[U:1:900000011]><Blue>" triggered "shot_hit" (weapon "quake_rl")
L 04/28/2026 - 06:14:03: "SoldierBoy<85><[U:1:900000011]><Blue>" triggered "damage" against "AirshotKing<86><[U:1:900000013]><Red>" (damage "54") (weapon "quake_rl")
L 04/28/2026 - 06:14:03: "AirshotKing<86><[U:1:900000013]><Red>" triggered "shot_fired" (weapon "shotgun_soldier")
L 04/28/2026 - 06:14:03: "SoldierBoy<85><[U:1:900000011]><Blue>" triggered "shot_fired" (weapon "quake_rl")
L 04/28/2026 - 06:14:04: "SoldierBoy<85><[U:1:900000011]><Blue>" triggered "shot_hit" (weapon "quake_rl")
L 04/28/2026 - 06:14:04: "SoldierBoy<85><[U:1:900000011]><Blue>" triggered "damage" against "AirshotKing<86><[U:1:900000013]><Red>" (damage "71") (realdamage "48") (weapon "quake_rl")
L 04/28/2026 - 06:14:04: World triggered "mge_elo_delta" (player "[U:1:900000011]") (old_elo "2715") (new_elo "2716")
L 04/28/2026 - 06:14:04: World triggered "mge_elo_delta" (player "[U:1:900000013]") (old_elo "2331") (new_elo "2330")
L 04/28/2026 - 06:14:04: "SoldierBoy<85><[U:1:900000011]><Blue>" killed "AirshotKing<86><[U:1:900000013]><Red>" with "quake_rl" (attacker_position "-8690 11985 10736") (victim_position "-8382 11739 10632")
L 04/28/2026 - 06:14:04: World triggered "mge_match_end" (winner "[U:1:900000011]") (winner_score "20") (loser_score "11")
