L 04/28/2026 - 05:12:41: World triggered "meta_data" (matchid "260428051241f6e8") (map "mge_triumph_beta7_rc1") (arena "Badlands Middle 1 [1v1 MGE]") (gamemode "mge") (fraglimit "0")
L 04/28/2026 - 05:12:41: "SoldierBoy<83><[U:1:900000011]><Red>" changed role to "soldier"
L 04/28/2026 - 05:12:41: "QuickScout<84><[U:1:900000012]><Blue>" changed role to "soldier"
L 04/28/2026 - 05:12:46: "SoldierBoy<83><[U:1:900000011]><Red>" triggered "shot_fired" (weapon "tf_projectile_rocket")
L 04/28/2026 - 05:12:46: "QuickScout<84><[U:1:900000012]><Blue>" triggered "shot_fired" (weapon "quake_rl")
L 04/28/2026 - 05:12:47: "QuickScout<84><[U:1:900000012]><Blue>" triggered "shot_fired" (weapon "quake_rl")
L 04/28/2026 - 05:12:47: "QuickScout<84><[U:1:900000012]><Blue>" triggered "shot_hit" (weapon "quake_rl")
L 04/28/2026 - 05:12:47: "QuickScout<84><[U:1:900000012]><Blue>" triggered "damage" against "SoldierBoy<83><[U:1:900000011]><Red>" (damage "59") (weapon "quake_rl")
L 04/28/2026 - 05:12:48: "SoldierBoy<83><[U:1:900000011]><Red>" triggered "shot_fired" (weapon "tf_projectile_rocket")
L 04/28/2026 - 05:12:48: "SoldierBoy<83><[U:1:900000011]><Red>" triggered "shot_hit" (weapon "tf_projectile_rocket")
L 04/28/2026 - 05:12:48: "SoldierBoy<83><[U:1:900000011]><Red>" triggered "damage" against "QuickScout<84><[U:1:900000012]><Blue>" (damage "67") (weapon "tf_projectile_rocket")
L 04/28/2026 - 05:12:48: "QuickScout<84><[U:1:900000012]><Blue>" triggered "shot_fired" (weapon "quake_rl")
L 04/28/2026 - 05:12:48: "QuickScout<84><[U:1:900000012]><Blue>" triggered "shot_hit" (weapon "quake_rl")
L 04/28/2026 - 05:12:48: "QuickScout<84><[U:1:900000012]><Blue>" triggered "damage" against "SoldierBoy<83><[U:1:900000011]><Red>" (damage "104") (weapon "quake_rl")
L 04/28/2026 - 05:12:48: "SoldierBoy<83><[U:1:900000011]><Red>" triggered "shot_fired" (weapon "tf_projectile_rocket")
L 04/28/2026 - 05:12:48: "SoldierBoy<83><[U:1:900000011]><Red>" triggered "shot_hit" (weapon "tf_projectile_rocket")
L 04/28/2026 - 05:12:48: "SoldierBoy<83><[U:1:900000011]><Red>" triggered "damage" against "QuickScout<84><[U:1:900000012]><Blue>" (damage "51") (weapon "tf_projectile_rocket")
L 04/28/2026 - 05:12:49: "QuickScout<84><[U:1:900000012]><Blue>" triggered "shot_fired" (weapon "shotgun_soldier")
L 04/28/2026 - 05:12:49: "SoldierBoy<83><[U:1:900000011]><Red>" killed "QuickScout<84><[U:1:900000012]><Blue>" with "world" (attacker_position "-12983 11704 10696") (victim_position "-12607 12044 10510")
L 04/28/2026 - 05:12:49: "QuickScout<84><[U:1:900000012]><Blue>" spawned as "soldier"
L 04/28/2026 - 05:12:53: "QuickScout<84><[U:1:900000012]><Blue>" triggered "shot_fired" (weapon "quake_rl")
L 04/28/2026 - 05:12:53: "SoldierBoy<83><[U:1:900000011]><Red>" triggered "shot_fired" (weapon "quake_rl")
L 04/28/2026 - 05:12:53: "SoldierBoy<83><[U:1:900000011]><Red>" triggered "shot_hit" (weapon "quake_rl")
L 04/28/2026 - 05:12:53: "SoldierBoy<83><[U:1:900000011]><Red>" triggered "damage" against "QuickScout<84><[U:1:900000012]><Blue>" (damage "94") (weapon "quake_rl") (airshot "1") (height "569")
L 04/28/2026 - 05:12:54: "QuickScout<84><[U:1:900000012]><Blue>" triggered "shot_fired" (weapon "quake_rl")
L 04/28/2026 - 05:12:54: "SoldierBoy<83><[U:1:900000011]><Red>" triggered "shot_fired" (weapon "quake_rl")
L 04/28/2026 - 05:12:54: "QuickScout<84><[U:1:900000012]><Blue>" triggered "shot_hit" (weapon "quake_rl")
L 04/28/2026 - 05:12:54: "QuickScout<84><[U:1:900000012]><Blue>" triggered "damage" against "SoldierBoy<83><[U:1:900000011]><Red>" (damage "64") (weapon "quake_rl")
L 04/28/2026 - 05:12:55: "QuickScout<84><[U:1:900000012]><Blue>" triggered "shot_fired" (weapon "quake_rl")
L 04/28/2026 - 05:12:55: "SoldierBoy<83><[U:1:900000011]><Red>" triggered "shot_fired" (weapon "quake_rl")
L 04/28/2026 - 05:12:56: "SoldierBoy<83><[U:1:900000011]><Red>" triggered "shot_fired" (weapon "quake_rl")
L 04/28/2026 - 05:12:56: "SoldierBoy<83><[U:1:900000011]><Red>" triggered "shot_hit" (weapon "quake_rl")
L 04/28/2026 - 05:12:56: "SoldierBoy<83><[U:1:900000011]><Red>" triggered "damage" against "QuickScout<84><[U:1:900000012]><Blue>" (damage "93") (realdamage "57") (weapon "quake_rl")
L 04/28/2026 - 05:12:56: "SoldierBoy<83><[U:1:900000011]><Red>" killed "QuickScout<84><[U:1:900000012]><Blue>" with "quake_rl" (attacker_position "-13176 11585 10766") (victim_position "-13280 11907 10718")
L 04/28/2026 - 05:12:56: "QuickScout<84><[U:1:900000012]><Blue>" spawned as "soldier"
L 04/28/2026 - 05:13:00: "QuickScout<84><[U:1:900000012]><Blue>" triggered "shot_fired" (weapon "quake_rl")
L 04/28/2026 - 05:13:00: "SoldierBoy<83><[U:1:900000011]><Red>" triggered "shot_fired" (weapon "quake_rl")
L 04/28/2026 - 05:13:00: "QuickScout<84><[U:1:900000012]><Blue>" triggered "shot_hit" (weapon "quake_rl")
L 04/28/2026 - 05:13:00: "QuickScout<84><[U:1:900000012]><Blue>" triggered "damage" against "SoldierBoy<83><[U:1:900000011]><Red>" (damage "69") (weapon "quake_rl")
L 04/28/2026 - 05:13:00: "SoldierBoy<83><[U:1:900000011]><Red>" triggered "shot_hit" (weapon "quake_rl")
L 04/28/2026 - 05:13:00: "SoldierBoy<83><[U:1:900000011]><Red>" triggered "damage" against "QuickScout<84><[U:1:900000012]><Blue>" (damage "98") (weapon "quake_rl") (airshot "1") (height "488")
L 04/28/2026 - 05:13:01: "QuickScout<84><[U:1:900000012]><Blue>" triggered "shot_fired" (weapon "quake_rl")
L 04/28/2026 - 05:13:01: "SoldierBoy<83><[U:1:900000011]><Red>" triggered "shot_fired" (weapon "quake_rl")
L 04/28/2026 - 05:13:02: "SoldierBoy<83><[U:1:900000011]><Red>" triggered "shot_fired" (weapon "quake_rl")
L 04/28/2026 - 05:13:02: "QuickScout<84><[U:1:900000012]><Blue>" triggered "shot_hit" (weapon "quake_rl")
L 04/28/2026 - 05:13:02: "QuickScout<84><[U:1:900000012]><Blue>" triggered "damage" against "SoldierBoy<83><[U:1:900000011]><Red>" (damage "106") (weapon "quake_rl")
L 04/28/2026 - 05:13:02: "QuickScout<84><[U:1:900000012]><Blue>" triggered "shot_fired" (weapon "quake_rl")
L 04/28/2026 - 05:13:02: "SoldierBoy<83><[U:1:900000011]><Red>" triggered "shot_fired" (weapon "shotgun_soldier")
L 04/28/2026 - 05:13:02: "SoldierBoy<83><[U:1:900000011]><Red>" triggered "shot_hit" (weapon "shotgun_soldier")
L 04/28/2026 - 05:13:02: "SoldierBoy<83><[U:1:900000011]><Red>" triggered "damage" against "QuickScout<84><[U:1:900000012]><Blue>" (damage "17") (weapon "shotgun_soldier")
L 04/28/2026 - 05:13:02: "QuickScout<84><[U:1:900000012]><Blue>" triggered "shot_fired" (weapon "shotgun_soldier")
L 04/28/2026 - 05:13:03: "SoldierBoy<83><[U:1:900000011]><Red>" triggered "shot_fired" (weapon "shotgun_soldier")
L 04/28/2026 - 05:13:03: "SoldierBoy<83><[U:1:900000011]><Red>" triggered "shot_hit" (weapon "shotgun_soldier")
L 04/28/2026 - 05:13:03: "SoldierBoy<83><[U:1:900000011]><Red>" triggered "damage" against "QuickScout<84><[U:1:900000012]><Blue>" (damage "4") (weapon "shotgun_soldier")
L 04/28/2026 - 05:13:03: "QuickScout<84><[U:1:900000012]><Blue>" triggered "shot_fired" (weapon "shotgun_soldier")
L 04/28/2026 - 05:13:03: "QuickScout<84><[U:1:900000012]><Blue>" triggered "shot_hit" (weapon "shotgun_soldier")
L 04/28/2026 - 05:13:03: "QuickScout<84><[U:1:900000012]><Blue>" triggered "damage" against "SoldierBoy<83><[U:1:900000011]><Red>" (damage "5") (weapon "shotgun_soldier")
L 04/28/2026 - 05:13:03: "SoldierBoy<83><[U:1:900000011]><Red>" triggered "shot_fired" (weapon "shotgun_soldier")
L 04/28/2026 - 05:13:03: "SoldierBoy<83><[U:1:900000011]><Red>" triggered "shot_hit" (weapon "shotgun_soldier")
L 04/28/2026 - 05:13:03: "SoldierBoy<83><[U:1:900000011]><Red>" triggered "damage" against "QuickScout<84><[U:1:900000012]><Blue>" (damage "24") (weapon "shotgun_soldier")
L 04/28/2026 - 05:13:03: "QuickScout<84><[U:1:900000012]><Blue>" triggered "shot_fired" (weapon "shotgun_soldier")
L 04/28/2026 - 05:13:03: "QuickScout<84><[U:1:900000012]><Blue>" triggered "shot_hit" (weapon "shotgun_soldier")
L 04/28/2026 - 05:13:03: "QuickScout<84><[U:1:900000012]><Blue>" triggered "damage" against "SoldierBoy<83><[U:1:900000011]><Red>" (damage "19") (realdamage "17") (weapon "shotgun_soldier")
L 04/28/2026 - 05:13:03: "QuickScout<84><[U:1:900000012]><Blue>" killed "SoldierBoy<83><[U:1:900000011]><Red>" with "shotgun_soldier" (attacker_position "-13153 11133 10740") (victim_position "-12950 11764 10696")
L 04/28/2026 - 05:13:03: "QuickScout<84><[U:1:900000012]><Blue>" triggered "revenge" against "SoldierBoy<83><[U:1:900000011]><Red>"
L 04/28/2026 - 05:13:04: "SoldierBoy<83><[U:1:900000011]><Red>" spawned as "soldier"
L 04/28/2026 - 05:13:06: "QuickScout<84><[U:1:900000012]><Blue>" triggered "shot_fired" (weapon "quake_rl")
L 04/28/2026 - 05:13:06: "SoldierBoy<83><[U:1:900000011]><Red>" triggered "shot_fired" (weapon "quake_rl")
L 04/28/2026 - 05:13:07: "QuickScout<84><[U:1:900000012]><Blue>" triggered "shot_fired" (weapon "quake_rl")
L 04/28/2026 - 05:13:07: "SoldierBoy<83><[U:1:900000011]><Red>" triggered "shot_hit" (weapon "quake_rl")
L 04/28/2026 - 05:13:07: "SoldierBoy<83><[U:1:900000011]><Red>" triggered "damage" against "QuickScout<84><[U:1:900000012]><Blue>" (damage "40") (weapon "quake_rl")
L 04/28/2026 - 05:13:08: "SoldierBoy<83><[U:1:900000011]><Red>" triggered "shot_fired" (weapon "quake_rl")
L 04/28/2026 - 05:13:08: "QuickScout<84><[U:1:900000012]><Blue>" triggered "shot_hit" (weapon "quake_rl")
L 04/28/2026 - 05:13:08: "QuickScout<84><[U:1:900000012]><Blue>" triggered "damage" against "SoldierBoy<83><[U:1:900000011]><Red>" (damage "56") (weapon "quake_rl")
L 04/28/2026 - 05:13:08: "QuickScout<84><[U:1:900000012]><Blue>" triggered "shot_fired" (weapon "quake_rl")
L 04/28/2026 - 05:13:09: "SoldierBoy<83><[U:1:900000011]><Red>" triggered "shot_hit" (weapon "quake_rl")
L 04/28/2026 - 05:13:09: "SoldierBoy<83><[U:1:900000011]><Red>" triggered "damage" against "QuickScout<84><[U:1:900000012]><Blue>" (damage "81") (weapon "quake_rl")
L 04/28/2026 - 05:13:09: "QuickScout<84><[U:1:900000012]><Blue>" triggered "shot_hit" (weapon "quake_rl")
L 04/28/2026 - 05:13:09: "QuickScout<84><[U:1:900000012]><Blue>" triggered "damage" against "SoldierBoy<83><[U:1:900000011]><Red>" (damage "54") (weapon "quake_rl")
L 04/28/2026 - 05:13:09: "SoldierBoy<83><[U:1:900000011]><Red>" triggered "shot_fired" (weapon "quake_rl")
L 04/28/2026 - 05:13:09: "QuickScout<84><[U:1:900000012]><Blue>" triggered "shot_fired" (weapon "quake_rl")
L 04/28/2026 - 05:13:09: "SoldierBoy<83><[U:1:900000011]><Red>" triggered "shot_fired" (weapon "shotgun_soldier")
L 04/28/2026 - 05:13:09: "SoldierBoy<83><[U:1:900000011]><Red>" triggered "shot_hit" (weapon "shotgun_soldier")
L 04/28/2026 - 05:13:09: "SoldierBoy<83><[U:1:900000011]><Red>" triggered "damage" against "QuickScout<84><[U:1:900000012]><Blue>" (damage "48") (weapon "shotgun_soldier")
L 04/28/2026 - 05:13:09: "QuickScout<84><[U:1:900000012]><Blue>" triggered "shot_fired" (weapon "shotgun_soldier")
L 04/28/2026 - 05:13:09: "QuickScout<84><[U:1:900000012]><Blue>" triggered "shot_hit" (weapon "shotgun_soldier")
L 04/28/2026 - 05:13:09: "QuickScout<84><[U:1:900000012]><Blue>" triggered "damage" against "SoldierBoy<83><[U:1:900000011]><Red>" (damage "6") (weapon "shotgun_soldier")
L 04/28/2026 - 05:13:10: "SoldierBoy<83><[U:1:900000011]><Red>" triggered "shot_fired" (weapon "shotgun_soldier")
L 04/28/2026 - 05:13:10: "SoldierBoy<83><[U:1:900000011]><Red>" triggered "shot_hit" (weapon "shotgun_soldier")
L 04/28/2026 - 05:13:10: "SoldierBoy<83><[U:1:900000011]><Red>" triggered "damage" against "QuickScout<84><[U:1:900000012]><Blue>" (damage "12") (weapon "shotgun_soldier")
L 04/28/2026 - 05:13:10: "QuickScout<84><[U:1:900000012]><Blue>" triggered "shot_fired" (weapon "shotgun_soldier")
L 04/28/2026 - 05:13:10: "QuickScout<84><[U:1:900000012]><Blue>" triggered "shot_hit" (weapon "shotgun_soldier")
L 04/28/2026 - 05:13:10: "QuickScout<84><[U:1:900000012]><Blue>" triggered "damage" against "SoldierBoy<83><[U:1:900000011]><Red>" (damage "7") (weapon "shotgun_soldier")
L 04/28/2026 - 05:13:10: "SoldierBoy<83><[U:1:900000011]><Red>" killed "QuickScout<84><[U:1:900000012]><Blue>" with "world" (attacker_position "-13050 10881 10966") (victim_position "-13387 11677 10706")
L 04/28/2026 - 05:13:10: "SoldierBoy<83><[U:1:900000011]><Red>" triggered "shot_fired" (weapon "shotgun_soldier")
L 04/28/2026 - 05:13:10: "QuickScout<84><[U:1:900000012]><Blue>" spawned as "soldier"
L 04/28/2026 - 05:13:13: "QuickScout<84><[U:1:900000012]><Blue>" triggered "shot_fired" (weapon "quake_rl")
L 04/28/2026 - 05:13:13: "SoldierBoy<83><[U:1:900000011]><Red>" triggered "shot_fired" (weapon "quake_rl")
L 04/28/2026 - 05:13:13: "SoldierBoy<83><[U:1:900000011]><Red>" triggered "shot_hit" (weapon "quake_rl")
L 04/28/2026 - 05:13:13: "SoldierBoy<83><[U:1:900000011]><Red>" triggered "damage" against "QuickScout<84><[U:1:900000012]><Blue>" (damage "97") (weapon "quake_rl")
L 04/28/2026 - 05:13:13: "QuickScout<84><[U:1:900000012]><Blue>" triggered "shot_fired" (weapon "quake_rl")
L 04/28/2026 - 05:13:14: "QuickScout<84><[U:1:900000012]><Blue>" triggered "shot_hit" (weapon "quake_rl")
L 04/28/2026 - 05:13:14: "QuickScout<84><[U:1:900000012]><Blue>" triggered "damage" against "SoldierBoy<83><[U:1:900000011]><Red>" (damage "30") (weapon "quake_rl")
L 04/28/2026 - 05:13:14: "SoldierBoy<83><[U:1:900000011]><Red>" triggered "shot_fired" (weapon "quake_rl")
L 04/28/2026 - 05:13:15: "QuickScout<84><[U:1:900000012]><Blue>" triggered "shot_fired" (weapon "quake_rl")
L 04/28/2026 - 05:13:15: "SoldierBoy<83><[U:1:900000011]><Red>" triggered "shot_fired" (weapon "quake_rl")
L 04/28/2026 - 05:13:15: "QuickScout<84><[U:1:900000012]><Blue>" triggered "shot_fired" (weapon "shotgun_soldier")
L 04/28/2026 - 05:13:15: "QuickScout<84><[U:1:900000012]><Blue>" triggered "shot_hit" (weapon "quake_rl")
L 04/28/2026 - 05:13:15: "QuickScout<84><[U:1:900000012]><Blue>" triggered "damage" against "SoldierBoy<83><[U:1:900000011]><Red>" (damage "70") (weapon "quake_rl")
L 04/28/2026 - 05:13:16: "QuickScout<84><[U:1:900000012]><Blue>" triggered "shot_fired" (weapon "shotgun_soldier")
L 04/28/2026 - 05:13:16: "QuickScout<84><[U:1:900000012]><Blue>" triggered "shot_hit" (weapon "shotgun_soldier")
L 04/28/2026 - 05:13:16: "QuickScout<84><[U:1:900000012]><Blue>" triggered "damage" against "SoldierBoy<83><[U:1:900000011]><Red>" (damage "58") (weapon "shotgun_soldier")
L 04/28/2026 - 05:13:16: "SoldierBoy<83><[U:1:900000011]><Red>" triggered "shot_fired" (weapon "quake_rl")
L 04/28/2026 - 05:13:16: "SoldierBoy<83><[U:1:900000011]><Red>" triggered "shot_hit" (weapon "quake_rl")
L 04/28/2026 - 05:13:16: "SoldierBoy<83><[U:1:900000011]><Red>" triggered "damage" against "QuickScout<84><[U:1:900000012]><Blue>" (damage "63") (realdamage "60") (weapon "quake_rl")
L 04/28/2026 - 05:13:16: "SoldierBoy<83><[U:1:900000011]><Red>" killed "QuickScout<84><[U:1:900000012]><Blue>" with "quake_rl" (attacker_position "-13177 11099 10814") (victim_position "-13342 10703 10696")
L 04/28/2026 - 05:13:16: "QuickScout<84><[U:1:900000012]><Blue>" spawned as "soldier"
L 04/28/2026 - 05:13:20: "SoldierBoy<83><[U:1:900000011]><Red>" triggered "shot_fired" (weapon "quake_rl")
L 04/28/2026 - 05:13:20: "QuickScout<84><[U:1:900000012]><Blue>" triggered "shot_fired" (weapon "quake_rl")
L 04/28/2026 - 05:13:20: "QuickScout<84><[U:1:900000012]><Blue>" triggered "shot_hit" (weapon "quake_rl")
L 04/28/2026 - 05:13:20: "QuickScout<84><[U:1:900000012]><Blue>" triggered "damage" against "SoldierBoy<83><[U:1:900000011]><Red>" (damage "55") (weapon "quake_rl")
L 04/28/2026 - 05:13:21: "SoldierBoy<83><[U:1:900000011]><Red>" triggered "shot_fired" (weapon "quake_rl")
L 04/28/2026 - 05:13:21: "QuickScout<84><[U:1:900000012]><Blue>" triggered "shot_fired" (weapon "quake_rl")
L 04/28/2026 - 05:13:21: "SoldierBoy<83><[U:1:900000011]><Red>" triggered "shot_hit" (weapon "quake_rl")
L 04/28/2026 - 05:13:21: "SoldierBoy<83><[U:1:900000011]><Red>" triggered "damage" against "QuickScout<84><[U:1:900000012]><Blue>" (damage "93") (weapon "quake_rl")
L 04/28/2026 - 05:13:22: "SoldierBoy<83><[U:1:900000011]><Red>" triggered "shot_fired" (weapon "quake_rl")
L 04/28/2026 - 05:13:22: "QuickScout<84><[U:1:900000012]><Blue>" triggered "shot_fired" (weapon "quake_rl")
L 04/28/2026 - 05:13:22: "QuickScout<84><[U:1:900000012]><Blue>" triggered "shot_hit" (weapon "quake_rl")
L 04/28/2026 - 05:13:22: "QuickScout<84><[U:1:900000012]><Blue>" triggered "damage" against "SoldierBoy<83><[U:1:900000011]><Red>" (damage "56") (weapon "quake_rl")
L 04/28/2026 - 05:13:22: "QuickScout<84><[U:1:900000012]><Blue>" triggered "shot_fired" (weapon "shotgun_soldier")
L 04/28/2026 - 05:13:23: "SoldierBoy<83><[U:1:900000011]><Red>" triggered "shot_fired" (weapon "quake_rl")
L 04/28/2026 - 05:13:23: "QuickScout<84><[U:1:900000012]><Blue>" triggered "shot_fired" (weapon "shotgun_soldier")
L 04/28/2026 - 05:13:23: "QuickScout<84><[U:1:900000012]><Blue>" triggered "shot_hit" (weapon "shotgun_soldier")
L 04/28/2026 - 05:13:23: "QuickScout<84><[U:1:900000012]><Blue>" triggered "damage" against "SoldierBoy<83><[U:1:900000011]><Red>" (damage "15") (weapon "shotgun_soldier")
L 04/28/2026 - 05:13:23: "SoldierBoy<83><[U:1:900000011]><Red>" triggered "shot_fired" (weapon "shotgun_soldier")
L 04/28/2026 - 05:13:23: "SoldierBoy<83><[U:1:900000011]><Red>" triggered "shot_hit" (weapon "shotgun_soldier")
L 04/28/2026 - 05:13:23: "SoldierBoy<83><[U:1:900000011]><Red>" triggered "damage" against "QuickScout<84><[U:1:900000012]><Blue>" (damage "52") (weapon "shotgun_soldier")
L 04/28/2026 - 05:13:24: "QuickScout<84><[U:1:900000012]><Blue>" triggered "shot_fired" (weapon "shotgun_soldier")
L 04/28/2026 - 05:13:24: "QuickScout<84><[U:1:900000012]><Blue>" triggered "shot_hit" (weapon "shotgun_soldier")
L 04/28/2026 - 05:13:24: "QuickScout<84><[U:1:900000012]><Blue>" triggered "damage" against "SoldierBoy<83><[U:1:900000011]><Red>" (damage "7") (weapon "shotgun_soldier")
L 04/28/2026 - 05:13:24: "SoldierBoy<83><[U:1:900000011]><Red>" triggered "shot_fired" (weapon "shotgun_soldier")
L 04/28/2026 - 05:13:24: "SoldierBoy<83><[U:1:900000011]><Red>" triggered "shot_hit" (weapon "shotgun_soldier")
L 04/28/2026 - 05:13:24: "SoldierBoy<83><[U:1:900000011]><Red>" triggered "damage" against "QuickScout<84><[U:1:900000012]><Blue>" (damage "28") (realdamage "11") (weapon "shotgun_soldier")
L 04/28/2026 - 05:13:24: "SoldierBoy<83><[U:1:900000011]><Red>" killed "QuickScout<84><[U:1:900000012]><Blue>" with "shotgun_soldier" (attacker_position "-13240 10726 10766") (victim_position "-13157 11106 10804")
L 04/28/2026 - 05:13:24: "QuickScout<84><[U:1:900000012]><Blue>" spawned as "soldier"
L 04/28/2026 - 05:13:26: "SoldierBoy<83><[U:1:900000011]><Red>" triggered "shot_fired" (weapon "quake_rl")
L 04/28/2026 - 05:13:27: "QuickScout<84><[U:1:900000012]><Blue>" triggered "shot_fired" (weapon "quake_rl")
L 04/28/2026 - 05:13:27: "SoldierBoy<83><[U:1:900000011]><Red>" triggered "shot_fired" (weapon "quake_rl")
L 04/28/2026 - 05:13:27: "QuickScout<84><[U:1:900000012]><Blue>" triggered "shot_fired" (weapon "quake_rl")
L 04/28/2026 - 05:13:28: "QuickScout<84><[U:1:900000012]><Blue>" triggered "shot_hit" (weapon "quake_rl")
L 04/28/2026 - 05:13:28: "QuickScout<84><[U:1:900000012]><Blue>" triggered "damage" against "SoldierBoy<83><[U:1:900000011]><Red>" (damage "45") (weapon "quake_rl")
L 04/28/2026 - 05:13:28: "SoldierBoy<83><[U:1:900000011]><Red>" triggered "shot_fired" (weapon "quake_rl")
L 04/28/2026 - 05:13:28: "SoldierBoy<83><[U:1:900000011]><Red>" triggered "shot_hit" (weapon "quake_rl")
L 04/28/2026 - 05:13:28: "SoldierBoy<83><[U:1:900000011]><Red>" triggered "damage" against "QuickScout<84><[U:1:900000012]><Blue>" (damage "53") (weapon "quake_rl")
L 04/28/2026 - 05:13:29: "SoldierBoy<83><[U:1:900000011]><Red>" triggered "shot_fired" (weapon "quake_rl")
L 04/28/2026 - 05:13:29: "SoldierBoy<83><[U:1:900000011]><Red>" triggered "shot_hit" (weapon "quake_rl")
L 04/28/2026 - 05:13:29: "SoldierBoy<83><[U:1:900000011]><Red>" triggered "damage" against "QuickScout<84><[U:1:900000012]><Blue>" (damage "60") (weapon "quake_rl")
L 04/28/2026 - 05:13:29: "QuickScout<84><[U:1:900000012]><Blue>" triggered "shot_fired" (weapon "quake_rl")
L 04/28/2026 - 05:13:30: "SoldierBoy<83><[U:1:900000011]><Red>" triggered "shot_fired" (weapon "shotgun_soldier")
L 04/28/2026 - 05:13:30: "SoldierBoy<83><[U:1:900000011]><Red>" triggered "shot_hit" (weapon "shotgun_soldier")
L 04/28/2026 - 05:13:30: "SoldierBoy<83><[U:1:900000011]><Red>" triggered "damage" against "QuickScout<84><[U:1:900000012]><Blue>" (damage "24") (weapon "shotgun_soldier")
L 04/28/2026 - 05:13:30: "SoldierBoy<83><[U:1:900000011]><Red>" triggered "shot_fired" (weapon "shotgun_soldier")
L 04/28/2026 - 05:13:30: "SoldierBoy<83><[U:1:900000011]><Red>" triggered "shot_hit" (weapon "shotgun_soldier")
L 04/28/2026 - 05:13:30: "SoldierBoy<83><[U:1:900000011]><Red>" triggered "damage" against "QuickScout<84><[U:1:900000012]><Blue>" (damage "57") (realdamage "33") (weapon "shotgun_soldier")
L 04/28/2026 - 05:13:30: "SoldierBoy<83><[U:1:900000011]><Red>" killed "QuickScout<84><[U:1:900000012]><Blue>" with "shotgun_soldier" (attacker_position "-13262 11311 10696") (victim_position "-13340 11082 10696")
L 04/28/2026 - 05:13:30: "SoldierBoy<83><[U:1:900000011]><Red>" triggered "domination" against "QuickScout<84><[U:1:900000012]><Blue>"
L 04/28/2026 - 05:13:30: "QuickScout<84><[U:1:900000012]><Blue>" triggered "shot_fired" (weapon "quake_rl")
L 04/28/2026 - 05:13:30: "QuickScout<84><[U:1:900000012]><Blue>" spawned as "soldier"
L 04/28/2026 - 05:13:30: "QuickScout<84><[U:1:900000012]><Blue>" triggered "shot_hit" (weapon "quake_rl")
L 04/28/2026 - 05:13:30: "QuickScout<84><[U:1:900000012]><Blue>" triggered "damage" against "SoldierBoy<83><[U:1:900000011]><Red>" (damage "36") (weapon "quake_rl")
L 04/28/2026 - 05:13:33: "SoldierBoy<83><[U:1:900000011]><Red>" triggered "shot_fired" (weapon "quake_rl")
L 04/28/2026 - 05:13:33: "QuickScout<84><[U:1:900000012]><Blue>" triggered "shot_fired" (weapon "quake_rl")
L 04/28/2026 - 05:13:33: "QuickScout<84><[U:1:900000012]><Blue>" triggered "shot_hit" (weapon "quake_rl")
L 04/28/2026 - 05:13:33: "QuickScout<84><[U:1:900000012]><Blue>" triggered "damage" against "SoldierBoy<83><[U:1:900000011]><Red>" (damage "56") (weapon "quake_rl")
L 04/28/2026 - 05:13:33: "SoldierBoy<83><[U:1:900000011]><Red>" triggered "shot_fired" (weapon "quake_rl")
L 04/28/2026 - 05:13:34: "QuickScout<84><[U:1:900000012]><Blue>" triggered "shot_fired" (weapon "quake_rl")
L 04/28/2026 - 05:13:34: "SoldierBoy<83><[U:1:900000011]><Red>" triggered "shot_fired" (weapon "quake_rl")
L 04/28/2026 - 05:13:35: "SoldierBoy<83><[U:1:900000011]><Red>" triggered "shot_hit" (weapon "quake_rl")
L 04/28/2026 - 05:13:35: "SoldierBoy<83><[U:1:900000011]><Red>" triggered "damage" against "QuickScout<84><[U:1:900000012]><Blue>" (damage "48") (weapon "quake_rl")
L 04/28/2026 - 05:13:36: "QuickScout<84><[U:1:900000012]><Blue>" triggered "shot_fired" (weapon "quake_rl")
L 04/28/2026 - 05:13:36: "QuickScout<84><[U:1:900000012]><Blue>" triggered "shot_hit" (weapon "quake_rl")
L 04/28/2026 - 05:13:36: "QuickScout<84><[U:1:900000012]><Blue>" triggered "damage" against "SoldierBoy<83><[U:1:900000011]><Red>" (damage "79") (weapon "quake_rl")
L 04/28/2026 - 05:13:36: "SoldierBoy<83><[U:1:900000011]><Red>" triggered "shot_hit" (weapon "quake_rl")
L 04/28/2026 - 05:13:36: "SoldierBoy<83><[U:1:900000011]><Red>" triggered "damage" against "QuickScout<84><[U:1:900000012]><Blue>" (damage "53") (weapon "quake_rl")
L 04/28/2026 - 05:13:36: "SoldierBoy<83><[U:1:900000011]><Red>" triggered "shot_fired" (weapon "quake_rl")
L 04/28/2026 - 05:13:36: "SoldierBoy<83><[U:1:900000011]><Red>" triggered "shot_fired" (weapon "shotgun_soldier")
L 04/28/2026 - 05:13:36: "SoldierBoy<83><[U:1:900000011]><Red>" triggered "shot_hit" (weapon "shotgun_soldier")
L 04/28/2026 - 05:13:36: "SoldierBoy<83><[U:1:900000011]><Red>" triggered "damage" against "QuickScout<84><[U:1:900000012]><Blue>" (damage "22") (weapon "shotgun_soldier")
L 04/28/2026 - 05:13:37: "QuickScout<84><[U:1:900000012]><Blue>" triggered "shot_fired" (weapon "quake_rl")
L 04/28/2026 - 05:13:37: "SoldierBoy<83><[U:1:900000011]><Red>" triggered "shot_fired" (weapon "shotgun_soldier")
L 04/28/2026 - 05:13:37: "SoldierBoy<83><[U:1:900000011]><Red>" triggered "shot_hit" (weapon "shotgun_soldier")
L 04/28/2026 - 05:13:37: "SoldierBoy<83><[U:1:900000011]><Red>" triggered "damage" against "QuickScout<84><[U:1:900000012]><Blue>" (damage "55") (realdamage "39") (weapon "shotgun_soldier")
L 04/28/2026 - 05:13:37: "SoldierBoy<83><[U:1:900000011]><Red>" killed "QuickScout<84><[U:1:900000012]><Blue>" with "shotgun_soldier" (attacker_position "-12726 11495 10659") (victim_position "-12950 11315 10696")
L 04/28/2026 - 05:13:37: "QuickScout<84><[U:1:900000012]><Blue>" spawned as "soldier"
L 04/28/2026 - 05:13:41: "QuickScout<84><[U:1:900000012]><Blue>" triggered "shot_fired" (weapon "quake_rl")
L 04/28/2026 - 05:13:41: "SoldierBoy<83><[U:1:900000011]><Red>" triggered "shot_fired" (weapon "quake_rl")
L 04/28/2026 - 05:13:42: "QuickScout<84><[U:1:900000012]><Blue>" triggered "shot_fired" (weapon "quake_rl")
L 04/28/2026 - 05:13:42: "QuickScout<84><[U:1:900000012]><Blue>" triggered "shot_hit" (weapon "quake_rl")
L 04/28/2026 - 05:13:42: "QuickScout<84><[U:1:900000012]><Blue>" triggered "damage" against "SoldierBoy<83><[U:1:900000011]><Red>" (damage "81") (weapon "quake_rl")
L 04/28/2026 - 05:13:43: "SoldierBoy<83><[U:1:900000011]><Red>" triggered "shot_hit" (weapon "quake_rl")
L 04/28/2026 - 05:13:43: "SoldierBoy<83><[U:1:900000011]><Red>" triggered "damage" against "QuickScout<84><[U:1:900000012]><Blue>" (damage "106") (weapon "quake_rl")
L 04/28/2026 - 05:13:43: "SoldierBoy<83><[U:1:900000011]><Red>" triggered "shot_fired" (weapon "quake_rl")
L 04/28/2026 - 05:13:43: "QuickScout<84><[U:1:900000012]><Blue>" triggered "shot_fired" (weapon "quake_rl")
L 04/28/2026 - 05:13:43: "SoldierBoy<83><[U:1:900000011]><Red>" triggered "shot_fired" (weapon "quake_rl")
L 04/28/2026 - 05:13:43: "QuickScout<84><[U:1:900000012]><Blue>" triggered "shot_fired" (weapon "shotgun_soldier")
L 04/28/2026 - 05:13:43: "QuickScout<84><[U:1:900000012]><Blue>" triggered "shot_hit" (weapon "shotgun_soldier")
L 04/28/2026 - 05:13:43: "QuickScout<84><[U:1:900000012]><Blue>" triggered "damage" against "SoldierBoy<83><[U:1:900000011]><Red>" (damage "51") (weapon "shotgun_soldier")
L 04/28/2026 - 05:13:44: "SoldierBoy<83><[U:1:900000011]><Red>" triggered "shot_fired" (weapon "shotgun_soldier")
L 04/28/2026 - 05:13:44: "SoldierBoy<83><[U:1:900000011]><Red>" triggered "shot_hit" (weapon "shotgun_soldier")
L 04/28/2026 - 05:13:44: "SoldierBoy<83><[U:1:900000011]><Red>" triggered "damage" against "QuickScout<84><[U:1:900000012]><Blue>" (damage "26") (weapon "shotgun_soldier")
L 04/28/2026 - 05:13:44: "QuickScout<84><[U:1:900000012]><Blue>" triggered "shot_fired" (weapon "shotgun_soldier")
L 04/28/2026 - 05:13:45: "QuickScout<84><[U:1:900000012]><Blue>" triggered "shot_fired" (weapon "shotgun_soldier")
L 04/28/2026 - 05:13:45: "QuickScout<84><[U:1:900000012]><Blue>" triggered "shot_hit" (weapon "shotgun_soldier")
L 04/28/2026 - 05:13:45: "QuickScout<84><[U:1:900000012]><Blue>" triggered "damage" against "SoldierBoy<83><[U:1:900000011]><Red>" (damage "22") (realdamage "16") (weapon "shotgun_soldier")
L 04/28/2026 - 05:13:45: "QuickScout<84><[U:1:900000012]><Blue>" killed "SoldierBoy<83><[U:1:900000011]><Red>" with "shotgun_soldier" (attacker_position "-12989 11811 10696") (victim_position "-13247 11561 10764")
L 04/28/2026 - 05:13:45: "QuickScout<84><[U:1:900000012]><Blue>" triggered "revenge" against "SoldierBoy<83><[U:1:900000011]><Red>"
L 04/28/2026 - 05:13:45: "SoldierBoy<83><[U:1:900000011]><Red>" spawned as "soldier"
L 04/28/2026 - 05:13:49: "SoldierBoy<83><[U:1:900000011]><Red>" triggered "shot_fired" (weapon "quake_rl")
L 04/28/2026 - 05:13:49: "SoldierBoy<83><[U:1:900000011]><Red>" triggered "shot_hit" (weapon "quake_rl")
L 04/28/2026 - 05:13:49: "SoldierBoy<83><[U:1:900000011]><Red>" triggered "damage" against "QuickScout<84><[U:1:900000012]><Blue>" (damage "62") (weapon "quake_rl")
L 04/28/2026 - 05:13:49: "QuickScout<84><[U:1:900000012]><Blue>" triggered "shot_fired" (weapon "quake_rl")
L 04/28/2026 - 05:13:49: "QuickScout<84><[U:1:900000012]><Blue>" triggered "shot_fired" (weapon "quake_rl")
L 04/28/2026 - 05:13:49: "SoldierBoy<83><[U:1:900000011]><Red>" triggered "shot_hit" (weapon "quake_rl")
L 04/28/2026 - 05:13:49: "SoldierBoy<83><[U:1:900000011]><Red>" triggered "damage" against "QuickScout<84><[U:1:900000012]><Blue>" (damage "108") (weapon "quake_rl") (airshot "1") (height "282")
L 04/28/2026 - 05:13:49: "QuickScout<84><[U:1:900000012]><Blue>" triggered "shot_hit" (weapon "quake_rl")
L 04/28/2026 - 05:13:49: "QuickScout<84><[U:1:900000012]><Blue>" triggered "damage" against "SoldierBoy<83><[U:1:900000011]><Red>" (damage "69") (weapon "quake_rl")
L 04/28/2026 - 05:13:50: "SoldierBoy<83><[U:1:900000011]><Red>" triggered "shot_fired" (weapon "quake_rl")
L 04/28/2026 - 05:13:50: "QuickScout<84><[U:1:900000012]><Blue>" triggered "shot_fired" (weapon "quake_rl")
L 04/28/2026 - 05:13:51: "SoldierBoy<83><[U:1:900000011]><Red>" triggered "shot_fired" (weapon "shotgun_soldier")
L 04/28/2026 - 05:13:51: "SoldierBoy<83><[U:1:900000011]><Red>" triggered "shot_hit" (weapon "shotgun_soldier")
L 04/28/2026 - 05:13:51: "SoldierBoy<83><[U:1:900000011]><Red>" triggered "damage" against "QuickScout<84><[U:1:900000012]><Blue>" (damage "58") (realdamage "55") (weapon "shotgun_soldier")
L 04/28/2026 - 05:13:51: "SoldierBoy<83><[U:1:900000011]><Red>" killed "QuickScout<84><[U:1:900000012]><Blue>" with "shotgun_soldier" (attacker_position "-13183 12134 10811") (victim_position "-13187 11918 11113")
L 04/28/2026 - 05:13:51: "QuickScout<84><[U:1:900000012]><Blue>" triggered "shot_fired" (weapon "quake_rl")
L 04/28/2026 - 05:13:51: "QuickScout<84><[U:1:900000012]><Blue>" spawned as "soldier"
L 04/28/2026 - 05:13:54: "SoldierBoy<83><[U:1:900000011]><Red>" triggered "shot_fired" (weapon "quake_rl")
L 04/28/2026 - 05:13:54: "SoldierBoy<83><[U:1:900000011]><Red>" triggered "shot_hit" (weapon "quake_rl")
L 04/28/2026 - 05:13:54: "SoldierBoy<83><[U:1:900000011]><Red>" triggered "damage" against "QuickScout<84><[U:1:900000012]><Blue>" (damage "92") (weapon "quake_rl") (airshot "1") (height "475")
L 04/28/2026 - 05:13:54: "QuickScout<84><[U:1:900000012]><Blue>" triggered "shot_fired" (weapon "quake_rl")
L 04/28/2026 - 05:13:54: "QuickScout<84><[U:1:900000012]><Blue>" triggered "shot_hit" (weapon "quake_rl")
L 04/28/2026 - 05:13:54: "QuickScout<84><[U:1:900000012]><Blue>" triggered "damage" against "SoldierBoy<83><[U:1:900000011]><Red>" (damage "48") (weapon "quake_rl")
L 04/28/2026 - 05:13:54: "SoldierBoy<83><[U:1:900000011]><Red>" triggered "shot_fired" (weapon "quake_rl")
L 04/28/2026 - 05:13:55: "SoldierBoy<83><[U:1:900000011]><Red>" triggered "shot_fired" (weapon "quake_rl")
L 04/28/2026 - 05:13:55: "QuickScout<84><[U:1:900000012]><Blue>" triggered "shot_fired" (weapon "quake_rl")
L 04/28/2026 - 05:13:56: "SoldierBoy<83><[U:1:900000011]><Red>" triggered "shot_fired" (weapon "shotgun_soldier")
L 04/28/2026 - 05:13:56: "SoldierBoy<83><[U:1:900000011]><Red>" triggered "shot_hit" (weapon "shotgun_soldier")
L 04/28/2026 - 05:13:56: "SoldierBoy<83><[U:1:900000011]><Red>" triggered "damage" against "QuickScout<84><[U:1:900000012]><Blue>" (damage "87") (weapon "shotgun_soldier")
L 04/28/2026 - 05:13:56: "QuickScout<84><[U:1:900000012]><Blue>" triggered "shot_fired" (weapon "quake_rl")
L 04/28/2026 - 05:13:56: "SoldierBoy<83><[U:1:900000011]><Red>" killed "QuickScout<84><[U:1:900000012]><Blue>" with "world" (attacker_position "-13106 11584 10856") (victim_position "-12963 11701 10698")
L 04/28/2026 - 05:13:56: "QuickScout<84><[U:1:900000012]><Blue>" spawned as "soldier"
L 04/28/2026 - 05:14:00: "QuickScout<84><[U:1:900000012]><Blue>" triggered "shot_fired" (weapon "quake_rl")
L 04/28/2026 - 05:14:00: "SoldierBoy<83><[U:1:900000011]><Red>" triggered "shot_fired" (weapon "quake_rl")
L 04/28/2026 - 05:14:00: "SoldierBoy<83><[U:1:900000011]><Red>" triggered "shot_hit" (weapon "quake_rl")
L 04/28/2026 - 05:14:00: "SoldierBoy<83><[U:1:900000011]><Red>" triggered "damage" against "QuickScout<84><[U:1:900000012]><Blue>" (damage "96") (weapon "quake_rl") (airshot "1") (height "510")
L 04/28/2026 - 05:14:01: "QuickScout<84><[U:1:900000012]><Blue>" triggered "shot_fired" (weapon "quake_rl")
L 04/28/2026 - 05:14:01: "SoldierBoy<83><[U:1:900000011]><Red>" triggered "shot_fired" (weapon "quake_rl")
L 04/28/2026 - 05:14:02: "QuickScout<84><[U:1:900000012]><Blue>" triggered "shot_fired" (weapon "quake_rl")
L 04/28/2026 - 05:14:02: "SoldierBoy<83><[U:1:900000011]><Red>" triggered "shot_fired" (weapon "quake_rl")
L 04/28/2026 - 05:14:02: "SoldierBoy<83><[U:1:900000011]><Red>" triggered "shot_hit" (weapon "quake_rl")
L 04/28/2026 - 05:14:02: "SoldierBoy<83><[U:1:900000011]><Red>" triggered "damage" against "QuickScout<84><[U:1:900000012]><Blue>" (damage "61") (weapon "quake_rl")
L 04/28/2026 - 05:14:03: "QuickScout<84><[U:1:900000012]><Blue>" triggered "shot_fired" (weapon "shotgun_soldier")
L 04/28/2026 - 05:14:03: "QuickScout<84><[U:1:900000012]><Blue>" triggered "shot_hit" (weapon "shotgun_soldier")
L 04/28/2026 - 05:14:03: "QuickScout<84><[U:1:900000012]><Blue>" triggered "damage" against "SoldierBoy<83><[U:1:900000011]><Red>" (damage "12") (weapon "shotgun_soldier")
L 04/28/2026 - 05:14:03: "SoldierBoy<83><[U:1:900000011]><Red>" triggered "shot_fired" (weapon "quake_rl")
L 04/28/2026 - 05:14:03: "SoldierBoy<83><[U:1:900000011]><Red>" triggered "shot_hit" (weapon "quake_rl")
L 04/28/2026 - 05:14:03: "SoldierBoy<83><[U:1:900000011]><Red>" triggered "damage" against "QuickScout<84><[U:1:900000012]><Blue>" (damage "66") (realdamage "1") (weapon "quake_rl")
L 04/28/2026 - 05:14:03: "SoldierBoy<83><[U:1:900000011]><Red>" killed "QuickScout<84><[U:1:900000012]><Blue>" with "quake_rl" (attacker_position "-13140 11705 10808") (victim_position "-13603 11790 10647")
L 04/28/2026 - 05:14:03: "QuickScout<84><[U:1:900000012]><Blue>" spawned as "soldier"
L 04/28/2026 - 05:14:07: "QuickScout<84><[U:1:900000012]><Blue>" triggered "shot_fired" (weapon "quake_rl")
L 04/28/2026 - 05:14:07: "SoldierBoy<83><[U:1:900000011]><Red>" triggered "shot_fired" (weapon "quake_rl")
L 04/28/2026 - 05:14:07: "QuickScout<84><[U:1:900000012]><Blue>" triggered "shot_hit" (weapon "quake_rl")
L 04/28/2026 - 05:14:07: "QuickScout<84><[U:1:900000012]><Blue>" triggered "damage" against "SoldierBoy<83><[U:1:900000011]><Red>" (damage "43") (weapon "quake_rl")
L 04/28/2026 - 05:14:08: "QuickScout<84><[U:1:900000012]><Blue>" triggered "shot_fired" (weapon "quake_rl")
L 04/28/2026 - 05:14:08: "SoldierBoy<83><[U:1:900000011]><Red>" triggered "shot_fired" (weapon "quake_rl")
L 04/28/2026 - 05:14:08: "SoldierBoy<83><[U:1:900000011]><Red>" triggered "shot_hit" (weapon "quake_rl")
L 04/28/2026 - 05:14:08: "SoldierBoy<83><[U:1:900000011]><Red>" triggered "damage" against "QuickScout<84><[U:1:900000012]><Blue>" (damage "36") (weapon "quake_rl")
L 04/28/2026 - 05:14:10: "QuickScout<84><[U:1:900000012]><Blue>" triggered "shot_fired" (weapon "quake_rl")
L 04/28/2026 - 05:14:10: "SoldierBoy<83><[U:1:900000011]><Red>" triggered "shot_fired" (weapon "quake_rl")
L 04/28/2026 - 05:14:10: "SoldierBoy<83><[U:1:900000011]><Red>" triggered "shot_hit" (weapon "quake_rl")
L 04/28/2026 - 05:14:10: "SoldierBoy<83><[U:1:900000011]><Red>" triggered "damage" against "QuickScout<84><[U:1:900000012]><Blue>" (damage "87") (weapon "quake_rl")
L 04/28/2026 - 05:14:11: "SoldierBoy<83><[U:1:900000011]><Red>" triggered "shot_fired" (weapon "quake_rl")
L 04/28/2026 - 05:14:11: "QuickScout<84><[U:1:900000012]><Blue>" triggered "shot_fired" (weapon "quake_rl")
L 04/28/2026 - 05:14:11: "SoldierBoy<83><[U:1:900000011]><Red>" triggered "shot_hit" (weapon "quake_rl")
L 04/28/2026 - 05:14:11: "SoldierBoy<83><[U:1:900000011]><Red>" triggered "damage" against "QuickScout<84><[U:1:900000012]><Blue>" (damage "64") (realdamage "44") (weapon "quake_rl")
L 04/28/2026 - 05:14:11: "SoldierBoy<83><[U:1:900000011]><Red>" killed "QuickScout<84><[U:1:900000012]><Blue>" with "quake_rl" (attacker_position "-13111 12046 10812") (victim_position "-12951 11576 10696")
L 04/28/2026 - 05:14:11: "SoldierBoy<83><[U:1:900000011]><Red>" triggered "domination" against "QuickScout<84><[U:1:900000012]><Blue>"
L 04/28/2026 - 05:14:11: "QuickScout<84><[U:1:900000012]><Blue>" spawned as "soldier"
L 04/28/2026 - 05:14:14: "SoldierBoy<83><[U:1:900000011]><Red>" triggered "shot_fired" (weapon "quake_rl")
L 04/28/2026 - 05:14:14: "QuickScout<84><[U:1:900000012]><Blue>" triggered "shot_fired" (weapon "quake_rl")
L 04/28/2026 - 05:14:15: "QuickScout<84><[U:1:900000012]><Blue>" triggered "shot_fired" (weapon "quake_rl")
L 04/28/2026 - 05:14:15: "QuickScout<84><[U:1:900000012]><Blue>" triggered "shot_hit" (weapon "quake_rl")
L 04/28/2026 - 05:14:15: "QuickScout<84><[U:1:900000012]><Blue>" triggered "damage" against "SoldierBoy<83><[U:1:900000011]><Red>" (damage "61") (weapon "quake_rl")
L 04/28/2026 - 05:14:15: "SoldierBoy<83><[U:1:900000011]><Red>" triggered "shot_fired" (weapon "quake_rl")
L 04/28/2026 - 05:14:16: "QuickScout<84><[U:1:900000012]><Blue>" triggered "shot_fired" (weapon "quake_rl")
L 04/28/2026 - 05:14:16: "QuickScout<84><[U:1:900000012]><Blue>" triggered "shot_hit" (weapon "quake_rl")
L 04/28/2026 - 05:14:16: "QuickScout<84><[U:1:900000012]><Blue>" triggered "damage" against "SoldierBoy<83><[U:1:900000011]><Red>" (damage "68") (weapon "quake_rl")
L 04/28/2026 - 05:14:16: "SoldierBoy<83><[U:1:900000011]><Red>" triggered "shot_fired" (weapon "quake_rl")
L 04/28/2026 - 05:14:16: "SoldierBoy<83><[U:1:900000011]><Red>" triggered "shot_hit" (weapon "quake_rl")
L 04/28/2026 - 05:14:16: "SoldierBoy<83><[U:1:900000011]><Red>" triggered "damage" against "QuickScout<84><[U:1:900000012]><Blue>" (damage "81") (weapon "quake_rl")
L 04/28/2026 - 05:14:16: "QuickScout<84><[U:1:900000012]><Blue>" triggered "shot_fired" (weapon "shotgun_soldier")
L 04/28/2026 - 05:14:17: "QuickScout<84><[U:1:900000012]><Blue>" triggered "shot_fired" (weapon "shotgun_soldier")
L 04/28/2026 - 05:14:17: "QuickScout<84><[U:1:900000012]><Blue>" triggered "shot_hit" (weapon "shotgun_soldier")
L 04/28/2026 - 05:14:17: "QuickScout<84><[U:1:900000012]><Blue>" triggered "damage" against "SoldierBoy<83><[U:1:900000011]><Red>" (damage "24") (weapon "shotgun_soldier")
L 04/28/2026 - 05:14:17: "SoldierBoy<83><[U:1:900000011]><Red>" triggered "shot_fired" (weapon "quake_rl")
L 04/28/2026 - 05:14:18: "SoldierBoy<83><[U:1:900000011]><Red>" triggered "shot_fired" (weapon "shotgun_soldier")
L 04/28/2026 - 05:14:18: "SoldierBoy<83><[U:1:900000011]><Red>" triggered "shot_hit" (weapon "shotgun_soldier")
L 04/28/2026 - 05:14:18: "SoldierBoy<83><[U:1:900000011]><Red>" triggered "damage" against "QuickScout<84><[U:1:900000012]><Blue>" (damage "41") (weapon "shotgun_soldier")
L 04/28/2026 - 05:14:18: "QuickScout<84><[U:1:900000012]><Blue>" triggered "shot_fired" (weapon "shotgun_soldier")
L 04/28/2026 - 05:14:18: "QuickScout<84><[U:1:900000012]><Blue>" triggered "shot_hit" (weapon "shotgun_soldier")
L 04/28/2026 - 05:14:18: "QuickScout<84><[U:1:900000012]><Blue>" triggered "damage" against "SoldierBoy<83><[U:1:900000011]><Red>" (damage "13") (weapon "shotgun_soldier")
L 04/28/2026 - 05:14:18: "SoldierBoy<83><[U:1:900000011]><Red>" triggered "shot_fired" (weapon "shotgun_soldier")
L 04/28/2026 - 05:14:19: "QuickScout<84><[U:1:900000012]><Blue>" triggered "shot_fired" (weapon "shotgun_soldier")
L 04/28/2026 - 05:14:19: "QuickScout<84><[U:1:900000012]><Blue>" triggered "shot_hit" (weapon "shotgun_soldier")
L 04/28/2026 - 05:14:19: "QuickScout<84><[U:1:900000012]><Blue>" triggered "damage" against "SoldierBoy<83><[U:1:900000011]><Red>" (damage "32") (weapon "shotgun_soldier")
L 04/28/2026 - 05:14:19: "SoldierBoy<83><[U:1:900000011]><Red>" triggered "shot_fired" (weapon "shotgun_soldier")
L 04/28/2026 - 05:14:19: "QuickScout<84><[U:1:900000012]><Blue>" triggered "shot_fired" (weapon "shotgun_soldier")
L 04/28/2026 - 05:14:19: "QuickScout<84><[U:1:900000012]><Blue>" triggered "shot_hit" (weapon "shotgun_soldier")
L 04/28/2026 - 05:14:19: "QuickScout<84><[U:1:900000012]><Blue>" triggered "damage" against "SoldierBoy<83><[U:1:900000011]><Red>" (damage "27") (realdamage "26") (weapon "shotgun_soldier")
L 04/28/2026 - 05:14:19: "QuickScout<84><[U:1:900000012]><Blue>" killed "SoldierBoy<83><[U:1:900000011]><Red>" with "shotgun_soldier" (attacker_position "-13513 11826 10657") (victim_position "-13167 11633 10779")
L 04/28/2026 - 05:14:19: "QuickScout<84><[U:1:900000012]><Blue>" triggered "revenge" against "SoldierBoy<83><[U:1:900000011]><Red>"
L 04/28/2026 - 05:14:20: "SoldierBoy<83><[U:1:900000011]><Red>" spawned as "soldier"
L 04/28/2026 - 05:14:22: "SoldierBoy<83><[U:1:900000011]><Red>" triggered "shot_fired" (weapon "quake_rl")
L 04/28/2026 - 05:14:22: "QuickScout<84><[U:1:900000012]><Blue>" triggered "shot_fired" (weapon "quake_rl")
L 04/28/2026 - 05:14:22: "QuickScout<84><[U:1:900000012]><Blue>" triggered "shot_hit" (weapon "quake_rl")
L 04/28/2026 - 05:14:22: "QuickScout<84><[U:1:900000012]><Blue>" triggered "damage" against "SoldierBoy<83><[U:1:900000011]><Red>" (damage "93") (weapon "quake_rl") (airshot "1") (height "406")
L 04/28/2026 - 05:14:22: "SoldierBoy<83><[U:1:900000011]><Red>" triggered "shot_hit" (weapon "quake_rl")
L 04/28/2026 - 05:14:22: "SoldierBoy<83><[U:1:900000011]><Red>" triggered "damage" against "QuickScout<84><[U:1:900000012]><Blue>" (damage "80") (weapon "quake_rl")
L 04/28/2026 - 05:14:22: "QuickScout<84><[U:1:900000012]><Blue>" triggered "shot_fired" (weapon "quake_rl")
L 04/28/2026 - 05:14:23: "SoldierBoy<83><[U:1:900000011]><Red>" triggered "shot_fired" (weapon "quake_rl")
L 04/28/2026 - 05:14:23: "QuickScout<84><[U:1:900000012]><Blue>" triggered "shot_fired" (weapon "quake_rl")
L 04/28/2026 - 05:14:24: "QuickScout<84><[U:1:900000012]><Blue>" triggered "shot_hit" (weapon "quake_rl")
L 04/28/2026 - 05:14:24: "QuickScout<84><[U:1:900000012]><Blue>" triggered "damage" against "SoldierBoy<83><[U:1:900000011]><Red>" (damage "57") (weapon "quake_rl")
L 04/28/2026 - 05:14:24: "QuickScout<84><[U:1:900000012]><Blue>" triggered "shot_fired" (weapon "quake_rl")
L 04/28/2026 - 05:14:24: "SoldierBoy<83><[U:1:900000011]><Red>" triggered "shot_fired" (weapon "quake_rl")
L 04/28/2026 - 05:14:24: "SoldierBoy<83><[U:1:900000011]><Red>" triggered "shot_hit" (weapon "quake_rl")
L 04/28/2026 - 05:14:24: "SoldierBoy<83><[U:1:900000011]><Red>" triggered "damage" against "QuickScout<84><[U:1:900000012]><Blue>" (damage "63") (weapon "quake_rl")
L 04/28/2026 - 05:14:25: "QuickScout<84><[U:1:900000012]><Blue>" triggered "shot_fired" (weapon "shotgun_soldier")
L 04/28/2026 - 05:14:25: "QuickScout<84><[U:1:900000012]><Blue>" triggered "shot_hit" (weapon "shotgun_soldier")
L 04/28/2026 - 05:14:25: "QuickScout<84><[U:1:900000012]><Blue>" triggered "damage" against "SoldierBoy<83><[U:1:900000011]><Red>" (damage "45") (realdamage "19") (weapon "shotgun_soldier")
L 04/28/2026 - 05:14:25: "QuickScout<84><[U:1:900000012]><Blue>" killed "SoldierBoy<83><[U:1:900000011]><Red>" with "shotgun_soldier" (attacker_position "-12898 11660 10696") (victim_position "-13197 11378 10910")
L 04/28/2026 - 05:14:25: "SoldierBoy<83><[U:1:900000011]><Red>" spawned as "soldier"
L 04/28/2026 - 05:14:27: "QuickScout<84><[U:1:900000012]><Blue>" triggered "shot_fired" (weapon "quake_rl")
L 04/28/2026 - 05:14:27: "SoldierBoy<83><[U:1:900000011]><Red>" triggered "shot_fired" (weapon "quake_rl")
L 04/28/2026 - 05:14:27: "SoldierBoy<83><[U:1:900000011]><Red>" triggered "shot_hit" (weapon "quake_rl")
L 04/28/2026 - 05:14:27: "SoldierBoy<83><[U:1:900000011]><Red>" triggered "damage" against "QuickScout<84><[U:1:900000012]><Blue>" (damage "80") (weapon "quake_rl")
L 04/28/2026 - 05:14:28: "QuickScout<84><[U:1:900000012]><Blue>" triggered "shot_fired" (weapon "quake_rl")
L 04/28/2026 - 05:14:28: "SoldierBoy<83><[U:1:900000011]><Red>" triggered "shot_fired" (weapon "quake_rl")
L 04/28/2026 - 05:14:29: "SoldierBoy<83><[U:1:900000011]><Red>" triggered "shot_fired" (weapon "quake_rl")
L 04/28/2026 - 05:14:29: "QuickScout<84><[U:1:900000012]><Blue>" triggered "shot_fired" (weapon "quake_rl")
L 04/28/2026 - 05:14:29: "SoldierBoy<83><[U:1:900000011]><Red>" triggered "shot_fired" (weapon "shotgun_soldier")
L 04/28/2026 - 05:14:29: "SoldierBoy<83><[U:1:900000011]><Red>" triggered "shot_hit" (weapon "shotgun_soldier")
L 04/28/2026 - 05:14:29: "SoldierBoy<83><[U:1:900000011]><Red>" triggered "damage" against "QuickScout<84><[U:1:900000012]><Blue>" (damage "47") (weapon "shotgun_soldier")
L 04/28/2026 - 05:14:29: "QuickScout<84><[U:1:900000012]><Blue>" triggered "shot_hit" (weapon "quake_rl")
L 04/28/2026 - 05:14:29: "QuickScout<84><[U:1:900000012]><Blue>" triggered "damage" against "SoldierBoy<83><[U:1:900000011]><Red>" (damage "103") (weapon "quake_rl")
L 04/28/2026 - 05:14:30: "SoldierBoy<83><[U:1:900000011]><Red>" triggered "shot_fired" (weapon "shotgun_soldier")
L 04/28/2026 - 05:14:30: "SoldierBoy<83><[U:1:900000011]><Red>" triggered "shot_hit" (weapon "shotgun_soldier")
L 04/28/2026 - 05:14:30: "SoldierBoy<83><[U:1:900000011]><Red>" triggered "damage" against "QuickScout<84><[U:1:900000012]><Blue>" (damage "6") (weapon "shotgun_soldier")
L 04/28/2026 - 05:14:30: "QuickScout<84><[U:1:900000012]><Blue>" triggered "shot_fired" (weapon "quake_rl")
L 04/28/2026 - 05:14:30: "QuickScout<84><[U:1:900000012]><Blue>" triggered "shot_hit" (weapon "quake_rl")
L 04/28/2026 - 05:14:30: "QuickScout<84><[U:1:900000012]><Blue>" triggered "damage" against "SoldierBoy<83><[U:1:900000011]><Red>" (damage "94") (weapon "quake_rl") (airshot "1") (height "244")
L 04/28/2026 - 05:14:31: "QuickScout<84><[U:1:900000012]><Blue>" triggered "shot_fired" (weapon "shotgun_soldier")
L 04/28/2026 - 05:14:31: "QuickScout<84><[U:1:900000012]><Blue>" triggered "shot_hit" (weapon "shotgun_soldier")
L 04/28/2026 - 05:14:31: "QuickScout<84><[U:1:900000012]><Blue>" triggered "damage" against "SoldierBoy<83><[U:1:900000011]><Red>" (damage "29") (realdamage "1") (weapon "shotgun_soldier")
L 04/28/2026 - 05:14:31: "QuickScout<84><[U:1:900000012]><Blue>" killed "SoldierBoy<83><[U:1:900000011]><Red>" with "shotgun_soldier" (attacker_position "-13302 11801 10696") (victim_position "-13040 11693 11159")
L 04/28/2026 - 05:14:31: "SoldierBoy<83><[U:1:900000011]><Red>" spawned as "soldier"
L 04/28/2026 - 05:14:33: "QuickScout<84><[U:1:900000012]><Blue>" triggered "shot_fired" (weapon "quake_rl")
L 04/28/2026 - 05:14:33: "SoldierBoy<83><[U:1:900000011]><Red>" triggered "shot_fired" (weapon "quake_rl")
L 04/28/2026 - 05:14:34: "SoldierBoy<83><[U:1:900000011]><Red>" triggered "shot_hit" (weapon "quake_rl")
L 04/28/2026 - 05:14:34: "SoldierBoy<83><[U:1:900000011]><Red>" triggered "damage" against "QuickScout<84><[U:1:900000012]><Blue>" (damage "50") (weapon "quake_rl")
L 04/28/2026 - 05:14:34: "SoldierBoy<83><[U:1:900000011]><Red>" triggered "shot_fired" (weapon "quake_rl")
L 04/28/2026 - 05:14:34: "QuickScout<84><[U:1:900000012]><Blue>" triggered "shot_fired" (weapon "quake_rl")
L 04/28/2026 - 05:14:34: "QuickScout<84><[U:1:900000012]><Blue>" triggered "shot_hit" (weapon "quake_rl")
L 04/28/2026 - 05:14:34: "QuickScout<84><[U:1:900000012]><Blue>" triggered "damage" against "SoldierBoy<83><[U:1:900000011]><Red>" (damage "52") (weapon "quake_rl")
L 04/28/2026 - 05:14:35: "SoldierBoy<83><[U:1:900000011]><Red>" triggered "shot_hit" (weapon "quake_rl")
L 04/28/2026 - 05:14:35: "SoldierBoy<83><[U:1:900000011]><Red>" triggered "damage" against "QuickScout<84><[U:1:900000012]><Blue>" (damage "106") (weapon "quake_rl")
L 04/28/2026 - 05:14:35: "SoldierBoy<83><[U:1:900000011]><Red>" triggered "shot_fired" (weapon "quake_rl")
L 04/28/2026 - 05:14:35: "QuickScout<84><[U:1:900000012]><Blue>" triggered "shot_fired" (weapon "quake_rl")
L 04/28/2026 - 05:14:36: "SoldierBoy<83><[U:1:900000011]><Red>" triggered "shot_fired" (weapon "shotgun_soldier")
L 04/28/2026 - 05:14:36: "SoldierBoy<83><[U:1:900000011]><Red>" triggered "shot_hit" (weapon "shotgun_soldier")
L 04/28/2026 - 05:14:36: "SoldierBoy<83><[U:1:900000011]><Red>" triggered "damage" against "QuickScout<84><[U:1:900000012]><Blue>" (damage "7") (weapon "shotgun_soldier")
L 04/28/2026 - 05:14:36: "QuickScout<84><[U:1:900000012]><Blue>" triggered "shot_fired" (weapon "quake_rl")
L 04/28/2026 - 05:14:36: "SoldierBoy<83><[U:1:900000011]><Red>" triggered "shot_fired" (weapon "shotgun_soldier")
L 04/28/2026 - 05:14:36: "SoldierBoy<83><[U:1:900000011]><Red>" triggered "shot_hit" (weapon "shotgun_soldier")
L 04/28/2026 - 05:14:36: "SoldierBoy<83><[U:1:900000011]><Red>" triggered "damage" against "QuickScout<84><[U:1:900000012]><Blue>" (damage "58") (weapon "shotgun_soldier")
L 04/28/2026 - 05:14:36: "QuickScout<84><[U:1:900000012]><Blue>" triggered "shot_fired" (weapon "shotgun_soldier")
L 04/28/2026 - 05:14:36: "QuickScout<84><[U:1:900000012]><Blue>" triggered "shot_hit" (weapon "shotgun_soldier")
L 04/28/2026 - 05:14:36: "QuickScout<84><[U:1:900000012]><Blue>" triggered "damage" against "SoldierBoy<83><[U:1:900000011]><Red>" (damage "7") (weapon "shotgun_soldier")
L 04/28/2026 - 05:14:37: "SoldierBoy<83><[U:1:900000011]><Red>" triggered "shot_fired" (weapon "shotgun_soldier")
L 04/28/2026 - 05:14:37: "SoldierBoy<83><[U:1:900000011]><Red>" triggered "shot_hit" (weapon "shotgun_soldier")
L 04/28/2026 - 05:14:37: "SoldierBoy<83><[U:1:900000011]><Red>" triggered "damage" against "QuickScout<84><[U:1:900000012]><Blue>" (damage "7") (weapon "shotgun_soldier")
L 04/28/2026 - 05:14:37: "QuickScout<84><[U:1:900000012]><Blue>" triggered "shot_fired" (weapon "shotgun_soldier")
L 04/28/2026 - 05:14:37: "QuickScout<84><[U:1:900000012]><Blue>" triggered "shot_hit" (weapon "shotgun_soldier")
L 04/28/2026 - 05:14:37: "QuickScout<84><[U:1:900000012]><Blue>" triggered "damage" against "SoldierBoy<83><[U:1:900000011]><Red>" (damage "14") (weapon "shotgun_soldier")
L 04/28/2026 - 05:14:38: "SoldierBoy<83><[U:1:900000011]><Red>" triggered "shot_fired" (weapon "shotgun_soldier")
L 04/28/2026 - 05:14:38: "SoldierBoy<83><[U:1:900000011]><Red>" triggered "shot_hit" (weapon "shotgun_soldier")
L 04/28/2026 - 05:14:38: "SoldierBoy<83><[U:1:900000011]><Red>" triggered "damage" against "QuickScout<84><[U:1:900000012]><Blue>" (damage "34") (realdamage "2") (weapon "shotgun_soldier")
L 04/28/2026 - 05:14:38: "SoldierBoy<83><[U:1:900000011]><Red>" killed "QuickScout<84><[U:1:900000012]><Blue>" with "shotgun_soldier" (attacker_position "-13165 12287 10696") (victim_position "-13362 11920 10696")
L 04/28/2026 - 05:14:38: "QuickScout<84><[U:1:900000012]><Blue>" spawned as "soldier"
L 04/28/2026 - 05:14:40: "SoldierBoy<83><[U:1:900000011]><Red>" triggered "shot_fired" (weapon "quake_rl")
L 04/28/2026 - 05:14:40: "QuickScout<84><[U:1:900000012]><Blue>" triggered "shot_fired" (weapon "quake_rl")
L 04/28/2026 - 05:14:41: "QuickScout<84><[U:1:900000012]><Blue>" triggered "shot_fired" (weapon "quake_rl")
L 04/28/2026 - 05:14:41: "QuickScout<84><[U:1:900000012]><Blue>" triggered "shot_hit" (weapon "quake_rl")
L 04/28/2026 - 05:14:41: "QuickScout<84><[U:1:900000012]><Blue>" triggered "damage" against "SoldierBoy<83><[U:1:900000011]><Red>" (damage "63") (weapon "quake_rl")
L 04/28/2026 - 05:14:41: "SoldierBoy<83><[U:1:900000011]><Red>" triggered "shot_fired" (weapon "quake_rl")
L 04/28/2026 - 05:14:43: "SoldierBoy<83><[U:1:900000011]><Red>" triggered "shot_fired" (weapon "quake_rl")
L 04/28/2026 - 05:14:43: "SoldierBoy<83><[U:1:900000011]><Red>" triggered "shot_hit" (weapon "quake_rl")
L 04/28/2026 - 05:14:43: "SoldierBoy<83><[U:1:900000011]><Red>" triggered "damage" against "QuickScout<84><[U:1:900000012]><Blue>" (damage "76") (weapon "quake_rl")
L 04/28/2026 - 05:14:43: "QuickScout<84><[U:1:900000012]><Blue>" triggered "shot_hit" (weapon "quake_rl")
L 04/28/2026 - 05:14:43: "QuickScout<84><[U:1:900000012]><Blue>" triggered "damage" against "SoldierBoy<83><[U:1:900000011]><Red>" (damage "85") (weapon "quake_rl")
L 04/28/2026 - 05:14:43: "QuickScout<84><[U:1:900000012]><Blue>" triggered "shot_fired" (weapon "quake_rl")
L 04/28/2026 - 05:14:44: "SoldierBoy<83><[U:1:900000011]><Red>" triggered "shot_fired" (weapon "quake_rl")
L 04/28/2026 - 05:14:44: "QuickScout<84><[U:1:900000012]><Blue>" triggered "shot_fired" (weapon "quake_rl")
L 04/28/2026 - 05:14:44: "SoldierBoy<83><[U:1:900000011]><Red>" triggered "shot_fired" (weapon "shotgun_soldier")
L 04/28/2026 - 05:14:44: "SoldierBoy<83><[U:1:900000011]><Red>" triggered "shot_hit" (weapon "shotgun_soldier")
L 04/28/2026 - 05:14:44: "SoldierBoy<83><[U:1:900000011]><Red>" triggered "damage" against "QuickScout<84><[U:1:900000012]><Blue>" (damage "61") (realdamage "60") (weapon "shotgun_soldier")
L 04/28/2026 - 05:14:44: "SoldierBoy<83><[U:1:900000011]><Red>" killed "QuickScout<84><[U:1:900000012]><Blue>" with "shotgun_soldier" (attacker_position "-13117 11666 11168") (victim_position "-12925 11583 10921")
L 04/28/2026 - 05:14:44: "QuickScout<84><[U:1:900000012]><Blue>" spawned as "soldier"
L 04/28/2026 - 05:14:46: "SoldierBoy<83><[U:1:900000011]><Red>" triggered "shot_fired" (weapon "quake_rl")
L 04/28/2026 - 05:14:47: "QuickScout<84><[U:1:900000012]><Blue>" triggered "shot_fired" (weapon "quake_rl")
L 04/28/2026 - 05:14:47: "SoldierBoy<83><[U:1:900000011]><Red>" triggered "shot_fired" (weapon "quake_rl")
L 04/28/2026 - 05:14:47: "QuickScout<84><[U:1:900000012]><Blue>" triggered "shot_fired" (weapon "quake_rl")
L 04/28/2026 - 05:14:48: "SoldierBoy<83><[U:1:900000011]><Red>" triggered "shot_fired" (weapon "quake_rl")
L 04/28/2026 - 05:14:48: "QuickScout<84><[U:1:900000012]><Blue>" triggered "shot_hit" (weapon "quake_rl")
L 04/28/2026 - 05:14:48: "QuickScout<84><[U:1:900000012]><Blue>" triggered "damage" against "SoldierBoy<83><[U:1:900000011]><Red>" (damage "110") (weapon "quake_rl")
L 04/28/2026 - 05:14:49: "QuickScout<84><[U:1:900000012]><Blue>" triggered "shot_fired" (weapon "quake_rl")
L 04/28/2026 - 05:14:49: "QuickScout<84><[U:1:900000012]><Blue>" triggered "shot_fired" (weapon "shotgun_soldier")
L 04/28/2026 - 05:14:49: "QuickScout<84><[U:1:900000012]><Blue>" triggered "shot_hit" (weapon "shotgun_soldier")
L 04/28/2026 - 05:14:49: "QuickScout<84><[U:1:900000012]><Blue>" triggered "damage" against "SoldierBoy<83><[U:1:900000011]><Red>" (damage "8") (weapon "shotgun_soldier")
L 04/28/2026 - 05:14:51: "SoldierBoy<83><[U:1:900000011]><Red>" triggered "shot_fired" (weapon "quake_rl")
L 04/28/2026 - 05:14:51: "QuickScout<84><[U:1:900000012]><Blue>" picked up item "tf_ammo_pack"
L 04/28/2026 - 05:14:51: "SoldierBoy<83><[U:1:900000011]><Red>" triggered "shot_hit" (weapon "quake_rl")
L 04/28/2026 - 05:14:51: "SoldierBoy<83><[U:1:900000011]><Red>" triggered "damage" against "QuickScout<84><[U:1:900000012]><Blue>" (damage "76") (weapon "quake_rl")
L 04/28/2026 - 05:14:51: "QuickScout<84><[U:1:900000012]><Blue>" triggered "shot_fired" (weapon "quake_rl")
L 04/28/2026 - 05:14:51: "QuickScout<84><[U:1:900000012]><Blue>" triggered "shot_hit" (weapon "quake_rl")
L 04/28/2026 - 05:14:51: "QuickScout<84><[U:1:900000012]><Blue>" triggered "damage" against "SoldierBoy<83><[U:1:900000011]><Red>" (damage "50") (weapon "quake_rl")
L 04/28/2026 - 05:14:52: "SoldierBoy<83><[U:1:900000011]><Red>" triggered "shot_fired" (weapon "quake_rl")
L 04/28/2026 - 05:14:52: "SoldierBoy<83><[U:1:900000011]><Red>" triggered "shot_hit" (weapon "quake_rl")
L 04/28/2026 - 05:14:52: "SoldierBoy<83><[U:1:900000011]><Red>" triggered "damage" against "QuickScout<84><[U:1:900000012]><Blue>" (damage "58") (realdamage "28") (weapon "quake_rl")
L 04/28/2026 - 05:14:52: "SoldierBoy<83><[U:1:900000011]><Red>" killed "QuickScout<84><[U:1:900000012]><Blue>" with "quake_rl" (attacker_position "-13390 12258 10696") (victim_position "-13398 11930 10707")
L 04/28/2026 - 05:14:52: "QuickScout<84><[U:1:900000012]><Blue>" spawned as "soldier"
L 04/28/2026 - 05:14:52: "SoldierBoy<83><[U:1:900000011]><Red>" triggered "shot_fired" (weapon "shotgun_soldier")
L 04/28/2026 - 05:14:54: "SoldierBoy<83><[U:1:900000011]><Red>" triggered "shot_fired" (weapon "quake_rl")
L 04/28/2026 - 05:14:54: "QuickScout<84><[U:1:900000012]><Blue>" triggered "shot_fired" (weapon "quake_rl")
L 04/28/2026 - 05:14:55: "QuickScout<84><[U:1:900000012]><Blue>" triggered "shot_hit" (weapon "quake_rl")
L 04/28/2026 - 05:14:55: "QuickScout<84><[U:1:900000012]><Blue>" triggered "damage" against "SoldierBoy<83><[U:1:900000011]><Red>" (damage "41") (weapon "quake_rl")
L 04/28/2026 - 05:14:55: "QuickScout<84><[U:1:900000012]><Blue>" triggered "shot_fired" (weapon "quake_rl")
L 04/28/2026 - 05:14:55: "SoldierBoy<83><[U:1:900000011]><Red>" triggered "shot_fired" (weapon "quake_rl")
L 04/28/2026 - 05:14:55: "SoldierBoy<83><[U:1:900000011]><Red>" triggered "shot_hit" (weapon "quake_rl")
L 04/28/2026 - 05:14:55: "SoldierBoy<83><[U:1:900000011]><Red>" triggered "damage" against "QuickScout<84><[U:1:900000012]><Blue>" (damage "50") (weapon "quake_rl")
L 04/28/2026 - 05:14:56: "SoldierBoy<83><[U:1:900000011]><Red>" triggered "shot_fired" (weapon "quake_rl")
L 04/28/2026 - 05:14:56: "QuickScout<84><[U:1:900000012]><Blue>" triggered "shot_fired" (weapon "quake_rl")
L 04/28/2026 - 05:14:57: "QuickScout<84><[U:1:900000012]><Blue>" triggered "shot_hit" (weapon "quake_rl")
L 04/28/2026 - 05:14:57: "QuickScout<84><[U:1:900000012]><Blue>" triggered "damage" against "SoldierBoy<83><[U:1:900000011]><Red>" (damage "55") (weapon "quake_rl")
L 04/28/2026 - 05:14:57: "QuickScout<84><[U:1:900000012]><Blue>" triggered "shot_fired" (weapon "shotgun_soldier")
L 04/28/2026 - 05:14:57: "QuickScout<84><[U:1:900000012]><Blue>" triggered "shot_hit" (weapon "shotgun_soldier")
L 04/28/2026 - 05:14:57: "QuickScout<84><[U:1:900000012]><Blue>" triggered "damage" against "SoldierBoy<83><[U:1:900000011]><Red>" (damage "77") (weapon "shotgun_soldier")
L 04/28/2026 - 05:14:57: "SoldierBoy<83><[U:1:900000011]><Red>" triggered "shot_fired" (weapon "quake_rl")
L 04/28/2026 - 05:14:57: "SoldierBoy<83><[U:1:900000011]><Red>" triggered "shot_hit" (weapon "quake_rl")
L 04/28/2026 - 05:14:57: "SoldierBoy<83><[U:1:900000011]><Red>" triggered "damage" against "QuickScout<84><[U:1:900000012]><Blue>" (damage "72") (weapon "quake_rl")
L 04/28/2026 - 05:14:57: "SoldierBoy<83><[U:1:900000011]><Red>" triggered "shot_fired" (weapon "shotgun_soldier")
L 04/28/2026 - 05:14:57: "SoldierBoy<83><[U:1:900000011]><Red>" triggered "shot_hit" (weapon "shotgun_soldier")
L 04/28/2026 - 05:14:57: "SoldierBoy<83><[U:1:900000011]><Red>" triggered "damage" against "QuickScout<84><[U:1:900000012]><Blue>" (damage "69") (realdamage "45") (weapon "shotgun_soldier")
L 04/28/2026 - 05:14:57: "SoldierBoy<83><[U:1:900000011]><Red>" killed "QuickScout<84><[U:1:900000012]><Blue>" with "shotgun_soldier" (attacker_position "-13156 12044 10838") (victim_position "-13432 12015 10696")
L 04/28/2026 - 05:14:57: "SoldierBoy<83><[U:1:900000011]><Red>" triggered "domination" against "QuickScout<84><[U:1:900000012]><Blue>"
L 04/28/2026 - 05:14:57: "QuickScout<84><[U:1:900000012]><Blue>" spawned as "soldier"
L 04/28/2026 - 05:15:01: "SoldierBoy<83><[U:1:900000011]><Red>" triggered "shot_fired" (weapon "quake_rl")
L 04/28/2026 - 05:15:02: "QuickScout<84><[U:1:900000012]><Blue>" triggered "shot_fired" (weapon "quake_rl")
L 04/28/2026 - 05:15:02: "QuickScout<84><[U:1:900000012]><Blue>" triggered "shot_hit" (weapon "quake_rl")
L 04/28/2026 - 05:15:02: "QuickScout<84><[U:1:900000012]><Blue>" triggered "damage" against "SoldierBoy<83><[U:1:900000011]><Red>" (damage "46") (weapon "quake_rl")
L 04/28/2026 - 05:15:02: "SoldierBoy<83><[U:1:900000011]><Red>" triggered "shot_fired" (weapon "quake_rl")
L 04/28/2026 - 05:15:02: "QuickScout<84><[U:1:900000012]><Blue>" triggered "shot_fired" (weapon "quake_rl")
L 04/28/2026 - 05:15:03: "QuickScout<84><[U:1:900000012]><Blue>" triggered "shot_hit" (weapon "quake_rl")
L 04/28/2026 - 05:15:03: "QuickScout<84><[U:1:900000012]><Blue>" triggered "damage" against "SoldierBoy<83><[U:1:900000011]><Red>" (damage "64") (weapon "quake_rl")
L 04/28/2026 - 05:15:03: "SoldierBoy<83><[U:1:900000011]><Red>" triggered "shot_fired" (weapon "quake_rl")
L 04/28/2026 - 05:15:04: "SoldierBoy<83><[U:1:900000011]><Red>" triggered "shot_fired" (weapon "quake_rl")
L 04/28/2026 - 05:15:04: "SoldierBoy<83><[U:1:900000011]><Red>" triggered "shot_fired" (weapon "shotgun_soldier")
L 04/28/2026 - 05:15:04: "SoldierBoy<83><[U:1:900000011]><Red>" triggered "shot_hit" (weapon "shotgun_soldier")
L 04/28/2026 - 05:15:04: "SoldierBoy<83><[U:1:900000011]><Red>" triggered "damage" against "QuickScout<84><[U:1:900000012]><Blue>" (damage "33") (weapon "shotgun_soldier")
L 04/28/2026 - 05:15:04: "QuickScout<84><[U:1:900000012]><Blue>" triggered "shot_fired" (weapon "quake_rl")
L 04/28/2026 - 05:15:05: "QuickScout<84><[U:1:900000012]><Blue>" triggered "shot_hit" (weapon "quake_rl")
L 04/28/2026 - 05:15:05: "QuickScout<84><[U:1:900000012]><Blue>" triggered "damage" against "SoldierBoy<83><[U:1:900000011]><Red>" (damage "65") (weapon "quake_rl")
L 04/28/2026 - 05:15:05: "SoldierBoy<83><[U:1:900000011]><Red>" triggered "shot_fired" (weapon "shotgun_soldier")
L 04/28/2026 - 05:15:05: "SoldierBoy<83><[U:1:900000011]><Red>" triggered "shot_hit" (weapon "shotgun_soldier")
L 04/28/2026 - 05:15:05: "SoldierBoy<83><[U:1:900000011]><Red>" triggered "damage" against "QuickScout<84><[U:1:900000012]><Blue>" (damage "86") (weapon "shotgun_soldier")
L 04/28/2026 - 05:15:05: "QuickScout<84><[U:1:900000012]><Blue>" triggered "shot_fired" (weapon "quake_rl")
L 04/28/2026 - 05:15:06: "SoldierBoy<83><[U:1:900000011]><Red>" triggered "shot_fired" (weapon "shotgun_soldier")
L 04/28/2026 - 05:15:06: "SoldierBoy<83><[U:1:900000011]><Red>" triggered "shot_hit" (weapon "shotgun_soldier")
L 04/28/2026 - 05:15:06: "SoldierBoy<83><[U:1:900000011]><Red>" triggered "damage" against "QuickScout<84><[U:1:900000012]><Blue>" (damage "51") (realdamage "34") (weapon "shotgun_soldier")
L 04/28/2026 - 05:15:06: "SoldierBoy<83><[U:1:900000011]><Red>" killed "QuickScout<84><[U:1:900000012]><Blue>" with "shotgun_soldier" (attacker_position "-13194 12085 10867") (victim_position "-13145 11739 10804")
L 04/28/2026 - 05:15:06: "QuickScout<84><[U:1:900000012]><Blue>" spawned as "soldier"
L 04/28/2026 - 05:15:08: "SoldierBoy<83><[U:1:900000011]><Red>" triggered "shot_fired" (weapon "quake_rl")
L 04/28/2026 - 05:15:08: "QuickScout<84><[U:1:900000012]><Blue>" triggered "shot_fired" (weapon "quake_rl")
L 04/28/2026 - 05:15:09: "QuickScout<84><[U:1:900000012]><Blue>" triggered "shot_fired" (weapon "quake_rl")
L 04/28/2026 - 05:15:09: "SoldierBoy<83><[U:1:900000011]><Red>" triggered "shot_fired" (weapon "quake_rl")
L 04/28/2026 - 05:15:09: "QuickScout<84><[U:1:900000012]><Blue>" triggered "shot_hit" (weapon "quake_rl")
L 04/28/2026 - 05:15:09: "QuickScout<84><[U:1:900000012]><Blue>" triggered "damage" against "SoldierBoy<83><[U:1:900000011]><Red>" (damage "67") (weapon "quake_rl")
L 04/28/2026 - 05:15:09: "SoldierBoy<83><[U:1:900000011]><Red>" triggered "shot_hit" (weapon "quake_rl")
L 04/28/2026 - 05:15:09: "SoldierBoy<83><[U:1:900000011]><Red>" triggered "damage" against "QuickScout<84><[U:1:900000012]><Blue>" (damage "100") (weapon "quake_rl")
L 04/28/2026 - 05:15:10: "QuickScout<84><[U:1:900000012]><Blue>" triggered "shot_fired" (weapon "quake_rl")
L 04/28/2026 - 05:15:10: "QuickScout<84><[U:1:900000012]><Blue>" triggered "shot_hit" (weapon "quake_rl")
L 04/28/2026 - 05:15:10: "QuickScout<84><[U:1:900000012]><Blue>" triggered "damage" against "SoldierBoy<83><[U:1:900000011]><Red>" (damage "63") (weapon "quake_rl")
L 04/28/2026 - 05:15:11: "QuickScout<84><[U:1:900000012]><Blue>" triggered "shot_fired" (weapon "shotgun_soldier")
L 04/28/2026 - 05:15:11: "SoldierBoy<83><[U:1:900000011]><Red>" triggered "shot_fired" (weapon "quake_rl")
L 04/28/2026 - 05:15:11: "QuickScout<84><[U:1:900000012]><Blue>" triggered "shot_fired" (weapon "shotgun_soldier")
L 04/28/2026 - 05:15:11: "QuickScout<84><[U:1:900000012]><Blue>" triggered "shot_hit" (weapon "shotgun_soldier")
L 04/28/2026 - 05:15:11: "QuickScout<84><[U:1:900000012]><Blue>" triggered "damage" against "SoldierBoy<83><[U:1:900000011]><Red>" (damage "57") (weapon "shotgun_soldier")
L 04/28/2026 - 05:15:12: "SoldierBoy<83><[U:1:900000011]><Red>" triggered "shot_fired" (weapon "quake_rl")
L 04/28/2026 - 05:15:12: "SoldierBoy<83><[U:1:900000011]><Red>" triggered "shot_hit" (weapon "quake_rl")
L 04/28/2026 - 05:15:12: "SoldierBoy<83><[U:1:900000011]><Red>" triggered "damage" against "QuickScout<84><[U:1:900000012]><Blue>" (damage "81") (realdamage "42") (weapon "quake_rl")
L 04/28/2026 - 05:15:12: "SoldierBoy<83><[U:1:900000011]><Red>" killed "QuickScout<84><[U:1:900000012]><Blue>" with "quake_rl" (attacker_position "-13090 12284 10730") (victim_position "-13125 11926 10804")
L 04/28/2026 - 05:15:12: "QuickScout<84><[U:1:900000012]><Blue>" spawned as "soldier"
L 04/28/2026 - 05:15:14: "SoldierBoy<83><[U:1:900000011]><Red>" triggered "shot_fired" (weapon "quake_rl")
L 04/28/2026 - 05:15:15: "SoldierBoy<83><[U:1:900000011]><Red>" triggered "shot_hit" (weapon "quake_rl")
L 04/28/2026 - 05:15:15: "SoldierBoy<83><[U:1:900000011]><Red>" triggered "damage" against "QuickScout<84><[U:1:900000012]><Blue>" (damage "76") (weapon "quake_rl") (airshot "1") (height "477")
L 04/28/2026 - 05:15:15: "QuickScout<84><[U:1:900000012]><Blue>" triggered "shot_fired" (weapon "quake_rl")
L 04/28/2026 - 05:15:15: "SoldierBoy<83><[U:1:900000011]><Red>" triggered "shot_fired" (weapon "quake_rl")
L 04/28/2026 - 05:15:16: "QuickScout<84><[U:1:900000012]><Blue>" triggered "shot_fired" (weapon "quake_rl")
L 04/28/2026 - 05:15:16: "QuickScout<84><[U:1:900000012]><Blue>" triggered "shot_hit" (weapon "quake_rl")
L 04/28/2026 - 05:15:16: "QuickScout<84><[U:1:900000012]><Blue>" triggered "damage" against "SoldierBoy<83><[U:1:900000011]><Red>" (damage "52") (weapon "quake_rl")
L 04/28/2026 - 05:15:16: "SoldierBoy<83><[U:1:900000011]><Red>" triggered "shot_fired" (weapon "quake_rl")
L 04/28/2026 - 05:15:17: "SoldierBoy<83><[U:1:900000011]><Red>" triggered "shot_hit" (weapon "quake_rl")
L 04/28/2026 - 05:15:17: "SoldierBoy<83><[U:1:900000011]><Red>" triggered "damage" against "QuickScout<84><[U:1:900000012]><Blue>" (damage "52") (weapon "quake_rl")
L 04/28/2026 - 05:15:17: "QuickScout<84><[U:1:900000012]><Blue>" triggered "shot_fired" (weapon "quake_rl")
L 04/28/2026 - 05:15:17: "QuickScout<84><[U:1:900000012]><Blue>" triggered "shot_hit" (weapon "quake_rl")
L 04/28/2026 - 05:15:17: "QuickScout<84><[U:1:900000012]><Blue>" triggered "damage" against "SoldierBoy<83><[U:1:900000011]><Red>" (damage "49") (weapon "quake_rl")
L 04/28/2026 - 05:15:17: "SoldierBoy<83><[U:1:900000011]><Red>" triggered "shot_fired" (weapon "quake_rl")
L 04/28/2026 - 05:15:17: "QuickScout<84><[U:1:900000012]><Blue>" triggered "shot_fired" (weapon "shotgun_soldier")
L 04/28/2026 - 05:15:17: "SoldierBoy<83><[U:1:900000011]><Red>" triggered "shot_hit" (weapon "quake_rl")
L 04/28/2026 - 05:15:17: "SoldierBoy<83><[U:1:900000011]><Red>" triggered "damage" against "QuickScout<84><[U:1:900000012]><Blue>" (damage "65") (realdamage "36") (weapon "quake_rl")
L 04/28/2026 - 05:15:17: "SoldierBoy<83><[U:1:900000011]><Red>" killed "QuickScout<84><[U:1:900000012]><Blue>" with "quake_rl" (attacker_position "-13439 11957 10696") (victim_position "-13425 11526 10735")
L 04/28/2026 - 05:15:17: "QuickScout<84><[U:1:900000012]><Blue>" spawned as "soldier"
L 04/28/2026 - 05:15:20: "QuickScout<84><[U:1:900000012]><Blue>" triggered "shot_fired" (weapon "quake_rl")
L 04/28/2026 - 05:15:20: "SoldierBoy<83><[U:1:900000011]><Red>" triggered "shot_fired" (weapon "quake_rl")
L 04/28/2026 - 05:15:21: "QuickScout<84><[U:1:900000012]><Blue>" triggered "shot_fired" (weapon "quake_rl")
L 04/28/2026 - 05:15:21: "QuickScout<84><[U:1:900000012]><Blue>" triggered "shot_hit" (weapon "quake_rl")
L 04/28/2026 - 05:15:21: "QuickScout<84><[U:1:900000012]><Blue>" triggered "damage" against "SoldierBoy<83><[U:1:900000011]><Red>" (damage "76") (weapon "quake_rl")
L 04/28/2026 - 05:15:21: "SoldierBoy<83><[U:1:900000011]><Red>" triggered "shot_hit" (weapon "quake_rl")
L 04/28/2026 - 05:15:21: "SoldierBoy<83><[U:1:900000011]><Red>" triggered "damage" against "QuickScout<84><[U:1:900000012]><Blue>" (damage "57") (weapon "quake_rl")
L 04/28/2026 - 05:15:21: "SoldierBoy<83><[U:1:900000011]><Red>" triggered "shot_fired" (weapon "quake_rl")
L 04/28/2026 - 05:15:22: "SoldierBoy<83><[U:1:900000011]><Red>" triggered "shot_fired" (weapon "quake_rl")
L 04/28/2026 - 05:15:22: "SoldierBoy<83><[U:1:900000011]><Red>" triggered "shot_hit" (weapon "quake_rl")
L 04/28/2026 - 05:15:22: "SoldierBoy<83><[U:1:900000011]><Red>" triggered "damage" against "QuickScout<84><[U:1:900000012]><Blue>" (damage "59") (weapon "quake_rl")
L 04/28/2026 - 05:15:23: "QuickScout<84><[U:1:900000012]><Blue>" triggered "shot_fired" (weapon "quake_rl")
L 04/28/2026 - 05:15:23: "SoldierBoy<83><[U:1:900000011]><Red>" triggered "shot_fired" (weapon "quake_rl")
L 04/28/2026 - 05:15:23: "SoldierBoy<83><[U:1:900000011]><Red>" triggered "shot_hit" (weapon "quake_rl")
L 04/28/2026 - 05:15:23: "SoldierBoy<83><[U:1:900000011]><Red>" triggered "damage" against "QuickScout<84><[U:1:900000012]><Blue>" (damage "66") (realdamage "54") (weapon "quake_rl")
L 04/28/2026 - 05:15:23: "SoldierBoy<83><[U:1:900000011]><Red>" killed "QuickScout<84><[U:1:900000012]><Blue>" with "quake_rl" (attacker_position "-13044 12103 10727") (victim_position "-13391 12377 10711")
L 04/28/2026 - 05:15:23: "QuickScout<84><[U:1:900000012]><Blue>" spawned as "soldier"
L 04/28/2026 - 05:15:25: "SoldierBoy<83><[U:1:900000011]><Red>" triggered "shot_fired" (weapon "quake_rl")
L 04/28/2026 - 05:15:25: "QuickScout<84><[U:1:900000012]><Blue>" triggered "shot_fired" (weapon "quake_rl")
L 04/28/2026 - 05:15:26: "QuickScout<84><[U:1:900000012]><Blue>" triggered "shot_fired" (weapon "quake_rl")
L 04/28/2026 - 05:15:26: "QuickScout<84><[U:1:900000012]><Blue>" triggered "shot_hit" (weapon "quake_rl")
L 04/28/2026 - 05:15:26: "QuickScout<84><[U:1:900000012]><Blue>" triggered "damage" against "SoldierBoy<83><[U:1:900000011]><Red>" (damage "81") (weapon "quake_rl")
L 04/28/2026 - 05:15:27: "SoldierBoy<83><[U:1:900000011]><Red>" triggered "shot_fired" (weapon "quake_rl")
L 04/28/2026 - 05:15:27: "SoldierBoy<83><[U:1:900000011]><Red>" triggered "shot_hit" (weapon "quake_rl")
L 04/28/2026 - 05:15:27: "SoldierBoy<83><[U:1:900000011]><Red>" triggered "damage" against "QuickScout<84><[U:1:900000012]><Blue>" (damage "65") (weapon "quake_rl")
L 04/28/2026 - 05:15:27: "QuickScout<84><[U:1:900000012]><Blue>" triggered "shot_fired" (weapon "quake_rl")
L 04/28/2026 - 05:15:27: "SoldierBoy<83><[U:1:900000011]><Red>" triggered "shot_fired" (weapon "quake_rl")
L 04/28/2026 - 05:15:27: "SoldierBoy<83><[U:1:900000011]><Red>" triggered "shot_hit" (weapon "quake_rl")
L 04/28/2026 - 05:15:27: "SoldierBoy<83><[U:1:900000011]><Red>" triggered "damage" against "QuickScout<84><[U:1:900000012]><Blue>" (damage "95") (weapon "quake_rl")
L 04/28/2026 - 05:15:28: "QuickScout<84><[U:1:900000012]><Blue>" triggered "shot_fired" (weapon "shotgun_soldier")
L 04/28/2026 - 05:15:28: "QuickScout<84><[U:1:900000012]><Blue>" triggered "shot_fired" (weapon "shotgun_soldier")
L 04/28/2026 - 05:15:28: "QuickScout<84><[U:1:900000012]><Blue>" triggered "shot_hit" (weapon "shotgun_soldier")
L 04/28/2026 - 05:15:28: "QuickScout<84><[U:1:900000012]><Blue>" triggered "damage" against "SoldierBoy<83><[U:1:900000011]><Red>" (damage "27") (weapon "shotgun_soldier")
L 04/28/2026 - 05:15:29: "SoldierBoy<83><[U:1:900000011]><Red>" triggered "shot_fired" (weapon "quake_rl")
L 04/28/2026 - 05:15:29: "SoldierBoy<83><[U:1:900000011]><Red>" triggered "shot_fired" (weapon "shotgun_soldier")
L 04/28/2026 - 05:15:29: "SoldierBoy<83><[U:1:900000011]><Red>" triggered "shot_hit" (weapon "shotgun_soldier")
L 04/28/2026 - 05:15:29: "SoldierBoy<83><[U:1:900000011]><Red>" triggered "damage" against "QuickScout<84><[U:1:900000012]><Blue>" (damage "17") (realdamage "6") (weapon "shotgun_soldier")
L 04/28/2026 - 05:15:29: World triggered "mge_elo_delta" (player "[U:1:900000011]") (old_elo "2722") (new_elo "2722")
L 04/28/2026 - 05:15:29: World triggered "mge_elo_delta" (player "[U:1:900000012]") (old_elo "2131") (new_elo "2131")
L 04/28/2026 - 05:15:29: "SoldierBoy<83><[U:1:900000011]><Red>" killed "QuickScout<84><[U:1:900000012]><Blue>" with "shotgun_soldier" (attacker_position "-13305 11823 10696") (victim_position "-13138 11336 10937")
L 04/28/2026 - 05:15:29: World triggered "mge_match_end" (winner "[U:1:900000011]") (winner_score "20") (loser_score "5")
