L 04/28/2026 - 05:21:38: World triggered "meta_data" (matchid "260428052138d025") (map "mge_triumph_beta7_rc1") (arena "Badlands Middle 1 [1v1 MGE]") (gamemode "mge") (fraglimit "0")
L 04/28/2026 - 05:21:38: "SoldierBoy<83><[U:1:900000011]><Red>" changed role to "soldier"
L 04/28/2026 - 05:21:38: "QuickScout<84><[U:1:900000012]><Blue>" changed role to "soldier"
L 04/28/2026 - 05:21:40: "SoldierBoy<83><[U:1:900000011]><Red>" triggered "shot_fired" (weapon "quake_rl")
L 04/28/2026 - 05:21:40: "QuickScout<84><[U:1:900000012]><Blue>" triggered "shot_fired" (weapon "quake_rl")
L 04/28/2026 - 05:21:41: "SoldierBoy<83><[U:1:900000011]><Red>" triggered "shot_hit" (weapon "quake_rl")
L 04/28/2026 - 05:21:41: "SoldierBoy<83><[U:1:900000011]><Red>" triggered "damage" against "QuickScout<84><[U:1:900000012]><Blue>" (damage "81") (weapon "quake_rl")
L 04/28/2026 - 05:21:41: "QuickScout<84><[U:1:900000012]><Blue>" triggered "shot_fired" (weapon "quake_rl")
L 04/28/2026 - 05:21:41: "SoldierBoy<83><[U:1:900000011]><Red>" triggered "shot_fired" (weapon "quake_rl")
L 04/28/2026 - 05:21:42: "SoldierBoy<83><[U:1:900000011]><Red>" triggered "shot_fired" (weapon "quake_rl")
L 04/28/2026 - 05:21:43: "QuickScout<84><[U:1:900000012]><Blue>" triggered "shot_fired" (weapon "quake_rl")
L 04/28/2026 - 05:21:43: "SoldierBoy<83><[U:1:900000011]><Red>" triggered "shot_fired" (weapon "shotgun_soldier")
L 04/28/2026 - 05:21:43: "SoldierBoy<83><[U:1:900000011]><Red>" triggered "shot_hit" (weapon "shotgun_soldier")
L 04/28/2026 - 05:21:43: "SoldierBoy<83><[U:1:900000011]><Red>" triggered "damage" against "QuickScout<84><[U:1:900000012]><Blue>" (damage "57") (weapon "shotgun_soldier")
L 04/28/2026 - 05:21:43: "QuickScout<84><[U:1:900000012]><Blue>" triggered "shot_hit" (weapon "quake_rl")
L 04/28/2026 - 05:21:43: "QuickScout<84><[U:1:900000012]><Blue>" triggered "damage" against "SoldierBoy<83><[U:1:900000011]><Red>" (damage "68") (weapon "quake_rl")
L 04/28/2026 - 05:21:44: "SoldierBoy<83><[U:1:900000011]><Red>" triggered "shot_fired" (weapon "shotgun_soldier")
L 04/28/2026 - 05:21:44: "SoldierBoy<83><[U:1:900000011]><Red>" triggered "shot_hit" (weapon "shotgun_soldier")
L 04/28/2026 - 05:21:44: "SoldierBoy<83><[U:1:900000011]><Red>" triggered "damage" against "QuickScout<84><[U:1:900000012]><Blue>" (damage "72") (realdamage "50") (weapon "shotgun_soldier")
L 04/28/2026 - 05:21:44: "SoldierBoy<83><[U:1:900000011]><Red>" killed "QuickScout<84><[U:1:900000012]><Blue>" with "shotgun_soldier" (attacker_position "-13101 11209 10919") (victim_position "-12969 11115 10696")
L 04/28/2026 - 05:21:44: "QuickScout<84><[U:1:900000012]><Blue>" triggered "shot_fired" (weapon "quake_rl")
L 04/28/2026 - 05:21:44: "QuickScout<84><[U:1:900000012]><Blue>" spawned as "soldier"
L 04/28/2026 - 05:21:45: "QuickScout<84><[U:1:900000012]><Blue>" triggered "shot_fired" (weapon "quake_rl")
L 04/28/2026 - 05:21:45: "QuickScout<84><[U:1:900000012]><Blue>" triggered "shot_hit" (weapon "quake_rl")
L 04/28/2026 - 05:21:45: "QuickScout<84><[U:1:900000012]><Blue>" triggered "damage" against "SoldierBoy<83><[U:1:900000011]><Red>" (damage "50") (weapon "quake_rl")
L 04/28/2026 - 05:21:45: "SoldierBoy<83><[U:1:900000011]><Red>" triggered "shot_fired" (weapon "quake_rl")
L 04/28/2026 - 05:21:45: "SoldierBoy<83><[U:1:900000011]><Red>" triggered "shot_hit" (weapon "quake_rl")
L 04/28/2026 - 05:21:45: "SoldierBoy<83><[U:1:900000011]><Red>" triggered "damage" against "QuickScout<84><[U:1:900000012]><Blue>" (damage "80") (weapon "quake_rl")
L 04/28/2026 - 05:21:46: "QuickScout<84><[U:1:900000012]><Blue>" triggered "shot_fired" (weapon "quake_rl")
L 04/28/2026 - 05:21:46: "SoldierBoy<83><[U:1:900000011]><Red>" triggered "shot_fired" (weapon "quake_rl")
L 04/28/2026 - 05:21:47: "QuickScout<84><[U:1:900000012]><Blue>" triggered "shot_fired" (weapon "quake_rl")
L 04/28/2026 - 05:21:47: "SoldierBoy<83><[U:1:900000011]><Red>" triggered "shot_fired" (weapon "quake_rl")
L 04/28/2026 - 05:21:47: "SoldierBoy<83><[U:1:900000011]><Red>" triggered "shot_hit" (weapon "quake_rl")
L 04/28/2026 - 05:21:47: "SoldierBoy<83><[U:1:900000011]><Red>" triggered "damage" against "QuickScout<84><[U:1:900000012]><Blue>" (damage "60") (weapon "quake_rl")
L 04/28/2026 - 05:21:48: "SoldierBoy<83><[U:1:900000011]><Red>" triggered "shot_fired" (weapon "shotgun_soldier")
L 04/28/2026 - 05:21:48: "SoldierBoy<83><[U:1:900000011]><Red>" triggered "shot_hit" (weapon "shotgun_soldier")
L 04/28/2026 - 05:21:48: "SoldierBoy<83><[U:1:900000011]><Red>" triggered "damage" against "QuickScout<84><[U:1:900000012]><Blue>" (damage "8") (weapon "shotgun_soldier")
L 04/28/2026 - 05:21:48: "QuickScout<84><[U:1:900000012]><Blue>" triggered "shot_fired" (weapon "quake_rl")
L 04/28/2026 - 05:21:48: "QuickScout<84><[U:1:900000012]><Blue>" triggered "shot_hit" (weapon "quake_rl")
L 04/28/2026 - 05:21:48: "QuickScout<84><[U:1:900000012]><Blue>" triggered "damage" against "SoldierBoy<83><[U:1:900000011]><Red>" (damage "80") (weapon "quake_rl")
L 04/28/2026 - 05:21:48: "SoldierBoy<83><[U:1:900000011]><Red>" triggered "shot_fired" (weapon "shotgun_soldier")
L 04/28/2026 - 05:21:48: "SoldierBoy<83><[U:1:900000011]><Red>" triggered "shot_hit" (weapon "shotgun_soldier")
L 04/28/2026 - 05:21:48: "SoldierBoy<83><[U:1:900000011]><Red>" triggered "damage" against "QuickScout<84><[U:1:900000012]><Blue>" (damage "22") (weapon "shotgun_soldier")
L 04/28/2026 - 05:21:48: "QuickScout<84><[U:1:900000012]><Blue>" triggered "shot_fired" (weapon "shotgun_soldier")
L 04/28/2026 - 05:21:48: "QuickScout<84><[U:1:900000012]><Blue>" triggered "shot_hit" (weapon "shotgun_soldier")
L 04/28/2026 - 05:21:48: "QuickScout<84><[U:1:900000012]><Blue>" triggered "damage" against "SoldierBoy<83><[U:1:900000011]><Red>" (damage "24") (weapon "shotgun_soldier")
L 04/28/2026 - 05:21:49: "QuickScout<84><[U:1:900000012]><Blue>" triggered "shot_fired" (weapon "shotgun_soldier")
L 04/28/2026 - 05:21:49: "QuickScout<84><[U:1:900000012]><Blue>" triggered "shot_hit" (weapon "shotgun_soldier")
L 04/28/2026 - 05:21:49: "QuickScout<84><[U:1:900000012]><Blue>" triggered "damage" against "SoldierBoy<83><[U:1:900000011]><Red>" (damage "17") (weapon "shotgun_soldier")
L 04/28/2026 - 05:21:50: "SoldierBoy<83><[U:1:900000011]><Red>" triggered "shot_fired" (weapon "shotgun_soldier")
L 04/28/2026 - 05:21:50: "SoldierBoy<83><[U:1:900000011]><Red>" triggered "shot_hit" (weapon "shotgun_soldier")
L 04/28/2026 - 05:21:50: "SoldierBoy<83><[U:1:900000011]><Red>" triggered "damage" against "QuickScout<84><[U:1:900000012]><Blue>" (damage "6") (weapon "shotgun_soldier")
L 04/28/2026 - 05:21:50: "QuickScout<84><[U:1:900000012]><Blue>" triggered "shot_fired" (weapon "shotgun_soldier")
L 04/28/2026 - 05:21:50: "QuickScout<84><[U:1:900000012]><Blue>" triggered "shot_hit" (weapon "shotgun_soldier")
L 04/28/2026 - 05:21:50: "QuickScout<84><[U:1:900000012]><Blue>" triggered "damage" against "SoldierBoy<83><[U:1:900000011]><Red>" (damage "11") (weapon "shotgun_soldier")
L 04/28/2026 - 05:21:50: "SoldierBoy<83><[U:1:900000011]><Red>" triggered "shot_fired" (weapon "shotgun_soldier")
L 04/28/2026 - 05:21:50: "SoldierBoy<83><[U:1:900000011]><Red>" triggered "shot_hit" (weapon "shotgun_soldier")
L 04/28/2026 - 05:21:50: "SoldierBoy<83><[U:1:900000011]><Red>" triggered "damage" against "QuickScout<84><[U:1:900000012]><Blue>" (damage "37") (weapon "shotgun_soldier")
L 04/28/2026 - 05:21:50: "QuickScout<84><[U:1:900000012]><Blue>" triggered "shot_fired" (weapon "shotgun_soldier")
L 04/28/2026 - 05:21:50: "QuickScout<84><[U:1:900000012]><Blue>" triggered "shot_hit" (weapon "shotgun_soldier")
L 04/28/2026 - 05:21:50: "QuickScout<84><[U:1:900000012]><Blue>" triggered "damage" against "SoldierBoy<83><[U:1:900000011]><Red>" (damage "13") (weapon "shotgun_soldier")
L 04/28/2026 - 05:21:51: "QuickScout<84><[U:1:900000012]><Blue>" triggered "shot_fired" (weapon "shotgun_soldier")
L 04/28/2026 - 05:21:51: "QuickScout<84><[U:1:900000012]><Blue>" triggered "shot_hit" (weapon "shotgun_soldier")
L 04/28/2026 - 05:21:51: "QuickScout<84><[U:1:900000012]><Blue>" triggered "damage" against "SoldierBoy<83><[U:1:900000011]><Red>" (damage "12") (weapon "shotgun_soldier")
L 04/28/2026 - 05:21:51: "SoldierBoy<83><[U:1:900000011]><Red>" triggered "shot_fired" (weapon "shotgun_soldier")
L 04/28/2026 - 05:21:51: "SoldierBoy<83><[U:1:900000011]><Red>" triggered "shot_hit" (weapon "shotgun_soldier")
L 04/28/2026 - 05:21:51: "SoldierBoy<83><[U:1:900000011]><Red>" triggered "damage" against "QuickScout<84><[U:1:900000012]><Blue>" (damage "18") (weapon "shotgun_soldier")
L 04/28/2026 - 05:21:52: "QuickScout<84><[U:1:900000012]><Blue>" triggered "shot_fired" (weapon "shotgun_soldier")
L 04/28/2026 - 05:21:52: "QuickScout<84><[U:1:900000012]><Blue>" triggered "shot_hit" (weapon "shotgun_soldier")
L 04/28/2026 - 05:21:52: "QuickScout<84><[U:1:900000012]><Blue>" triggered "damage" against "SoldierBoy<83><[U:1:900000011]><Red>" (damage "32") (realdamage "6") (weapon "shotgun_soldier")
L 04/28/2026 - 05:21:52: "QuickScout<84><[U:1:900000012]><Blue>" killed "SoldierBoy<83><[U:1:900000011]><Red>" with "shotgun_soldier" (attacker_position "-13132 11685 10740") (victim_position "-13097 12137 10812")
L 04/28/2026 - 05:21:52: "QuickScout<84><[U:1:900000012]><Blue>" triggered "revenge" against "SoldierBoy<83><[U:1:900000011]><Red>"
L 04/28/2026 - 05:21:52: "SoldierBoy<83><[U:1:900000011]><Red>" spawned as "soldier"
L 04/28/2026 - 05:21:55: "QuickScout<84><[U:1:900000012]><Blue>" triggered "shot_fired" (weapon "quake_rl")
L 04/28/2026 - 05:21:56: "SoldierBoy<83><[U:1:900000011]><Red>" triggered "shot_fired" (weapon "quake_rl")
L 04/28/2026 - 05:21:56: "SoldierBoy<83><[U:1:900000011]><Red>" triggered "shot_hit" (weapon "quake_rl")
L 04/28/2026 - 05:21:56: "SoldierBoy<83><[U:1:900000011]><Red>" triggered "damage" against "QuickScout<84><[U:1:900000012]><Blue>" (damage "50") (weapon "quake_rl")
L 04/28/2026 - 05:21:56: "QuickScout<84><[U:1:900000012]><Blue>" triggered "shot_fired" (weapon "quake_rl")
L 04/28/2026 - 05:21:57: "SoldierBoy<83><[U:1:900000011]><Red>" triggered "shot_hit" (weapon "quake_rl")
L 04/28/2026 - 05:21:57: "SoldierBoy<83><[U:1:900000011]><Red>" triggered "damage" against "QuickScout<84><[U:1:900000012]><Blue>" (damage "112") (weapon "quake_rl") (airshot "1") (height "228")
L 04/28/2026 - 05:21:57: "SoldierBoy<83><[U:1:900000011]><Red>" triggered "shot_fired" (weapon "quake_rl")
L 04/28/2026 - 05:21:57: "QuickScout<84><[U:1:900000012]><Blue>" triggered "shot_fired" (weapon "quake_rl")
L 04/28/2026 - 05:21:58: "SoldierBoy<83><[U:1:900000011]><Red>" triggered "shot_fired" (weapon "quake_rl")
L 04/28/2026 - 05:21:58: "QuickScout<84><[U:1:900000012]><Blue>" triggered "shot_fired" (weapon "quake_rl")
L 04/28/2026 - 05:21:59: "SoldierBoy<83><[U:1:900000011]><Red>" triggered "shot_fired" (weapon "shotgun_soldier")
L 04/28/2026 - 05:21:59: "SoldierBoy<83><[U:1:900000011]><Red>" triggered "shot_hit" (weapon "shotgun_soldier")
L 04/28/2026 - 05:21:59: "SoldierBoy<83><[U:1:900000011]><Red>" triggered "damage" against "QuickScout<84><[U:1:900000012]><Blue>" (damage "32") (weapon "shotgun_soldier")
L 04/28/2026 - 05:22:00: "QuickScout<84><[U:1:900000012]><Blue>" triggered "shot_fired" (weapon "quake_rl")
L 04/28/2026 - 05:22:00: "QuickScout<84><[U:1:900000012]><Blue>" triggered "shot_hit" (weapon "quake_rl")
L 04/28/2026 - 05:22:00: "QuickScout<84><[U:1:900000012]><Blue>" triggered "damage" against "SoldierBoy<83><[U:1:900000011]><Red>" (damage "95") (weapon "quake_rl")
L 04/28/2026 - 05:22:00: "QuickScout<84><[U:1:900000012]><Blue>" triggered "shot_fired" (weapon "shotgun_soldier")
L 04/28/2026 - 05:22:00: "QuickScout<84><[U:1:900000012]><Blue>" triggered "shot_hit" (weapon "shotgun_soldier")
L 04/28/2026 - 05:22:00: "QuickScout<84><[U:1:900000012]><Blue>" triggered "damage" against "SoldierBoy<83><[U:1:900000011]><Red>" (damage "20") (realdamage "7") (weapon "shotgun_soldier")
L 04/28/2026 - 05:22:00: "QuickScout<84><[U:1:900000012]><Blue>" killed "SoldierBoy<83><[U:1:900000011]><Red>" with "shotgun_soldier" (attacker_position "-13112 12233 10697") (victim_position "-13104 11849 10888")
L 04/28/2026 - 05:22:00: "SoldierBoy<83><[U:1:900000011]><Red>" spawned as "soldier"
L 04/28/2026 - 05:22:03: "SoldierBoy<83><[U:1:900000011]><Red>" triggered "shot_fired" (weapon "quake_rl")
L 04/28/2026 - 05:22:03: "QuickScout<84><[U:1:900000012]><Blue>" triggered "shot_fired" (weapon "quake_rl")
L 04/28/2026 - 05:22:03: "SoldierBoy<83><[U:1:900000011]><Red>" triggered "shot_hit" (weapon "quake_rl")
L 04/28/2026 - 05:22:03: "SoldierBoy<83><[U:1:900000011]><Red>" triggered "damage" against "QuickScout<84><[U:1:900000012]><Blue>" (damage "62") (weapon "quake_rl")
L 04/28/2026 - 05:22:03: "QuickScout<84><[U:1:900000012]><Blue>" triggered "shot_hit" (weapon "quake_rl")
L 04/28/2026 - 05:22:03: "QuickScout<84><[U:1:900000012]><Blue>" triggered "damage" against "SoldierBoy<83><[U:1:900000011]><Red>" (damage "103") (weapon "quake_rl") (airshot "1") (height "178")
L 04/28/2026 - 05:22:04: "SoldierBoy<83><[U:1:900000011]><Red>" triggered "shot_fired" (weapon "quake_rl")
L 04/28/2026 - 05:22:04: "QuickScout<84><[U:1:900000012]><Blue>" triggered "shot_fired" (weapon "quake_rl")
L 04/28/2026 - 05:22:04: "QuickScout<84><[U:1:900000012]><Blue>" triggered "shot_hit" (weapon "quake_rl")
L 04/28/2026 - 05:22:04: "QuickScout<84><[U:1:900000012]><Blue>" triggered "damage" against "SoldierBoy<83><[U:1:900000011]><Red>" (damage "73") (weapon "quake_rl")
L 04/28/2026 - 05:22:04: "SoldierBoy<83><[U:1:900000011]><Red>" triggered "shot_fired" (weapon "quake_rl")
L 04/28/2026 - 05:22:05: "QuickScout<84><[U:1:900000012]><Blue>" triggered "shot_fired" (weapon "quake_rl")
L 04/28/2026 - 05:22:05: "SoldierBoy<83><[U:1:900000011]><Red>" triggered "shot_hit" (weapon "quake_rl")
L 04/28/2026 - 05:22:05: "SoldierBoy<83><[U:1:900000011]><Red>" triggered "damage" against "QuickScout<84><[U:1:900000012]><Blue>" (damage "69") (weapon "quake_rl")
L 04/28/2026 - 05:22:05: "SoldierBoy<83><[U:1:900000011]><Red>" triggered "shot_fired" (weapon "shotgun_soldier")
L 04/28/2026 - 05:22:05: "SoldierBoy<83><[U:1:900000011]><Red>" triggered "shot_hit" (weapon "shotgun_soldier")
L 04/28/2026 - 05:22:05: "SoldierBoy<83><[U:1:900000011]><Red>" triggered "damage" against "QuickScout<84><[U:1:900000012]><Blue>" (damage "15") (weapon "shotgun_soldier")
L 04/28/2026 - 05:22:05: "QuickScout<84><[U:1:900000012]><Blue>" triggered "shot_fired" (weapon "quake_rl")
L 04/28/2026 - 05:22:06: "SoldierBoy<83><[U:1:900000011]><Red>" triggered "shot_fired" (weapon "shotgun_soldier")
L 04/28/2026 - 05:22:06: "SoldierBoy<83><[U:1:900000011]><Red>" triggered "shot_hit" (weapon "shotgun_soldier")
L 04/28/2026 - 05:22:06: "SoldierBoy<83><[U:1:900000011]><Red>" triggered "damage" against "QuickScout<84><[U:1:900000012]><Blue>" (damage "86") (realdamage "85") (weapon "shotgun_soldier")
L 04/28/2026 - 05:22:06: "SoldierBoy<83><[U:1:900000011]><Red>" killed "QuickScout<84><[U:1:900000012]><Blue>" with "shotgun_soldier" (attacker_position "-13221 11753 10809") (victim_position "-13212 11915 10804")
L 04/28/2026 - 05:22:06: "QuickScout<84><[U:1:900000012]><Blue>" spawned as "soldier"
L 04/28/2026 - 05:22:08: "QuickScout<84><[U:1:900000012]><Blue>" triggered "shot_fired" (weapon "quake_rl")
L 04/28/2026 - 05:22:08: "SoldierBoy<83><[U:1:900000011]><Red>" triggered "shot_fired" (weapon "quake_rl")
L 04/28/2026 - 05:22:09: "SoldierBoy<83><[U:1:900000011]><Red>" triggered "shot_hit" (weapon "quake_rl")
L 04/28/2026 - 05:22:09: "SoldierBoy<83><[U:1:900000011]><Red>" triggered "damage" against "QuickScout<84><[U:1:900000012]><Blue>" (damage "99") (weapon "quake_rl") (airshot "1") (height "506")
L 04/28/2026 - 05:22:09: "QuickScout<84><[U:1:900000012]><Blue>" triggered "shot_fired" (weapon "quake_rl")
L 04/28/2026 - 05:22:09: "SoldierBoy<83><[U:1:900000011]><Red>" triggered "shot_fired" (weapon "quake_rl")
L 04/28/2026 - 05:22:10: "QuickScout<84><[U:1:900000012]><Blue>" triggered "shot_hit" (weapon "quake_rl")
L 04/28/2026 - 05:22:10: "QuickScout<84><[U:1:900000012]><Blue>" triggered "damage" against "SoldierBoy<83><[U:1:900000011]><Red>" (damage "32") (weapon "quake_rl")
L 04/28/2026 - 05:22:10: "SoldierBoy<83><[U:1:900000011]><Red>" triggered "shot_fired" (weapon "quake_rl")
L 04/28/2026 - 05:22:10: "QuickScout<84><[U:1:900000012]><Blue>" triggered "shot_fired" (weapon "quake_rl")
L 04/28/2026 - 05:22:11: "QuickScout<84><[U:1:900000012]><Blue>" triggered "shot_fired" (weapon "shotgun_soldier")
L 04/28/2026 - 05:22:11: "QuickScout<84><[U:1:900000012]><Blue>" triggered "shot_hit" (weapon "shotgun_soldier")
L 04/28/2026 - 05:22:11: "QuickScout<84><[U:1:900000012]><Blue>" triggered "damage" against "SoldierBoy<83><[U:1:900000011]><Red>" (damage "36") (weapon "shotgun_soldier")
L 04/28/2026 - 05:22:11: "QuickScout<84><[U:1:900000012]><Blue>" triggered "shot_hit" (weapon "quake_rl")
L 04/28/2026 - 05:22:11: "QuickScout<84><[U:1:900000012]><Blue>" triggered "damage" against "SoldierBoy<83><[U:1:900000011]><Red>" (damage "78") (weapon "quake_rl")
L 04/28/2026 - 05:22:11: "SoldierBoy<83><[U:1:900000011]><Red>" triggered "shot_fired" (weapon "quake_rl")
L 04/28/2026 - 05:22:11: "SoldierBoy<83><[U:1:900000011]><Red>" triggered "shot_hit" (weapon "quake_rl")
L 04/28/2026 - 05:22:11: "SoldierBoy<83><[U:1:900000011]><Red>" triggered "damage" against "QuickScout<84><[U:1:900000012]><Blue>" (damage "93") (realdamage "56") (weapon "quake_rl")
L 04/28/2026 - 05:22:11: "SoldierBoy<83><[U:1:900000011]><Red>" killed "QuickScout<84><[U:1:900000012]><Blue>" with "quake_rl" (attacker_position "-12891 11639 10838") (victim_position "-12939 11908 10696")
L 04/28/2026 - 05:22:11: "QuickScout<84><[U:1:900000012]><Blue>" spawned as "soldier"
L 04/28/2026 - 05:22:14: "QuickScout<84><[U:1:900000012]><Blue>" triggered "shot_fired" (weapon "quake_rl")
L 04/28/2026 - 05:22:14: "QuickScout<84><[U:1:900000012]><Blue>" triggered "shot_hit" (weapon "quake_rl")
L 04/28/2026 - 05:22:14: "QuickScout<84><[U:1:900000012]><Blue>" triggered "damage" against "SoldierBoy<83><[U:1:900000011]><Red>" (damage "63") (weapon "quake_rl")
L 04/28/2026 - 05:22:14: "SoldierBoy<83><[U:1:900000011]><Red>" triggered "shot_fired" (weapon "quake_rl")
L 04/28/2026 - 05:22:15: "QuickScout<84><[U:1:900000012]><Blue>" triggered "shot_fired" (weapon "quake_rl")
L 04/28/2026 - 05:22:15: "SoldierBoy<83><[U:1:900000011]><Red>" triggered "shot_fired" (weapon "quake_rl")
L 04/28/2026 - 05:22:15: "SoldierBoy<83><[U:1:900000011]><Red>" triggered "shot_hit" (weapon "quake_rl")
L 04/28/2026 - 05:22:15: "SoldierBoy<83><[U:1:900000011]><Red>" triggered "damage" against "QuickScout<84><[U:1:900000012]><Blue>" (damage "93") (weapon "quake_rl")
L 04/28/2026 - 05:22:15: "QuickScout<84><[U:1:900000012]><Blue>" triggered "shot_hit" (weapon "quake_rl")
L 04/28/2026 - 05:22:15: "QuickScout<84><[U:1:900000012]><Blue>" triggered "damage" against "SoldierBoy<83><[U:1:900000011]><Red>" (damage "72") (weapon "quake_rl")
L 04/28/2026 - 05:22:16: "SoldierBoy<83><[U:1:900000011]><Red>" triggered "shot_fired" (weapon "quake_rl")
L 04/28/2026 - 05:22:16: "QuickScout<84><[U:1:900000012]><Blue>" triggered "shot_fired" (weapon "quake_rl")
L 04/28/2026 - 05:22:16: "SoldierBoy<83><[U:1:900000011]><Red>" triggered "shot_hit" (weapon "quake_rl")
L 04/28/2026 - 05:22:16: "SoldierBoy<83><[U:1:900000011]><Red>" triggered "damage" against "QuickScout<84><[U:1:900000012]><Blue>" (damage "72") (realdamage "70") (weapon "quake_rl")
L 04/28/2026 - 05:22:16: "SoldierBoy<83><[U:1:900000011]><Red>" killed "QuickScout<84><[U:1:900000012]><Blue>" with "quake_rl" (attacker_position "-13519 11787 10641") (victim_position "-13440 11611 10757")
L 04/28/2026 - 05:22:16: "QuickScout<84><[U:1:900000012]><Blue>" spawned as "soldier"
L 04/28/2026 - 05:22:18: "SoldierBoy<83><[U:1:900000011]><Red>" triggered "shot_fired" (weapon "quake_rl")
L 04/28/2026 - 05:22:18: "QuickScout<84><[U:1:900000012]><Blue>" triggered "shot_fired" (weapon "quake_rl")
L 04/28/2026 - 05:22:19: "QuickScout<84><[U:1:900000012]><Blue>" triggered "shot_fired" (weapon "quake_rl")
L 04/28/2026 - 05:22:19: "SoldierBoy<83><[U:1:900000011]><Red>" triggered "shot_fired" (weapon "quake_rl")
L 04/28/2026 - 05:22:19: "QuickScout<84><[U:1:900000012]><Blue>" triggered "shot_fired" (weapon "quake_rl")
L 04/28/2026 - 05:22:19: "SoldierBoy<83><[U:1:900000011]><Red>" triggered "shot_hit" (weapon "quake_rl")
L 04/28/2026 - 05:22:19: "SoldierBoy<83><[U:1:900000011]><Red>" triggered "damage" against "QuickScout<84><[U:1:900000012]><Blue>" (damage "70") (weapon "quake_rl")
L 04/28/2026 - 05:22:19: "QuickScout<84><[U:1:900000012]><Blue>" triggered "shot_hit" (weapon "quake_rl")
L 04/28/2026 - 05:22:19: "QuickScout<84><[U:1:900000012]><Blue>" triggered "damage" against "SoldierBoy<83><[U:1:900000011]><Red>" (damage "97") (weapon "quake_rl")
L 04/28/2026 - 05:22:20: "SoldierBoy<83><[U:1:900000011]><Red>" triggered "shot_fired" (weapon "quake_rl")
L 04/28/2026 - 05:22:20: "QuickScout<84><[U:1:900000012]><Blue>" triggered "shot_fired" (weapon "shotgun_soldier")
L 04/28/2026 - 05:22:20: "QuickScout<84><[U:1:900000012]><Blue>" triggered "shot_hit" (weapon "shotgun_soldier")
L 04/28/2026 - 05:22:20: "QuickScout<84><[U:1:900000012]><Blue>" triggered "damage" against "SoldierBoy<83><[U:1:900000011]><Red>" (damage "48") (weapon "shotgun_soldier")
L 04/28/2026 - 05:22:20: "SoldierBoy<83><[U:1:900000011]><Red>" triggered "shot_fired" (weapon "quake_rl")
L 04/28/2026 - 05:22:21: "QuickScout<84><[U:1:900000012]><Blue>" triggered "shot_fired" (weapon "shotgun_soldier")
L 04/28/2026 - 05:22:21: "QuickScout<84><[U:1:900000012]><Blue>" triggered "shot_hit" (weapon "shotgun_soldier")
L 04/28/2026 - 05:22:21: "QuickScout<84><[U:1:900000012]><Blue>" triggered "damage" against "SoldierBoy<83><[U:1:900000011]><Red>" (damage "48") (weapon "shotgun_soldier")
L 04/28/2026 - 05:22:21: "SoldierBoy<83><[U:1:900000011]><Red>" triggered "shot_fired" (weapon "shotgun_soldier")
L 04/28/2026 - 05:22:21: "SoldierBoy<83><[U:1:900000011]><Red>" triggered "shot_hit" (weapon "shotgun_soldier")
L 04/28/2026 - 05:22:21: "SoldierBoy<83><[U:1:900000011]><Red>" triggered "damage" against "QuickScout<84><[U:1:900000012]><Blue>" (damage "67") (weapon "shotgun_soldier")
L 04/28/2026 - 05:22:21: "QuickScout<84><[U:1:900000012]><Blue>" triggered "shot_fired" (weapon "shotgun_soldier")
L 04/28/2026 - 05:22:21: "QuickScout<84><[U:1:900000012]><Blue>" triggered "shot_hit" (weapon "shotgun_soldier")
L 04/28/2026 - 05:22:21: "QuickScout<84><[U:1:900000012]><Blue>" triggered "damage" against "SoldierBoy<83><[U:1:900000011]><Red>" (damage "63") (realdamage "31") (weapon "shotgun_soldier")
L 04/28/2026 - 05:22:21: "QuickScout<84><[U:1:900000012]><Blue>" killed "SoldierBoy<83><[U:1:900000011]><Red>" with "shotgun_soldier" (attacker_position "-12920 11775 10696") (victim_position "-13281 11630 10733")
L 04/28/2026 - 05:22:21: "SoldierBoy<83><[U:1:900000011]><Red>" spawned as "soldier"
L 04/28/2026 - 05:22:24: "SoldierBoy<83><[U:1:900000011]><Red>" triggered "shot_fired" (weapon "quake_rl")
L 04/28/2026 - 05:22:24: "QuickScout<84><[U:1:900000012]><Blue>" triggered "shot_fired" (weapon "quake_rl")
L 04/28/2026 - 05:22:24: "SoldierBoy<83><[U:1:900000011]><Red>" triggered "shot_hit" (weapon "quake_rl")
L 04/28/2026 - 05:22:24: "SoldierBoy<83><[U:1:900000011]><Red>" triggered "damage" against "QuickScout<84><[U:1:900000012]><Blue>" (damage "47") (weapon "quake_rl")
L 04/28/2026 - 05:22:25: "SoldierBoy<83><[U:1:900000011]><Red>" triggered "shot_fired" (weapon "quake_rl")
L 04/28/2026 - 05:22:25: "SoldierBoy<83><[U:1:900000011]><Red>" triggered "shot_hit" (weapon "quake_rl")
L 04/28/2026 - 05:22:25: "SoldierBoy<83><[U:1:900000011]><Red>" triggered "damage" against "QuickScout<84><[U:1:900000012]><Blue>" (damage "77") (weapon "quake_rl")
L 04/28/2026 - 05:22:25: "QuickScout<84><[U:1:900000012]><Blue>" triggered "shot_fired" (weapon "quake_rl")
L 04/28/2026 - 05:22:26: "SoldierBoy<83><[U:1:900000011]><Red>" triggered "shot_fired" (weapon "quake_rl")
L 04/28/2026 - 05:22:26: "QuickScout<84><[U:1:900000012]><Blue>" triggered "shot_fired" (weapon "quake_rl")
L 04/28/2026 - 05:22:26: "QuickScout<84><[U:1:900000012]><Blue>" triggered "shot_hit" (weapon "quake_rl")
L 04/28/2026 - 05:22:26: "QuickScout<84><[U:1:900000012]><Blue>" triggered "damage" against "SoldierBoy<83><[U:1:900000011]><Red>" (damage "29") (weapon "quake_rl")
L 04/28/2026 - 05:22:27: "QuickScout<84><[U:1:900000012]><Blue>" triggered "shot_fired" (weapon "quake_rl")
L 04/28/2026 - 05:22:27: "QuickScout<84><[U:1:900000012]><Blue>" triggered "shot_fired" (weapon "shotgun_soldier")
L 04/28/2026 - 05:22:28: "QuickScout<84><[U:1:900000012]><Blue>" triggered "shot_fired" (weapon "shotgun_soldier")
L 04/28/2026 - 05:22:28: "QuickScout<84><[U:1:900000012]><Blue>" triggered "shot_hit" (weapon "shotgun_soldier")
L 04/28/2026 - 05:22:28: "QuickScout<84><[U:1:900000012]><Blue>" triggered "damage" against "SoldierBoy<83><[U:1:900000011]><Red>" (damage "10") (weapon "shotgun_soldier")
L 04/28/2026 - 05:22:28: "SoldierBoy<83><[U:1:900000011]><Red>" triggered "shot_fired" (weapon "quake_rl")
L 04/28/2026 - 05:22:28: "SoldierBoy<83><[U:1:900000011]><Red>" triggered "shot_hit" (weapon "quake_rl")
L 04/28/2026 - 05:22:28: "SoldierBoy<83><[U:1:900000011]><Red>" triggered "damage" against "QuickScout<84><[U:1:900000012]><Blue>" (damage "44") (weapon "quake_rl")
L 04/28/2026 - 05:22:28: "SoldierBoy<83><[U:1:900000011]><Red>" triggered "shot_fired" (weapon "shotgun_soldier")
L 04/28/2026 - 05:22:28: "SoldierBoy<83><[U:1:900000011]><Red>" triggered "shot_hit" (weapon "shotgun_soldier")
L 04/28/2026 - 05:22:28: "SoldierBoy<83><[U:1:900000011]><Red>" triggered "damage" against "QuickScout<84><[U:1:900000012]><Blue>" (damage "15") (weapon "shotgun_soldier")
L 04/28/2026 - 05:22:29: "SoldierBoy<83><[U:1:900000011]><Red>" triggered "shot_fired" (weapon "shotgun_soldier")
L 04/28/2026 - 05:22:30: "QuickScout<84><[U:1:900000012]><Blue>" triggered "shot_fired" (weapon "quake_rl")
L 04/28/2026 - 05:22:30: "SoldierBoy<83><[U:1:900000011]><Red>" triggered "shot_fired" (weapon "shotgun_soldier")
L 04/28/2026 - 05:22:30: "SoldierBoy<83><[U:1:900000011]><Red>" triggered "shot_hit" (weapon "shotgun_soldier")
L 04/28/2026 - 05:22:30: "SoldierBoy<83><[U:1:900000011]><Red>" triggered "damage" against "QuickScout<84><[U:1:900000012]><Blue>" (damage "15") (weapon "shotgun_soldier")
L 04/28/2026 - 05:22:30: "QuickScout<84><[U:1:900000012]><Blue>" triggered "shot_fired" (weapon "shotgun_soldier")
L 04/28/2026 - 05:22:30: "QuickScout<84><[U:1:900000012]><Blue>" triggered "shot_hit" (weapon "shotgun_soldier")
L 04/28/2026 - 05:22:30: "QuickScout<84><[U:1:900000012]><Blue>" triggered "damage" against "SoldierBoy<83><[U:1:900000011]><Red>" (damage "15") (weapon "shotgun_soldier")
L 04/28/2026 - 05:22:31: "SoldierBoy<83><[U:1:900000011]><Red>" triggered "shot_fired" (weapon "shotgun_soldier")
L 04/28/2026 - 05:22:31: "SoldierBoy<83><[U:1:900000011]><Red>" triggered "shot_hit" (weapon "shotgun_soldier")
L 04/28/2026 - 05:22:31: "SoldierBoy<83><[U:1:900000011]><Red>" triggered "damage" against "QuickScout<84><[U:1:900000012]><Blue>" (damage "18") (realdamage "4") (weapon "shotgun_soldier")
L 04/28/2026 - 05:22:31: "SoldierBoy<83><[U:1:900000011]><Red>" killed "QuickScout<84><[U:1:900000012]><Blue>" with "shotgun_soldier" (attacker_position "-13329 11899 10696") (victim_position "-13323 11223 10696")
L 04/28/2026 - 05:22:31: "QuickScout<84><[U:1:900000012]><Blue>" spawned as "soldier"
L 04/28/2026 - 05:22:33: "QuickScout<84><[U:1:900000012]><Blue>" triggered "shot_fired" (weapon "quake_rl")
L 04/28/2026 - 05:22:33: "SoldierBoy<83><[U:1:900000011]><Red>" triggered "shot_hit" (weapon "quake_rl")
L 04/28/2026 - 05:22:33: "SoldierBoy<83><[U:1:900000011]><Red>" triggered "damage" against "QuickScout<84><[U:1:900000012]><Blue>" (damage "108") (weapon "quake_rl") (airshot "1") (height "293")
L 04/28/2026 - 05:22:33: "SoldierBoy<83><[U:1:900000011]><Red>" triggered "shot_fired" (weapon "quake_rl")
L 04/28/2026 - 05:22:34: "QuickScout<84><[U:1:900000012]><Blue>" triggered "shot_fired" (weapon "quake_rl")
L 04/28/2026 - 05:22:34: "QuickScout<84><[U:1:900000012]><Blue>" triggered "shot_hit" (weapon "quake_rl")
L 04/28/2026 - 05:22:34: "QuickScout<84><[U:1:900000012]><Blue>" triggered "damage" against "SoldierBoy<83><[U:1:900000011]><Red>" (damage "51") (weapon "quake_rl")
L 04/28/2026 - 05:22:34: "SoldierBoy<83><[U:1:900000011]><Red>" triggered "shot_hit" (weapon "quake_rl")
L 04/28/2026 - 05:22:34: "SoldierBoy<83><[U:1:900000011]><Red>" triggered "damage" against "QuickScout<84><[U:1:900000012]><Blue>" (damage "106") (realdamage "91") (weapon "quake_rl") (airshot "1") (height "252")
L 04/28/2026 - 05:22:34: "SoldierBoy<83><[U:1:900000011]><Red>" killed "QuickScout<84><[U:1:900000012]><Blue>" with "quake_rl" (attacker_position "-13001 11512 10696") (victim_position "-13018 11456 10948")
L 04/28/2026 - 05:22:34: "SoldierBoy<83><[U:1:900000011]><Red>" triggered "shot_fired" (weapon "quake_rl")
L 04/28/2026 - 05:22:34: "QuickScout<84><[U:1:900000012]><Blue>" spawned as "soldier"
L 04/28/2026 - 05:22:38: "QuickScout<84><[U:1:900000012]><Blue>" triggered "shot_fired" (weapon "quake_rl")
L 04/28/2026 - 05:22:38: "QuickScout<84><[U:1:900000012]><Blue>" triggered "shot_hit" (weapon "quake_rl")
L 04/28/2026 - 05:22:38: "QuickScout<84><[U:1:900000012]><Blue>" triggered "damage" against "SoldierBoy<83><[U:1:900000011]><Red>" (damage "100") (weapon "quake_rl")
L 04/28/2026 - 05:22:38: "SoldierBoy<83><[U:1:900000011]><Red>" triggered "shot_fired" (weapon "quake_rl")
L 04/28/2026 - 05:22:39: "QuickScout<84><[U:1:900000012]><Blue>" triggered "shot_fired" (weapon "quake_rl")
L 04/28/2026 - 05:22:39: "QuickScout<84><[U:1:900000012]><Blue>" triggered "shot_hit" (weapon "quake_rl")
L 04/28/2026 - 05:22:39: "QuickScout<84><[U:1:900000012]><Blue>" triggered "damage" against "SoldierBoy<83><[U:1:900000011]><Red>" (damage "61") (weapon "quake_rl")
L 04/28/2026 - 05:22:39: "SoldierBoy<83><[U:1:900000011]><Red>" triggered "shot_fired" (weapon "quake_rl")
L 04/28/2026 - 05:22:39: "SoldierBoy<83><[U:1:900000011]><Red>" triggered "shot_hit" (weapon "quake_rl")
L 04/28/2026 - 05:22:39: "SoldierBoy<83><[U:1:900000011]><Red>" triggered "damage" against "QuickScout<84><[U:1:900000012]><Blue>" (damage "82") (weapon "quake_rl")
L 04/28/2026 - 05:22:40: "QuickScout<84><[U:1:900000012]><Blue>" triggered "shot_fired" (weapon "quake_rl")
L 04/28/2026 - 05:22:40: "SoldierBoy<83><[U:1:900000011]><Red>" triggered "shot_hit" (weapon "quake_rl")
L 04/28/2026 - 05:22:40: "SoldierBoy<83><[U:1:900000011]><Red>" triggered "damage" against "QuickScout<84><[U:1:900000012]><Blue>" (damage "108") (realdamage "77") (weapon "quake_rl")
L 04/28/2026 - 05:22:40: "SoldierBoy<83><[U:1:900000011]><Red>" killed "QuickScout<84><[U:1:900000012]><Blue>" with "quake_rl" (attacker_position "-13377 12039 10853") (victim_position "-13248 11974 10732")
L 04/28/2026 - 05:22:40: "SoldierBoy<83><[U:1:900000011]><Red>" triggered "shot_fired" (weapon "quake_rl")
L 04/28/2026 - 05:22:40: "QuickScout<84><[U:1:900000012]><Blue>" spawned as "soldier"
L 04/28/2026 - 05:22:43: "SoldierBoy<83><[U:1:900000011]><Red>" triggered "shot_fired" (weapon "quake_rl")
L 04/28/2026 - 05:22:43: "QuickScout<84><[U:1:900000012]><Blue>" triggered "shot_fired" (weapon "quake_rl")
L 04/28/2026 - 05:22:43: "SoldierBoy<83><[U:1:900000011]><Red>" triggered "shot_hit" (weapon "quake_rl")
L 04/28/2026 - 05:22:43: "SoldierBoy<83><[U:1:900000011]><Red>" triggered "damage" against "QuickScout<84><[U:1:900000012]><Blue>" (damage "86") (weapon "quake_rl") (airshot "1") (height "503")
L 04/28/2026 - 05:22:43: "QuickScout<84><[U:1:900000012]><Blue>" triggered "shot_hit" (weapon "quake_rl")
L 04/28/2026 - 05:22:43: "QuickScout<84><[U:1:900000012]><Blue>" triggered "damage" against "SoldierBoy<83><[U:1:900000011]><Red>" (damage "43") (weapon "quake_rl")
L 04/28/2026 - 05:22:44: "QuickScout<84><[U:1:900000012]><Blue>" triggered "shot_fired" (weapon "quake_rl")
L 04/28/2026 - 05:22:44: "SoldierBoy<83><[U:1:900000011]><Red>" triggered "shot_fired" (weapon "quake_rl")
L 04/28/2026 - 05:22:44: "QuickScout<84><[U:1:900000012]><Blue>" triggered "shot_fired" (weapon "quake_rl")
L 04/28/2026 - 05:22:45: "QuickScout<84><[U:1:900000012]><Blue>" triggered "shot_hit" (weapon "quake_rl")
L 04/28/2026 - 05:22:45: "QuickScout<84><[U:1:900000012]><Blue>" triggered "damage" against "SoldierBoy<83><[U:1:900000011]><Red>" (damage "52") (weapon "quake_rl")
L 04/28/2026 - 05:22:45: "QuickScout<84><[U:1:900000012]><Blue>" triggered "shot_fired" (weapon "shotgun_soldier")
L 04/28/2026 - 05:22:45: "SoldierBoy<83><[U:1:900000011]><Red>" triggered "shot_fired" (weapon "quake_rl")
L 04/28/2026 - 05:22:45: "SoldierBoy<83><[U:1:900000011]><Red>" triggered "shot_hit" (weapon "quake_rl")
L 04/28/2026 - 05:22:45: "SoldierBoy<83><[U:1:900000011]><Red>" triggered "damage" against "QuickScout<84><[U:1:900000012]><Blue>" (damage "52") (weapon "quake_rl")
L 04/28/2026 - 05:22:45: "SoldierBoy<83><[U:1:900000011]><Red>" triggered "shot_fired" (weapon "shotgun_soldier")
L 04/28/2026 - 05:22:45: "QuickScout<84><[U:1:900000012]><Blue>" triggered "shot_fired" (weapon "shotgun_soldier")
L 04/28/2026 - 05:22:45: "QuickScout<84><[U:1:900000012]><Blue>" triggered "shot_hit" (weapon "shotgun_soldier")
L 04/28/2026 - 05:22:45: "QuickScout<84><[U:1:900000012]><Blue>" triggered "damage" against "SoldierBoy<83><[U:1:900000011]><Red>" (damage "57") (weapon "shotgun_soldier")
L 04/28/2026 - 05:22:46: "SoldierBoy<83><[U:1:900000011]><Red>" triggered "shot_fired" (weapon "shotgun_soldier")
L 04/28/2026 - 05:22:46: "QuickScout<84><[U:1:900000012]><Blue>" triggered "shot_fired" (weapon "shotgun_soldier")
L 04/28/2026 - 05:22:46: "QuickScout<84><[U:1:900000012]><Blue>" triggered "shot_hit" (weapon "shotgun_soldier")
L 04/28/2026 - 05:22:46: "QuickScout<84><[U:1:900000012]><Blue>" triggered "damage" against "SoldierBoy<83><[U:1:900000011]><Red>" (damage "54") (realdamage "50") (weapon "shotgun_soldier")
L 04/28/2026 - 05:22:46: "QuickScout<84><[U:1:900000012]><Blue>" killed "SoldierBoy<83><[U:1:900000011]><Red>" with "shotgun_soldier" (attacker_position "-12994 12103 10696") (victim_position "-13255 12246 10733")
L 04/28/2026 - 05:22:46: "SoldierBoy<83><[U:1:900000011]><Red>" spawned as "soldier"
L 04/28/2026 - 05:22:48: "QuickScout<84><[U:1:900000012]><Blue>" triggered "shot_fired" (weapon "quake_rl")
L 04/28/2026 - 05:22:48: "QuickScout<84><[U:1:900000012]><Blue>" triggered "shot_hit" (weapon "quake_rl")
L 04/28/2026 - 05:22:48: "QuickScout<84><[U:1:900000012]><Blue>" triggered "damage" against "SoldierBoy<83><[U:1:900000011]><Red>" (damage "93") (weapon "quake_rl") (airshot "1") (height "406")
L 04/28/2026 - 05:22:48: "SoldierBoy<83><[U:1:900000011]><Red>" triggered "shot_fired" (weapon "quake_rl")
L 04/28/2026 - 05:22:49: "SoldierBoy<83><[U:1:900000011]><Red>" triggered "shot_hit" (weapon "quake_rl")
L 04/28/2026 - 05:22:49: "SoldierBoy<83><[U:1:900000011]><Red>" triggered "damage" against "QuickScout<84><[U:1:900000012]><Blue>" (damage "62") (weapon "quake_rl")
L 04/28/2026 - 05:22:49: "QuickScout<84><[U:1:900000012]><Blue>" triggered "shot_fired" (weapon "quake_rl")
L 04/28/2026 - 05:22:49: "QuickScout<84><[U:1:900000012]><Blue>" triggered "shot_hit" (weapon "quake_rl")
L 04/28/2026 - 05:22:49: "QuickScout<84><[U:1:900000012]><Blue>" triggered "damage" against "SoldierBoy<83><[U:1:900000011]><Red>" (damage "52") (weapon "quake_rl")
L 04/28/2026 - 05:22:49: "SoldierBoy<83><[U:1:900000011]><Red>" triggered "shot_fired" (weapon "quake_rl")
L 04/28/2026 - 05:22:50: "QuickScout<84><[U:1:900000012]><Blue>" triggered "shot_fired" (weapon "quake_rl")
L 04/28/2026 - 05:22:50: "SoldierBoy<83><[U:1:900000011]><Red>" triggered "shot_fired" (weapon "quake_rl")
L 04/28/2026 - 05:22:50: "SoldierBoy<83><[U:1:900000011]><Red>" triggered "shot_hit" (weapon "quake_rl")
L 04/28/2026 - 05:22:50: "SoldierBoy<83><[U:1:900000011]><Red>" triggered "damage" against "QuickScout<84><[U:1:900000012]><Blue>" (damage "54") (weapon "quake_rl")
L 04/28/2026 - 05:22:51: "SoldierBoy<83><[U:1:900000011]><Red>" triggered "shot_fired" (weapon "shotgun_soldier")
L 04/28/2026 - 05:22:51: "SoldierBoy<83><[U:1:900000011]><Red>" triggered "shot_hit" (weapon "shotgun_soldier")
L 04/28/2026 - 05:22:51: "SoldierBoy<83><[U:1:900000011]><Red>" triggered "damage" against "QuickScout<84><[U:1:900000012]><Blue>" (damage "58") (weapon "shotgun_soldier")
L 04/28/2026 - 05:22:51: "QuickScout<84><[U:1:900000012]><Blue>" triggered "shot_fired" (weapon "quake_rl")
L 04/28/2026 - 05:22:51: "QuickScout<84><[U:1:900000012]><Blue>" triggered "shot_fired" (weapon "shotgun_soldier")
L 04/28/2026 - 05:22:51: "QuickScout<84><[U:1:900000012]><Blue>" triggered "shot_hit" (weapon "shotgun_soldier")
L 04/28/2026 - 05:22:51: "QuickScout<84><[U:1:900000012]><Blue>" triggered "damage" against "SoldierBoy<83><[U:1:900000011]><Red>" (damage "40") (realdamage "21") (weapon "shotgun_soldier")
L 04/28/2026 - 05:22:51: "QuickScout<84><[U:1:900000012]><Blue>" killed "SoldierBoy<83><[U:1:900000011]><Red>" with "shotgun_soldier" (attacker_position "-13219 11307 10698") (victim_position "-13265 11829 10876")
L 04/28/2026 - 05:22:51: "SoldierBoy<83><[U:1:900000011]><Red>" spawned as "soldier"
L 04/28/2026 - 05:22:54: "SoldierBoy<83><[U:1:900000011]><Red>" triggered "shot_fired" (weapon "quake_rl")
L 04/28/2026 - 05:22:54: "SoldierBoy<83><[U:1:900000011]><Red>" triggered "shot_hit" (weapon "quake_rl")
L 04/28/2026 - 05:22:54: "SoldierBoy<83><[U:1:900000011]><Red>" triggered "damage" against "QuickScout<84><[U:1:900000012]><Blue>" (damage "106") (weapon "quake_rl")
L 04/28/2026 - 05:22:54: "QuickScout<84><[U:1:900000012]><Blue>" triggered "shot_fired" (weapon "quake_rl")
L 04/28/2026 - 05:22:54: "QuickScout<84><[U:1:900000012]><Blue>" triggered "shot_hit" (weapon "quake_rl")
L 04/28/2026 - 05:22:54: "QuickScout<84><[U:1:900000012]><Blue>" triggered "damage" against "SoldierBoy<83><[U:1:900000011]><Red>" (damage "68") (weapon "quake_rl")
L 04/28/2026 - 05:22:54: "SoldierBoy<83><[U:1:900000011]><Red>" triggered "shot_fired" (weapon "quake_rl")
L 04/28/2026 - 05:22:55: "QuickScout<84><[U:1:900000012]><Blue>" triggered "shot_fired" (weapon "quake_rl")
L 04/28/2026 - 05:22:55: "SoldierBoy<83><[U:1:900000011]><Red>" triggered "shot_fired" (weapon "quake_rl")
L 04/28/2026 - 05:22:55: "QuickScout<84><[U:1:900000012]><Blue>" triggered "shot_fired" (weapon "quake_rl")
L 04/28/2026 - 05:22:56: "SoldierBoy<83><[U:1:900000011]><Red>" triggered "shot_hit" (weapon "quake_rl")
L 04/28/2026 - 05:22:56: "SoldierBoy<83><[U:1:900000011]><Red>" triggered "damage" against "QuickScout<84><[U:1:900000012]><Blue>" (damage "49") (weapon "quake_rl")
L 04/28/2026 - 05:22:56: "QuickScout<84><[U:1:900000012]><Blue>" triggered "shot_hit" (weapon "quake_rl")
L 04/28/2026 - 05:22:56: "QuickScout<84><[U:1:900000012]><Blue>" triggered "damage" against "SoldierBoy<83><[U:1:900000011]><Red>" (damage "64") (weapon "quake_rl")
L 04/28/2026 - 05:22:56: "SoldierBoy<83><[U:1:900000011]><Red>" triggered "shot_fired" (weapon "quake_rl")
L 04/28/2026 - 05:22:56: "QuickScout<84><[U:1:900000012]><Blue>" triggered "shot_fired" (weapon "quake_rl")
L 04/28/2026 - 05:22:57: "SoldierBoy<83><[U:1:900000011]><Red>" triggered "shot_hit" (weapon "quake_rl")
L 04/28/2026 - 05:22:57: "SoldierBoy<83><[U:1:900000011]><Red>" triggered "damage" against "QuickScout<84><[U:1:900000012]><Blue>" (damage "48") (weapon "quake_rl")
L 04/28/2026 - 05:22:57: "SoldierBoy<83><[U:1:900000011]><Red>" triggered "shot_fired" (weapon "shotgun_soldier")
L 04/28/2026 - 05:22:57: "SoldierBoy<83><[U:1:900000011]><Red>" triggered "shot_hit" (weapon "shotgun_soldier")
L 04/28/2026 - 05:22:57: "SoldierBoy<83><[U:1:900000011]><Red>" triggered "damage" against "QuickScout<84><[U:1:900000012]><Blue>" (damage "30") (realdamage "4") (weapon "shotgun_soldier")
L 04/28/2026 - 05:22:57: "SoldierBoy<83><[U:1:900000011]><Red>" killed "QuickScout<84><[U:1:900000012]><Blue>" with "shotgun_soldier" (attacker_position "-13257 11017 10949") (victim_position "-13317 11463 10696")
L 04/28/2026 - 05:22:57: "QuickScout<84><[U:1:900000012]><Blue>" spawned as "soldier"
L 04/28/2026 - 05:22:59: "QuickScout<84><[U:1:900000012]><Blue>" triggered "shot_fired" (weapon "quake_rl")
L 04/28/2026 - 05:23:00: "SoldierBoy<83><[U:1:900000011]><Red>" triggered "shot_fired" (weapon "quake_rl")
L 04/28/2026 - 05:23:00: "QuickScout<84><[U:1:900000012]><Blue>" triggered "shot_hit" (weapon "quake_rl")
L 04/28/2026 - 05:23:00: "QuickScout<84><[U:1:900000012]><Blue>" triggered "damage" against "SoldierBoy<83><[U:1:900000011]><Red>" (damage "57") (weapon "quake_rl")
L 04/28/2026 - 05:23:01: "QuickScout<84><[U:1:900000012]><Blue>" triggered "shot_fired" (weapon "quake_rl")
L 04/28/2026 - 05:23:01: "SoldierBoy<83><[U:1:900000011]><Red>" triggered "shot_hit" (weapon "quake_rl")
L 04/28/2026 - 05:23:01: "SoldierBoy<83><[U:1:900000011]><Red>" triggered "damage" against "QuickScout<84><[U:1:900000012]><Blue>" (damage "69") (weapon "quake_rl")
L 04/28/2026 - 05:23:01: "SoldierBoy<83><[U:1:900000011]><Red>" triggered "shot_fired" (weapon "quake_rl")
L 04/28/2026 - 05:23:02: "QuickScout<84><[U:1:900000012]><Blue>" triggered "shot_fired" (weapon "quake_rl")
L 04/28/2026 - 05:23:02: "QuickScout<84><[U:1:900000012]><Blue>" triggered "shot_hit" (weapon "quake_rl")
L 04/28/2026 - 05:23:02: "QuickScout<84><[U:1:900000012]><Blue>" triggered "damage" against "SoldierBoy<83><[U:1:900000011]><Red>" (damage "79") (weapon "quake_rl")
L 04/28/2026 - 05:23:02: "SoldierBoy<83><[U:1:900000011]><Red>" triggered "shot_fired" (weapon "quake_rl")
L 04/28/2026 - 05:23:02: "QuickScout<84><[U:1:900000012]><Blue>" triggered "shot_fired" (weapon "shotgun_soldier")
L 04/28/2026 - 05:23:02: "SoldierBoy<83><[U:1:900000011]><Red>" triggered "shot_fired" (weapon "shotgun_soldier")
L 04/28/2026 - 05:23:02: "SoldierBoy<83><[U:1:900000011]><Red>" triggered "shot_hit" (weapon "shotgun_soldier")
L 04/28/2026 - 05:23:02: "SoldierBoy<83><[U:1:900000011]><Red>" triggered "damage" against "QuickScout<84><[U:1:900000012]><Blue>" (damage "60") (weapon "shotgun_soldier")
L 04/28/2026 - 05:23:03: "QuickScout<84><[U:1:900000012]><Blue>" triggered "shot_fired" (weapon "shotgun_soldier")
L 04/28/2026 - 05:23:03: "QuickScout<84><[U:1:900000012]><Blue>" triggered "shot_hit" (weapon "shotgun_soldier")
L 04/28/2026 - 05:23:03: "QuickScout<84><[U:1:900000012]><Blue>" triggered "damage" against "SoldierBoy<83><[U:1:900000011]><Red>" (damage "22") (weapon "shotgun_soldier")
L 04/28/2026 - 05:23:03: "SoldierBoy<83><[U:1:900000011]><Red>" triggered "shot_fired" (weapon "shotgun_soldier")
L 04/28/2026 - 05:23:03: "QuickScout<84><[U:1:900000012]><Blue>" triggered "shot_fired" (weapon "shotgun_soldier")
L 04/28/2026 - 05:23:04: "SoldierBoy<83><[U:1:900000011]><Red>" triggered "shot_fired" (weapon "shotgun_soldier")
L 04/28/2026 - 05:23:04: "SoldierBoy<83><[U:1:900000011]><Red>" triggered "shot_hit" (weapon "shotgun_soldier")
L 04/28/2026 - 05:23:04: "SoldierBoy<83><[U:1:900000011]><Red>" triggered "damage" against "QuickScout<84><[U:1:900000012]><Blue>" (damage "15") (weapon "shotgun_soldier")
L 04/28/2026 - 05:23:04: "SoldierBoy<83><[U:1:900000011]><Red>" killed "QuickScout<84><[U:1:900000012]><Blue>" with "shotgun_soldier" (attacker_position "-12952 10487 10722") (victim_position "-13278 10428 10696")
L 04/28/2026 - 05:23:04: "QuickScout<84><[U:1:900000012]><Blue>" spawned as "soldier"
L 04/28/2026 - 05:23:06: "QuickScout<84><[U:1:900000012]><Blue>" triggered "shot_fired" (weapon "quake_rl")
L 04/28/2026 - 05:23:06: "SoldierBoy<83><[U:1:900000011]><Red>" triggered "shot_fired" (weapon "quake_rl")
L 04/28/2026 - 05:23:06: "QuickScout<84><[U:1:900000012]><Blue>" triggered "shot_hit" (weapon "quake_rl")
L 04/28/2026 - 05:23:06: "QuickScout<84><[U:1:900000012]><Blue>" triggered "damage" against "SoldierBoy<83><[U:1:900000011]><Red>" (damage "42") (weapon "quake_rl")
L 04/28/2026 - 05:23:07: "QuickScout<84><[U:1:900000012]><Blue>" triggered "shot_fired" (weapon "quake_rl")
L 04/28/2026 - 05:23:07: "SoldierBoy<83><[U:1:900000011]><Red>" triggered "shot_fired" (weapon "quake_rl")
L 04/28/2026 - 05:23:07: "QuickScout<84><[U:1:900000012]><Blue>" triggered "shot_hit" (weapon "quake_rl")
L 04/28/2026 - 05:23:07: "QuickScout<84><[U:1:900000012]><Blue>" triggered "damage" against "SoldierBoy<83><[U:1:900000011]><Red>" (damage "61") (weapon "quake_rl")
L 04/28/2026 - 05:23:07: "SoldierBoy<83><[U:1:900000011]><Red>" triggered "shot_hit" (weapon "quake_rl")
L 04/28/2026 - 05:23:07: "SoldierBoy<83><[U:1:900000011]><Red>" triggered "damage" against "QuickScout<84><[U:1:900000012]><Blue>" (damage "88") (weapon "quake_rl")
L 04/28/2026 - 05:23:08: "QuickScout<84><[U:1:900000012]><Blue>" triggered "shot_fired" (weapon "quake_rl")
L 04/28/2026 - 05:23:09: "SoldierBoy<83><[U:1:900000011]><Red>" triggered "shot_fired" (weapon "quake_rl")
L 04/28/2026 - 05:23:09: "QuickScout<84><[U:1:900000012]><Blue>" triggered "shot_fired" (weapon "shotgun_soldier")
L 04/28/2026 - 05:23:09: "QuickScout<84><[U:1:900000012]><Blue>" triggered "shot_hit" (weapon "shotgun_soldier")
L 04/28/2026 - 05:23:09: "QuickScout<84><[U:1:900000012]><Blue>" triggered "damage" against "SoldierBoy<83><[U:1:900000011]><Red>" (damage "39") (weapon "shotgun_soldier")
L 04/28/2026 - 05:23:09: "SoldierBoy<83><[U:1:900000011]><Red>" triggered "shot_hit" (weapon "quake_rl")
L 04/28/2026 - 05:23:09: "SoldierBoy<83><[U:1:900000011]><Red>" triggered "damage" against "QuickScout<84><[U:1:900000012]><Blue>" (damage "53") (weapon "quake_rl")
L 04/28/2026 - 05:23:09: "SoldierBoy<83><[U:1:900000011]><Red>" triggered "shot_fired" (weapon "shotgun_soldier")
L 04/28/2026 - 05:23:09: "SoldierBoy<83><[U:1:900000011]><Red>" triggered "shot_hit" (weapon "shotgun_soldier")
L 04/28/2026 - 05:23:09: "SoldierBoy<83><[U:1:900000011]><Red>" triggered "damage" against "QuickScout<84><[U:1:900000012]><Blue>" (damage "6") (weapon "shotgun_soldier")
L 04/28/2026 - 05:23:09: "QuickScout<84><[U:1:900000012]><Blue>" triggered "shot_fired" (weapon "shotgun_soldier")
L 04/28/2026 - 05:23:10: "QuickScout<84><[U:1:900000012]><Blue>" triggered "shot_fired" (weapon "shotgun_soldier")
L 04/28/2026 - 05:23:10: "QuickScout<84><[U:1:900000012]><Blue>" triggered "shot_hit" (weapon "shotgun_soldier")
L 04/28/2026 - 05:23:10: "QuickScout<84><[U:1:900000012]><Blue>" triggered "damage" against "SoldierBoy<83><[U:1:900000011]><Red>" (damage "13") (weapon "shotgun_soldier")
L 04/28/2026 - 05:23:10: "SoldierBoy<83><[U:1:900000011]><Red>" triggered "shot_fired" (weapon "shotgun_soldier")
L 04/28/2026 - 05:23:10: "SoldierBoy<83><[U:1:900000011]><Red>" triggered "shot_hit" (weapon "shotgun_soldier")
L 04/28/2026 - 05:23:10: "SoldierBoy<83><[U:1:900000011]><Red>" triggered "damage" against "QuickScout<84><[U:1:900000012]><Blue>" (damage "33") (realdamage "21") (weapon "shotgun_soldier")
L 04/28/2026 - 05:23:10: "SoldierBoy<83><[U:1:900000011]><Red>" killed "QuickScout<84><[U:1:900000012]><Blue>" with "shotgun_soldier" (attacker_position "-13318 10500 10696") (victim_position "-12989 10798 10696")
L 04/28/2026 - 05:23:10: "QuickScout<84><[U:1:900000012]><Blue>" spawned as "soldier"
L 04/28/2026 - 05:23:12: "QuickScout<84><[U:1:900000012]><Blue>" triggered "shot_fired" (weapon "quake_rl")
L 04/28/2026 - 05:23:12: "QuickScout<84><[U:1:900000012]><Blue>" triggered "shot_hit" (weapon "quake_rl")
L 04/28/2026 - 05:23:12: "QuickScout<84><[U:1:900000012]><Blue>" triggered "damage" against "SoldierBoy<83><[U:1:900000011]><Red>" (damage "93") (weapon "quake_rl")
L 04/28/2026 - 05:23:12: "SoldierBoy<83><[U:1:900000011]><Red>" triggered "shot_fired" (weapon "quake_rl")
L 04/28/2026 - 05:23:13: "QuickScout<84><[U:1:900000012]><Blue>" triggered "shot_fired" (weapon "quake_rl")
L 04/28/2026 - 05:23:13: "SoldierBoy<83><[U:1:900000011]><Red>" triggered "shot_fired" (weapon "quake_rl")
L 04/28/2026 - 05:23:13: "SoldierBoy<83><[U:1:900000011]><Red>" triggered "shot_hit" (weapon "quake_rl")
L 04/28/2026 - 05:23:13: "SoldierBoy<83><[U:1:900000011]><Red>" triggered "damage" against "QuickScout<84><[U:1:900000012]><Blue>" (damage "88") (weapon "quake_rl")
L 04/28/2026 - 05:23:14: "QuickScout<84><[U:1:900000012]><Blue>" triggered "shot_hit" (weapon "quake_rl")
L 04/28/2026 - 05:23:14: "QuickScout<84><[U:1:900000012]><Blue>" triggered "damage" against "SoldierBoy<83><[U:1:900000011]><Red>" (damage "105") (weapon "quake_rl")
L 04/28/2026 - 05:23:14: "QuickScout<84><[U:1:900000012]><Blue>" triggered "shot_fired" (weapon "quake_rl")
L 04/28/2026 - 05:23:14: "SoldierBoy<83><[U:1:900000011]><Red>" triggered "shot_fired" (weapon "quake_rl")
L 04/28/2026 - 05:23:14: "SoldierBoy<83><[U:1:900000011]><Red>" triggered "shot_hit" (weapon "quake_rl")
L 04/28/2026 - 05:23:14: "SoldierBoy<83><[U:1:900000011]><Red>" triggered "damage" against "QuickScout<84><[U:1:900000012]><Blue>" (damage "49") (weapon "quake_rl")
L 04/28/2026 - 05:23:14: "QuickScout<84><[U:1:900000012]><Blue>" triggered "shot_fired" (weapon "shotgun_soldier")
L 04/28/2026 - 05:23:14: "QuickScout<84><[U:1:900000012]><Blue>" triggered "shot_hit" (weapon "shotgun_soldier")
L 04/28/2026 - 05:23:14: "QuickScout<84><[U:1:900000012]><Blue>" triggered "damage" against "SoldierBoy<83><[U:1:900000011]><Red>" (damage "20") (weapon "shotgun_soldier")
L 04/28/2026 - 05:23:15: "SoldierBoy<83><[U:1:900000011]><Red>" triggered "shot_fired" (weapon "shotgun_soldier")
L 04/28/2026 - 05:23:15: "SoldierBoy<83><[U:1:900000011]><Red>" triggered "shot_hit" (weapon "shotgun_soldier")
L 04/28/2026 - 05:23:15: "SoldierBoy<83><[U:1:900000011]><Red>" triggered "damage" against "QuickScout<84><[U:1:900000012]><Blue>" (damage "18") (weapon "shotgun_soldier")
L 04/28/2026 - 05:23:15: "QuickScout<84><[U:1:900000012]><Blue>" triggered "shot_fired" (weapon "shotgun_soldier")
L 04/28/2026 - 05:23:15: "QuickScout<84><[U:1:900000012]><Blue>" triggered "shot_hit" (weapon "shotgun_soldier")
L 04/28/2026 - 05:23:15: "QuickScout<84><[U:1:900000012]><Blue>" triggered "damage" against "SoldierBoy<83><[U:1:900000011]><Red>" (damage "37") (realdamage "14") (weapon "shotgun_soldier")
L 04/28/2026 - 05:23:15: "QuickScout<84><[U:1:900000012]><Blue>" killed "SoldierBoy<83><[U:1:900000011]><Red>" with "shotgun_soldier" (attacker_position "-13157 11206 10754") (victim_position "-13325 10753 10803")
L 04/28/2026 - 05:23:15: "SoldierBoy<83><[U:1:900000011]><Red>" spawned as "soldier"
L 04/28/2026 - 05:23:18: "QuickScout<84><[U:1:900000012]><Blue>" triggered "shot_fired" (weapon "quake_rl")
L 04/28/2026 - 05:23:18: "SoldierBoy<83><[U:1:900000011]><Red>" triggered "shot_fired" (weapon "quake_rl")
L 04/28/2026 - 05:23:19: "SoldierBoy<83><[U:1:900000011]><Red>" triggered "shot_hit" (weapon "quake_rl")
L 04/28/2026 - 05:23:19: "SoldierBoy<83><[U:1:900000011]><Red>" triggered "damage" against "QuickScout<84><[U:1:900000012]><Blue>" (damage "46") (weapon "quake_rl")
L 04/28/2026 - 05:23:19: "QuickScout<84><[U:1:900000012]><Blue>" triggered "shot_fired" (weapon "quake_rl")
L 04/28/2026 - 05:23:20: "SoldierBoy<83><[U:1:900000011]><Red>" triggered "shot_fired" (weapon "quake_rl")
L 04/28/2026 - 05:23:20: "QuickScout<84><[U:1:900000012]><Blue>" triggered "shot_fired" (weapon "quake_rl")
L 04/28/2026 - 05:23:20: "SoldierBoy<83><[U:1:900000011]><Red>" triggered "shot_hit" (weapon "quake_rl")
L 04/28/2026 - 05:23:20: "SoldierBoy<83><[U:1:900000011]><Red>" triggered "damage" against "QuickScout<84><[U:1:900000012]><Blue>" (damage "109") (weapon "quake_rl")
L 04/28/2026 - 05:23:21: "SoldierBoy<83><[U:1:900000011]><Red>" triggered "shot_fired" (weapon "quake_rl")
L 04/28/2026 - 05:23:21: "QuickScout<84><[U:1:900000012]><Blue>" triggered "shot_fired" (weapon "quake_rl")
L 04/28/2026 - 05:23:21: "SoldierBoy<83><[U:1:900000011]><Red>" triggered "shot_fired" (weapon "shotgun_soldier")
L 04/28/2026 - 05:23:21: "SoldierBoy<83><[U:1:900000011]><Red>" triggered "shot_hit" (weapon "shotgun_soldier")
L 04/28/2026 - 05:23:21: "SoldierBoy<83><[U:1:900000011]><Red>" triggered "damage" against "QuickScout<84><[U:1:900000012]><Blue>" (damage "31") (weapon "shotgun_soldier")
L 04/28/2026 - 05:23:21: "QuickScout<84><[U:1:900000012]><Blue>" triggered "shot_fired" (weapon "shotgun_soldier")
L 04/28/2026 - 05:23:22: "SoldierBoy<83><[U:1:900000011]><Red>" triggered "shot_fired" (weapon "shotgun_soldier")
L 04/28/2026 - 05:23:22: "SoldierBoy<83><[U:1:900000011]><Red>" triggered "shot_hit" (weapon "shotgun_soldier")
L 04/28/2026 - 05:23:22: "SoldierBoy<83><[U:1:900000011]><Red>" triggered "damage" against "QuickScout<84><[U:1:900000012]><Blue>" (damage "70") (realdamage "38") (weapon "shotgun_soldier")
L 04/28/2026 - 05:23:22: "SoldierBoy<83><[U:1:900000011]><Red>" killed "QuickScout<84><[U:1:900000012]><Blue>" with "shotgun_soldier" (attacker_position "-13034 11056 10696") (victim_position "-12866 10824 10740")
L 04/28/2026 - 05:23:22: "QuickScout<84><[U:1:900000012]><Blue>" spawned as "soldier"
L 04/28/2026 - 05:23:24: "SoldierBoy<83><[U:1:900000011]><Red>" triggered "shot_fired" (weapon "quake_rl")
L 04/28/2026 - 05:23:25: "QuickScout<84><[U:1:900000012]><Blue>" triggered "shot_fired" (weapon "quake_rl")
L 04/28/2026 - 05:23:25: "SoldierBoy<83><[U:1:900000011]><Red>" triggered "shot_fired" (weapon "quake_rl")
L 04/28/2026 - 05:23:25: "QuickScout<84><[U:1:900000012]><Blue>" triggered "shot_hit" (weapon "quake_rl")
L 04/28/2026 - 05:23:25: "QuickScout<84><[U:1:900000012]><Blue>" triggered "damage" against "SoldierBoy<83><[U:1:900000011]><Red>" (damage "87") (weapon "quake_rl")
L 04/28/2026 - 05:23:26: "QuickScout<84><[U:1:900000012]><Blue>" triggered "shot_fired" (weapon "quake_rl")
L 04/28/2026 - 05:23:26: "SoldierBoy<83><[U:1:900000011]><Red>" triggered "shot_fired" (weapon "quake_rl")
L 04/28/2026 - 05:23:26: "SoldierBoy<83><[U:1:900000011]><Red>" triggered "shot_hit" (weapon "quake_rl")
L 04/28/2026 - 05:23:26: "SoldierBoy<83><[U:1:900000011]><Red>" triggered "damage" against "QuickScout<84><[U:1:900000012]><Blue>" (damage "81") (weapon "quake_rl")
L 04/28/2026 - 05:23:27: "QuickScout<84><[U:1:900000012]><Blue>" triggered "shot_fired" (weapon "quake_rl")
L 04/28/2026 - 05:23:27: "SoldierBoy<83><[U:1:900000011]><Red>" triggered "shot_fired" (weapon "quake_rl")
L 04/28/2026 - 05:23:27: "SoldierBoy<83><[U:1:900000011]><Red>" triggered "shot_hit" (weapon "quake_rl")
L 04/28/2026 - 05:23:27: "SoldierBoy<83><[U:1:900000011]><Red>" triggered "damage" against "QuickScout<84><[U:1:900000012]><Blue>" (damage "101") (realdamage "31") (weapon "quake_rl")
L 04/28/2026 - 05:23:27: "SoldierBoy<83><[U:1:900000011]><Red>" killed "QuickScout<84><[U:1:900000012]><Blue>" with "quake_rl" (attacker_position "-13204 10747 11171") (victim_position "-13185 10973 10909")
L 04/28/2026 - 05:23:27: "QuickScout<84><[U:1:900000012]><Blue>" spawned as "soldier"
L 04/28/2026 - 05:23:30: "QuickScout<84><[U:1:900000012]><Blue>" triggered "shot_fired" (weapon "quake_rl")
L 04/28/2026 - 05:23:30: "SoldierBoy<83><[U:1:900000011]><Red>" triggered "shot_fired" (weapon "quake_rl")
L 04/28/2026 - 05:23:31: "QuickScout<84><[U:1:900000012]><Blue>" triggered "shot_fired" (weapon "quake_rl")
L 04/28/2026 - 05:23:31: "SoldierBoy<83><[U:1:900000011]><Red>" triggered "shot_fired" (weapon "quake_rl")
L 04/28/2026 - 05:23:32: "QuickScout<84><[U:1:900000012]><Blue>" triggered "shot_fired" (weapon "quake_rl")
L 04/28/2026 - 05:23:32: "QuickScout<84><[U:1:900000012]><Blue>" triggered "shot_fired" (weapon "shotgun_soldier")
L 04/28/2026 - 05:23:32: "QuickScout<84><[U:1:900000012]><Blue>" triggered "shot_hit" (weapon "shotgun_soldier")
L 04/28/2026 - 05:23:32: "QuickScout<84><[U:1:900000012]><Blue>" triggered "damage" against "SoldierBoy<83><[U:1:900000011]><Red>" (damage "25") (weapon "shotgun_soldier")
L 04/28/2026 - 05:23:32: "SoldierBoy<83><[U:1:900000011]><Red>" triggered "shot_fired" (weapon "quake_rl")
L 04/28/2026 - 05:23:32: "SoldierBoy<83><[U:1:900000011]><Red>" triggered "shot_hit" (weapon "quake_rl")
L 04/28/2026 - 05:23:32: "SoldierBoy<83><[U:1:900000011]><Red>" triggered "damage" against "QuickScout<84><[U:1:900000012]><Blue>" (damage "93") (weapon "quake_rl")
L 04/28/2026 - 05:23:33: "QuickScout<84><[U:1:900000012]><Blue>" triggered "shot_fired" (weapon "shotgun_soldier")
L 04/28/2026 - 05:23:33: "QuickScout<84><[U:1:900000012]><Blue>" triggered "shot_hit" (weapon "shotgun_soldier")
L 04/28/2026 - 05:23:33: "QuickScout<84><[U:1:900000012]><Blue>" triggered "damage" against "SoldierBoy<83><[U:1:900000011]><Red>" (damage "30") (weapon "shotgun_soldier")
L 04/28/2026 - 05:23:33: "QuickScout<84><[U:1:900000012]><Blue>" triggered "shot_fired" (weapon "shotgun_soldier")
L 04/28/2026 - 05:23:33: "SoldierBoy<83><[U:1:900000011]><Red>" triggered "shot_hit" (weapon "quake_rl")
L 04/28/2026 - 05:23:33: "SoldierBoy<83><[U:1:900000011]><Red>" triggered "damage" against "QuickScout<84><[U:1:900000012]><Blue>" (damage "109") (realdamage "66") (weapon "quake_rl")
L 04/28/2026 - 05:23:33: "SoldierBoy<83><[U:1:900000011]><Red>" killed "QuickScout<84><[U:1:900000012]><Blue>" with "quake_rl" (attacker_position "-13268 11263 10723") (victim_position "-13390 11377 10807")
L 04/28/2026 - 05:23:33: "SoldierBoy<83><[U:1:900000011]><Red>" triggered "shot_fired" (weapon "quake_rl")
L 04/28/2026 - 05:23:34: "QuickScout<84><[U:1:900000012]><Blue>" spawned as "soldier"
L 04/28/2026 - 05:23:37: "QuickScout<84><[U:1:900000012]><Blue>" triggered "shot_fired" (weapon "quake_rl")
L 04/28/2026 - 05:23:38: "SoldierBoy<83><[U:1:900000011]><Red>" triggered "shot_fired" (weapon "quake_rl")
L 04/28/2026 - 05:23:39: "QuickScout<84><[U:1:900000012]><Blue>" triggered "shot_fired" (weapon "quake_rl")
L 04/28/2026 - 05:23:39: "SoldierBoy<83><[U:1:900000011]><Red>" triggered "shot_fired" (weapon "quake_rl")
L 04/28/2026 - 05:23:39: "QuickScout<84><[U:1:900000012]><Blue>" triggered "shot_hit" (weapon "quake_rl")
L 04/28/2026 - 05:23:39: "QuickScout<84><[U:1:900000012]><Blue>" triggered "damage" against "SoldierBoy<83><[U:1:900000011]><Red>" (damage "67") (weapon "quake_rl")
L 04/28/2026 - 05:23:40: "SoldierBoy<83><[U:1:900000011]><Red>" triggered "shot_fired" (weapon "quake_rl")
L 04/28/2026 - 05:23:40: "QuickScout<84><[U:1:900000012]><Blue>" picked up item "tf_ammo_pack"
L 04/28/2026 - 05:23:41: "QuickScout<84><[U:1:900000012]><Blue>" triggered "shot_fired" (weapon "quake_rl")
L 04/28/2026 - 05:23:41: "SoldierBoy<83><[U:1:900000011]><Red>" triggered "shot_fired" (weapon "quake_rl")
L 04/28/2026 - 05:23:42: "QuickScout<84><[U:1:900000012]><Blue>" triggered "shot_fired" (weapon "quake_rl")
L 04/28/2026 - 05:23:42: "QuickScout<84><[U:1:900000012]><Blue>" triggered "shot_hit" (weapon "quake_rl")
L 04/28/2026 - 05:23:42: "QuickScout<84><[U:1:900000012]><Blue>" triggered "damage" against "SoldierBoy<83><[U:1:900000011]><Red>" (damage "48") (weapon "quake_rl")
L 04/28/2026 - 05:23:42: "SoldierBoy<83><[U:1:900000011]><Red>" triggered "shot_fired" (weapon "shotgun_soldier")
L 04/28/2026 - 05:23:42: "SoldierBoy<83><[U:1:900000011]><Red>" triggered "shot_hit" (weapon "shotgun_soldier")
L 04/28/2026 - 05:23:42: "SoldierBoy<83><[U:1:900000011]><Red>" triggered "damage" against "QuickScout<84><[U:1:900000012]><Blue>" (damage "34") (weapon "shotgun_soldier")
L 04/28/2026 - 05:23:42: "SoldierBoy<83><[U:1:900000011]><Red>" triggered "shot_fired" (weapon "shotgun_soldier")
L 04/28/2026 - 05:23:42: "SoldierBoy<83><[U:1:900000011]><Red>" triggered "shot_hit" (weapon "shotgun_soldier")
L 04/28/2026 - 05:23:42: "SoldierBoy<83><[U:1:900000011]><Red>" triggered "damage" against "QuickScout<84><[U:1:900000012]><Blue>" (damage "64") (weapon "shotgun_soldier")
L 04/28/2026 - 05:23:43: "SoldierBoy<83><[U:1:900000011]><Red>" triggered "shot_fired" (weapon "shotgun_soldier")
L 04/28/2026 - 05:23:43: "SoldierBoy<83><[U:1:900000011]><Red>" triggered "shot_hit" (weapon "shotgun_soldier")
L 04/28/2026 - 05:23:43: "SoldierBoy<83><[U:1:900000011]><Red>" triggered "damage" against "QuickScout<84><[U:1:900000012]><Blue>" (damage "82") (realdamage "48") (weapon "shotgun_soldier")
L 04/28/2026 - 05:23:43: "SoldierBoy<83><[U:1:900000011]><Red>" killed "QuickScout<84><[U:1:900000012]><Blue>" with "shotgun_soldier" (attacker_position "-13354 10778 10696") (victim_position "-13251 10573 10696")
L 04/28/2026 - 05:23:43: "SoldierBoy<83><[U:1:900000011]><Red>" triggered "domination" against "QuickScout<84><[U:1:900000012]><Blue>"
L 04/28/2026 - 05:23:43: "QuickScout<84><[U:1:900000012]><Blue>" triggered "shot_hit" (weapon "quake_rl")
L 04/28/2026 - 05:23:43: "QuickScout<84><[U:1:900000012]><Blue>" triggered "damage" against "SoldierBoy<83><[U:1:900000011]><Red>" (damage "82") (weapon "quake_rl")
L 04/28/2026 - 05:23:43: "QuickScout<84><[U:1:900000012]><Blue>" spawned as "soldier"
L 04/28/2026 - 05:23:43: "QuickScout<84><[U:1:900000012]><Blue>" triggered "shot_fired" (weapon "quake_rl")
L 04/28/2026 - 05:23:47: "QuickScout<84><[U:1:900000012]><Blue>" triggered "shot_fired" (weapon "quake_rl")
L 04/28/2026 - 05:23:47: "SoldierBoy<83><[U:1:900000011]><Red>" triggered "shot_fired" (weapon "quake_rl")
L 04/28/2026 - 05:23:48: "QuickScout<84><[U:1:900000012]><Blue>" triggered "shot_fired" (weapon "quake_rl")
L 04/28/2026 - 05:23:48: "SoldierBoy<83><[U:1:900000011]><Red>" triggered "shot_fired" (weapon "quake_rl")
L 04/28/2026 - 05:23:49: "QuickScout<84><[U:1:900000012]><Blue>" triggered "shot_hit" (weapon "quake_rl")
L 04/28/2026 - 05:23:49: "QuickScout<84><[U:1:900000012]><Blue>" triggered "damage" against "SoldierBoy<83><[U:1:900000011]><Red>" (damage "87") (weapon "quake_rl")
L 04/28/2026 - 05:23:49: "QuickScout<84><[U:1:900000012]><Blue>" triggered "shot_fired" (weapon "quake_rl")
L 04/28/2026 - 05:23:49: "SoldierBoy<83><[U:1:900000011]><Red>" triggered "shot_hit" (weapon "quake_rl")
L 04/28/2026 - 05:23:49: "SoldierBoy<83><[U:1:900000011]><Red>" triggered "damage" against "QuickScout<84><[U:1:900000012]><Blue>" (damage "95") (weapon "quake_rl")
L 04/28/2026 - 05:23:49: "SoldierBoy<83><[U:1:900000011]><Red>" triggered "shot_fired" (weapon "quake_rl")
L 04/28/2026 - 05:23:49: "QuickScout<84><[U:1:900000012]><Blue>" triggered "shot_fired" (weapon "shotgun_soldier")
L 04/28/2026 - 05:23:49: "QuickScout<84><[U:1:900000012]><Blue>" triggered "shot_hit" (weapon "shotgun_soldier")
L 04/28/2026 - 05:23:49: "QuickScout<84><[U:1:900000012]><Blue>" triggered "damage" against "SoldierBoy<83><[U:1:900000011]><Red>" (damage "7") (weapon "shotgun_soldier")
L 04/28/2026 - 05:23:50: "QuickScout<84><[U:1:900000012]><Blue>" triggered "shot_fired" (weapon "shotgun_soldier")
L 04/28/2026 - 05:23:50: "SoldierBoy<83><[U:1:900000011]><Red>" triggered "shot_fired" (weapon "quake_rl")
L 04/28/2026 - 05:23:50: "SoldierBoy<83><[U:1:900000011]><Red>" triggered "shot_fired" (weapon "shotgun_soldier")
L 04/28/2026 - 05:23:50: "SoldierBoy<83><[U:1:900000011]><Red>" triggered "shot_hit" (weapon "shotgun_soldier")
L 04/28/2026 - 05:23:50: "SoldierBoy<83><[U:1:900000011]><Red>" triggered "damage" against "QuickScout<84><[U:1:900000012]><Blue>" (damage "64") (realdamage "4") (weapon "shotgun_soldier")
L 04/28/2026 - 05:23:50: "SoldierBoy<83><[U:1:900000011]><Red>" killed "QuickScout<84><[U:1:900000012]><Blue>" with "shotgun_soldier" (attacker_position "-13337 10890 10696") (victim_position "-13267 10626 10713")
L 04/28/2026 - 05:23:50: "QuickScout<84><[U:1:900000012]><Blue>" spawned as "soldier"
L 04/28/2026 - 05:23:54: "SoldierBoy<83><[U:1:900000011]><Red>" triggered "shot_fired" (weapon "quake_rl")
L 04/28/2026 - 05:23:54: "QuickScout<84><[U:1:900000012]><Blue>" triggered "shot_fired" (weapon "quake_rl")
L 04/28/2026 - 05:23:55: "SoldierBoy<83><[U:1:900000011]><Red>" triggered "shot_fired" (weapon "quake_rl")
L 04/28/2026 - 05:23:55: "QuickScout<84><[U:1:900000012]><Blue>" triggered "shot_fired" (weapon "quake_rl")
L 04/28/2026 - 05:23:55: "SoldierBoy<83><[U:1:900000011]><Red>" triggered "shot_hit" (weapon "quake_rl")
L 04/28/2026 - 05:23:55: "SoldierBoy<83><[U:1:900000011]><Red>" triggered "damage" against "QuickScout<84><[U:1:900000012]><Blue>" (damage "91") (weapon "quake_rl") (airshot "1") (height "431")
L 04/28/2026 - 05:23:55: "QuickScout<84><[U:1:900000012]><Blue>" triggered "shot_hit" (weapon "quake_rl")
L 04/28/2026 - 05:23:55: "QuickScout<84><[U:1:900000012]><Blue>" triggered "damage" against "SoldierBoy<83><[U:1:900000011]><Red>" (damage "90") (weapon "quake_rl")
L 04/28/2026 - 05:23:56: "QuickScout<84><[U:1:900000012]><Blue>" triggered "shot_fired" (weapon "quake_rl")
L 04/28/2026 - 05:23:56: "SoldierBoy<83><[U:1:900000011]><Red>" triggered "shot_fired" (weapon "quake_rl")
L 04/28/2026 - 05:23:56: "QuickScout<84><[U:1:900000012]><Blue>" triggered "shot_fired" (weapon "shotgun_soldier")
L 04/28/2026 - 05:23:57: "SoldierBoy<83><[U:1:900000011]><Red>" triggered "shot_fired" (weapon "shotgun_soldier")
L 04/28/2026 - 05:23:57: "QuickScout<84><[U:1:900000012]><Blue>" triggered "shot_fired" (weapon "shotgun_soldier")
L 04/28/2026 - 05:23:58: "QuickScout<84><[U:1:900000012]><Blue>" triggered "shot_fired" (weapon "shotgun_soldier")
L 04/28/2026 - 05:23:59: "SoldierBoy<83><[U:1:900000011]><Red>" triggered "shot_fired" (weapon "shotgun_soldier")
L 04/28/2026 - 05:23:59: "SoldierBoy<83><[U:1:900000011]><Red>" triggered "shot_hit" (weapon "shotgun_soldier")
L 04/28/2026 - 05:23:59: "SoldierBoy<83><[U:1:900000011]><Red>" triggered "damage" against "QuickScout<84><[U:1:900000012]><Blue>" (damage "20") (weapon "shotgun_soldier")
L 04/28/2026 - 05:23:59: "SoldierBoy<83><[U:1:900000011]><Red>" triggered "shot_fired" (weapon "shotgun_soldier")
L 04/28/2026 - 05:23:59: "SoldierBoy<83><[U:1:900000011]><Red>" triggered "shot_hit" (weapon "shotgun_soldier")
L 04/28/2026 - 05:23:59: "SoldierBoy<83><[U:1:900000011]><Red>" triggered "damage" against "QuickScout<84><[U:1:900000012]><Blue>" (damage "38") (realdamage "32") (weapon "shotgun_soldier")
L 04/28/2026 - 05:23:59: "SoldierBoy<83><[U:1:900000011]><Red>" killed "QuickScout<84><[U:1:900000012]><Blue>" with "shotgun_soldier" (attacker_position "-13420 11371 10696") (victim_position "-13471 10826 10498")
L 04/28/2026 - 05:23:59: "QuickScout<84><[U:1:900000012]><Blue>" spawned as "soldier"
L 04/28/2026 - 05:24:02: "SoldierBoy<83><[U:1:900000011]><Red>" triggered "shot_fired" (weapon "quake_rl")
L 04/28/2026 - 05:24:02: "QuickScout<84><[U:1:900000012]><Blue>" triggered "shot_fired" (weapon "quake_rl")
L 04/28/2026 - 05:24:03: "QuickScout<84><[U:1:900000012]><Blue>" triggered "shot_fired" (weapon "quake_rl")
L 04/28/2026 - 05:24:03: "QuickScout<84><[U:1:900000012]><Blue>" triggered "shot_hit" (weapon "quake_rl")
L 04/28/2026 - 05:24:03: "QuickScout<84><[U:1:900000012]><Blue>" triggered "damage" against "SoldierBoy<83><[U:1:900000011]><Red>" (damage "81") (weapon "quake_rl")
L 04/28/2026 - 05:24:03: "SoldierBoy<83><[U:1:900000011]><Red>" triggered "shot_hit" (weapon "quake_rl")
L 04/28/2026 - 05:24:03: "SoldierBoy<83><[U:1:900000011]><Red>" triggered "damage" against "QuickScout<84><[U:1:900000012]><Blue>" (damage "60") (weapon "quake_rl")
L 04/28/2026 - 05:24:03: "SoldierBoy<83><[U:1:900000011]><Red>" triggered "shot_fired" (weapon "quake_rl")
L 04/28/2026 - 05:24:04: "SoldierBoy<83><[U:1:900000011]><Red>" triggered "shot_fired" (weapon "quake_rl")
L 04/28/2026 - 05:24:05: "QuickScout<84><[U:1:900000012]><Blue>" triggered "shot_fired" (weapon "quake_rl")
L 04/28/2026 - 05:24:05: "SoldierBoy<83><[U:1:900000011]><Red>" triggered "shot_fired" (weapon "quake_rl")
L 04/28/2026 - 05:24:07: "QuickScout<84><[U:1:900000012]><Blue>" triggered "shot_fired" (weapon "quake_rl")
L 04/28/2026 - 05:24:07: "SoldierBoy<83><[U:1:900000011]><Red>" triggered "shot_fired" (weapon "quake_rl")
L 04/28/2026 - 05:24:09: "SoldierBoy<83><[U:1:900000011]><Red>" triggered "shot_fired" (weapon "shotgun_soldier")
L 04/28/2026 - 05:24:09: "SoldierBoy<83><[U:1:900000011]><Red>" triggered "shot_hit" (weapon "shotgun_soldier")
L 04/28/2026 - 05:24:09: "SoldierBoy<83><[U:1:900000011]><Red>" triggered "damage" against "QuickScout<84><[U:1:900000012]><Blue>" (damage "31") (weapon "shotgun_soldier")
L 04/28/2026 - 05:24:09: "QuickScout<84><[U:1:900000012]><Blue>" triggered "shot_fired" (weapon "quake_rl")
L 04/28/2026 - 05:24:10: "SoldierBoy<83><[U:1:900000011]><Red>" triggered "shot_fired" (weapon "shotgun_soldier")
L 04/28/2026 - 05:24:10: "SoldierBoy<83><[U:1:900000011]><Red>" triggered "shot_hit" (weapon "shotgun_soldier")
L 04/28/2026 - 05:24:10: "SoldierBoy<83><[U:1:900000011]><Red>" triggered "damage" against "QuickScout<84><[U:1:900000012]><Blue>" (damage "50") (weapon "shotgun_soldier")
L 04/28/2026 - 05:24:10: "QuickScout<84><[U:1:900000012]><Blue>" triggered "shot_fired" (weapon "quake_rl")
L 04/28/2026 - 05:24:10: "SoldierBoy<83><[U:1:900000011]><Red>" triggered "shot_fired" (weapon "shotgun_soldier")
L 04/28/2026 - 05:24:10: "SoldierBoy<83><[U:1:900000011]><Red>" triggered "shot_hit" (weapon "shotgun_soldier")
L 04/28/2026 - 05:24:10: "SoldierBoy<83><[U:1:900000011]><Red>" triggered "damage" against "QuickScout<84><[U:1:900000012]><Blue>" (damage "48") (weapon "shotgun_soldier")
L 04/28/2026 - 05:24:11: "SoldierBoy<83><[U:1:900000011]><Red>" triggered "shot_fired" (weapon "shotgun_soldier")
L 04/28/2026 - 05:24:11: "SoldierBoy<83><[U:1:900000011]><Red>" triggered "shot_hit" (weapon "shotgun_soldier")
L 04/28/2026 - 05:24:11: "SoldierBoy<83><[U:1:900000011]><Red>" triggered "damage" against "QuickScout<84><[U:1:900000012]><Blue>" (damage "47") (realdamage "4") (weapon "shotgun_soldier")
L 04/28/2026 - 05:24:11: "SoldierBoy<83><[U:1:900000011]><Red>" killed "QuickScout<84><[U:1:900000012]><Blue>" with "shotgun_soldier" (attacker_position "-13116 11493 10705") (victim_position "-12932 11108 10696")
L 04/28/2026 - 05:24:11: "QuickScout<84><[U:1:900000012]><Blue>" triggered "shot_fired" (weapon "quake_rl")
L 04/28/2026 - 05:24:11: "QuickScout<84><[U:1:900000012]><Blue>" spawned as "soldier"
L 04/28/2026 - 05:24:11: "QuickScout<84><[U:1:900000012]><Blue>" triggered "shot_hit" (weapon "quake_rl")
L 04/28/2026 - 05:24:11: "QuickScout<84><[U:1:900000012]><Blue>" triggered "damage" against "SoldierBoy<83><[U:1:900000011]><Red>" (damage "31") (weapon "quake_rl")
L 04/28/2026 - 05:24:15: "SoldierBoy<83><[U:1:900000011]><Red>" triggered "shot_fired" (weapon "quake_rl")
L 04/28/2026 - 05:24:15: "QuickScout<84><[U:1:900000012]><Blue>" triggered "shot_fired" (weapon "quake_rl")
L 04/28/2026 - 05:24:15: "SoldierBoy<83><[U:1:900000011]><Red>" triggered "shot_fired" (weapon "quake_rl")
L 04/28/2026 - 05:24:16: "QuickScout<84><[U:1:900000012]><Blue>" triggered "shot_fired" (weapon "quake_rl")
L 04/28/2026 - 05:24:16: "SoldierBoy<83><[U:1:900000011]><Red>" triggered "shot_hit" (weapon "quake_rl")
L 04/28/2026 - 05:24:16: "SoldierBoy<83><[U:1:900000011]><Red>" triggered "damage" against "QuickScout<84><[U:1:900000012]><Blue>" (damage "58") (weapon "quake_rl")
L 04/28/2026 - 05:24:16: "QuickScout<84><[U:1:900000012]><Blue>" triggered "shot_fired" (weapon "quake_rl")
L 04/28/2026 - 05:24:16: "SoldierBoy<83><[U:1:900000011]><Red>" triggered "shot_fired" (weapon "quake_rl")
L 04/28/2026 - 05:24:17: "QuickScout<84><[U:1:900000012]><Blue>" triggered "shot_fired" (weapon "shotgun_soldier")
L 04/28/2026 - 05:24:17: "QuickScout<84><[U:1:900000012]><Blue>" triggered "shot_hit" (weapon "shotgun_soldier")
L 04/28/2026 - 05:24:17: "QuickScout<84><[U:1:900000012]><Blue>" triggered "damage" against "SoldierBoy<83><[U:1:900000011]><Red>" (damage "11") (weapon "shotgun_soldier")
L 04/28/2026 - 05:24:17: "SoldierBoy<83><[U:1:900000011]><Red>" triggered "shot_fired" (weapon "quake_rl")
L 04/28/2026 - 05:24:18: "QuickScout<84><[U:1:900000012]><Blue>" triggered "shot_fired" (weapon "shotgun_soldier")
L 04/28/2026 - 05:24:18: "QuickScout<84><[U:1:900000012]><Blue>" triggered "shot_hit" (weapon "shotgun_soldier")
L 04/28/2026 - 05:24:18: "QuickScout<84><[U:1:900000012]><Blue>" triggered "damage" against "SoldierBoy<83><[U:1:900000011]><Red>" (damage "7") (weapon "shotgun_soldier")
L 04/28/2026 - 05:24:18: "SoldierBoy<83><[U:1:900000011]><Red>" triggered "shot_fired" (weapon "shotgun_soldier")
L 04/28/2026 - 05:24:18: "SoldierBoy<83><[U:1:900000011]><Red>" triggered "shot_hit" (weapon "shotgun_soldier")
L 04/28/2026 - 05:24:18: "SoldierBoy<83><[U:1:900000011]><Red>" triggered "damage" against "QuickScout<84><[U:1:900000012]><Blue>" (damage "4") (weapon "shotgun_soldier")
L 04/28/2026 - 05:24:18: "SoldierBoy<83><[U:1:900000011]><Red>" triggered "shot_hit" (weapon "quake_rl")
L 04/28/2026 - 05:24:18: "SoldierBoy<83><[U:1:900000011]><Red>" triggered "damage" against "QuickScout<84><[U:1:900000012]><Blue>" (damage "45") (weapon "quake_rl")
L 04/28/2026 - 05:24:18: "QuickScout<84><[U:1:900000012]><Blue>" triggered "shot_fired" (weapon "shotgun_soldier")
L 04/28/2026 - 05:24:18: "QuickScout<84><[U:1:900000012]><Blue>" triggered "shot_hit" (weapon "shotgun_soldier")
L 04/28/2026 - 05:24:18: "QuickScout<84><[U:1:900000012]><Blue>" triggered "damage" against "SoldierBoy<83><[U:1:900000011]><Red>" (damage "12") (weapon "shotgun_soldier")
L 04/28/2026 - 05:24:19: "SoldierBoy<83><[U:1:900000011]><Red>" triggered "shot_fired" (weapon "shotgun_soldier")
L 04/28/2026 - 05:24:19: "SoldierBoy<83><[U:1:900000011]><Red>" triggered "shot_hit" (weapon "shotgun_soldier")
L 04/28/2026 - 05:24:19: "SoldierBoy<83><[U:1:900000011]><Red>" triggered "damage" against "QuickScout<84><[U:1:900000012]><Blue>" (damage "21") (weapon "shotgun_soldier")
L 04/28/2026 - 05:24:19: "QuickScout<84><[U:1:900000012]><Blue>" triggered "shot_fired" (weapon "shotgun_soldier")
L 04/28/2026 - 05:24:19: "QuickScout<84><[U:1:900000012]><Blue>" triggered "shot_hit" (weapon "shotgun_soldier")
L 04/28/2026 - 05:24:19: "QuickScout<84><[U:1:900000012]><Blue>" triggered "damage" against "SoldierBoy<83><[U:1:900000011]><Red>" (damage "5") (weapon "shotgun_soldier")
L 04/28/2026 - 05:24:19: "SoldierBoy<83><[U:1:900000011]><Red>" triggered "shot_fired" (weapon "shotgun_soldier")
L 04/28/2026 - 05:24:19: "SoldierBoy<83><[U:1:900000011]><Red>" triggered "shot_hit" (weapon "shotgun_soldier")
L 04/28/2026 - 05:24:19: "SoldierBoy<83><[U:1:900000011]><Red>" triggered "damage" against "QuickScout<84><[U:1:900000012]><Blue>" (damage "36") (realdamage "24") (weapon "shotgun_soldier")
L 04/28/2026 - 05:24:19: "SoldierBoy<83><[U:1:900000011]><Red>" killed "QuickScout<84><[U:1:900000012]><Blue>" with "shotgun_soldier" (attacker_position "-13141 11913 10804") (victim_position "-13355 12375 10696")
L 04/28/2026 - 05:24:19: "QuickScout<84><[U:1:900000012]><Blue>" spawned as "soldier"
L 04/28/2026 - 05:24:22: "SoldierBoy<83><[U:1:900000011]><Red>" triggered "shot_fired" (weapon "quake_rl")
L 04/28/2026 - 05:24:22: "QuickScout<84><[U:1:900000012]><Blue>" triggered "shot_fired" (weapon "quake_rl")
L 04/28/2026 - 05:24:23: "SoldierBoy<83><[U:1:900000011]><Red>" triggered "shot_fired" (weapon "quake_rl")
L 04/28/2026 - 05:24:23: "QuickScout<84><[U:1:900000012]><Blue>" triggered "shot_fired" (weapon "quake_rl")
L 04/28/2026 - 05:24:23: "SoldierBoy<83><[U:1:900000011]><Red>" triggered "shot_hit" (weapon "quake_rl")
L 04/28/2026 - 05:24:23: "SoldierBoy<83><[U:1:900000011]><Red>" triggered "damage" against "QuickScout<84><[U:1:900000012]><Blue>" (damage "79") (weapon "quake_rl")
L 04/28/2026 - 05:24:23: "SoldierBoy<83><[U:1:900000011]><Red>" triggered "shot_fired" (weapon "quake_rl")
L 04/28/2026 - 05:24:24: "QuickScout<84><[U:1:900000012]><Blue>" triggered "shot_hit" (weapon "quake_rl")
L 04/28/2026 - 05:24:24: "QuickScout<84><[U:1:900000012]><Blue>" triggered "damage" against "SoldierBoy<83><[U:1:900000011]><Red>" (damage "65") (weapon "quake_rl")
L 04/28/2026 - 05:24:24: "QuickScout<84><[U:1:900000012]><Blue>" triggered "shot_fired" (weapon "quake_rl")
L 04/28/2026 - 05:24:24: "QuickScout<84><[U:1:900000012]><Blue>" triggered "shot_fired" (weapon "shotgun_soldier")
L 04/28/2026 - 05:24:24: "SoldierBoy<83><[U:1:900000011]><Red>" triggered "shot_fired" (weapon "quake_rl")
L 04/28/2026 - 05:24:25: "QuickScout<84><[U:1:900000012]><Blue>" triggered "shot_fired" (weapon "shotgun_soldier")
L 04/28/2026 - 05:24:25: "QuickScout<84><[U:1:900000012]><Blue>" triggered "shot_hit" (weapon "shotgun_soldier")
L 04/28/2026 - 05:24:25: "QuickScout<84><[U:1:900000012]><Blue>" triggered "damage" against "SoldierBoy<83><[U:1:900000011]><Red>" (damage "17") (weapon "shotgun_soldier")
L 04/28/2026 - 05:24:25: "SoldierBoy<83><[U:1:900000011]><Red>" triggered "shot_fired" (weapon "shotgun_soldier")
L 04/28/2026 - 05:24:25: "SoldierBoy<83><[U:1:900000011]><Red>" triggered "shot_hit" (weapon "shotgun_soldier")
L 04/28/2026 - 05:24:25: "SoldierBoy<83><[U:1:900000011]><Red>" triggered "damage" against "QuickScout<84><[U:1:900000012]><Blue>" (damage "87") (weapon "shotgun_soldier")
L 04/28/2026 - 05:24:26: "QuickScout<84><[U:1:900000012]><Blue>" triggered "shot_fired" (weapon "shotgun_soldier")
L 04/28/2026 - 05:24:26: "QuickScout<84><[U:1:900000012]><Blue>" triggered "shot_hit" (weapon "shotgun_soldier")
L 04/28/2026 - 05:24:26: "QuickScout<84><[U:1:900000012]><Blue>" triggered "damage" against "SoldierBoy<83><[U:1:900000011]><Red>" (damage "9") (weapon "shotgun_soldier")
L 04/28/2026 - 05:24:26: "SoldierBoy<83><[U:1:900000011]><Red>" triggered "shot_fired" (weapon "shotgun_soldier")
L 04/28/2026 - 05:24:26: "SoldierBoy<83><[U:1:900000011]><Red>" triggered "shot_hit" (weapon "shotgun_soldier")
L 04/28/2026 - 05:24:26: "SoldierBoy<83><[U:1:900000011]><Red>" triggered "damage" against "QuickScout<84><[U:1:900000012]><Blue>" (damage "34") (realdamage "2") (weapon "shotgun_soldier")
L 04/28/2026 - 05:24:26: "SoldierBoy<83><[U:1:900000011]><Red>" killed "QuickScout<84><[U:1:900000012]><Blue>" with "shotgun_soldier" (attacker_position "-13739 11606 10569") (victim_position "-13714 11786 10650")
L 04/28/2026 - 05:24:26: "QuickScout<84><[U:1:900000012]><Blue>" spawned as "soldier"
L 04/28/2026 - 05:24:29: "SoldierBoy<83><[U:1:900000011]><Red>" triggered "shot_fired" (weapon "quake_rl")
L 04/28/2026 - 05:24:29: "QuickScout<84><[U:1:900000012]><Blue>" triggered "shot_fired" (weapon "quake_rl")
L 04/28/2026 - 05:24:29: "QuickScout<84><[U:1:900000012]><Blue>" triggered "shot_hit" (weapon "quake_rl")
L 04/28/2026 - 05:24:29: "QuickScout<84><[U:1:900000012]><Blue>" triggered "damage" against "SoldierBoy<83><[U:1:900000011]><Red>" (damage "45") (weapon "quake_rl")
L 04/28/2026 - 05:24:30: "SoldierBoy<83><[U:1:900000011]><Red>" triggered "shot_fired" (weapon "quake_rl")
L 04/28/2026 - 05:24:30: "QuickScout<84><[U:1:900000012]><Blue>" triggered "shot_fired" (weapon "quake_rl")
L 04/28/2026 - 05:24:30: "QuickScout<84><[U:1:900000012]><Blue>" triggered "shot_hit" (weapon "quake_rl")
L 04/28/2026 - 05:24:30: "QuickScout<84><[U:1:900000012]><Blue>" triggered "damage" against "SoldierBoy<83><[U:1:900000011]><Red>" (damage "76") (weapon "quake_rl")
L 04/28/2026 - 05:24:30: "SoldierBoy<83><[U:1:900000011]><Red>" triggered "shot_hit" (weapon "quake_rl")
L 04/28/2026 - 05:24:30: "SoldierBoy<83><[U:1:900000011]><Red>" triggered "damage" against "QuickScout<84><[U:1:900000012]><Blue>" (damage "78") (weapon "quake_rl")
L 04/28/2026 - 05:24:30: "QuickScout<84><[U:1:900000012]><Blue>" triggered "shot_fired" (weapon "quake_rl")
L 04/28/2026 - 05:24:30: "SoldierBoy<83><[U:1:900000011]><Red>" triggered "shot_fired" (weapon "quake_rl")
L 04/28/2026 - 05:24:31: "QuickScout<84><[U:1:900000012]><Blue>" triggered "shot_fired" (weapon "shotgun_soldier")
L 04/28/2026 - 05:24:31: "QuickScout<84><[U:1:900000012]><Blue>" triggered "shot_hit" (weapon "shotgun_soldier")
L 04/28/2026 - 05:24:31: "QuickScout<84><[U:1:900000012]><Blue>" triggered "damage" against "SoldierBoy<83><[U:1:900000011]><Red>" (damage "19") (weapon "shotgun_soldier")
L 04/28/2026 - 05:24:31: "SoldierBoy<83><[U:1:900000011]><Red>" triggered "shot_fired" (weapon "shotgun_soldier")
L 04/28/2026 - 05:24:31: "SoldierBoy<83><[U:1:900000011]><Red>" triggered "shot_hit" (weapon "shotgun_soldier")
L 04/28/2026 - 05:24:31: "SoldierBoy<83><[U:1:900000011]><Red>" triggered "damage" against "QuickScout<84><[U:1:900000012]><Blue>" (damage "29") (weapon "shotgun_soldier")
L 04/28/2026 - 05:24:31: "QuickScout<84><[U:1:900000012]><Blue>" triggered "shot_fired" (weapon "shotgun_soldier")
L 04/28/2026 - 05:24:31: "QuickScout<84><[U:1:900000012]><Blue>" triggered "shot_hit" (weapon "shotgun_soldier")
L 04/28/2026 - 05:24:31: "QuickScout<84><[U:1:900000012]><Blue>" triggered "damage" against "SoldierBoy<83><[U:1:900000011]><Red>" (damage "15") (weapon "shotgun_soldier")
L 04/28/2026 - 05:24:32: "SoldierBoy<83><[U:1:900000011]><Red>" triggered "shot_fired" (weapon "shotgun_soldier")
L 04/28/2026 - 05:24:32: "SoldierBoy<83><[U:1:900000011]><Red>" triggered "shot_hit" (weapon "shotgun_soldier")
L 04/28/2026 - 05:24:32: "SoldierBoy<83><[U:1:900000011]><Red>" triggered "damage" against "QuickScout<84><[U:1:900000012]><Blue>" (damage "14") (weapon "shotgun_soldier")
L 04/28/2026 - 05:24:32: "QuickScout<84><[U:1:900000012]><Blue>" triggered "shot_fired" (weapon "shotgun_soldier")
L 04/28/2026 - 05:24:32: "QuickScout<84><[U:1:900000012]><Blue>" triggered "shot_hit" (weapon "shotgun_soldier")
L 04/28/2026 - 05:24:32: "QuickScout<84><[U:1:900000012]><Blue>" triggered "damage" against "SoldierBoy<83><[U:1:900000011]><Red>" (damage "12") (weapon "shotgun_soldier")
L 04/28/2026 - 05:24:33: "SoldierBoy<83><[U:1:900000011]><Red>" triggered "shot_fired" (weapon "shotgun_soldier")
L 04/28/2026 - 05:24:33: "SoldierBoy<83><[U:1:900000011]><Red>" triggered "shot_hit" (weapon "shotgun_soldier")
L 04/28/2026 - 05:24:33: "SoldierBoy<83><[U:1:900000011]><Red>" triggered "damage" against "QuickScout<84><[U:1:900000012]><Blue>" (damage "28") (weapon "shotgun_soldier")
L 04/28/2026 - 05:24:33: "QuickScout<84><[U:1:900000012]><Blue>" triggered "shot_fired" (weapon "shotgun_soldier")
L 04/28/2026 - 05:24:33: World triggered "mge_elo_delta" (player "[U:1:900000011]") (old_elo "2722") (new_elo "2722")
L 04/28/2026 - 05:24:33: World triggered "mge_elo_delta" (player "[U:1:900000012]") (old_elo "2131") (new_elo "2131")
L 04/28/2026 - 05:24:33: "SoldierBoy<83><[U:1:900000011]><Red>" killed "QuickScout<84><[U:1:900000012]><Blue>" with "world" (attacker_position "-12813 11135 10588") (victim_position "-12592 11796 10414")
L 04/28/2026 - 05:24:33: World triggered "mge_match_end" (winner "[U:1:900000011]") (winner_score "20") (loser_score "6")
