L 04/28/2026 - 05:29:39: World triggered "meta_data" (matchid "2604280529391109") (map "mge_triumph_beta7_rc1") (arena "Badlands Spire 1 [1v1 MGE]") (gamemode "mge") (fraglimit "0")
L 04/28/2026 - 05:29:39: "QuickScout<84><[U:1:900000012]><Red>" changed role to "soldier"
L 04/28/2026 - 05:29:39: "SoldierBoy<85><[U:1:900000011]><Blue>" changed role to "soldier"
L 04/28/2026 - 05:29:41: "SoldierBoy<85><[U:1:900000011]><Blue>" triggered "shot_fired" (weapon "quake_rl")
L 04/28/2026 - 05:29:41: "QuickScout<84><[U:1:900000012]><Red>" triggered "shot_fired" (weapon "quake_rl")
L 04/28/2026 - 05:29:41: "SoldierBoy<85><[U:1:900000011]><Blue>" triggered "shot_hit" (weapon "quake_rl")
L 04/28/2026 - 05:29:41: "SoldierBoy<85><[U:1:900000011]><Blue>" triggered "damage" against "QuickScout<84><[U:1:900000012]><Red>" (damage "94") (weapon "quake_rl")
L 04/28/2026 - 05:29:41: "SoldierBoy<85><[U:1:900000011]><Blue>" triggered "shot_hit" (weapon "quake_rl")
L 04/28/2026 - 05:29:41: "SoldierBoy<85><[U:1:900000011]><Blue>" triggered "damage" against "QuickScout<84><[U:1:900000012]><Red>" (damage "109") (weapon "quake_rl") (airshot "1") (height "373")
L 04/28/2026 - 05:29:42: "SoldierBoy<85><[U:1:900000011]><Blue>" triggered "shot_fired" (weapon "quake_rl")
L 04/28/2026 - 05:29:42: "QuickScout<84><[U:1:900000012]><Red>" triggered "shot_fired" (weapon "quake_rl")
L 04/28/2026 - 05:29:42: "SoldierBoy<85><[U:1:900000011]><Blue>" triggered "shot_fired" (weapon "quake_rl")
L 04/28/2026 - 05:29:44: "QuickScout<84><[U:1:900000012]><Red>" triggered "shot_fired" (weapon "quake_rl")
L 04/28/2026 - 05:29:44: "QuickScout<84><[U:1:900000012]><Red>" triggered "shot_hit" (weapon "quake_rl")
L 04/28/2026 - 05:29:44: "QuickScout<84><[U:1:900000012]><Red>" triggered "damage" against "SoldierBoy<85><[U:1:900000011]><Blue>" (damage "56") (weapon "quake_rl")
L 04/28/2026 - 05:29:44: "QuickScout<84><[U:1:900000012]><Red>" triggered "shot_hit" (weapon "quake_rl")
L 04/28/2026 - 05:29:44: "QuickScout<84><[U:1:900000012]><Red>" triggered "damage" against "SoldierBoy<85><[U:1:900000011]><Blue>" (damage "112") (realdamage "98") (weapon "quake_rl")
L 04/28/2026 - 05:29:44: "QuickScout<84><[U:1:900000012]><Red>" killed "SoldierBoy<85><[U:1:900000011]><Blue>" with "quake_rl" (attacker_position "-8589 11841 10778") (victim_position "-8637 11847 10800")
L 04/28/2026 - 05:29:44: "SoldierBoy<85><[U:1:900000011]><Blue>" spawned as "soldier"
L 04/28/2026 - 05:29:44: "QuickScout<84><[U:1:900000012]><Red>" triggered "shot_fired" (weapon "quake_rl")
L 04/28/2026 - 05:29:47: "QuickScout<84><[U:1:900000012]><Red>" triggered "shot_fired" (weapon "quake_rl")
L 04/28/2026 - 05:29:48: "SoldierBoy<85><[U:1:900000011]><Blue>" triggered "shot_hit" (weapon "quake_rl")
L 04/28/2026 - 05:29:48: "SoldierBoy<85><[U:1:900000011]><Blue>" triggered "damage" against "QuickScout<84><[U:1:900000012]><Red>" (damage "60") (weapon "quake_rl")
L 04/28/2026 - 05:29:48: "SoldierBoy<85><[U:1:900000011]><Blue>" triggered "shot_fired" (weapon "quake_rl")
L 04/28/2026 - 05:29:49: "QuickScout<84><[U:1:900000012]><Red>" triggered "shot_fired" (weapon "quake_rl")
L 04/28/2026 - 05:29:49: "QuickScout<84><[U:1:900000012]><Red>" triggered "shot_hit" (weapon "quake_rl")
L 04/28/2026 - 05:29:49: "QuickScout<84><[U:1:900000012]><Red>" triggered "damage" against "SoldierBoy<85><[U:1:900000011]><Blue>" (damage "52") (weapon "quake_rl")
L 04/28/2026 - 05:29:51: "SoldierBoy<85><[U:1:900000011]><Blue>" triggered "shot_fired" (weapon "quake_rl")
L 04/28/2026 - 05:29:51: "SoldierBoy<85><[U:1:900000011]><Blue>" triggered "shot_hit" (weapon "quake_rl")
L 04/28/2026 - 05:29:51: "SoldierBoy<85><[U:1:900000011]><Blue>" triggered "damage" against "QuickScout<84><[U:1:900000012]><Red>" (damage "94") (realdamage "76") (weapon "quake_rl")
L 04/28/2026 - 05:29:51: "SoldierBoy<85><[U:1:900000011]><Blue>" killed "QuickScout<84><[U:1:900000012]><Red>" with "quake_rl" (attacker_position "-8611 11517 10677") (victim_position "-8278 11445 10364")
L 04/28/2026 - 05:29:51: "QuickScout<84><[U:1:900000012]><Red>" spawned as "soldier"
L 04/28/2026 - 05:29:53: "QuickScout<84><[U:1:900000012]><Red>" triggered "shot_fired" (weapon "quake_rl")
L 04/28/2026 - 05:29:53: "SoldierBoy<85><[U:1:900000011]><Blue>" triggered "shot_fired" (weapon "quake_rl")
L 04/28/2026 - 05:29:53: "QuickScout<84><[U:1:900000012]><Red>" triggered "shot_hit" (weapon "quake_rl")
L 04/28/2026 - 05:29:53: "QuickScout<84><[U:1:900000012]><Red>" triggered "damage" against "SoldierBoy<85><[U:1:900000011]><Blue>" (damage "55") (weapon "quake_rl")
L 04/28/2026 - 05:29:54: "QuickScout<84><[U:1:900000012]><Red>" triggered "shot_hit" (weapon "quake_rl")
L 04/28/2026 - 05:29:54: "QuickScout<84><[U:1:900000012]><Red>" triggered "damage" against "SoldierBoy<85><[U:1:900000011]><Blue>" (damage "65") (weapon "quake_rl")
L 04/28/2026 - 05:29:54: "QuickScout<84><[U:1:900000012]><Red>" triggered "shot_fired" (weapon "quake_rl")
L 04/28/2026 - 05:29:54: "SoldierBoy<85><[U:1:900000011]><Blue>" triggered "shot_fired" (weapon "quake_rl")
L 04/28/2026 - 05:29:55: "SoldierBoy<85><[U:1:900000011]><Blue>" triggered "shot_fired" (weapon "quake_rl")
L 04/28/2026 - 05:29:58: "QuickScout<84><[U:1:900000012]><Red>" triggered "shot_fired" (weapon "quake_rl")
L 04/28/2026 - 05:29:59: "QuickScout<84><[U:1:900000012]><Red>" triggered "shot_hit" (weapon "quake_rl")
L 04/28/2026 - 05:29:59: "QuickScout<84><[U:1:900000012]><Red>" triggered "damage" against "SoldierBoy<85><[U:1:900000011]><Blue>" (damage "98") (realdamage "93") (weapon "quake_rl") (airshot "1") (height "290")
L 04/28/2026 - 05:29:59: "QuickScout<84><[U:1:900000012]><Red>" killed "SoldierBoy<85><[U:1:900000011]><Blue>" with "quake_rl" (attacker_position "-8886 11828 10736") (victim_position "-8633 11733 11034")
L 04/28/2026 - 05:29:59: "SoldierBoy<85><[U:1:900000011]><Blue>" spawned as "soldier"
L 04/28/2026 - 05:30:01: "SoldierBoy<85><[U:1:900000011]><Blue>" triggered "shot_fired" (weapon "quake_rl")
L 04/28/2026 - 05:30:01: "QuickScout<84><[U:1:900000012]><Red>" triggered "shot_fired" (weapon "quake_rl")
L 04/28/2026 - 05:30:01: "SoldierBoy<85><[U:1:900000011]><Blue>" triggered "shot_hit" (weapon "quake_rl")
L 04/28/2026 - 05:30:01: "SoldierBoy<85><[U:1:900000011]><Blue>" triggered "damage" against "QuickScout<84><[U:1:900000012]><Red>" (damage "79") (weapon "quake_rl")
L 04/28/2026 - 05:30:02: "SoldierBoy<85><[U:1:900000011]><Blue>" triggered "shot_fired" (weapon "quake_rl")
L 04/28/2026 - 05:30:02: "QuickScout<84><[U:1:900000012]><Red>" triggered "shot_fired" (weapon "quake_rl")
L 04/28/2026 - 05:30:02: "QuickScout<84><[U:1:900000012]><Red>" triggered "shot_hit" (weapon "quake_rl")
L 04/28/2026 - 05:30:02: "QuickScout<84><[U:1:900000012]><Red>" triggered "damage" against "SoldierBoy<85><[U:1:900000011]><Blue>" (damage "81") (weapon "quake_rl")
L 04/28/2026 - 05:30:02: "SoldierBoy<85><[U:1:900000011]><Blue>" triggered "shot_hit" (weapon "quake_rl")
L 04/28/2026 - 05:30:02: "SoldierBoy<85><[U:1:900000011]><Blue>" triggered "damage" against "QuickScout<84><[U:1:900000012]><Red>" (damage "110") (weapon "quake_rl") (airshot "1") (height "226")
L 04/28/2026 - 05:30:02: "SoldierBoy<85><[U:1:900000011]><Blue>" triggered "shot_fired" (weapon "quake_rl")
L 04/28/2026 - 05:30:02: "QuickScout<84><[U:1:900000012]><Red>" triggered "shot_fired" (weapon "quake_rl")
L 04/28/2026 - 05:30:04: "QuickScout<84><[U:1:900000012]><Red>" triggered "shot_fired" (weapon "quake_rl")
L 04/28/2026 - 05:30:04: "QuickScout<84><[U:1:900000012]><Red>" triggered "shot_fired" (weapon "shotgun_soldier")
L 04/28/2026 - 05:30:04: "QuickScout<84><[U:1:900000012]><Red>" triggered "shot_hit" (weapon "shotgun_soldier")
L 04/28/2026 - 05:30:04: "QuickScout<84><[U:1:900000012]><Red>" triggered "damage" against "SoldierBoy<85><[U:1:900000011]><Blue>" (damage "65") (weapon "shotgun_soldier")
L 04/28/2026 - 05:30:05: "SoldierBoy<85><[U:1:900000011]><Blue>" triggered "shot_hit" (weapon "quake_rl")
L 04/28/2026 - 05:30:05: "SoldierBoy<85><[U:1:900000011]><Blue>" triggered "damage" against "QuickScout<84><[U:1:900000012]><Red>" (damage "97") (realdamage "50") (weapon "quake_rl")
L 04/28/2026 - 05:30:05: "SoldierBoy<85><[U:1:900000011]><Blue>" killed "QuickScout<84><[U:1:900000012]><Red>" with "quake_rl" (attacker_position "-8940 11830 10526") (victim_position "-8894 11699 10533")
L 04/28/2026 - 05:30:05: "SoldierBoy<85><[U:1:900000011]><Blue>" triggered "shot_fired" (weapon "quake_rl")
L 04/28/2026 - 05:30:05: "QuickScout<84><[U:1:900000012]><Red>" spawned as "soldier"
L 04/28/2026 - 05:30:07: "QuickScout<84><[U:1:900000012]><Red>" triggered "shot_fired" (weapon "quake_rl")
L 04/28/2026 - 05:30:08: "SoldierBoy<85><[U:1:900000011]><Blue>" triggered "shot_fired" (weapon "quake_rl")
L 04/28/2026 - 05:30:08: "QuickScout<84><[U:1:900000012]><Red>" triggered "shot_hit" (weapon "quake_rl")
L 04/28/2026 - 05:30:08: "QuickScout<84><[U:1:900000012]><Red>" triggered "damage" against "SoldierBoy<85><[U:1:900000011]><Blue>" (damage "99") (weapon "quake_rl")
L 04/28/2026 - 05:30:08: "QuickScout<84><[U:1:900000012]><Red>" triggered "shot_fired" (weapon "quake_rl")
L 04/28/2026 - 05:30:08: "QuickScout<84><[U:1:900000012]><Red>" triggered "shot_hit" (weapon "quake_rl")
L 04/28/2026 - 05:30:08: "QuickScout<84><[U:1:900000012]><Red>" triggered "damage" against "SoldierBoy<85><[U:1:900000011]><Blue>" (damage "77") (weapon "quake_rl")
L 04/28/2026 - 05:30:09: "SoldierBoy<85><[U:1:900000011]><Blue>" triggered "shot_hit" (weapon "quake_rl")
L 04/28/2026 - 05:30:09: "SoldierBoy<85><[U:1:900000011]><Blue>" triggered "damage" against "QuickScout<84><[U:1:900000012]><Red>" (damage "90") (weapon "quake_rl")
L 04/28/2026 - 05:30:09: "SoldierBoy<85><[U:1:900000011]><Blue>" triggered "shot_fired" (weapon "quake_rl")
L 04/28/2026 - 05:30:09: "QuickScout<84><[U:1:900000012]><Red>" triggered "shot_fired" (weapon "quake_rl")
L 04/28/2026 - 05:30:09: "SoldierBoy<85><[U:1:900000011]><Blue>" triggered "shot_fired" (weapon "quake_rl")
L 04/28/2026 - 05:30:09: "SoldierBoy<85><[U:1:900000011]><Blue>" triggered "shot_hit" (weapon "quake_rl")
L 04/28/2026 - 05:30:09: "SoldierBoy<85><[U:1:900000011]><Blue>" triggered "damage" against "QuickScout<84><[U:1:900000012]><Red>" (damage "104") (weapon "quake_rl") (airshot "1") (height "378")
L 04/28/2026 - 05:30:10: "QuickScout<84><[U:1:900000012]><Red>" triggered "shot_fired" (weapon "shotgun_soldier")
L 04/28/2026 - 05:30:10: "QuickScout<84><[U:1:900000012]><Red>" triggered "shot_hit" (weapon "shotgun_soldier")
L 04/28/2026 - 05:30:10: "QuickScout<84><[U:1:900000012]><Red>" triggered "damage" against "SoldierBoy<85><[U:1:900000011]><Blue>" (damage "29") (weapon "shotgun_soldier")
L 04/28/2026 - 05:30:10: "SoldierBoy<85><[U:1:900000011]><Blue>" triggered "shot_fired" (weapon "shotgun_soldier")
L 04/28/2026 - 05:30:10: "SoldierBoy<85><[U:1:900000011]><Blue>" killed "QuickScout<84><[U:1:900000012]><Red>" with "world" (attacker_position "-8698 11771 10743") (victim_position "-8357 12004 10459")
L 04/28/2026 - 05:30:11: "QuickScout<84><[U:1:900000012]><Red>" spawned as "soldier"
L 04/28/2026 - 05:30:13: "SoldierBoy<85><[U:1:900000011]><Blue>" triggered "shot_fired" (weapon "quake_rl")
L 04/28/2026 - 05:30:13: "QuickScout<84><[U:1:900000012]><Red>" triggered "shot_fired" (weapon "quake_rl")
L 04/28/2026 - 05:30:13: "QuickScout<84><[U:1:900000012]><Red>" triggered "shot_fired" (weapon "quake_rl")
L 04/28/2026 - 05:30:13: "QuickScout<84><[U:1:900000012]><Red>" triggered "shot_hit" (weapon "quake_rl")
L 04/28/2026 - 05:30:13: "QuickScout<84><[U:1:900000012]><Red>" triggered "damage" against "SoldierBoy<85><[U:1:900000011]><Blue>" (damage "55") (weapon "quake_rl")
L 04/28/2026 - 05:30:14: "SoldierBoy<85><[U:1:900000011]><Blue>" triggered "shot_hit" (weapon "quake_rl")
L 04/28/2026 - 05:30:14: "SoldierBoy<85><[U:1:900000011]><Blue>" triggered "damage" against "QuickScout<84><[U:1:900000012]><Red>" (damage "61") (weapon "quake_rl")
L 04/28/2026 - 05:30:14: "SoldierBoy<85><[U:1:900000011]><Blue>" triggered "shot_fired" (weapon "quake_rl")
L 04/28/2026 - 05:30:14: "QuickScout<84><[U:1:900000012]><Red>" triggered "shot_fired" (weapon "quake_rl")
L 04/28/2026 - 05:30:14: "QuickScout<84><[U:1:900000012]><Red>" triggered "shot_hit" (weapon "quake_rl")
L 04/28/2026 - 05:30:14: "QuickScout<84><[U:1:900000012]><Red>" triggered "damage" against "SoldierBoy<85><[U:1:900000011]><Blue>" (damage "101") (weapon "quake_rl")
L 04/28/2026 - 05:30:14: "SoldierBoy<85><[U:1:900000011]><Blue>" triggered "shot_fired" (weapon "quake_rl")
L 04/28/2026 - 05:30:14: "SoldierBoy<85><[U:1:900000011]><Blue>" triggered "shot_hit" (weapon "quake_rl")
L 04/28/2026 - 05:30:14: "SoldierBoy<85><[U:1:900000011]><Blue>" triggered "damage" against "QuickScout<84><[U:1:900000012]><Red>" (damage "51") (weapon "quake_rl")
L 04/28/2026 - 05:30:16: "QuickScout<84><[U:1:900000012]><Red>" triggered "shot_fired" (weapon "quake_rl")
L 04/28/2026 - 05:30:16: "QuickScout<84><[U:1:900000012]><Red>" triggered "shot_hit" (weapon "quake_rl")
L 04/28/2026 - 05:30:16: "QuickScout<84><[U:1:900000012]><Red>" triggered "damage" against "SoldierBoy<85><[U:1:900000011]><Blue>" (damage "52") (weapon "quake_rl")
L 04/28/2026 - 05:30:17: "SoldierBoy<85><[U:1:900000011]><Blue>" triggered "shot_fired" (weapon "quake_rl")
L 04/28/2026 - 05:30:17: "QuickScout<84><[U:1:900000012]><Red>" triggered "shot_fired" (weapon "shotgun_soldier")
L 04/28/2026 - 05:30:17: "SoldierBoy<85><[U:1:900000011]><Blue>" triggered "shot_fired" (weapon "shotgun_soldier")
L 04/28/2026 - 05:30:17: "SoldierBoy<85><[U:1:900000011]><Blue>" triggered "shot_hit" (weapon "shotgun_soldier")
L 04/28/2026 - 05:30:17: "SoldierBoy<85><[U:1:900000011]><Blue>" triggered "damage" against "QuickScout<84><[U:1:900000012]><Red>" (damage "11") (weapon "shotgun_soldier")
L 04/28/2026 - 05:30:18: "QuickScout<84><[U:1:900000012]><Red>" triggered "shot_fired" (weapon "shotgun_soldier")
L 04/28/2026 - 05:30:18: "QuickScout<84><[U:1:900000012]><Red>" triggered "shot_hit" (weapon "shotgun_soldier")
L 04/28/2026 - 05:30:18: "QuickScout<84><[U:1:900000012]><Red>" triggered "damage" against "SoldierBoy<85><[U:1:900000011]><Blue>" (damage "7") (weapon "shotgun_soldier")
L 04/28/2026 - 05:30:18: "SoldierBoy<85><[U:1:900000011]><Blue>" triggered "shot_fired" (weapon "quake_rl")
L 04/28/2026 - 05:30:19: "QuickScout<84><[U:1:900000012]><Red>" triggered "shot_fired" (weapon "shotgun_soldier")
L 04/28/2026 - 05:30:19: "SoldierBoy<85><[U:1:900000011]><Blue>" triggered "shot_hit" (weapon "quake_rl")
L 04/28/2026 - 05:30:19: "SoldierBoy<85><[U:1:900000011]><Blue>" triggered "damage" against "QuickScout<84><[U:1:900000012]><Red>" (damage "36") (weapon "quake_rl")
L 04/28/2026 - 05:30:19: "SoldierBoy<85><[U:1:900000011]><Blue>" triggered "shot_fired" (weapon "shotgun_soldier")
L 04/28/2026 - 05:30:19: "SoldierBoy<85><[U:1:900000011]><Blue>" triggered "shot_hit" (weapon "shotgun_soldier")
L 04/28/2026 - 05:30:19: "SoldierBoy<85><[U:1:900000011]><Blue>" triggered "damage" against "QuickScout<84><[U:1:900000012]><Red>" (damage "13") (weapon "shotgun_soldier")
L 04/28/2026 - 05:30:19: "QuickScout<84><[U:1:900000012]><Red>" triggered "shot_fired" (weapon "shotgun_soldier")
L 04/28/2026 - 05:30:20: "SoldierBoy<85><[U:1:900000011]><Blue>" triggered "shot_fired" (weapon "shotgun_soldier")
L 04/28/2026 - 05:30:20: "SoldierBoy<85><[U:1:900000011]><Blue>" triggered "shot_hit" (weapon "shotgun_soldier")
L 04/28/2026 - 05:30:20: "SoldierBoy<85><[U:1:900000011]><Blue>" triggered "damage" against "QuickScout<84><[U:1:900000012]><Red>" (damage "10") (realdamage "4") (weapon "shotgun_soldier")
L 04/28/2026 - 05:30:20: "SoldierBoy<85><[U:1:900000011]><Blue>" killed "QuickScout<84><[U:1:900000012]><Red>" with "shotgun_soldier" (attacker_position "-9379 11846 10336") (victim_position "-8857 12137 10231")
L 04/28/2026 - 05:30:20: "QuickScout<84><[U:1:900000012]><Red>" spawned as "soldier"
L 04/28/2026 - 05:30:22: "SoldierBoy<85><[U:1:900000011]><Blue>" triggered "shot_fired" (weapon "quake_rl")
L 04/28/2026 - 05:30:22: "QuickScout<84><[U:1:900000012]><Red>" triggered "shot_fired" (weapon "quake_rl")
L 04/28/2026 - 05:30:23: "SoldierBoy<85><[U:1:900000011]><Blue>" triggered "shot_fired" (weapon "quake_rl")
L 04/28/2026 - 05:30:23: "QuickScout<84><[U:1:900000012]><Red>" triggered "shot_fired" (weapon "quake_rl")
L 04/28/2026 - 05:30:23: "QuickScout<84><[U:1:900000012]><Red>" triggered "shot_hit" (weapon "quake_rl")
L 04/28/2026 - 05:30:23: "QuickScout<84><[U:1:900000012]><Red>" triggered "damage" against "SoldierBoy<85><[U:1:900000011]><Blue>" (damage "109") (weapon "quake_rl")
L 04/28/2026 - 05:30:23: "SoldierBoy<85><[U:1:900000011]><Blue>" triggered "shot_hit" (weapon "quake_rl")
L 04/28/2026 - 05:30:23: "SoldierBoy<85><[U:1:900000011]><Blue>" triggered "damage" against "QuickScout<84><[U:1:900000012]><Red>" (damage "96") (weapon "quake_rl")
L 04/28/2026 - 05:30:23: "QuickScout<84><[U:1:900000012]><Red>" triggered "shot_hit" (weapon "quake_rl")
L 04/28/2026 - 05:30:23: "QuickScout<84><[U:1:900000012]><Red>" triggered "damage" against "SoldierBoy<85><[U:1:900000011]><Blue>" (damage "77") (weapon "quake_rl")
L 04/28/2026 - 05:30:24: "SoldierBoy<85><[U:1:900000011]><Blue>" triggered "shot_fired" (weapon "quake_rl")
L 04/28/2026 - 05:30:24: "QuickScout<84><[U:1:900000012]><Red>" triggered "shot_fired" (weapon "quake_rl")
L 04/28/2026 - 05:30:24: "QuickScout<84><[U:1:900000012]><Red>" triggered "shot_fired" (weapon "shotgun_soldier")
L 04/28/2026 - 05:30:24: "QuickScout<84><[U:1:900000012]><Red>" triggered "shot_hit" (weapon "shotgun_soldier")
L 04/28/2026 - 05:30:24: "QuickScout<84><[U:1:900000012]><Red>" triggered "damage" against "SoldierBoy<85><[U:1:900000011]><Blue>" (damage "51") (realdamage "2") (weapon "shotgun_soldier")
L 04/28/2026 - 05:30:24: "QuickScout<84><[U:1:900000012]><Red>" killed "SoldierBoy<85><[U:1:900000011]><Blue>" with "shotgun_soldier" (attacker_position "-8623 11895 11379") (victim_position "-8381 12046 11611")
L 04/28/2026 - 05:30:24: "SoldierBoy<85><[U:1:900000011]><Blue>" spawned as "soldier"
L 04/28/2026 - 05:30:26: "QuickScout<84><[U:1:900000012]><Red>" triggered "shot_fired" (weapon "quake_rl")
L 04/28/2026 - 05:30:26: "SoldierBoy<85><[U:1:900000011]><Blue>" triggered "shot_fired" (weapon "quake_rl")
L 04/28/2026 - 05:30:27: "SoldierBoy<85><[U:1:900000011]><Blue>" triggered "shot_hit" (weapon "quake_rl")
L 04/28/2026 - 05:30:27: "SoldierBoy<85><[U:1:900000011]><Blue>" triggered "damage" against "QuickScout<84><[U:1:900000012]><Red>" (damage "41") (weapon "quake_rl")
L 04/28/2026 - 05:30:27: "QuickScout<84><[U:1:900000012]><Red>" triggered "shot_fired" (weapon "quake_rl")
L 04/28/2026 - 05:30:27: "SoldierBoy<85><[U:1:900000011]><Blue>" triggered "shot_fired" (weapon "quake_rl")
L 04/28/2026 - 05:30:28: "QuickScout<84><[U:1:900000012]><Red>" triggered "shot_fired" (weapon "quake_rl")
L 04/28/2026 - 05:30:28: "SoldierBoy<85><[U:1:900000011]><Blue>" triggered "shot_fired" (weapon "quake_rl")
L 04/28/2026 - 05:30:29: "SoldierBoy<85><[U:1:900000011]><Blue>" triggered "shot_hit" (weapon "quake_rl")
L 04/28/2026 - 05:30:29: "SoldierBoy<85><[U:1:900000011]><Blue>" triggered "damage" against "QuickScout<84><[U:1:900000012]><Red>" (damage "84") (weapon "quake_rl")
L 04/28/2026 - 05:30:29: "SoldierBoy<85><[U:1:900000011]><Blue>" triggered "shot_fired" (weapon "shotgun_soldier")
L 04/28/2026 - 05:30:29: "SoldierBoy<85><[U:1:900000011]><Blue>" triggered "shot_hit" (weapon "shotgun_soldier")
L 04/28/2026 - 05:30:29: "SoldierBoy<85><[U:1:900000011]><Blue>" triggered "damage" against "QuickScout<84><[U:1:900000012]><Red>" (damage "89") (weapon "shotgun_soldier")
L 04/28/2026 - 05:30:29: "QuickScout<84><[U:1:900000012]><Red>" triggered "shot_hit" (weapon "quake_rl")
L 04/28/2026 - 05:30:29: "QuickScout<84><[U:1:900000012]><Red>" triggered "damage" against "SoldierBoy<85><[U:1:900000011]><Blue>" (damage "111") (weapon "quake_rl")
L 04/28/2026 - 05:30:29: "SoldierBoy<85><[U:1:900000011]><Blue>" killed "QuickScout<84><[U:1:900000012]><Red>" with "world" (attacker_position "-8514 11620 10694") (victim_position "-8417 11577 10672")
L 04/28/2026 - 05:30:29: "QuickScout<84><[U:1:900000012]><Red>" triggered "shot_fired" (weapon "quake_rl")
L 04/28/2026 - 05:30:29: "QuickScout<84><[U:1:900000012]><Red>" spawned as "soldier"
L 04/28/2026 - 05:30:31: "SoldierBoy<85><[U:1:900000011]><Blue>" triggered "shot_fired" (weapon "quake_rl")
L 04/28/2026 - 05:30:31: "QuickScout<84><[U:1:900000012]><Red>" triggered "shot_fired" (weapon "quake_rl")
L 04/28/2026 - 05:30:32: "QuickScout<84><[U:1:900000012]><Red>" triggered "shot_hit" (weapon "quake_rl")
L 04/28/2026 - 05:30:32: "QuickScout<84><[U:1:900000012]><Red>" triggered "damage" against "SoldierBoy<85><[U:1:900000011]><Blue>" (damage "50") (weapon "quake_rl")
L 04/28/2026 - 05:30:32: "QuickScout<84><[U:1:900000012]><Red>" triggered "shot_fired" (weapon "quake_rl")
L 04/28/2026 - 05:30:32: "QuickScout<84><[U:1:900000012]><Red>" triggered "shot_hit" (weapon "quake_rl")
L 04/28/2026 - 05:30:32: "QuickScout<84><[U:1:900000012]><Red>" triggered "damage" against "SoldierBoy<85><[U:1:900000011]><Blue>" (damage "77") (weapon "quake_rl")
L 04/28/2026 - 05:30:33: "SoldierBoy<85><[U:1:900000011]><Blue>" triggered "shot_fired" (weapon "quake_rl")
L 04/28/2026 - 05:30:33: "QuickScout<84><[U:1:900000012]><Red>" triggered "shot_fired" (weapon "quake_rl")
L 04/28/2026 - 05:30:33: "SoldierBoy<85><[U:1:900000011]><Blue>" triggered "shot_fired" (weapon "quake_rl")
L 04/28/2026 - 05:30:34: "SoldierBoy<85><[U:1:900000011]><Blue>" triggered "shot_hit" (weapon "quake_rl")
L 04/28/2026 - 05:30:34: "SoldierBoy<85><[U:1:900000011]><Blue>" triggered "damage" against "QuickScout<84><[U:1:900000012]><Red>" (damage "64") (weapon "quake_rl")
L 04/28/2026 - 05:30:34: "QuickScout<84><[U:1:900000012]><Red>" triggered "shot_fired" (weapon "shotgun_soldier")
L 04/28/2026 - 05:30:34: "QuickScout<84><[U:1:900000012]><Red>" triggered "shot_hit" (weapon "shotgun_soldier")
L 04/28/2026 - 05:30:34: "QuickScout<84><[U:1:900000012]><Red>" triggered "damage" against "SoldierBoy<85><[U:1:900000011]><Blue>" (damage "23") (weapon "shotgun_soldier")
L 04/28/2026 - 05:30:34: "SoldierBoy<85><[U:1:900000011]><Blue>" triggered "shot_fired" (weapon "quake_rl")
L 04/28/2026 - 05:30:34: "SoldierBoy<85><[U:1:900000011]><Blue>" triggered "shot_hit" (weapon "quake_rl")
L 04/28/2026 - 05:30:34: "SoldierBoy<85><[U:1:900000011]><Blue>" triggered "damage" against "QuickScout<84><[U:1:900000012]><Red>" (damage "107") (weapon "quake_rl")
L 04/28/2026 - 05:30:36: "QuickScout<84><[U:1:900000012]><Red>" triggered "shot_fired" (weapon "shotgun_soldier")
L 04/28/2026 - 05:30:36: "QuickScout<84><[U:1:900000012]><Red>" triggered "shot_hit" (weapon "shotgun_soldier")
L 04/28/2026 - 05:30:36: "QuickScout<84><[U:1:900000012]><Red>" triggered "damage" against "SoldierBoy<85><[U:1:900000011]><Blue>" (damage "6") (weapon "shotgun_soldier")
L 04/28/2026 - 05:30:36: "QuickScout<84><[U:1:900000012]><Red>" triggered "damage" against "SoldierBoy<85><[U:1:900000011]><Blue>" (damage "6") (weapon "shotgun_soldier")
L 04/28/2026 - 05:30:37: "SoldierBoy<85><[U:1:900000011]><Blue>" triggered "shot_fired" (weapon "shotgun_soldier")
L 04/28/2026 - 05:30:37: "QuickScout<84><[U:1:900000012]><Red>" triggered "shot_fired" (weapon "shotgun_soldier")
L 04/28/2026 - 05:30:37: "QuickScout<84><[U:1:900000012]><Red>" triggered "shot_hit" (weapon "shotgun_soldier")
L 04/28/2026 - 05:30:37: "QuickScout<84><[U:1:900000012]><Red>" triggered "damage" against "SoldierBoy<85><[U:1:900000011]><Blue>" (damage "31") (weapon "shotgun_soldier")
L 04/28/2026 - 05:30:38: "SoldierBoy<85><[U:1:900000011]><Blue>" triggered "shot_fired" (weapon "shotgun_soldier")
L 04/28/2026 - 05:30:38: "SoldierBoy<85><[U:1:900000011]><Blue>" triggered "shot_hit" (weapon "shotgun_soldier")
L 04/28/2026 - 05:30:38: "SoldierBoy<85><[U:1:900000011]><Blue>" triggered "damage" against "QuickScout<84><[U:1:900000012]><Red>" (damage "23") (weapon "shotgun_soldier")
L 04/28/2026 - 05:30:38: "QuickScout<84><[U:1:900000012]><Red>" triggered "shot_fired" (weapon "shotgun_soldier")
L 04/28/2026 - 05:30:38: "QuickScout<84><[U:1:900000012]><Red>" triggered "shot_hit" (weapon "shotgun_soldier")
L 04/28/2026 - 05:30:38: "QuickScout<84><[U:1:900000012]><Red>" triggered "damage" against "SoldierBoy<85><[U:1:900000011]><Blue>" (damage "15") (weapon "shotgun_soldier")
L 04/28/2026 - 05:30:38: "SoldierBoy<85><[U:1:900000011]><Blue>" triggered "shot_fired" (weapon "shotgun_soldier")
L 04/28/2026 - 05:30:38: "SoldierBoy<85><[U:1:900000011]><Blue>" triggered "shot_hit" (weapon "shotgun_soldier")
L 04/28/2026 - 05:30:38: "SoldierBoy<85><[U:1:900000011]><Blue>" triggered "damage" against "QuickScout<84><[U:1:900000012]><Red>" (damage "35") (realdamage "6") (weapon "shotgun_soldier")
L 04/28/2026 - 05:30:38: "SoldierBoy<85><[U:1:900000011]><Blue>" killed "QuickScout<84><[U:1:900000012]><Red>" with "shotgun_soldier" (attacker_position "-8563 11584 10676") (victim_position "-8832 11864 10736")
L 04/28/2026 - 05:30:38: "QuickScout<84><[U:1:900000012]><Red>" spawned as "soldier"
L 04/28/2026 - 05:30:40: "SoldierBoy<85><[U:1:900000011]><Blue>" triggered "shot_fired" (weapon "quake_rl")
L 04/28/2026 - 05:30:41: "QuickScout<84><[U:1:900000012]><Red>" triggered "shot_fired" (weapon "quake_rl")
L 04/28/2026 - 05:30:42: "SoldierBoy<85><[U:1:900000011]><Blue>" triggered "shot_fired" (weapon "quake_rl")
L 04/28/2026 - 05:30:42: "SoldierBoy<85><[U:1:900000011]><Blue>" triggered "shot_hit" (weapon "quake_rl")
L 04/28/2026 - 05:30:42: "SoldierBoy<85><[U:1:900000011]><Blue>" triggered "damage" against "QuickScout<84><[U:1:900000012]><Red>" (damage "80") (weapon "quake_rl")
L 04/28/2026 - 05:30:42: "QuickScout<84><[U:1:900000012]><Red>" triggered "shot_fired" (weapon "quake_rl")
L 04/28/2026 - 05:30:42: "QuickScout<84><[U:1:900000012]><Red>" triggered "shot_hit" (weapon "quake_rl")
L 04/28/2026 - 05:30:42: "QuickScout<84><[U:1:900000012]><Red>" triggered "damage" against "SoldierBoy<85><[U:1:900000011]><Blue>" (damage "59") (weapon "quake_rl")
L 04/28/2026 - 05:30:42: "SoldierBoy<85><[U:1:900000011]><Blue>" triggered "shot_fired" (weapon "quake_rl")
L 04/28/2026 - 05:30:42: "SoldierBoy<85><[U:1:900000011]><Blue>" triggered "shot_hit" (weapon "quake_rl")
L 04/28/2026 - 05:30:42: "SoldierBoy<85><[U:1:900000011]><Blue>" triggered "damage" against "QuickScout<84><[U:1:900000012]><Red>" (damage "78") (weapon "quake_rl")
L 04/28/2026 - 05:30:43: "QuickScout<84><[U:1:900000012]><Red>" triggered "shot_fired" (weapon "quake_rl")
L 04/28/2026 - 05:30:43: "QuickScout<84><[U:1:900000012]><Red>" triggered "shot_hit" (weapon "quake_rl")
L 04/28/2026 - 05:30:43: "QuickScout<84><[U:1:900000012]><Red>" triggered "damage" against "SoldierBoy<85><[U:1:900000011]><Blue>" (damage "105") (weapon "quake_rl")
L 04/28/2026 - 05:30:43: "SoldierBoy<85><[U:1:900000011]><Blue>" triggered "shot_fired" (weapon "quake_rl")
L 04/28/2026 - 05:30:43: "SoldierBoy<85><[U:1:900000011]><Blue>" triggered "shot_hit" (weapon "quake_rl")
L 04/28/2026 - 05:30:43: "SoldierBoy<85><[U:1:900000011]><Blue>" triggered "damage" against "QuickScout<84><[U:1:900000012]><Red>" (damage "80") (realdamage "72") (weapon "quake_rl")
L 04/28/2026 - 05:30:43: "SoldierBoy<85><[U:1:900000011]><Blue>" killed "QuickScout<84><[U:1:900000012]><Red>" with "quake_rl" (attacker_position "-8479 11520 10669") (victim_position "-8726 11461 10656")
L 04/28/2026 - 05:30:43: "QuickScout<84><[U:1:900000012]><Red>" spawned as "soldier"
L 04/28/2026 - 05:30:45: "SoldierBoy<85><[U:1:900000011]><Blue>" triggered "shot_fired" (weapon "quake_rl")
L 04/28/2026 - 05:30:46: "QuickScout<84><[U:1:900000012]><Red>" triggered "shot_fired" (weapon "quake_rl")
L 04/28/2026 - 05:30:46: "QuickScout<84><[U:1:900000012]><Red>" triggered "shot_hit" (weapon "quake_rl")
L 04/28/2026 - 05:30:46: "QuickScout<84><[U:1:900000012]><Red>" triggered "damage" against "SoldierBoy<85><[U:1:900000011]><Blue>" (damage "79") (weapon "quake_rl")
L 04/28/2026 - 05:30:46: "SoldierBoy<85><[U:1:900000011]><Blue>" triggered "shot_fired" (weapon "quake_rl")
L 04/28/2026 - 05:30:46: "QuickScout<84><[U:1:900000012]><Red>" triggered "shot_fired" (weapon "quake_rl")
L 04/28/2026 - 05:30:47: "SoldierBoy<85><[U:1:900000011]><Blue>" triggered "shot_fired" (weapon "quake_rl")
L 04/28/2026 - 05:30:47: "QuickScout<84><[U:1:900000012]><Red>" triggered "shot_fired" (weapon "quake_rl")
L 04/28/2026 - 05:30:47: "QuickScout<84><[U:1:900000012]><Red>" triggered "shot_hit" (weapon "quake_rl")
L 04/28/2026 - 05:30:47: "QuickScout<84><[U:1:900000012]><Red>" triggered "damage" against "SoldierBoy<85><[U:1:900000011]><Blue>" (damage "104") (weapon "quake_rl")
L 04/28/2026 - 05:30:47: "SoldierBoy<85><[U:1:900000011]><Blue>" triggered "shot_hit" (weapon "quake_rl")
L 04/28/2026 - 05:30:47: "SoldierBoy<85><[U:1:900000011]><Blue>" triggered "damage" against "QuickScout<84><[U:1:900000012]><Red>" (damage "81") (weapon "quake_rl")
L 04/28/2026 - 05:30:48: "SoldierBoy<85><[U:1:900000011]><Blue>" triggered "shot_fired" (weapon "shotgun_soldier")
L 04/28/2026 - 05:30:48: "SoldierBoy<85><[U:1:900000011]><Blue>" triggered "shot_hit" (weapon "shotgun_soldier")
L 04/28/2026 - 05:30:48: "SoldierBoy<85><[U:1:900000011]><Blue>" triggered "damage" against "QuickScout<84><[U:1:900000012]><Red>" (damage "47") (weapon "shotgun_soldier")
L 04/28/2026 - 05:30:48: "QuickScout<84><[U:1:900000012]><Red>" triggered "shot_fired" (weapon "shotgun_soldier")
L 04/28/2026 - 05:30:49: "SoldierBoy<85><[U:1:900000011]><Blue>" triggered "shot_fired" (weapon "shotgun_soldier")
L 04/28/2026 - 05:30:49: "SoldierBoy<85><[U:1:900000011]><Blue>" triggered "shot_hit" (weapon "shotgun_soldier")
L 04/28/2026 - 05:30:49: "SoldierBoy<85><[U:1:900000011]><Blue>" triggered "damage" against "QuickScout<84><[U:1:900000012]><Red>" (damage "4") (weapon "shotgun_soldier")
L 04/28/2026 - 05:30:49: "QuickScout<84><[U:1:900000012]><Red>" triggered "shot_fired" (weapon "shotgun_soldier")
L 04/28/2026 - 05:30:49: "QuickScout<84><[U:1:900000012]><Red>" triggered "shot_hit" (weapon "shotgun_soldier")
L 04/28/2026 - 05:30:49: "QuickScout<84><[U:1:900000012]><Red>" triggered "damage" against "SoldierBoy<85><[U:1:900000011]><Blue>" (damage "8") (weapon "shotgun_soldier")
L 04/28/2026 - 05:30:49: "SoldierBoy<85><[U:1:900000011]><Blue>" triggered "shot_fired" (weapon "shotgun_soldier")
L 04/28/2026 - 05:30:49: "SoldierBoy<85><[U:1:900000011]><Blue>" triggered "shot_hit" (weapon "shotgun_soldier")
L 04/28/2026 - 05:30:49: "SoldierBoy<85><[U:1:900000011]><Blue>" triggered "damage" against "QuickScout<84><[U:1:900000012]><Red>" (damage "5") (weapon "shotgun_soldier")
L 04/28/2026 - 05:30:49: "QuickScout<84><[U:1:900000012]><Red>" triggered "shot_fired" (weapon "shotgun_soldier")
L 04/28/2026 - 05:30:49: "QuickScout<84><[U:1:900000012]><Red>" triggered "shot_hit" (weapon "shotgun_soldier")
L 04/28/2026 - 05:30:49: "QuickScout<84><[U:1:900000012]><Red>" triggered "damage" against "SoldierBoy<85><[U:1:900000011]><Blue>" (damage "35") (weapon "shotgun_soldier")
L 04/28/2026 - 05:30:50: "QuickScout<84><[U:1:900000012]><Red>" triggered "shot_fired" (weapon "shotgun_soldier")
L 04/28/2026 - 05:30:50: "QuickScout<84><[U:1:900000012]><Red>" triggered "shot_hit" (weapon "shotgun_soldier")
L 04/28/2026 - 05:30:50: "QuickScout<84><[U:1:900000012]><Red>" triggered "damage" against "SoldierBoy<85><[U:1:900000011]><Blue>" (damage "13") (weapon "shotgun_soldier")
L 04/28/2026 - 05:30:50: "SoldierBoy<85><[U:1:900000011]><Blue>" triggered "shot_fired" (weapon "shotgun_soldier")
L 04/28/2026 - 05:30:50: "SoldierBoy<85><[U:1:900000011]><Blue>" triggered "shot_hit" (weapon "shotgun_soldier")
L 04/28/2026 - 05:30:50: "SoldierBoy<85><[U:1:900000011]><Blue>" triggered "damage" against "QuickScout<84><[U:1:900000012]><Red>" (damage "19") (weapon "shotgun_soldier")
L 04/28/2026 - 05:30:51: "QuickScout<84><[U:1:900000012]><Red>" triggered "shot_fired" (weapon "shotgun_soldier")
L 04/28/2026 - 05:30:51: "SoldierBoy<85><[U:1:900000011]><Blue>" triggered "shot_fired" (weapon "shotgun_soldier")
L 04/28/2026 - 05:30:52: "SoldierBoy<85><[U:1:900000011]><Blue>" triggered "shot_fired" (weapon "shotgun_soldier")
L 04/28/2026 - 05:30:52: "SoldierBoy<85><[U:1:900000011]><Blue>" triggered "shot_hit" (weapon "shotgun_soldier")
L 04/28/2026 - 05:30:52: "SoldierBoy<85><[U:1:900000011]><Blue>" triggered "damage" against "QuickScout<84><[U:1:900000012]><Red>" (damage "69") (realdamage "31") (weapon "shotgun_soldier")
L 04/28/2026 - 05:30:52: "SoldierBoy<85><[U:1:900000011]><Blue>" killed "QuickScout<84><[U:1:900000012]><Red>" with "shotgun_soldier" (attacker_position "-8326 11918 10519") (victim_position "-8480 11738 10720")
L 04/28/2026 - 05:30:52: "SoldierBoy<85><[U:1:900000011]><Blue>" triggered "domination" against "QuickScout<84><[U:1:900000012]><Red>"
L 04/28/2026 - 05:30:52: "QuickScout<84><[U:1:900000012]><Red>" spawned as "soldier"
L 04/28/2026 - 05:30:55: "QuickScout<84><[U:1:900000012]><Red>" triggered "shot_fired" (weapon "quake_rl")
L 04/28/2026 - 05:30:55: "QuickScout<84><[U:1:900000012]><Red>" triggered "shot_hit" (weapon "quake_rl")
L 04/28/2026 - 05:30:55: "QuickScout<84><[U:1:900000012]><Red>" triggered "damage" against "SoldierBoy<85><[U:1:900000011]><Blue>" (damage "105") (weapon "quake_rl") (airshot "1") (height "242")
L 04/28/2026 - 05:30:55: "SoldierBoy<85><[U:1:900000011]><Blue>" triggered "shot_hit" (weapon "quake_rl")
L 04/28/2026 - 05:30:55: "SoldierBoy<85><[U:1:900000011]><Blue>" triggered "damage" against "QuickScout<84><[U:1:900000012]><Red>" (damage "103") (weapon "quake_rl") (airshot "1") (height "212")
L 04/28/2026 - 05:30:55: "SoldierBoy<85><[U:1:900000011]><Blue>" triggered "shot_fired" (weapon "quake_rl")
L 04/28/2026 - 05:30:56: "SoldierBoy<85><[U:1:900000011]><Blue>" triggered "shot_fired" (weapon "quake_rl")
L 04/28/2026 - 05:30:57: "QuickScout<84><[U:1:900000012]><Red>" triggered "shot_fired" (weapon "quake_rl")
L 04/28/2026 - 05:30:58: "QuickScout<84><[U:1:900000012]><Red>" triggered "shot_hit" (weapon "quake_rl")
L 04/28/2026 - 05:30:58: "QuickScout<84><[U:1:900000012]><Red>" triggered "damage" against "SoldierBoy<85><[U:1:900000011]><Blue>" (damage "67") (realdamage "59") (weapon "quake_rl")
L 04/28/2026 - 05:30:58: "QuickScout<84><[U:1:900000012]><Red>" killed "SoldierBoy<85><[U:1:900000011]><Blue>" with "quake_rl" (attacker_position "-8798 11875 10784") (victim_position "-8713 11860 10841")
L 04/28/2026 - 05:30:58: "QuickScout<84><[U:1:900000012]><Red>" triggered "revenge" against "SoldierBoy<85><[U:1:900000011]><Blue>"
L 04/28/2026 - 05:30:58: "QuickScout<84><[U:1:900000012]><Red>" triggered "shot_fired" (weapon "quake_rl")
L 04/28/2026 - 05:30:58: "SoldierBoy<85><[U:1:900000011]><Blue>" spawned as "soldier"
L 04/28/2026 - 05:30:58: "SoldierBoy<85><[U:1:900000011]><Blue>" triggered "shot_fired" (weapon "quake_rl")
L 04/28/2026 - 05:30:58: "SoldierBoy<85><[U:1:900000011]><Blue>" triggered "shot_hit" (weapon "quake_rl")
L 04/28/2026 - 05:30:58: "SoldierBoy<85><[U:1:900000011]><Blue>" triggered "damage" against "QuickScout<84><[U:1:900000012]><Red>" (damage "32") (weapon "quake_rl")
L 04/28/2026 - 05:31:00: "SoldierBoy<85><[U:1:900000011]><Blue>" triggered "shot_fired" (weapon "quake_rl")
L 04/28/2026 - 05:31:00: "QuickScout<84><[U:1:900000012]><Red>" triggered "shot_fired" (weapon "quake_rl")
L 04/28/2026 - 05:31:01: "SoldierBoy<85><[U:1:900000011]><Blue>" triggered "shot_fired" (weapon "quake_rl")
L 04/28/2026 - 05:31:01: "SoldierBoy<85><[U:1:900000011]><Blue>" triggered "shot_hit" (weapon "quake_rl")
L 04/28/2026 - 05:31:01: "SoldierBoy<85><[U:1:900000011]><Blue>" triggered "damage" against "QuickScout<84><[U:1:900000012]><Red>" (damage "81") (weapon "quake_rl")
L 04/28/2026 - 05:31:01: "QuickScout<84><[U:1:900000012]><Red>" triggered "shot_fired" (weapon "quake_rl")
L 04/28/2026 - 05:31:02: "QuickScout<84><[U:1:900000012]><Red>" triggered "shot_fired" (weapon "quake_rl")
L 04/28/2026 - 05:31:02: "SoldierBoy<85><[U:1:900000011]><Blue>" triggered "shot_fired" (weapon "quake_rl")
L 04/28/2026 - 05:31:02: "QuickScout<84><[U:1:900000012]><Red>" triggered "shot_hit" (weapon "quake_rl")
L 04/28/2026 - 05:31:02: "QuickScout<84><[U:1:900000012]><Red>" triggered "damage" against "SoldierBoy<85><[U:1:900000011]><Blue>" (damage "47") (weapon "quake_rl")
L 04/28/2026 - 05:31:03: "QuickScout<84><[U:1:900000012]><Red>" triggered "shot_fired" (weapon "quake_rl")
L 04/28/2026 - 05:31:03: "QuickScout<84><[U:1:900000012]><Red>" triggered "shot_hit" (weapon "quake_rl")
L 04/28/2026 - 05:31:03: "QuickScout<84><[U:1:900000012]><Red>" triggered "damage" against "SoldierBoy<85><[U:1:900000011]><Blue>" (damage "55") (weapon "quake_rl")
L 04/28/2026 - 05:31:04: "QuickScout<84><[U:1:900000012]><Red>" triggered "shot_fired" (weapon "shotgun_soldier")
L 04/28/2026 - 05:31:04: "SoldierBoy<85><[U:1:900000011]><Blue>" triggered "shot_hit" (weapon "quake_rl")
L 04/28/2026 - 05:31:04: "SoldierBoy<85><[U:1:900000011]><Blue>" triggered "damage" against "QuickScout<84><[U:1:900000012]><Red>" (damage "75") (weapon "quake_rl")
L 04/28/2026 - 05:31:04: "SoldierBoy<85><[U:1:900000011]><Blue>" triggered "shot_fired" (weapon "quake_rl")
L 04/28/2026 - 05:31:04: "QuickScout<84><[U:1:900000012]><Red>" triggered "shot_fired" (weapon "shotgun_soldier")
L 04/28/2026 - 05:31:04: "QuickScout<84><[U:1:900000012]><Red>" triggered "shot_hit" (weapon "shotgun_soldier")
L 04/28/2026 - 05:31:04: "QuickScout<84><[U:1:900000012]><Red>" triggered "damage" against "SoldierBoy<85><[U:1:900000011]><Blue>" (damage "47") (weapon "shotgun_soldier")
L 04/28/2026 - 05:31:05: "SoldierBoy<85><[U:1:900000011]><Blue>" triggered "shot_fired" (weapon "shotgun_soldier")
L 04/28/2026 - 05:31:05: "SoldierBoy<85><[U:1:900000011]><Blue>" triggered "shot_hit" (weapon "shotgun_soldier")
L 04/28/2026 - 05:31:05: "SoldierBoy<85><[U:1:900000011]><Blue>" triggered "damage" against "QuickScout<84><[U:1:900000012]><Red>" (damage "59") (realdamage "11") (weapon "shotgun_soldier")
L 04/28/2026 - 05:31:05: "SoldierBoy<85><[U:1:900000011]><Blue>" killed "QuickScout<84><[U:1:900000012]><Red>" with "shotgun_soldier" (attacker_position "-8471 11971 10827") (victim_position "-8306 11761 10585")
L 04/28/2026 - 05:31:05: "QuickScout<84><[U:1:900000012]><Red>" spawned as "soldier"
L 04/28/2026 - 05:31:07: "QuickScout<84><[U:1:900000012]><Red>" triggered "shot_fired" (weapon "quake_rl")
L 04/28/2026 - 05:31:07: "SoldierBoy<85><[U:1:900000011]><Blue>" triggered "shot_fired" (weapon "quake_rl")
L 04/28/2026 - 05:31:08: "QuickScout<84><[U:1:900000012]><Red>" triggered "shot_fired" (weapon "quake_rl")
L 04/28/2026 - 05:31:09: "QuickScout<84><[U:1:900000012]><Red>" triggered "shot_hit" (weapon "quake_rl")
L 04/28/2026 - 05:31:09: "QuickScout<84><[U:1:900000012]><Red>" triggered "damage" against "SoldierBoy<85><[U:1:900000011]><Blue>" (damage "111") (weapon "quake_rl")
L 04/28/2026 - 05:31:09: "QuickScout<84><[U:1:900000012]><Red>" triggered "shot_fired" (weapon "quake_rl")
L 04/28/2026 - 05:31:09: "SoldierBoy<85><[U:1:900000011]><Blue>" triggered "shot_fired" (weapon "quake_rl")
L 04/28/2026 - 05:31:09: "SoldierBoy<85><[U:1:900000011]><Blue>" triggered "shot_hit" (weapon "quake_rl")
L 04/28/2026 - 05:31:09: "SoldierBoy<85><[U:1:900000011]><Blue>" triggered "damage" against "QuickScout<84><[U:1:900000012]><Red>" (damage "81") (weapon "quake_rl")
L 04/28/2026 - 05:31:09: "QuickScout<84><[U:1:900000012]><Red>" triggered "shot_fired" (weapon "shotgun_soldier")
L 04/28/2026 - 05:31:09: "QuickScout<84><[U:1:900000012]><Red>" triggered "shot_hit" (weapon "shotgun_soldier")
L 04/28/2026 - 05:31:09: "QuickScout<84><[U:1:900000012]><Red>" triggered "damage" against "SoldierBoy<85><[U:1:900000011]><Blue>" (damage "89") (realdamage "49") (weapon "shotgun_soldier")
L 04/28/2026 - 05:31:09: "QuickScout<84><[U:1:900000012]><Red>" killed "SoldierBoy<85><[U:1:900000011]><Blue>" with "shotgun_soldier" (attacker_position "-8627 11733 10798") (victim_position "-8685 11745 10863")
L 04/28/2026 - 05:31:09: "SoldierBoy<85><[U:1:900000011]><Blue>" spawned as "soldier"
L 04/28/2026 - 05:31:12: "SoldierBoy<85><[U:1:900000011]><Blue>" triggered "shot_fired" (weapon "quake_rl")
L 04/28/2026 - 05:31:12: "QuickScout<84><[U:1:900000012]><Red>" triggered "shot_fired" (weapon "quake_rl")
L 04/28/2026 - 05:31:12: "SoldierBoy<85><[U:1:900000011]><Blue>" triggered "shot_hit" (weapon "quake_rl")
L 04/28/2026 - 05:31:12: "SoldierBoy<85><[U:1:900000011]><Blue>" triggered "damage" against "QuickScout<84><[U:1:900000012]><Red>" (damage "68") (weapon "quake_rl")
L 04/28/2026 - 05:31:13: "SoldierBoy<85><[U:1:900000011]><Blue>" triggered "shot_fired" (weapon "quake_rl")
L 04/28/2026 - 05:31:13: "QuickScout<84><[U:1:900000012]><Red>" triggered "shot_fired" (weapon "quake_rl")
L 04/28/2026 - 05:31:13: "SoldierBoy<85><[U:1:900000011]><Blue>" triggered "shot_hit" (weapon "quake_rl")
L 04/28/2026 - 05:31:13: "SoldierBoy<85><[U:1:900000011]><Blue>" triggered "damage" against "QuickScout<84><[U:1:900000012]><Red>" (damage "99") (weapon "quake_rl") (airshot "1") (height "387")
L 04/28/2026 - 05:31:13: "QuickScout<84><[U:1:900000012]><Red>" triggered "shot_hit" (weapon "quake_rl")
L 04/28/2026 - 05:31:13: "QuickScout<84><[U:1:900000012]><Red>" triggered "damage" against "SoldierBoy<85><[U:1:900000011]><Blue>" (damage "61") (weapon "quake_rl")
L 04/28/2026 - 05:31:14: "SoldierBoy<85><[U:1:900000011]><Blue>" triggered "shot_fired" (weapon "quake_rl")
L 04/28/2026 - 05:31:14: "SoldierBoy<85><[U:1:900000011]><Blue>" triggered "shot_hit" (weapon "quake_rl")
L 04/28/2026 - 05:31:14: "SoldierBoy<85><[U:1:900000011]><Blue>" triggered "damage" against "QuickScout<84><[U:1:900000012]><Red>" (damage "48") (weapon "quake_rl")
L 04/28/2026 - 05:31:14: "QuickScout<84><[U:1:900000012]><Red>" committed suicide with "quake_rl" (attacker_position "-8084 11230 10445")
L 04/28/2026 - 05:31:15: "QuickScout<84><[U:1:900000012]><Red>" spawned as "soldier"
L 04/28/2026 - 05:31:17: "SoldierBoy<85><[U:1:900000011]><Blue>" triggered "shot_hit" (weapon "quake_rl")
L 04/28/2026 - 05:31:17: "SoldierBoy<85><[U:1:900000011]><Blue>" triggered "damage" against "QuickScout<84><[U:1:900000012]><Red>" (damage "106") (weapon "quake_rl") (airshot "1") (height "244")
L 04/28/2026 - 05:31:17: "SoldierBoy<85><[U:1:900000011]><Blue>" triggered "shot_fired" (weapon "quake_rl")
L 04/28/2026 - 05:31:17: "QuickScout<84><[U:1:900000012]><Red>" triggered "shot_fired" (weapon "quake_rl")
L 04/28/2026 - 05:31:18: "SoldierBoy<85><[U:1:900000011]><Blue>" triggered "shot_fired" (weapon "quake_rl")
L 04/28/2026 - 05:31:18: "QuickScout<84><[U:1:900000012]><Red>" triggered "shot_fired" (weapon "quake_rl")
L 04/28/2026 - 05:31:19: "QuickScout<84><[U:1:900000012]><Red>" triggered "shot_hit" (weapon "quake_rl")
L 04/28/2026 - 05:31:19: "QuickScout<84><[U:1:900000012]><Red>" triggered "damage" against "SoldierBoy<85><[U:1:900000011]><Blue>" (damage "78") (weapon "quake_rl")
L 04/28/2026 - 05:31:19: "SoldierBoy<85><[U:1:900000011]><Blue>" triggered "shot_fired" (weapon "quake_rl")
L 04/28/2026 - 05:31:19: "SoldierBoy<85><[U:1:900000011]><Blue>" triggered "shot_hit" (weapon "quake_rl")
L 04/28/2026 - 05:31:19: "SoldierBoy<85><[U:1:900000011]><Blue>" triggered "damage" against "QuickScout<84><[U:1:900000012]><Red>" (damage "101") (weapon "quake_rl") (airshot "1") (height "208")
L 04/28/2026 - 05:31:19: "QuickScout<84><[U:1:900000012]><Red>" triggered "shot_fired" (weapon "quake_rl")
L 04/28/2026 - 05:31:20: "SoldierBoy<85><[U:1:900000011]><Blue>" triggered "shot_fired" (weapon "quake_rl")
L 04/28/2026 - 05:31:20: "QuickScout<84><[U:1:900000012]><Red>" triggered "shot_fired" (weapon "shotgun_soldier")
L 04/28/2026 - 05:31:20: "QuickScout<84><[U:1:900000012]><Red>" triggered "shot_hit" (weapon "shotgun_soldier")
L 04/28/2026 - 05:31:20: "QuickScout<84><[U:1:900000012]><Red>" triggered "damage" against "SoldierBoy<85><[U:1:900000011]><Blue>" (damage "11") (weapon "shotgun_soldier")
L 04/28/2026 - 05:31:20: "SoldierBoy<85><[U:1:900000011]><Blue>" triggered "shot_hit" (weapon "quake_rl")
L 04/28/2026 - 05:31:20: "SoldierBoy<85><[U:1:900000011]><Blue>" triggered "damage" against "QuickScout<84><[U:1:900000012]><Red>" (damage "47") (realdamage "31") (weapon "quake_rl")
L 04/28/2026 - 05:31:20: "SoldierBoy<85><[U:1:900000011]><Blue>" killed "QuickScout<84><[U:1:900000012]><Red>" with "quake_rl" (attacker_position "-8436 11879 11113") (victim_position "-8446 11607 10593")
L 04/28/2026 - 05:31:20: "QuickScout<84><[U:1:900000012]><Red>" spawned as "soldier"
L 04/28/2026 - 05:31:22: "QuickScout<84><[U:1:900000012]><Red>" triggered "shot_fired" (weapon "quake_rl")
L 04/28/2026 - 05:31:22: "QuickScout<84><[U:1:900000012]><Red>" triggered "shot_hit" (weapon "quake_rl")
L 04/28/2026 - 05:31:22: "QuickScout<84><[U:1:900000012]><Red>" triggered "damage" against "SoldierBoy<85><[U:1:900000011]><Blue>" (damage "105") (weapon "quake_rl")
L 04/28/2026 - 05:31:22: "SoldierBoy<85><[U:1:900000011]><Blue>" triggered "shot_fired" (weapon "quake_rl")
L 04/28/2026 - 05:31:23: "QuickScout<84><[U:1:900000012]><Red>" triggered "shot_hit" (weapon "quake_rl")
L 04/28/2026 - 05:31:23: "QuickScout<84><[U:1:900000012]><Red>" triggered "damage" against "SoldierBoy<85><[U:1:900000011]><Blue>" (damage "112") (weapon "quake_rl")
L 04/28/2026 - 05:31:23: "QuickScout<84><[U:1:900000012]><Red>" triggered "shot_fired" (weapon "quake_rl")
L 04/28/2026 - 05:31:23: "SoldierBoy<85><[U:1:900000011]><Blue>" triggered "shot_fired" (weapon "quake_rl")
L 04/28/2026 - 05:31:23: "SoldierBoy<85><[U:1:900000011]><Blue>" triggered "shot_hit" (weapon "quake_rl")
L 04/28/2026 - 05:31:23: "SoldierBoy<85><[U:1:900000011]><Blue>" triggered "damage" against "QuickScout<84><[U:1:900000012]><Red>" (damage "46") (weapon "quake_rl")
L 04/28/2026 - 05:31:24: "QuickScout<84><[U:1:900000012]><Red>" triggered "shot_fired" (weapon "quake_rl")
L 04/28/2026 - 05:31:24: "SoldierBoy<85><[U:1:900000011]><Blue>" triggered "shot_fired" (weapon "quake_rl")
L 04/28/2026 - 05:31:24: "SoldierBoy<85><[U:1:900000011]><Blue>" triggered "shot_hit" (weapon "quake_rl")
L 04/28/2026 - 05:31:24: "SoldierBoy<85><[U:1:900000011]><Blue>" triggered "damage" against "QuickScout<84><[U:1:900000012]><Red>" (damage "53") (weapon "quake_rl")
L 04/28/2026 - 05:31:24: "QuickScout<84><[U:1:900000012]><Red>" triggered "shot_fired" (weapon "shotgun_soldier")
L 04/28/2026 - 05:31:24: "QuickScout<84><[U:1:900000012]><Red>" triggered "shot_hit" (weapon "shotgun_soldier")
L 04/28/2026 - 05:31:24: "QuickScout<84><[U:1:900000012]><Red>" triggered "damage" against "SoldierBoy<85><[U:1:900000011]><Blue>" (damage "7") (weapon "shotgun_soldier")
L 04/28/2026 - 05:31:24: "SoldierBoy<85><[U:1:900000011]><Blue>" triggered "shot_fired" (weapon "shotgun_soldier")
L 04/28/2026 - 05:31:24: "SoldierBoy<85><[U:1:900000011]><Blue>" triggered "shot_hit" (weapon "shotgun_soldier")
L 04/28/2026 - 05:31:24: "SoldierBoy<85><[U:1:900000011]><Blue>" triggered "damage" against "QuickScout<84><[U:1:900000012]><Red>" (damage "39") (weapon "shotgun_soldier")
L 04/28/2026 - 05:31:25: "QuickScout<84><[U:1:900000012]><Red>" triggered "shot_fired" (weapon "shotgun_soldier")
L 04/28/2026 - 05:31:25: "SoldierBoy<85><[U:1:900000011]><Blue>" triggered "shot_fired" (weapon "shotgun_soldier")
L 04/28/2026 - 05:31:26: "QuickScout<84><[U:1:900000012]><Red>" triggered "shot_fired" (weapon "shotgun_soldier")
L 04/28/2026 - 05:31:26: "SoldierBoy<85><[U:1:900000011]><Blue>" triggered "shot_fired" (weapon "shotgun_soldier")
L 04/28/2026 - 05:31:26: "SoldierBoy<85><[U:1:900000011]><Blue>" triggered "shot_hit" (weapon "shotgun_soldier")
L 04/28/2026 - 05:31:26: "SoldierBoy<85><[U:1:900000011]><Blue>" triggered "damage" against "QuickScout<84><[U:1:900000012]><Red>" (damage "43") (realdamage "32") (weapon "shotgun_soldier")
L 04/28/2026 - 05:31:26: "SoldierBoy<85><[U:1:900000011]><Blue>" killed "QuickScout<84><[U:1:900000012]><Red>" with "shotgun_soldier" (attacker_position "-8609 11588 10666") (victim_position "-8836 11890 10736")
L 04/28/2026 - 05:31:26: "QuickScout<84><[U:1:900000012]><Red>" spawned as "soldier"
L 04/28/2026 - 05:31:28: "SoldierBoy<85><[U:1:900000011]><Blue>" triggered "shot_fired" (weapon "quake_rl")
L 04/28/2026 - 05:31:29: "SoldierBoy<85><[U:1:900000011]><Blue>" triggered "shot_hit" (weapon "quake_rl")
L 04/28/2026 - 05:31:29: "SoldierBoy<85><[U:1:900000011]><Blue>" triggered "damage" against "QuickScout<84><[U:1:900000012]><Red>" (damage "95") (weapon "quake_rl") (airshot "1") (height "370")
L 04/28/2026 - 05:31:29: "QuickScout<84><[U:1:900000012]><Red>" triggered "shot_fired" (weapon "quake_rl")
L 04/28/2026 - 05:31:30: "SoldierBoy<85><[U:1:900000011]><Blue>" triggered "shot_fired" (weapon "quake_rl")
L 04/28/2026 - 05:31:30: "QuickScout<84><[U:1:900000012]><Red>" triggered "shot_fired" (weapon "quake_rl")
L 04/28/2026 - 05:31:30: "SoldierBoy<85><[U:1:900000011]><Blue>" triggered "shot_fired" (weapon "quake_rl")
L 04/28/2026 - 05:31:31: "QuickScout<84><[U:1:900000012]><Red>" triggered "shot_hit" (weapon "quake_rl")
L 04/28/2026 - 05:31:31: "QuickScout<84><[U:1:900000012]><Red>" triggered "damage" against "SoldierBoy<85><[U:1:900000011]><Blue>" (damage "60") (weapon "quake_rl")
L 04/28/2026 - 05:31:31: "SoldierBoy<85><[U:1:900000011]><Blue>" triggered "shot_fired" (weapon "quake_rl")
L 04/28/2026 - 05:31:31: "QuickScout<84><[U:1:900000012]><Red>" triggered "shot_fired" (weapon "quake_rl")
L 04/28/2026 - 05:31:32: "SoldierBoy<85><[U:1:900000011]><Blue>" triggered "shot_fired" (weapon "shotgun_soldier")
L 04/28/2026 - 05:31:32: "SoldierBoy<85><[U:1:900000011]><Blue>" triggered "shot_hit" (weapon "shotgun_soldier")
L 04/28/2026 - 05:31:32: "SoldierBoy<85><[U:1:900000011]><Blue>" triggered "damage" against "QuickScout<84><[U:1:900000012]><Red>" (damage "32") (weapon "shotgun_soldier")
L 04/28/2026 - 05:31:32: "QuickScout<84><[U:1:900000012]><Red>" triggered "shot_fired" (weapon "shotgun_soldier")
L 04/28/2026 - 05:31:32: "QuickScout<84><[U:1:900000012]><Red>" triggered "shot_hit" (weapon "shotgun_soldier")
L 04/28/2026 - 05:31:32: "QuickScout<84><[U:1:900000012]><Red>" triggered "damage" against "SoldierBoy<85><[U:1:900000011]><Blue>" (damage "16") (weapon "shotgun_soldier")
L 04/28/2026 - 05:31:32: "SoldierBoy<85><[U:1:900000011]><Blue>" triggered "shot_fired" (weapon "shotgun_soldier")
L 04/28/2026 - 05:31:32: "SoldierBoy<85><[U:1:900000011]><Blue>" triggered "shot_hit" (weapon "shotgun_soldier")
L 04/28/2026 - 05:31:32: "SoldierBoy<85><[U:1:900000011]><Blue>" triggered "damage" against "QuickScout<84><[U:1:900000012]><Red>" (damage "85") (realdamage "79") (weapon "shotgun_soldier")
L 04/28/2026 - 05:31:32: "SoldierBoy<85><[U:1:900000011]><Blue>" killed "QuickScout<84><[U:1:900000012]><Red>" with "shotgun_soldier" (attacker_position "-8853 11807 10736") (victim_position "-8954 11788 10898")
L 04/28/2026 - 05:31:32: "QuickScout<84><[U:1:900000012]><Red>" spawned as "soldier"
L 04/28/2026 - 05:31:34: "QuickScout<84><[U:1:900000012]><Red>" triggered "shot_hit" (weapon "quake_rl")
L 04/28/2026 - 05:31:34: "QuickScout<84><[U:1:900000012]><Red>" triggered "damage" against "SoldierBoy<85><[U:1:900000011]><Blue>" (damage "59") (weapon "quake_rl")
L 04/28/2026 - 05:31:35: "QuickScout<84><[U:1:900000012]><Red>" triggered "shot_fired" (weapon "quake_rl")
L 04/28/2026 - 05:31:35: "SoldierBoy<85><[U:1:900000011]><Blue>" triggered "shot_fired" (weapon "quake_rl")
L 04/28/2026 - 05:31:35: "SoldierBoy<85><[U:1:900000011]><Blue>" triggered "shot_hit" (weapon "quake_rl")
L 04/28/2026 - 05:31:35: "SoldierBoy<85><[U:1:900000011]><Blue>" triggered "damage" against "QuickScout<84><[U:1:900000012]><Red>" (damage "104") (weapon "quake_rl")
L 04/28/2026 - 05:31:35: "QuickScout<84><[U:1:900000012]><Red>" triggered "shot_fired" (weapon "quake_rl")
L 04/28/2026 - 05:31:35: "QuickScout<84><[U:1:900000012]><Red>" triggered "shot_hit" (weapon "quake_rl")
L 04/28/2026 - 05:31:35: "QuickScout<84><[U:1:900000012]><Red>" triggered "damage" against "SoldierBoy<85><[U:1:900000011]><Blue>" (damage "63") (weapon "quake_rl")
L 04/28/2026 - 05:31:38: "SoldierBoy<85><[U:1:900000011]><Blue>" triggered "shot_fired" (weapon "quake_rl")
L 04/28/2026 - 05:31:38: "QuickScout<84><[U:1:900000012]><Red>" triggered "shot_fired" (weapon "quake_rl")
L 04/28/2026 - 05:31:38: "QuickScout<84><[U:1:900000012]><Red>" triggered "shot_hit" (weapon "quake_rl")
L 04/28/2026 - 05:31:38: "QuickScout<84><[U:1:900000012]><Red>" triggered "damage" against "SoldierBoy<85><[U:1:900000011]><Blue>" (damage "76") (weapon "quake_rl")
L 04/28/2026 - 05:31:39: "QuickScout<84><[U:1:900000012]><Red>" triggered "shot_fired" (weapon "shotgun_soldier")
L 04/28/2026 - 05:31:39: "SoldierBoy<85><[U:1:900000011]><Blue>" triggered "shot_fired" (weapon "quake_rl")
L 04/28/2026 - 05:31:39: "QuickScout<84><[U:1:900000012]><Red>" triggered "shot_fired" (weapon "shotgun_soldier")
L 04/28/2026 - 05:31:39: "QuickScout<84><[U:1:900000012]><Red>" triggered "shot_hit" (weapon "shotgun_soldier")
L 04/28/2026 - 05:31:39: "QuickScout<84><[U:1:900000012]><Red>" triggered "damage" against "SoldierBoy<85><[U:1:900000011]><Blue>" (damage "6") (weapon "shotgun_soldier")
L 04/28/2026 - 05:31:39: "SoldierBoy<85><[U:1:900000011]><Blue>" triggered "shot_fired" (weapon "shotgun_soldier")
L 04/28/2026 - 05:31:39: "SoldierBoy<85><[U:1:900000011]><Blue>" triggered "shot_hit" (weapon "shotgun_soldier")
L 04/28/2026 - 05:31:39: "SoldierBoy<85><[U:1:900000011]><Blue>" triggered "damage" against "QuickScout<84><[U:1:900000012]><Red>" (damage "13") (weapon "shotgun_soldier")
L 04/28/2026 - 05:31:40: "QuickScout<84><[U:1:900000012]><Red>" triggered "shot_fired" (weapon "shotgun_soldier")
L 04/28/2026 - 05:31:40: "SoldierBoy<85><[U:1:900000011]><Blue>" triggered "shot_fired" (weapon "shotgun_soldier")
L 04/28/2026 - 05:31:40: "QuickScout<84><[U:1:900000012]><Red>" triggered "shot_fired" (weapon "shotgun_soldier")
L 04/28/2026 - 05:31:40: "QuickScout<84><[U:1:900000012]><Red>" triggered "shot_hit" (weapon "shotgun_soldier")
L 04/28/2026 - 05:31:40: "QuickScout<84><[U:1:900000012]><Red>" triggered "damage" against "SoldierBoy<85><[U:1:900000011]><Blue>" (damage "7") (weapon "shotgun_soldier")
L 04/28/2026 - 05:31:41: "SoldierBoy<85><[U:1:900000011]><Blue>" triggered "shot_fired" (weapon "shotgun_soldier")
L 04/28/2026 - 05:31:41: "QuickScout<84><[U:1:900000012]><Red>" triggered "shot_fired" (weapon "shotgun_soldier")
L 04/28/2026 - 05:31:41: "QuickScout<84><[U:1:900000012]><Red>" triggered "shot_hit" (weapon "shotgun_soldier")
L 04/28/2026 - 05:31:41: "QuickScout<84><[U:1:900000012]><Red>" triggered "damage" against "SoldierBoy<85><[U:1:900000011]><Blue>" (damage "6") (weapon "shotgun_soldier")
L 04/28/2026 - 05:31:42: "SoldierBoy<85><[U:1:900000011]><Blue>" triggered "shot_fired" (weapon "shotgun_soldier")
L 04/28/2026 - 05:31:42: "SoldierBoy<85><[U:1:900000011]><Blue>" triggered "shot_hit" (weapon "shotgun_soldier")
L 04/28/2026 - 05:31:42: "SoldierBoy<85><[U:1:900000011]><Blue>" triggered "damage" against "QuickScout<84><[U:1:900000012]><Red>" (damage "47") (realdamage "46") (weapon "shotgun_soldier")
L 04/28/2026 - 05:31:42: "SoldierBoy<85><[U:1:900000011]><Blue>" killed "QuickScout<84><[U:1:900000012]><Red>" with "shotgun_soldier" (attacker_position "-8221 12110 10318") (victim_position "-8570 11934 10483")
L 04/28/2026 - 05:31:42: "SoldierBoy<85><[U:1:900000011]><Blue>" triggered "domination" against "QuickScout<84><[U:1:900000012]><Red>"
L 04/28/2026 - 05:31:42: "QuickScout<84><[U:1:900000012]><Red>" spawned as "soldier"
L 04/28/2026 - 05:31:44: "QuickScout<84><[U:1:900000012]><Red>" triggered "shot_fired" (weapon "quake_rl")
L 04/28/2026 - 05:31:44: "SoldierBoy<85><[U:1:900000011]><Blue>" triggered "shot_fired" (weapon "quake_rl")
L 04/28/2026 - 05:31:45: "QuickScout<84><[U:1:900000012]><Red>" triggered "shot_hit" (weapon "quake_rl")
L 04/28/2026 - 05:31:45: "QuickScout<84><[U:1:900000012]><Red>" triggered "damage" against "SoldierBoy<85><[U:1:900000011]><Blue>" (damage "74") (weapon "quake_rl")
L 04/28/2026 - 05:31:45: "QuickScout<84><[U:1:900000012]><Red>" triggered "shot_fired" (weapon "quake_rl")
L 04/28/2026 - 05:31:45: "SoldierBoy<85><[U:1:900000011]><Blue>" triggered "shot_fired" (weapon "quake_rl")
L 04/28/2026 - 05:31:46: "QuickScout<84><[U:1:900000012]><Red>" triggered "shot_fired" (weapon "quake_rl")
L 04/28/2026 - 05:31:46: "QuickScout<84><[U:1:900000012]><Red>" triggered "shot_hit" (weapon "quake_rl")
L 04/28/2026 - 05:31:46: "QuickScout<84><[U:1:900000012]><Red>" triggered "damage" against "SoldierBoy<85><[U:1:900000011]><Blue>" (damage "57") (weapon "quake_rl")
L 04/28/2026 - 05:31:46: "SoldierBoy<85><[U:1:900000011]><Blue>" triggered "shot_fired" (weapon "quake_rl")
L 04/28/2026 - 05:31:47: "SoldierBoy<85><[U:1:900000011]><Blue>" triggered "shot_fired" (weapon "shotgun_soldier")
L 04/28/2026 - 05:31:47: "SoldierBoy<85><[U:1:900000011]><Blue>" triggered "shot_hit" (weapon "shotgun_soldier")
L 04/28/2026 - 05:31:47: "SoldierBoy<85><[U:1:900000011]><Blue>" triggered "damage" against "QuickScout<84><[U:1:900000012]><Red>" (damage "60") (weapon "shotgun_soldier")
L 04/28/2026 - 05:31:47: "SoldierBoy<85><[U:1:900000011]><Blue>" triggered "shot_fired" (weapon "shotgun_soldier")
L 04/28/2026 - 05:31:47: "QuickScout<84><[U:1:900000012]><Red>" triggered "shot_hit" (weapon "quake_rl")
L 04/28/2026 - 05:31:47: "QuickScout<84><[U:1:900000012]><Red>" triggered "damage" against "SoldierBoy<85><[U:1:900000011]><Blue>" (damage "86") (weapon "quake_rl")
L 04/28/2026 - 05:31:48: "QuickScout<84><[U:1:900000012]><Red>" triggered "shot_fired" (weapon "quake_rl")
L 04/28/2026 - 05:31:48: "SoldierBoy<85><[U:1:900000011]><Blue>" triggered "shot_fired" (weapon "shotgun_soldier")
L 04/28/2026 - 05:31:48: "SoldierBoy<85><[U:1:900000011]><Blue>" triggered "shot_hit" (weapon "shotgun_soldier")
L 04/28/2026 - 05:31:48: "SoldierBoy<85><[U:1:900000011]><Blue>" triggered "damage" against "QuickScout<84><[U:1:900000012]><Red>" (damage "33") (weapon "shotgun_soldier")
L 04/28/2026 - 05:31:48: "QuickScout<84><[U:1:900000012]><Red>" triggered "shot_fired" (weapon "shotgun_soldier")
L 04/28/2026 - 05:31:48: "QuickScout<84><[U:1:900000012]><Red>" triggered "shot_hit" (weapon "shotgun_soldier")
L 04/28/2026 - 05:31:48: "QuickScout<84><[U:1:900000012]><Red>" triggered "damage" against "SoldierBoy<85><[U:1:900000011]><Blue>" (damage "27") (realdamage "19") (weapon "shotgun_soldier")
L 04/28/2026 - 05:31:48: "QuickScout<84><[U:1:900000012]><Red>" killed "SoldierBoy<85><[U:1:900000011]><Blue>" with "shotgun_soldier" (attacker_position "-8741 12015 10872") (victim_position "-8362 11613 11043")
L 04/28/2026 - 05:31:48: "QuickScout<84><[U:1:900000012]><Red>" triggered "revenge" against "SoldierBoy<85><[U:1:900000011]><Blue>"
L 04/28/2026 - 05:31:48: "SoldierBoy<85><[U:1:900000011]><Blue>" spawned as "soldier"
L 04/28/2026 - 05:31:50: "SoldierBoy<85><[U:1:900000011]><Blue>" triggered "shot_fired" (weapon "quake_rl")
L 04/28/2026 - 05:31:50: "QuickScout<84><[U:1:900000012]><Red>" triggered "shot_fired" (weapon "quake_rl")
L 04/28/2026 - 05:31:51: "SoldierBoy<85><[U:1:900000011]><Blue>" triggered "shot_fired" (weapon "quake_rl")
L 04/28/2026 - 05:31:51: "SoldierBoy<85><[U:1:900000011]><Blue>" triggered "shot_hit" (weapon "quake_rl")
L 04/28/2026 - 05:31:51: "SoldierBoy<85><[U:1:900000011]><Blue>" triggered "damage" against "QuickScout<84><[U:1:900000012]><Red>" (damage "73") (weapon "quake_rl")
L 04/28/2026 - 05:31:51: "QuickScout<84><[U:1:900000012]><Red>" triggered "shot_hit" (weapon "quake_rl")
L 04/28/2026 - 05:31:51: "QuickScout<84><[U:1:900000012]><Red>" triggered "damage" against "SoldierBoy<85><[U:1:900000011]><Blue>" (damage "50") (weapon "quake_rl")
L 04/28/2026 - 05:31:51: "QuickScout<84><[U:1:900000012]><Red>" triggered "shot_fired" (weapon "quake_rl")
L 04/28/2026 - 05:31:52: "SoldierBoy<85><[U:1:900000011]><Blue>" triggered "shot_fired" (weapon "quake_rl")
L 04/28/2026 - 05:31:52: "SoldierBoy<85><[U:1:900000011]><Blue>" triggered "shot_hit" (weapon "quake_rl")
L 04/28/2026 - 05:31:52: "SoldierBoy<85><[U:1:900000011]><Blue>" triggered "damage" against "QuickScout<84><[U:1:900000012]><Red>" (damage "68") (weapon "quake_rl")
L 04/28/2026 - 05:31:52: "QuickScout<84><[U:1:900000012]><Red>" triggered "shot_fired" (weapon "quake_rl")
L 04/28/2026 - 05:31:52: "QuickScout<84><[U:1:900000012]><Red>" triggered "shot_hit" (weapon "quake_rl")
L 04/28/2026 - 05:31:52: "QuickScout<84><[U:1:900000012]><Red>" triggered "damage" against "SoldierBoy<85><[U:1:900000011]><Blue>" (damage "58") (weapon "quake_rl")
L 04/28/2026 - 05:31:53: "SoldierBoy<85><[U:1:900000011]><Blue>" triggered "shot_fired" (weapon "shotgun_soldier")
L 04/28/2026 - 05:31:53: "SoldierBoy<85><[U:1:900000011]><Blue>" triggered "shot_hit" (weapon "shotgun_soldier")
L 04/28/2026 - 05:31:53: "SoldierBoy<85><[U:1:900000011]><Blue>" triggered "damage" against "QuickScout<84><[U:1:900000012]><Red>" (damage "59") (weapon "shotgun_soldier")
L 04/28/2026 - 05:31:53: "QuickScout<84><[U:1:900000012]><Red>" triggered "shot_fired" (weapon "quake_rl")
L 04/28/2026 - 05:31:53: "QuickScout<84><[U:1:900000012]><Red>" triggered "shot_hit" (weapon "quake_rl")
L 04/28/2026 - 05:31:53: "QuickScout<84><[U:1:900000012]><Red>" triggered "damage" against "SoldierBoy<85><[U:1:900000011]><Blue>" (damage "68") (weapon "quake_rl")
L 04/28/2026 - 05:31:53: "SoldierBoy<85><[U:1:900000011]><Blue>" triggered "shot_fired" (weapon "shotgun_soldier")
L 04/28/2026 - 05:31:53: "SoldierBoy<85><[U:1:900000011]><Blue>" triggered "shot_hit" (weapon "shotgun_soldier")
L 04/28/2026 - 05:31:53: "SoldierBoy<85><[U:1:900000011]><Blue>" triggered "damage" against "QuickScout<84><[U:1:900000012]><Red>" (damage "8") (weapon "shotgun_soldier")
L 04/28/2026 - 05:31:53: "SoldierBoy<85><[U:1:900000011]><Blue>" triggered "damage" against "QuickScout<84><[U:1:900000012]><Red>" (damage "8") (weapon "shotgun_soldier")
L 04/28/2026 - 05:31:53: "SoldierBoy<85><[U:1:900000011]><Blue>" triggered "damage" against "QuickScout<84><[U:1:900000012]><Red>" (damage "8") (weapon "shotgun_soldier")
L 04/28/2026 - 05:31:53: "SoldierBoy<85><[U:1:900000011]><Blue>" triggered "damage" against "QuickScout<84><[U:1:900000012]><Red>" (damage "8") (weapon "shotgun_soldier")
L 04/28/2026 - 05:31:54: "QuickScout<84><[U:1:900000012]><Red>" triggered "shot_fired" (weapon "shotgun_soldier")
L 04/28/2026 - 05:31:54: "SoldierBoy<85><[U:1:900000011]><Blue>" triggered "shot_fired" (weapon "shotgun_soldier")
L 04/28/2026 - 05:31:54: "SoldierBoy<85><[U:1:900000011]><Blue>" triggered "shot_hit" (weapon "shotgun_soldier")
L 04/28/2026 - 05:31:54: "SoldierBoy<85><[U:1:900000011]><Blue>" triggered "damage" against "QuickScout<84><[U:1:900000012]><Red>" (damage "14") (weapon "shotgun_soldier")
L 04/28/2026 - 05:31:54: "SoldierBoy<85><[U:1:900000011]><Blue>" triggered "damage" against "QuickScout<84><[U:1:900000012]><Red>" (damage "7") (weapon "shotgun_soldier")
L 04/28/2026 - 05:31:54: "SoldierBoy<85><[U:1:900000011]><Blue>" triggered "damage" against "QuickScout<84><[U:1:900000012]><Red>" (damage "21") (realdamage "20") (weapon "shotgun_soldier")
L 04/28/2026 - 05:31:54: "SoldierBoy<85><[U:1:900000011]><Blue>" killed "QuickScout<84><[U:1:900000012]><Red>" with "shotgun_soldier" (attacker_position "-8430 11537 10889") (victim_position "-8741 11718 10743")
L 04/28/2026 - 05:31:54: "QuickScout<84><[U:1:900000012]><Red>" spawned as "soldier"
L 04/28/2026 - 05:31:56: "QuickScout<84><[U:1:900000012]><Red>" triggered "shot_fired" (weapon "quake_rl")
L 04/28/2026 - 05:31:56: "QuickScout<84><[U:1:900000012]><Red>" triggered "shot_hit" (weapon "quake_rl")
L 04/28/2026 - 05:31:56: "QuickScout<84><[U:1:900000012]><Red>" triggered "damage" against "SoldierBoy<85><[U:1:900000011]><Blue>" (damage "48") (weapon "quake_rl")
L 04/28/2026 - 05:31:59: "QuickScout<84><[U:1:900000012]><Red>" picked up item "tf_ammo_pack"
L 04/28/2026 - 05:32:34: "QuickScout<84><[U:1:900000012]><Red>" triggered "shot_fired" (weapon "quake_rl")
L 04/28/2026 - 05:32:34: "QuickScout<84><[U:1:900000012]><Red>" triggered "shot_hit" (weapon "quake_rl")
L 04/28/2026 - 05:32:34: "QuickScout<84><[U:1:900000012]><Red>" triggered "damage" against "SoldierBoy<85><[U:1:900000011]><Blue>" (damage "98") (weapon "quake_rl") (airshot "1") (height "289")
L 04/28/2026 - 05:32:34: "SoldierBoy<85><[U:1:900000011]><Blue>" triggered "shot_fired" (weapon "quake_rl")
L 04/28/2026 - 05:32:34: "SoldierBoy<85><[U:1:900000011]><Blue>" triggered "shot_hit" (weapon "quake_rl")
L 04/28/2026 - 05:32:34: "SoldierBoy<85><[U:1:900000011]><Blue>" triggered "damage" against "QuickScout<84><[U:1:900000012]><Red>" (damage "40") (weapon "quake_rl")
L 04/28/2026 - 05:32:36: "SoldierBoy<85><[U:1:900000011]><Blue>" committed suicide with "quake_rl" (attacker_position "-8438 11418 10409")
L 04/28/2026 - 05:32:36: "SoldierBoy<85><[U:1:900000011]><Blue>" spawned as "soldier"
L 04/28/2026 - 05:32:38: "SoldierBoy<85><[U:1:900000011]><Blue>" triggered "shot_fired" (weapon "quake_rl")
L 04/28/2026 - 05:32:39: "SoldierBoy<85><[U:1:900000011]><Blue>" triggered "shot_hit" (weapon "quake_rl")
L 04/28/2026 - 05:32:39: "SoldierBoy<85><[U:1:900000011]><Blue>" triggered "damage" against "QuickScout<84><[U:1:900000012]><Red>" (damage "38") (weapon "quake_rl")
L 04/28/2026 - 05:32:39: "QuickScout<84><[U:1:900000012]><Red>" triggered "shot_fired" (weapon "quake_rl")
L 04/28/2026 - 05:32:39: "SoldierBoy<85><[U:1:900000011]><Blue>" triggered "shot_fired" (weapon "quake_rl")
L 04/28/2026 - 05:32:39: "SoldierBoy<85><[U:1:900000011]><Blue>" triggered "shot_hit" (weapon "quake_rl")
L 04/28/2026 - 05:32:39: "SoldierBoy<85><[U:1:900000011]><Blue>" triggered "damage" against "QuickScout<84><[U:1:900000012]><Red>" (damage "102") (weapon "quake_rl")
L 04/28/2026 - 05:32:40: "SoldierBoy<85><[U:1:900000011]><Blue>" triggered "shot_fired" (weapon "quake_rl")
L 04/28/2026 - 05:32:43: "SoldierBoy<85><[U:1:900000011]><Blue>" triggered "shot_hit" (weapon "quake_rl")
L 04/28/2026 - 05:32:43: "SoldierBoy<85><[U:1:900000011]><Blue>" triggered "damage" against "QuickScout<84><[U:1:900000012]><Red>" (damage "109") (realdamage "57") (weapon "quake_rl")
L 04/28/2026 - 05:32:43: "SoldierBoy<85><[U:1:900000011]><Blue>" killed "QuickScout<84><[U:1:900000012]><Red>" with "quake_rl" (attacker_position "-8844 11959 10736") (victim_position "-8931 11870 10853")
L 04/28/2026 - 05:32:43: "SoldierBoy<85><[U:1:900000011]><Blue>" triggered "shot_fired" (weapon "quake_rl")
L 04/28/2026 - 05:32:43: "QuickScout<84><[U:1:900000012]><Red>" spawned as "soldier"
L 04/28/2026 - 05:32:45: "QuickScout<84><[U:1:900000012]><Red>" triggered "shot_fired" (weapon "quake_rl")
L 04/28/2026 - 05:32:45: "QuickScout<84><[U:1:900000012]><Red>" triggered "shot_hit" (weapon "quake_rl")
L 04/28/2026 - 05:32:45: "QuickScout<84><[U:1:900000012]><Red>" triggered "damage" against "SoldierBoy<85><[U:1:900000011]><Blue>" (damage "70") (weapon "quake_rl")
L 04/28/2026 - 05:32:45: "SoldierBoy<85><[U:1:900000011]><Blue>" triggered "shot_fired" (weapon "quake_rl")
L 04/28/2026 - 05:32:46: "QuickScout<84><[U:1:900000012]><Red>" triggered "shot_fired" (weapon "quake_rl")
L 04/28/2026 - 05:32:46: "QuickScout<84><[U:1:900000012]><Red>" triggered "shot_hit" (weapon "quake_rl")
L 04/28/2026 - 05:32:46: "QuickScout<84><[U:1:900000012]><Red>" triggered "damage" against "SoldierBoy<85><[U:1:900000011]><Blue>" (damage "69") (weapon "quake_rl")
L 04/28/2026 - 05:32:46: "SoldierBoy<85><[U:1:900000011]><Blue>" triggered "shot_fired" (weapon "quake_rl")
L 04/28/2026 - 05:32:46: "SoldierBoy<85><[U:1:900000011]><Blue>" triggered "shot_hit" (weapon "quake_rl")
L 04/28/2026 - 05:32:46: "SoldierBoy<85><[U:1:900000011]><Blue>" triggered "damage" against "QuickScout<84><[U:1:900000012]><Red>" (damage "95") (weapon "quake_rl")
L 04/28/2026 - 05:32:47: "SoldierBoy<85><[U:1:900000011]><Blue>" triggered "shot_fired" (weapon "quake_rl")
L 04/28/2026 - 05:32:47: "QuickScout<84><[U:1:900000012]><Red>" triggered "shot_fired" (weapon "quake_rl")
L 04/28/2026 - 05:32:50: "QuickScout<84><[U:1:900000012]><Red>" triggered "shot_fired" (weapon "quake_rl")
L 04/28/2026 - 05:32:50: "SoldierBoy<85><[U:1:900000011]><Blue>" triggered "shot_hit" (weapon "quake_rl")
L 04/28/2026 - 05:32:50: "SoldierBoy<85><[U:1:900000011]><Blue>" triggered "damage" against "QuickScout<84><[U:1:900000012]><Red>" (damage "93") (weapon "quake_rl")
L 04/28/2026 - 05:32:50: "SoldierBoy<85><[U:1:900000011]><Blue>" triggered "shot_fired" (weapon "quake_rl")
L 04/28/2026 - 05:32:51: "SoldierBoy<85><[U:1:900000011]><Blue>" triggered "shot_fired" (weapon "shotgun_soldier")
L 04/28/2026 - 05:32:51: "SoldierBoy<85><[U:1:900000011]><Blue>" triggered "shot_hit" (weapon "shotgun_soldier")
L 04/28/2026 - 05:32:51: "SoldierBoy<85><[U:1:900000011]><Blue>" triggered "damage" against "QuickScout<84><[U:1:900000012]><Red>" (damage "4") (weapon "shotgun_soldier")
L 04/28/2026 - 05:32:51: "QuickScout<84><[U:1:900000012]><Red>" triggered "shot_fired" (weapon "shotgun_soldier")
L 04/28/2026 - 05:32:51: "QuickScout<84><[U:1:900000012]><Red>" triggered "shot_hit" (weapon "shotgun_soldier")
L 04/28/2026 - 05:32:51: "QuickScout<84><[U:1:900000012]><Red>" triggered "damage" against "SoldierBoy<85><[U:1:900000011]><Blue>" (damage "4") (realdamage "1") (weapon "shotgun_soldier")
L 04/28/2026 - 05:32:51: "QuickScout<84><[U:1:900000012]><Red>" killed "SoldierBoy<85><[U:1:900000011]><Blue>" with "shotgun_soldier" (attacker_position "-8720 11401 10855") (victim_position "-8742 12126 10679")
L 04/28/2026 - 05:32:51: "SoldierBoy<85><[U:1:900000011]><Blue>" spawned as "soldier"
L 04/28/2026 - 05:32:53: "QuickScout<84><[U:1:900000012]><Red>" triggered "shot_fired" (weapon "quake_rl")
L 04/28/2026 - 05:32:53: "SoldierBoy<85><[U:1:900000011]><Blue>" triggered "shot_fired" (weapon "quake_rl")
L 04/28/2026 - 05:32:54: "QuickScout<84><[U:1:900000012]><Red>" triggered "shot_hit" (weapon "quake_rl")
L 04/28/2026 - 05:32:54: "QuickScout<84><[U:1:900000012]><Red>" triggered "damage" against "SoldierBoy<85><[U:1:900000011]><Blue>" (damage "54") (weapon "quake_rl")
L 04/28/2026 - 05:32:54: "SoldierBoy<85><[U:1:900000011]><Blue>" triggered "shot_fired" (weapon "quake_rl")
L 04/28/2026 - 05:32:54: "SoldierBoy<85><[U:1:900000011]><Blue>" triggered "shot_hit" (weapon "quake_rl")
L 04/28/2026 - 05:32:54: "SoldierBoy<85><[U:1:900000011]><Blue>" triggered "damage" against "QuickScout<84><[U:1:900000012]><Red>" (damage "74") (weapon "quake_rl")
L 04/28/2026 - 05:32:54: "QuickScout<84><[U:1:900000012]><Red>" triggered "shot_fired" (weapon "quake_rl")
L 04/28/2026 - 05:32:55: "QuickScout<84><[U:1:900000012]><Red>" triggered "shot_fired" (weapon "quake_rl")
L 04/28/2026 - 05:32:55: "SoldierBoy<85><[U:1:900000011]><Blue>" triggered "shot_fired" (weapon "quake_rl")
L 04/28/2026 - 05:32:57: "SoldierBoy<85><[U:1:900000011]><Blue>" triggered "shot_fired" (weapon "quake_rl")
L 04/28/2026 - 05:32:57: "QuickScout<84><[U:1:900000012]><Red>" triggered "shot_fired" (weapon "quake_rl")
L 04/28/2026 - 05:32:58: "SoldierBoy<85><[U:1:900000011]><Blue>" triggered "shot_fired" (weapon "shotgun_soldier")
L 04/28/2026 - 05:32:58: "SoldierBoy<85><[U:1:900000011]><Blue>" triggered "shot_hit" (weapon "shotgun_soldier")
L 04/28/2026 - 05:32:58: "SoldierBoy<85><[U:1:900000011]><Blue>" triggered "damage" against "QuickScout<84><[U:1:900000012]><Red>" (damage "79") (realdamage "64") (weapon "shotgun_soldier")
L 04/28/2026 - 05:32:58: "SoldierBoy<85><[U:1:900000011]><Blue>" killed "QuickScout<84><[U:1:900000012]><Red>" with "shotgun_soldier" (attacker_position "-8417 11615 10696") (victim_position "-8387 11549 10591")
L 04/28/2026 - 05:32:58: "QuickScout<84><[U:1:900000012]><Red>" spawned as "soldier"
L 04/28/2026 - 05:33:00: "QuickScout<84><[U:1:900000012]><Red>" triggered "shot_hit" (weapon "quake_rl")
L 04/28/2026 - 05:33:00: "QuickScout<84><[U:1:900000012]><Red>" triggered "damage" against "SoldierBoy<85><[U:1:900000011]><Blue>" (damage "95") (weapon "quake_rl")
L 04/28/2026 - 05:33:00: "QuickScout<84><[U:1:900000012]><Red>" triggered "shot_fired" (weapon "quake_rl")
L 04/28/2026 - 05:33:00: "SoldierBoy<85><[U:1:900000011]><Blue>" triggered "shot_hit" (weapon "quake_rl")
L 04/28/2026 - 05:33:00: "SoldierBoy<85><[U:1:900000011]><Blue>" triggered "damage" against "QuickScout<84><[U:1:900000012]><Red>" (damage "110") (weapon "quake_rl") (airshot "1") (height "259")
L 04/28/2026 - 05:33:00: "SoldierBoy<85><[U:1:900000011]><Blue>" triggered "shot_fired" (weapon "quake_rl")
L 04/28/2026 - 05:33:01: "QuickScout<84><[U:1:900000012]><Red>" triggered "shot_hit" (weapon "quake_rl")
L 04/28/2026 - 05:33:01: "QuickScout<84><[U:1:900000012]><Red>" triggered "damage" against "SoldierBoy<85><[U:1:900000011]><Blue>" (damage "100") (weapon "quake_rl")
L 04/28/2026 - 05:33:01: "QuickScout<84><[U:1:900000012]><Red>" triggered "shot_fired" (weapon "quake_rl")
L 04/28/2026 - 05:33:01: "SoldierBoy<85><[U:1:900000011]><Blue>" triggered "shot_fired" (weapon "quake_rl")
L 04/28/2026 - 05:33:01: "QuickScout<84><[U:1:900000012]><Red>" triggered "shot_fired" (weapon "quake_rl")
L 04/28/2026 - 05:33:02: "QuickScout<84><[U:1:900000012]><Red>" triggered "shot_hit" (weapon "quake_rl")
L 04/28/2026 - 05:33:02: "QuickScout<84><[U:1:900000012]><Red>" triggered "damage" against "SoldierBoy<85><[U:1:900000011]><Blue>" (damage "63") (weapon "quake_rl")
L 04/28/2026 - 05:33:02: "QuickScout<84><[U:1:900000012]><Red>" killed "SoldierBoy<85><[U:1:900000011]><Blue>" with "quake_rl" (attacker_position "-8137 11807 10408") (victim_position "-8400 11630 10650")
L 04/28/2026 - 05:33:02: "SoldierBoy<85><[U:1:900000011]><Blue>" triggered "shot_fired" (weapon "quake_rl")
L 04/28/2026 - 05:33:02: "SoldierBoy<85><[U:1:900000011]><Blue>" spawned as "soldier"
L 04/28/2026 - 05:33:02: "SoldierBoy<85><[U:1:900000011]><Blue>" triggered "shot_hit" (weapon "quake_rl")
L 04/28/2026 - 05:33:02: "SoldierBoy<85><[U:1:900000011]><Blue>" triggered "damage" against "QuickScout<84><[U:1:900000012]><Red>" (damage "71") (weapon "quake_rl")
L 04/28/2026 - 05:33:03: "QuickScout<84><[U:1:900000012]><Red>" triggered "shot_fired" (weapon "quake_rl")
L 04/28/2026 - 05:33:06: "QuickScout<84><[U:1:900000012]><Red>" triggered "shot_fired" (weapon "quake_rl")
L 04/28/2026 - 05:33:06: "SoldierBoy<85><[U:1:900000011]><Blue>" triggered "shot_fired" (weapon "quake_rl")
L 04/28/2026 - 05:33:07: "QuickScout<84><[U:1:900000012]><Red>" triggered "shot_fired" (weapon "quake_rl")
L 04/28/2026 - 05:33:07: "SoldierBoy<85><[U:1:900000011]><Blue>" triggered "shot_fired" (weapon "quake_rl")
L 04/28/2026 - 05:33:07: "QuickScout<84><[U:1:900000012]><Red>" triggered "shot_fired" (weapon "quake_rl")
L 04/28/2026 - 05:33:08: "SoldierBoy<85><[U:1:900000011]><Blue>" triggered "shot_fired" (weapon "quake_rl")
L 04/28/2026 - 05:33:08: "QuickScout<84><[U:1:900000012]><Red>" triggered "shot_fired" (weapon "shotgun_soldier")
L 04/28/2026 - 05:33:08: "QuickScout<84><[U:1:900000012]><Red>" triggered "shot_hit" (weapon "shotgun_soldier")
L 04/28/2026 - 05:33:08: "QuickScout<84><[U:1:900000012]><Red>" triggered "damage" against "SoldierBoy<85><[U:1:900000011]><Blue>" (damage "24") (weapon "shotgun_soldier")
L 04/28/2026 - 05:33:08: "QuickScout<84><[U:1:900000012]><Red>" triggered "shot_fired" (weapon "shotgun_soldier")
L 04/28/2026 - 05:33:08: "SoldierBoy<85><[U:1:900000011]><Blue>" triggered "shot_hit" (weapon "quake_rl")
L 04/28/2026 - 05:33:08: "SoldierBoy<85><[U:1:900000011]><Blue>" triggered "damage" against "QuickScout<84><[U:1:900000012]><Red>" (damage "104") (weapon "quake_rl")
L 04/28/2026 - 05:33:09: "SoldierBoy<85><[U:1:900000011]><Blue>" triggered "shot_fired" (weapon "quake_rl")
L 04/28/2026 - 05:33:09: "SoldierBoy<85><[U:1:900000011]><Blue>" triggered "shot_fired" (weapon "shotgun_soldier")
L 04/28/2026 - 05:33:09: "SoldierBoy<85><[U:1:900000011]><Blue>" triggered "shot_hit" (weapon "shotgun_soldier")
L 04/28/2026 - 05:33:09: "SoldierBoy<85><[U:1:900000011]><Blue>" triggered "damage" against "QuickScout<84><[U:1:900000012]><Red>" (damage "48") (realdamage "32") (weapon "shotgun_soldier")
L 04/28/2026 - 05:33:09: "SoldierBoy<85><[U:1:900000011]><Blue>" killed "QuickScout<84><[U:1:900000012]><Red>" with "shotgun_soldier" (attacker_position "-8516 11951 10752") (victim_position "-8591 11930 10485")
L 04/28/2026 - 05:33:09: "QuickScout<84><[U:1:900000012]><Red>" spawned as "soldier"
L 04/28/2026 - 05:33:12: "SoldierBoy<85><[U:1:900000011]><Blue>" triggered "shot_fired" (weapon "quake_rl")
L 04/28/2026 - 05:33:12: "QuickScout<84><[U:1:900000012]><Red>" triggered "shot_fired" (weapon "quake_rl")
L 04/28/2026 - 05:33:12: "QuickScout<84><[U:1:900000012]><Red>" triggered "shot_hit" (weapon "quake_rl")
L 04/28/2026 - 05:33:12: "QuickScout<84><[U:1:900000012]><Red>" triggered "damage" against "SoldierBoy<85><[U:1:900000011]><Blue>" (damage "77") (weapon "quake_rl")
L 04/28/2026 - 05:33:13: "SoldierBoy<85><[U:1:900000011]><Blue>" triggered "shot_fired" (weapon "quake_rl")
L 04/28/2026 - 05:33:13: "QuickScout<84><[U:1:900000012]><Red>" triggered "shot_fired" (weapon "quake_rl")
L 04/28/2026 - 05:33:13: "SoldierBoy<85><[U:1:900000011]><Blue>" triggered "shot_fired" (weapon "quake_rl")
L 04/28/2026 - 05:33:14: "QuickScout<84><[U:1:900000012]><Red>" triggered "shot_fired" (weapon "quake_rl")
L 04/28/2026 - 05:33:14: "QuickScout<84><[U:1:900000012]><Red>" triggered "shot_fired" (weapon "shotgun_soldier")
L 04/28/2026 - 05:33:15: "QuickScout<84><[U:1:900000012]><Red>" triggered "shot_fired" (weapon "shotgun_soldier")
L 04/28/2026 - 05:33:16: "SoldierBoy<85><[U:1:900000011]><Blue>" triggered "shot_fired" (weapon "quake_rl")
L 04/28/2026 - 05:33:17: "SoldierBoy<85><[U:1:900000011]><Blue>" triggered "shot_fired" (weapon "quake_rl")
L 04/28/2026 - 05:33:17: "SoldierBoy<85><[U:1:900000011]><Blue>" triggered "shot_hit" (weapon "quake_rl")
L 04/28/2026 - 05:33:17: "SoldierBoy<85><[U:1:900000011]><Blue>" triggered "damage" against "QuickScout<84><[U:1:900000012]><Red>" (damage "51") (weapon "quake_rl")
L 04/28/2026 - 05:33:18: "SoldierBoy<85><[U:1:900000011]><Blue>" triggered "shot_hit" (weapon "quake_rl")
L 04/28/2026 - 05:33:18: "SoldierBoy<85><[U:1:900000011]><Blue>" triggered "damage" against "QuickScout<84><[U:1:900000012]><Red>" (damage "83") (weapon "quake_rl")
L 04/28/2026 - 05:33:18: "SoldierBoy<85><[U:1:900000011]><Blue>" triggered "shot_fired" (weapon "quake_rl")
L 04/28/2026 - 05:33:18: "QuickScout<84><[U:1:900000012]><Red>" triggered "shot_hit" (weapon "quake_rl")
L 04/28/2026 - 05:33:18: "QuickScout<84><[U:1:900000012]><Red>" triggered "damage" against "SoldierBoy<85><[U:1:900000011]><Blue>" (damage "73") (weapon "quake_rl")
L 04/28/2026 - 05:33:18: "QuickScout<84><[U:1:900000012]><Red>" triggered "shot_fired" (weapon "quake_rl")
L 04/28/2026 - 05:33:18: "QuickScout<84><[U:1:900000012]><Red>" triggered "shot_fired" (weapon "shotgun_soldier")
L 04/28/2026 - 05:33:18: "SoldierBoy<85><[U:1:900000011]><Blue>" triggered "shot_fired" (weapon "shotgun_soldier")
L 04/28/2026 - 05:33:18: "SoldierBoy<85><[U:1:900000011]><Blue>" triggered "shot_hit" (weapon "shotgun_soldier")
L 04/28/2026 - 05:33:18: "SoldierBoy<85><[U:1:900000011]><Blue>" triggered "damage" against "QuickScout<84><[U:1:900000012]><Red>" (damage "53") (weapon "shotgun_soldier")
L 04/28/2026 - 05:33:19: "QuickScout<84><[U:1:900000012]><Red>" triggered "shot_fired" (weapon "shotgun_soldier")
L 04/28/2026 - 05:33:19: "QuickScout<84><[U:1:900000012]><Red>" triggered "shot_hit" (weapon "shotgun_soldier")
L 04/28/2026 - 05:33:19: "QuickScout<84><[U:1:900000012]><Red>" triggered "damage" against "SoldierBoy<85><[U:1:900000011]><Blue>" (damage "19") (weapon "shotgun_soldier")
L 04/28/2026 - 05:33:19: "SoldierBoy<85><[U:1:900000011]><Blue>" triggered "shot_fired" (weapon "shotgun_soldier")
L 04/28/2026 - 05:33:19: "SoldierBoy<85><[U:1:900000011]><Blue>" triggered "shot_hit" (weapon "shotgun_soldier")
L 04/28/2026 - 05:33:19: "SoldierBoy<85><[U:1:900000011]><Blue>" triggered "damage" against "QuickScout<84><[U:1:900000012]><Red>" (damage "12") (weapon "shotgun_soldier")
L 04/28/2026 - 05:33:19: "SoldierBoy<85><[U:1:900000011]><Blue>" killed "QuickScout<84><[U:1:900000012]><Red>" with "shotgun_soldier" (attacker_position "-8620 11591 11261") (victim_position "-8709 11611 10743")
L 04/28/2026 - 05:33:19: "QuickScout<84><[U:1:900000012]><Red>" spawned as "soldier"
L 04/28/2026 - 05:33:21: "QuickScout<84><[U:1:900000012]><Red>" triggered "shot_fired" (weapon "quake_rl")
L 04/28/2026 - 05:33:21: "QuickScout<84><[U:1:900000012]><Red>" triggered "shot_hit" (weapon "quake_rl")
L 04/28/2026 - 05:33:21: "QuickScout<84><[U:1:900000012]><Red>" triggered "damage" against "SoldierBoy<85><[U:1:900000011]><Blue>" (damage "51") (weapon "quake_rl")
L 04/28/2026 - 05:33:22: "QuickScout<84><[U:1:900000012]><Red>" triggered "shot_fired" (weapon "quake_rl")
L 04/28/2026 - 05:33:22: "SoldierBoy<85><[U:1:900000011]><Blue>" triggered "shot_fired" (weapon "quake_rl")
L 04/28/2026 - 05:33:22: "QuickScout<84><[U:1:900000012]><Red>" triggered "shot_hit" (weapon "quake_rl")
L 04/28/2026 - 05:33:22: "QuickScout<84><[U:1:900000012]><Red>" triggered "damage" against "SoldierBoy<85><[U:1:900000011]><Blue>" (damage "53") (weapon "quake_rl")
L 04/28/2026 - 05:33:23: "QuickScout<84><[U:1:900000012]><Red>" triggered "shot_fired" (weapon "quake_rl")
L 04/28/2026 - 05:33:23: "SoldierBoy<85><[U:1:900000011]><Blue>" triggered "shot_fired" (weapon "quake_rl")
L 04/28/2026 - 05:33:23: "QuickScout<84><[U:1:900000012]><Red>" triggered "shot_hit" (weapon "quake_rl")
L 04/28/2026 - 05:33:23: "QuickScout<84><[U:1:900000012]><Red>" triggered "damage" against "SoldierBoy<85><[U:1:900000011]><Blue>" (damage "73") (weapon "quake_rl")
L 04/28/2026 - 05:33:23: "SoldierBoy<85><[U:1:900000011]><Blue>" triggered "shot_hit" (weapon "quake_rl")
L 04/28/2026 - 05:33:23: "SoldierBoy<85><[U:1:900000011]><Blue>" triggered "damage" against "QuickScout<84><[U:1:900000012]><Red>" (damage "53") (weapon "quake_rl")
L 04/28/2026 - 05:33:23: "QuickScout<84><[U:1:900000012]><Red>" triggered "shot_fired" (weapon "shotgun_soldier")
L 04/28/2026 - 05:33:23: "QuickScout<84><[U:1:900000012]><Red>" triggered "shot_hit" (weapon "shotgun_soldier")
L 04/28/2026 - 05:33:23: "QuickScout<84><[U:1:900000012]><Red>" triggered "damage" against "SoldierBoy<85><[U:1:900000011]><Blue>" (damage "17") (weapon "shotgun_soldier")
L 04/28/2026 - 05:33:24: "SoldierBoy<85><[U:1:900000011]><Blue>" triggered "shot_hit" (weapon "quake_rl")
L 04/28/2026 - 05:33:24: "SoldierBoy<85><[U:1:900000011]><Blue>" triggered "damage" against "QuickScout<84><[U:1:900000012]><Red>" (damage "73") (weapon "quake_rl")
L 04/28/2026 - 05:33:24: "SoldierBoy<85><[U:1:900000011]><Blue>" triggered "shot_fired" (weapon "quake_rl")
L 04/28/2026 - 05:33:24: "QuickScout<84><[U:1:900000012]><Red>" triggered "shot_fired" (weapon "shotgun_soldier")
L 04/28/2026 - 05:33:24: "SoldierBoy<85><[U:1:900000011]><Blue>" triggered "shot_fired" (weapon "shotgun_soldier")
L 04/28/2026 - 05:33:24: "SoldierBoy<85><[U:1:900000011]><Blue>" triggered "shot_hit" (weapon "shotgun_soldier")
L 04/28/2026 - 05:33:24: "SoldierBoy<85><[U:1:900000011]><Blue>" triggered "damage" against "QuickScout<84><[U:1:900000012]><Red>" (damage "89") (weapon "shotgun_soldier")
L 04/28/2026 - 05:33:24: "QuickScout<84><[U:1:900000012]><Red>" triggered "shot_fired" (weapon "shotgun_soldier")
L 04/28/2026 - 05:33:25: "SoldierBoy<85><[U:1:900000011]><Blue>" triggered "shot_fired" (weapon "shotgun_soldier")
L 04/28/2026 - 05:33:25: "SoldierBoy<85><[U:1:900000011]><Blue>" triggered "shot_hit" (weapon "shotgun_soldier")
L 04/28/2026 - 05:33:25: "SoldierBoy<85><[U:1:900000011]><Blue>" triggered "damage" against "QuickScout<84><[U:1:900000012]><Red>" (damage "77") (realdamage "10") (weapon "shotgun_soldier")
L 04/28/2026 - 05:33:25: World triggered "mge_elo_delta" (player "[U:1:900000011]") (old_elo "2722") (new_elo "2722")
L 04/28/2026 - 05:33:25: World triggered "mge_elo_delta" (player "[U:1:900000012]") (old_elo "2131") (new_elo "2131")
L 04/28/2026 - 05:33:25: "SoldierBoy<85><[U:1:900000011]><Blue>" killed "QuickScout<84><[U:1:900000012]><Red>" with "shotgun_soldier" (attacker_position "-8816 11907 10745") (victim_position "-8749 11756 10743")
L 04/28/2026 - 05:33:25: World triggered "mge_match_end" (winner "[U:1:900000011]") (winner_score "20") (loser_score "9")
