L 04/28/2026 - 05:24:39: World triggered "meta_data" (matchid "2604280524395436") (map "mge_triumph_beta7_rc1") (arena "Badlands Middle 1 [1v1 MGE]") (gamemode "mge") (fraglimit "0")
L 04/28/2026 - 05:24:39: "SoldierBoy<83><[U:1:900000011]><Red>" changed role to "soldier"
L 04/28/2026 - 05:24:39: "QuickScout<84><[U:1:900000012]><Blue>" changed role to "soldier"
L 04/28/2026 - 05:24:41: "SoldierBoy<83><[U:1:900000011]><Red>" triggered "shot_fired" (weapon "quake_rl")
L 04/28/2026 - 05:24:41: "QuickScout<84><[U:1:900000012]><Blue>" triggered "shot_fired" (weapon "quake_rl")
L 04/28/2026 - 05:24:42: "QuickScout<84><[U:1:900000012]><Blue>" triggered "shot_hit" (weapon "quake_rl")
L 04/28/2026 - 05:24:42: "QuickScout<84><[U:1:900000012]><Blue>" triggered "damage" against "SoldierBoy<83><[U:1:900000011]><Red>" (damage "51") (weapon "quake_rl")
L 04/28/2026 - 05:24:42: "SoldierBoy<83><[U:1:900000011]><Red>" triggered "shot_fired" (weapon "quake_rl")
L 04/28/2026 - 05:24:43: "QuickScout<84><[U:1:900000012]><Blue>" triggered "shot_fired" (weapon "quake_rl")
L 04/28/2026 - 05:24:43: "SoldierBoy<83><[U:1:900000011]><Red>" triggered "shot_hit" (weapon "quake_rl")
L 04/28/2026 - 05:24:43: "SoldierBoy<83><[U:1:900000011]><Red>" triggered "damage" against "QuickScout<84><[U:1:900000012]><Blue>" (damage "84") (weapon "quake_rl")
L 04/28/2026 - 05:24:43: "SoldierBoy<83><[U:1:900000011]><Red>" triggered "shot_fired" (weapon "quake_rl")
L 04/28/2026 - 05:24:43: "QuickScout<84><[U:1:900000012]><Blue>" triggered "shot_fired" (weapon "quake_rl")
L 04/28/2026 - 05:24:43: "QuickScout<84><[U:1:900000012]><Blue>" triggered "shot_hit" (weapon "quake_rl")
L 04/28/2026 - 05:24:43: "QuickScout<84><[U:1:900000012]><Blue>" triggered "damage" against "SoldierBoy<83><[U:1:900000011]><Red>" (damage "47") (weapon "quake_rl")
L 04/28/2026 - 05:24:44: "SoldierBoy<83><[U:1:900000011]><Red>" triggered "shot_fired" (weapon "quake_rl")
L 04/28/2026 - 05:24:44: "SoldierBoy<83><[U:1:900000011]><Red>" triggered "shot_hit" (weapon "quake_rl")
L 04/28/2026 - 05:24:44: "SoldierBoy<83><[U:1:900000011]><Red>" triggered "damage" against "QuickScout<84><[U:1:900000012]><Blue>" (damage "87") (realdamage "56") (weapon "quake_rl")
L 04/28/2026 - 05:24:44: "SoldierBoy<83><[U:1:900000011]><Red>" killed "QuickScout<84><[U:1:900000012]><Blue>" with "quake_rl" (attacker_position "-13374 11620 10696") (victim_position "-13799 11294 10653")
L 04/28/2026 - 05:24:44: "QuickScout<84><[U:1:900000012]><Blue>" spawned as "soldier"
L 04/28/2026 - 05:24:44: "SoldierBoy<83><[U:1:900000011]><Red>" triggered "shot_fired" (weapon "shotgun_soldier")
L 04/28/2026 - 05:24:51: "QuickScout<84><[U:1:900000012]><Blue>" triggered "shot_fired" (weapon "quake_rl")
L 04/28/2026 - 05:24:51: "SoldierBoy<83><[U:1:900000011]><Red>" triggered "shot_fired" (weapon "quake_rl")
L 04/28/2026 - 05:24:52: "QuickScout<84><[U:1:900000012]><Blue>" triggered "shot_fired" (weapon "quake_rl")
L 04/28/2026 - 05:24:52: "QuickScout<84><[U:1:900000012]><Blue>" triggered "shot_hit" (weapon "quake_rl")
L 04/28/2026 - 05:24:52: "QuickScout<84><[U:1:900000012]><Blue>" triggered "damage" against "SoldierBoy<83><[U:1:900000011]><Red>" (damage "83") (weapon "quake_rl")
L 04/28/2026 - 05:24:52: "SoldierBoy<83><[U:1:900000011]><Red>" triggered "shot_hit" (weapon "quake_rl")
L 04/28/2026 - 05:24:52: "SoldierBoy<83><[U:1:900000011]><Red>" triggered "damage" against "QuickScout<84><[U:1:900000012]><Blue>" (damage "68") (weapon "quake_rl")
L 04/28/2026 - 05:24:52: "SoldierBoy<83><[U:1:900000011]><Red>" triggered "shot_fired" (weapon "quake_rl")
L 04/28/2026 - 05:24:53: "SoldierBoy<83><[U:1:900000011]><Red>" triggered "shot_fired" (weapon "quake_rl")
L 04/28/2026 - 05:24:53: "QuickScout<84><[U:1:900000012]><Blue>" triggered "shot_fired" (weapon "quake_rl")
L 04/28/2026 - 05:24:53: "SoldierBoy<83><[U:1:900000011]><Red>" triggered "shot_hit" (weapon "quake_rl")
L 04/28/2026 - 05:24:53: "SoldierBoy<83><[U:1:900000011]><Red>" triggered "damage" against "QuickScout<84><[U:1:900000012]><Blue>" (damage "35") (weapon "quake_rl")
L 04/28/2026 - 05:24:54: "SoldierBoy<83><[U:1:900000011]><Red>" triggered "shot_fired" (weapon "quake_rl")
L 04/28/2026 - 05:24:54: "SoldierBoy<83><[U:1:900000011]><Red>" triggered "shot_fired" (weapon "shotgun_soldier")
L 04/28/2026 - 05:24:55: "QuickScout<84><[U:1:900000012]><Blue>" triggered "shot_fired" (weapon "quake_rl")
L 04/28/2026 - 05:24:56: "QuickScout<84><[U:1:900000012]><Blue>" triggered "shot_fired" (weapon "shotgun_soldier")
L 04/28/2026 - 05:24:56: "SoldierBoy<83><[U:1:900000011]><Red>" triggered "shot_fired" (weapon "quake_rl")
L 04/28/2026 - 05:24:57: "QuickScout<84><[U:1:900000012]><Blue>" triggered "shot_fired" (weapon "shotgun_soldier")
L 04/28/2026 - 05:24:58: "QuickScout<84><[U:1:900000012]><Blue>" triggered "shot_fired" (weapon "shotgun_soldier")
L 04/28/2026 - 05:24:59: "SoldierBoy<83><[U:1:900000011]><Red>" triggered "shot_fired" (weapon "quake_rl")
L 04/28/2026 - 05:24:59: "QuickScout<84><[U:1:900000012]><Blue>" triggered "shot_fired" (weapon "shotgun_soldier")
L 04/28/2026 - 05:25:00: "SoldierBoy<83><[U:1:900000011]><Red>" triggered "shot_hit" (weapon "quake_rl")
L 04/28/2026 - 05:25:00: "SoldierBoy<83><[U:1:900000011]><Red>" triggered "damage" against "QuickScout<84><[U:1:900000012]><Blue>" (damage "37") (realdamage "33") (weapon "quake_rl")
L 04/28/2026 - 05:25:00: "SoldierBoy<83><[U:1:900000011]><Red>" killed "QuickScout<84><[U:1:900000012]><Blue>" with "quake_rl" (attacker_position "-13389 10917 10696") (victim_position "-13476 11916 10731")
L 04/28/2026 - 05:25:00: "QuickScout<84><[U:1:900000012]><Blue>" spawned as "soldier"
L 04/28/2026 - 05:25:02: "QuickScout<84><[U:1:900000012]><Blue>" triggered "shot_fired" (weapon "quake_rl")
L 04/28/2026 - 05:25:03: "SoldierBoy<83><[U:1:900000011]><Red>" triggered "shot_fired" (weapon "quake_rl")
L 04/28/2026 - 05:25:03: "QuickScout<84><[U:1:900000012]><Blue>" triggered "shot_hit" (weapon "quake_rl")
L 04/28/2026 - 05:25:03: "QuickScout<84><[U:1:900000012]><Blue>" triggered "damage" against "SoldierBoy<83><[U:1:900000011]><Red>" (damage "55") (weapon "quake_rl")
L 04/28/2026 - 05:25:03: "QuickScout<84><[U:1:900000012]><Blue>" triggered "shot_fired" (weapon "quake_rl")
L 04/28/2026 - 05:25:03: "SoldierBoy<83><[U:1:900000011]><Red>" triggered "shot_fired" (weapon "quake_rl")
L 04/28/2026 - 05:25:04: "SoldierBoy<83><[U:1:900000011]><Red>" triggered "shot_hit" (weapon "quake_rl")
L 04/28/2026 - 05:25:04: "SoldierBoy<83><[U:1:900000011]><Red>" triggered "damage" against "QuickScout<84><[U:1:900000012]><Blue>" (damage "53") (weapon "quake_rl")
L 04/28/2026 - 05:25:04: "QuickScout<84><[U:1:900000012]><Blue>" triggered "shot_fired" (weapon "quake_rl")
L 04/28/2026 - 05:25:04: "SoldierBoy<83><[U:1:900000011]><Red>" triggered "shot_fired" (weapon "quake_rl")
L 04/28/2026 - 05:25:04: "SoldierBoy<83><[U:1:900000011]><Red>" triggered "shot_hit" (weapon "quake_rl")
L 04/28/2026 - 05:25:04: "SoldierBoy<83><[U:1:900000011]><Red>" triggered "damage" against "QuickScout<84><[U:1:900000012]><Blue>" (damage "42") (weapon "quake_rl")
L 04/28/2026 - 05:25:05: "SoldierBoy<83><[U:1:900000011]><Red>" triggered "shot_fired" (weapon "quake_rl")
L 04/28/2026 - 05:25:06: "QuickScout<84><[U:1:900000012]><Blue>" triggered "shot_fired" (weapon "quake_rl")
L 04/28/2026 - 05:25:06: "SoldierBoy<83><[U:1:900000011]><Red>" triggered "shot_fired" (weapon "shotgun_soldier")
L 04/28/2026 - 05:25:06: "SoldierBoy<83><[U:1:900000011]><Red>" triggered "shot_hit" (weapon "shotgun_soldier")
L 04/28/2026 - 05:25:06: "SoldierBoy<83><[U:1:900000011]><Red>" triggered "damage" against "QuickScout<84><[U:1:900000012]><Blue>" (damage "32") (weapon "shotgun_soldier")
L 04/28/2026 - 05:25:06: "QuickScout<84><[U:1:900000012]><Blue>" triggered "shot_fired" (weapon "shotgun_soldier")
L 04/28/2026 - 05:25:06: "QuickScout<84><[U:1:900000012]><Blue>" triggered "shot_hit" (weapon "shotgun_soldier")
L 04/28/2026 - 05:25:06: "QuickScout<84><[U:1:900000012]><Blue>" triggered "damage" against "SoldierBoy<83><[U:1:900000011]><Red>" (damage "79") (weapon "shotgun_soldier")
L 04/28/2026 - 05:25:07: "SoldierBoy<83><[U:1:900000011]><Red>" triggered "shot_fired" (weapon "shotgun_soldier")
L 04/28/2026 - 05:25:07: "SoldierBoy<83><[U:1:900000011]><Red>" triggered "shot_hit" (weapon "shotgun_soldier")
L 04/28/2026 - 05:25:07: "SoldierBoy<83><[U:1:900000011]><Red>" triggered "damage" against "QuickScout<84><[U:1:900000012]><Blue>" (damage "7") (weapon "shotgun_soldier")
L 04/28/2026 - 05:25:07: "QuickScout<84><[U:1:900000012]><Blue>" triggered "shot_fired" (weapon "shotgun_soldier")
L 04/28/2026 - 05:25:07: "QuickScout<84><[U:1:900000012]><Blue>" triggered "shot_hit" (weapon "shotgun_soldier")
L 04/28/2026 - 05:25:07: "QuickScout<84><[U:1:900000012]><Blue>" triggered "damage" against "SoldierBoy<83><[U:1:900000011]><Red>" (damage "49") (weapon "shotgun_soldier")
L 04/28/2026 - 05:25:08: "SoldierBoy<83><[U:1:900000011]><Red>" triggered "shot_fired" (weapon "shotgun_soldier")
L 04/28/2026 - 05:25:08: "SoldierBoy<83><[U:1:900000011]><Red>" triggered "shot_hit" (weapon "shotgun_soldier")
L 04/28/2026 - 05:25:08: "SoldierBoy<83><[U:1:900000011]><Red>" triggered "damage" against "QuickScout<84><[U:1:900000012]><Blue>" (damage "7") (weapon "shotgun_soldier")
L 04/28/2026 - 05:25:08: "QuickScout<84><[U:1:900000012]><Blue>" triggered "shot_fired" (weapon "shotgun_soldier")
L 04/28/2026 - 05:25:08: "SoldierBoy<83><[U:1:900000011]><Red>" triggered "shot_fired" (weapon "shotgun_soldier")
L 04/28/2026 - 05:25:08: "SoldierBoy<83><[U:1:900000011]><Red>" triggered "shot_hit" (weapon "shotgun_soldier")
L 04/28/2026 - 05:25:08: "SoldierBoy<83><[U:1:900000011]><Red>" triggered "damage" against "QuickScout<84><[U:1:900000012]><Blue>" (damage "49") (realdamage "24") (weapon "shotgun_soldier")
L 04/28/2026 - 05:25:08: "SoldierBoy<83><[U:1:900000011]><Red>" killed "QuickScout<84><[U:1:900000012]><Blue>" with "shotgun_soldier" (attacker_position "-13013 11292 10696") (victim_position "-13019 10888 10696")
L 04/28/2026 - 05:25:08: "QuickScout<84><[U:1:900000012]><Blue>" spawned as "soldier"
L 04/28/2026 - 05:25:12: "QuickScout<84><[U:1:900000012]><Blue>" triggered "shot_fired" (weapon "quake_rl")
L 04/28/2026 - 05:25:13: "SoldierBoy<83><[U:1:900000011]><Red>" triggered "shot_fired" (weapon "quake_rl")
L 04/28/2026 - 05:25:13: "QuickScout<84><[U:1:900000012]><Blue>" triggered "shot_hit" (weapon "quake_rl")
L 04/28/2026 - 05:25:13: "QuickScout<84><[U:1:900000012]><Blue>" triggered "damage" against "SoldierBoy<83><[U:1:900000011]><Red>" (damage "52") (weapon "quake_rl")
L 04/28/2026 - 05:25:13: "SoldierBoy<83><[U:1:900000011]><Red>" triggered "shot_fired" (weapon "quake_rl")
L 04/28/2026 - 05:25:14: "SoldierBoy<83><[U:1:900000011]><Red>" triggered "shot_fired" (weapon "quake_rl")
L 04/28/2026 - 05:25:14: "SoldierBoy<83><[U:1:900000011]><Red>" triggered "shot_hit" (weapon "quake_rl")
L 04/28/2026 - 05:25:14: "SoldierBoy<83><[U:1:900000011]><Red>" triggered "damage" against "QuickScout<84><[U:1:900000012]><Blue>" (damage "55") (weapon "quake_rl")
L 04/28/2026 - 05:25:15: "QuickScout<84><[U:1:900000012]><Blue>" triggered "shot_fired" (weapon "quake_rl")
L 04/28/2026 - 05:25:15: "QuickScout<84><[U:1:900000012]><Blue>" triggered "shot_hit" (weapon "quake_rl")
L 04/28/2026 - 05:25:15: "QuickScout<84><[U:1:900000012]><Blue>" triggered "damage" against "SoldierBoy<83><[U:1:900000011]><Red>" (damage "52") (weapon "quake_rl")
L 04/28/2026 - 05:25:16: "QuickScout<84><[U:1:900000012]><Blue>" triggered "shot_fired" (weapon "quake_rl")
L 04/28/2026 - 05:25:17: "SoldierBoy<83><[U:1:900000011]><Red>" triggered "shot_fired" (weapon "quake_rl")
L 04/28/2026 - 05:25:17: "QuickScout<84><[U:1:900000012]><Blue>" triggered "shot_fired" (weapon "quake_rl")
L 04/28/2026 - 05:25:17: "SoldierBoy<83><[U:1:900000011]><Red>" triggered "shot_hit" (weapon "quake_rl")
L 04/28/2026 - 05:25:17: "SoldierBoy<83><[U:1:900000011]><Red>" triggered "damage" against "QuickScout<84><[U:1:900000012]><Blue>" (damage "47") (weapon "quake_rl")
L 04/28/2026 - 05:25:17: "QuickScout<84><[U:1:900000012]><Blue>" triggered "shot_hit" (weapon "quake_rl")
L 04/28/2026 - 05:25:17: "QuickScout<84><[U:1:900000012]><Blue>" triggered "damage" against "SoldierBoy<83><[U:1:900000011]><Red>" (damage "47") (weapon "quake_rl")
L 04/28/2026 - 05:25:17: "QuickScout<84><[U:1:900000012]><Blue>" picked up item "tf_ammo_pack"
L 04/28/2026 - 05:25:18: "QuickScout<84><[U:1:900000012]><Blue>" triggered "shot_fired" (weapon "shotgun_soldier")
L 04/28/2026 - 05:25:18: "QuickScout<84><[U:1:900000012]><Blue>" triggered "shot_fired" (weapon "shotgun_soldier")
L 04/28/2026 - 05:25:18: "QuickScout<84><[U:1:900000012]><Blue>" triggered "shot_hit" (weapon "shotgun_soldier")
L 04/28/2026 - 05:25:18: "QuickScout<84><[U:1:900000012]><Blue>" triggered "damage" against "SoldierBoy<83><[U:1:900000011]><Red>" (damage "24") (weapon "shotgun_soldier")
L 04/28/2026 - 05:25:18: "SoldierBoy<83><[U:1:900000011]><Red>" triggered "shot_fired" (weapon "quake_rl")
L 04/28/2026 - 05:25:18: "SoldierBoy<83><[U:1:900000011]><Red>" triggered "shot_hit" (weapon "quake_rl")
L 04/28/2026 - 05:25:18: "SoldierBoy<83><[U:1:900000011]><Red>" triggered "damage" against "QuickScout<84><[U:1:900000012]><Blue>" (damage "56") (weapon "quake_rl")
L 04/28/2026 - 05:25:19: "SoldierBoy<83><[U:1:900000011]><Red>" triggered "shot_fired" (weapon "shotgun_soldier")
L 04/28/2026 - 05:25:19: "SoldierBoy<83><[U:1:900000011]><Red>" triggered "shot_hit" (weapon "shotgun_soldier")
L 04/28/2026 - 05:25:19: "SoldierBoy<83><[U:1:900000011]><Red>" triggered "damage" against "QuickScout<84><[U:1:900000012]><Blue>" (damage "22") (weapon "shotgun_soldier")
L 04/28/2026 - 05:25:19: "QuickScout<84><[U:1:900000012]><Blue>" triggered "shot_fired" (weapon "shotgun_soldier")
L 04/28/2026 - 05:25:19: "QuickScout<84><[U:1:900000012]><Blue>" triggered "shot_hit" (weapon "shotgun_soldier")
L 04/28/2026 - 05:25:19: "QuickScout<84><[U:1:900000012]><Blue>" triggered "damage" against "SoldierBoy<83><[U:1:900000011]><Red>" (damage "7") (weapon "shotgun_soldier")
L 04/28/2026 - 05:25:20: "SoldierBoy<83><[U:1:900000011]><Red>" triggered "shot_fired" (weapon "shotgun_soldier")
L 04/28/2026 - 05:25:20: "SoldierBoy<83><[U:1:900000011]><Red>" triggered "shot_hit" (weapon "shotgun_soldier")
L 04/28/2026 - 05:25:20: "SoldierBoy<83><[U:1:900000011]><Red>" triggered "damage" against "QuickScout<84><[U:1:900000012]><Blue>" (damage "7") (realdamage "4") (weapon "shotgun_soldier")
L 04/28/2026 - 05:25:20: "SoldierBoy<83><[U:1:900000011]><Red>" killed "QuickScout<84><[U:1:900000012]><Blue>" with "shotgun_soldier" (attacker_position "-13124 11122 10740") (victim_position "-13125 10684 10740")
L 04/28/2026 - 05:25:20: "QuickScout<84><[U:1:900000012]><Blue>" spawned as "soldier"
L 04/28/2026 - 05:25:24: "QuickScout<84><[U:1:900000012]><Blue>" triggered "shot_fired" (weapon "quake_rl")
L 04/28/2026 - 05:25:24: "SoldierBoy<83><[U:1:900000011]><Red>" triggered "shot_fired" (weapon "quake_rl")
L 04/28/2026 - 05:25:24: "QuickScout<84><[U:1:900000012]><Blue>" triggered "shot_hit" (weapon "quake_rl")
L 04/28/2026 - 05:25:24: "QuickScout<84><[U:1:900000012]><Blue>" triggered "damage" against "SoldierBoy<83><[U:1:900000011]><Red>" (damage "51") (weapon "quake_rl")
L 04/28/2026 - 05:25:25: "SoldierBoy<83><[U:1:900000011]><Red>" triggered "shot_fired" (weapon "quake_rl")
L 04/28/2026 - 05:25:26: "QuickScout<84><[U:1:900000012]><Blue>" triggered "shot_fired" (weapon "quake_rl")
L 04/28/2026 - 05:25:26: "QuickScout<84><[U:1:900000012]><Blue>" triggered "shot_hit" (weapon "quake_rl")
L 04/28/2026 - 05:25:26: "QuickScout<84><[U:1:900000012]><Blue>" triggered "damage" against "SoldierBoy<83><[U:1:900000011]><Red>" (damage "44") (weapon "quake_rl")
L 04/28/2026 - 05:25:26: "SoldierBoy<83><[U:1:900000011]><Red>" triggered "shot_fired" (weapon "quake_rl")
L 04/28/2026 - 05:25:26: "QuickScout<84><[U:1:900000012]><Blue>" triggered "shot_fired" (weapon "quake_rl")
L 04/28/2026 - 05:25:26: "QuickScout<84><[U:1:900000012]><Blue>" triggered "shot_hit" (weapon "quake_rl")
L 04/28/2026 - 05:25:26: "QuickScout<84><[U:1:900000012]><Blue>" triggered "damage" against "SoldierBoy<83><[U:1:900000011]><Red>" (damage "51") (weapon "quake_rl")
L 04/28/2026 - 05:25:27: "SoldierBoy<83><[U:1:900000011]><Red>" triggered "shot_fired" (weapon "quake_rl")
L 04/28/2026 - 05:25:27: "QuickScout<84><[U:1:900000012]><Blue>" triggered "shot_fired" (weapon "quake_rl")
L 04/28/2026 - 05:25:27: "SoldierBoy<83><[U:1:900000011]><Red>" triggered "shot_fired" (weapon "shotgun_soldier")
L 04/28/2026 - 05:25:27: "SoldierBoy<83><[U:1:900000011]><Red>" triggered "shot_hit" (weapon "shotgun_soldier")
L 04/28/2026 - 05:25:27: "SoldierBoy<83><[U:1:900000011]><Red>" triggered "damage" against "QuickScout<84><[U:1:900000012]><Blue>" (damage "74") (weapon "shotgun_soldier")
L 04/28/2026 - 05:25:27: "QuickScout<84><[U:1:900000012]><Blue>" triggered "shot_hit" (weapon "quake_rl")
L 04/28/2026 - 05:25:27: "QuickScout<84><[U:1:900000012]><Blue>" triggered "damage" against "SoldierBoy<83><[U:1:900000011]><Red>" (damage "51") (weapon "quake_rl")
L 04/28/2026 - 05:25:28: "QuickScout<84><[U:1:900000012]><Blue>" triggered "shot_fired" (weapon "shotgun_soldier")
L 04/28/2026 - 05:25:28: "QuickScout<84><[U:1:900000012]><Blue>" triggered "shot_hit" (weapon "shotgun_soldier")
L 04/28/2026 - 05:25:28: "QuickScout<84><[U:1:900000012]><Blue>" triggered "damage" against "SoldierBoy<83><[U:1:900000011]><Red>" (damage "40") (realdamage "24") (weapon "shotgun_soldier")
L 04/28/2026 - 05:25:28: "QuickScout<84><[U:1:900000012]><Blue>" killed "SoldierBoy<83><[U:1:900000011]><Red>" with "shotgun_soldier" (attacker_position "-13185 10443 10697") (victim_position "-13402 10811 10825")
L 04/28/2026 - 05:25:28: "QuickScout<84><[U:1:900000012]><Blue>" triggered "revenge" against "SoldierBoy<83><[U:1:900000011]><Red>"
L 04/28/2026 - 05:25:28: "SoldierBoy<83><[U:1:900000011]><Red>" spawned as "soldier"
L 04/28/2026 - 05:25:30: "SoldierBoy<83><[U:1:900000011]><Red>" triggered "shot_fired" (weapon "quake_rl")
L 04/28/2026 - 05:25:31: "QuickScout<84><[U:1:900000012]><Blue>" triggered "shot_fired" (weapon "quake_rl")
L 04/28/2026 - 05:25:31: "SoldierBoy<83><[U:1:900000011]><Red>" triggered "shot_hit" (weapon "quake_rl")
L 04/28/2026 - 05:25:31: "SoldierBoy<83><[U:1:900000011]><Red>" triggered "damage" against "QuickScout<84><[U:1:900000012]><Blue>" (damage "43") (weapon "quake_rl")
L 04/28/2026 - 05:25:31: "QuickScout<84><[U:1:900000012]><Blue>" triggered "shot_fired" (weapon "quake_rl")
L 04/28/2026 - 05:25:32: "SoldierBoy<83><[U:1:900000011]><Red>" triggered "shot_fired" (weapon "quake_rl")
L 04/28/2026 - 05:25:32: "SoldierBoy<83><[U:1:900000011]><Red>" triggered "shot_hit" (weapon "quake_rl")
L 04/28/2026 - 05:25:32: "SoldierBoy<83><[U:1:900000011]><Red>" triggered "damage" against "QuickScout<84><[U:1:900000012]><Blue>" (damage "65") (weapon "quake_rl")
L 04/28/2026 - 05:25:32: "QuickScout<84><[U:1:900000012]><Blue>" triggered "shot_fired" (weapon "quake_rl")
L 04/28/2026 - 05:25:32: "QuickScout<84><[U:1:900000012]><Blue>" triggered "shot_hit" (weapon "quake_rl")
L 04/28/2026 - 05:25:32: "QuickScout<84><[U:1:900000012]><Blue>" triggered "damage" against "SoldierBoy<83><[U:1:900000011]><Red>" (damage "59") (weapon "quake_rl")
L 04/28/2026 - 05:25:33: "SoldierBoy<83><[U:1:900000011]><Red>" triggered "shot_hit" (weapon "quake_rl")
L 04/28/2026 - 05:25:33: "SoldierBoy<83><[U:1:900000011]><Red>" triggered "damage" against "QuickScout<84><[U:1:900000012]><Blue>" (damage "68") (weapon "quake_rl")
L 04/28/2026 - 05:25:33: "SoldierBoy<83><[U:1:900000011]><Red>" triggered "shot_fired" (weapon "quake_rl")
L 04/28/2026 - 05:25:33: "QuickScout<84><[U:1:900000012]><Blue>" triggered "shot_hit" (weapon "quake_rl")
L 04/28/2026 - 05:25:33: "QuickScout<84><[U:1:900000012]><Blue>" triggered "damage" against "SoldierBoy<83><[U:1:900000011]><Red>" (damage "51") (weapon "quake_rl")
L 04/28/2026 - 05:25:33: "QuickScout<84><[U:1:900000012]><Blue>" triggered "shot_fired" (weapon "quake_rl")
L 04/28/2026 - 05:25:33: "SoldierBoy<83><[U:1:900000011]><Red>" triggered "shot_fired" (weapon "shotgun_soldier")
L 04/28/2026 - 05:25:33: "SoldierBoy<83><[U:1:900000011]><Red>" triggered "shot_hit" (weapon "shotgun_soldier")
L 04/28/2026 - 05:25:33: "SoldierBoy<83><[U:1:900000011]><Red>" triggered "damage" against "QuickScout<84><[U:1:900000012]><Blue>" (damage "12") (weapon "shotgun_soldier")
L 04/28/2026 - 05:25:33: "QuickScout<84><[U:1:900000012]><Blue>" triggered "shot_fired" (weapon "shotgun_soldier")
L 04/28/2026 - 05:25:33: "QuickScout<84><[U:1:900000012]><Blue>" triggered "shot_hit" (weapon "shotgun_soldier")
L 04/28/2026 - 05:25:33: "QuickScout<84><[U:1:900000012]><Blue>" triggered "damage" against "SoldierBoy<83><[U:1:900000011]><Red>" (damage "30") (weapon "shotgun_soldier")
L 04/28/2026 - 05:25:34: "SoldierBoy<83><[U:1:900000011]><Red>" triggered "shot_fired" (weapon "shotgun_soldier")
L 04/28/2026 - 05:25:34: "QuickScout<84><[U:1:900000012]><Blue>" triggered "shot_fired" (weapon "shotgun_soldier")
L 04/28/2026 - 05:25:34: "QuickScout<84><[U:1:900000012]><Blue>" triggered "shot_hit" (weapon "shotgun_soldier")
L 04/28/2026 - 05:25:34: "QuickScout<84><[U:1:900000012]><Blue>" triggered "damage" against "SoldierBoy<83><[U:1:900000011]><Red>" (damage "31") (realdamage "26") (weapon "shotgun_soldier")
L 04/28/2026 - 05:25:34: "QuickScout<84><[U:1:900000012]><Blue>" killed "SoldierBoy<83><[U:1:900000011]><Red>" with "shotgun_soldier" (attacker_position "-12919 11103 10696") (victim_position "-13055 10516 10730")
L 04/28/2026 - 05:25:34: "SoldierBoy<83><[U:1:900000011]><Red>" spawned as "soldier"
L 04/28/2026 - 05:25:38: "QuickScout<84><[U:1:900000012]><Blue>" triggered "shot_fired" (weapon "quake_rl")
L 04/28/2026 - 05:25:38: "SoldierBoy<83><[U:1:900000011]><Red>" triggered "shot_fired" (weapon "quake_rl")
L 04/28/2026 - 05:25:39: "SoldierBoy<83><[U:1:900000011]><Red>" triggered "shot_hit" (weapon "quake_rl")
L 04/28/2026 - 05:25:39: "SoldierBoy<83><[U:1:900000011]><Red>" triggered "damage" against "QuickScout<84><[U:1:900000012]><Blue>" (damage "44") (weapon "quake_rl")
L 04/28/2026 - 05:25:39: "QuickScout<84><[U:1:900000012]><Blue>" triggered "shot_fired" (weapon "quake_rl")
L 04/28/2026 - 05:25:39: "SoldierBoy<83><[U:1:900000011]><Red>" triggered "shot_fired" (weapon "quake_rl")
L 04/28/2026 - 05:25:39: "SoldierBoy<83><[U:1:900000011]><Red>" triggered "shot_hit" (weapon "quake_rl")
L 04/28/2026 - 05:25:39: "SoldierBoy<83><[U:1:900000011]><Red>" triggered "damage" against "QuickScout<84><[U:1:900000012]><Blue>" (damage "61") (weapon "quake_rl")
L 04/28/2026 - 05:25:40: "QuickScout<84><[U:1:900000012]><Blue>" triggered "shot_fired" (weapon "quake_rl")
L 04/28/2026 - 05:25:40: "SoldierBoy<83><[U:1:900000011]><Red>" triggered "shot_fired" (weapon "quake_rl")
L 04/28/2026 - 05:25:41: "QuickScout<84><[U:1:900000012]><Blue>" triggered "shot_fired" (weapon "quake_rl")
L 04/28/2026 - 05:25:41: "SoldierBoy<83><[U:1:900000011]><Red>" triggered "shot_hit" (weapon "quake_rl")
L 04/28/2026 - 05:25:41: "SoldierBoy<83><[U:1:900000011]><Red>" triggered "damage" against "QuickScout<84><[U:1:900000012]><Blue>" (damage "78") (weapon "quake_rl")
L 04/28/2026 - 05:25:41: "QuickScout<84><[U:1:900000012]><Blue>" triggered "shot_fired" (weapon "shotgun_soldier")
L 04/28/2026 - 05:25:41: "QuickScout<84><[U:1:900000012]><Blue>" triggered "shot_hit" (weapon "shotgun_soldier")
L 04/28/2026 - 05:25:41: "QuickScout<84><[U:1:900000012]><Blue>" triggered "damage" against "SoldierBoy<83><[U:1:900000011]><Red>" (damage "12") (weapon "shotgun_soldier")
L 04/28/2026 - 05:25:41: "SoldierBoy<83><[U:1:900000011]><Red>" triggered "shot_fired" (weapon "shotgun_soldier")
L 04/28/2026 - 05:25:41: "SoldierBoy<83><[U:1:900000011]><Red>" triggered "shot_hit" (weapon "shotgun_soldier")
L 04/28/2026 - 05:25:41: "SoldierBoy<83><[U:1:900000011]><Red>" triggered "damage" against "QuickScout<84><[U:1:900000012]><Blue>" (damage "6") (weapon "shotgun_soldier")
L 04/28/2026 - 05:25:42: "QuickScout<84><[U:1:900000012]><Blue>" triggered "shot_fired" (weapon "shotgun_soldier")
L 04/28/2026 - 05:25:42: "QuickScout<84><[U:1:900000012]><Blue>" triggered "shot_hit" (weapon "shotgun_soldier")
L 04/28/2026 - 05:25:42: "QuickScout<84><[U:1:900000012]><Blue>" triggered "damage" against "SoldierBoy<83><[U:1:900000011]><Red>" (damage "49") (weapon "shotgun_soldier")
L 04/28/2026 - 05:25:42: "SoldierBoy<83><[U:1:900000011]><Red>" triggered "shot_fired" (weapon "shotgun_soldier")
L 04/28/2026 - 05:25:42: "SoldierBoy<83><[U:1:900000011]><Red>" triggered "shot_hit" (weapon "shotgun_soldier")
L 04/28/2026 - 05:25:42: "SoldierBoy<83><[U:1:900000011]><Red>" triggered "damage" against "QuickScout<84><[U:1:900000012]><Blue>" (damage "28") (weapon "shotgun_soldier")
L 04/28/2026 - 05:25:42: "QuickScout<84><[U:1:900000012]><Blue>" triggered "shot_fired" (weapon "shotgun_soldier")
L 04/28/2026 - 05:25:42: "SoldierBoy<83><[U:1:900000011]><Red>" triggered "shot_fired" (weapon "shotgun_soldier")
L 04/28/2026 - 05:25:43: "QuickScout<84><[U:1:900000012]><Blue>" triggered "shot_fired" (weapon "shotgun_soldier")
L 04/28/2026 - 05:25:43: "SoldierBoy<83><[U:1:900000011]><Red>" triggered "shot_fired" (weapon "shotgun_soldier")
L 04/28/2026 - 05:25:43: "SoldierBoy<83><[U:1:900000011]><Red>" triggered "shot_hit" (weapon "shotgun_soldier")
L 04/28/2026 - 05:25:43: "SoldierBoy<83><[U:1:900000011]><Red>" triggered "damage" against "QuickScout<84><[U:1:900000012]><Blue>" (damage "37") (realdamage "3") (weapon "shotgun_soldier")
L 04/28/2026 - 05:25:43: "SoldierBoy<83><[U:1:900000011]><Red>" killed "QuickScout<84><[U:1:900000012]><Blue>" with "shotgun_soldier" (attacker_position "-13190 10842 10873") (victim_position "-13040 11096 10696")
L 04/28/2026 - 05:25:43: "QuickScout<84><[U:1:900000012]><Blue>" spawned as "soldier"
L 04/28/2026 - 05:25:45: "QuickScout<84><[U:1:900000012]><Blue>" triggered "shot_fired" (weapon "quake_rl")
L 04/28/2026 - 05:25:46: "QuickScout<84><[U:1:900000012]><Blue>" triggered "shot_hit" (weapon "quake_rl")
L 04/28/2026 - 05:25:46: "QuickScout<84><[U:1:900000012]><Blue>" triggered "damage" against "SoldierBoy<83><[U:1:900000011]><Red>" (damage "34") (weapon "quake_rl")
L 04/28/2026 - 05:25:46: "SoldierBoy<83><[U:1:900000011]><Red>" triggered "shot_fired" (weapon "quake_rl")
L 04/28/2026 - 05:25:47: "QuickScout<84><[U:1:900000012]><Blue>" triggered "shot_fired" (weapon "quake_rl")
L 04/28/2026 - 05:25:47: "QuickScout<84><[U:1:900000012]><Blue>" triggered "shot_hit" (weapon "quake_rl")
L 04/28/2026 - 05:25:47: "QuickScout<84><[U:1:900000012]><Blue>" triggered "damage" against "SoldierBoy<83><[U:1:900000011]><Red>" (damage "54") (weapon "quake_rl")
L 04/28/2026 - 05:25:47: "SoldierBoy<83><[U:1:900000011]><Red>" triggered "shot_hit" (weapon "quake_rl")
L 04/28/2026 - 05:25:47: "SoldierBoy<83><[U:1:900000011]><Red>" triggered "damage" against "QuickScout<84><[U:1:900000012]><Blue>" (damage "83") (weapon "quake_rl")
L 04/28/2026 - 05:25:47: "SoldierBoy<83><[U:1:900000011]><Red>" triggered "shot_fired" (weapon "quake_rl")
L 04/28/2026 - 05:25:48: "QuickScout<84><[U:1:900000012]><Blue>" triggered "shot_fired" (weapon "quake_rl")
L 04/28/2026 - 05:25:48: "SoldierBoy<83><[U:1:900000011]><Red>" triggered "shot_fired" (weapon "quake_rl")
L 04/28/2026 - 05:25:48: "QuickScout<84><[U:1:900000012]><Blue>" triggered "shot_fired" (weapon "shotgun_soldier")
L 04/28/2026 - 05:25:48: "QuickScout<84><[U:1:900000012]><Blue>" triggered "shot_hit" (weapon "shotgun_soldier")
L 04/28/2026 - 05:25:48: "QuickScout<84><[U:1:900000012]><Blue>" triggered "damage" against "SoldierBoy<83><[U:1:900000011]><Red>" (damage "53") (weapon "shotgun_soldier")
L 04/28/2026 - 05:25:48: "SoldierBoy<83><[U:1:900000011]><Red>" triggered "shot_fired" (weapon "shotgun_soldier")
L 04/28/2026 - 05:25:48: "SoldierBoy<83><[U:1:900000011]><Red>" triggered "shot_hit" (weapon "shotgun_soldier")
L 04/28/2026 - 05:25:48: "SoldierBoy<83><[U:1:900000011]><Red>" triggered "damage" against "QuickScout<84><[U:1:900000012]><Blue>" (damage "54") (weapon "shotgun_soldier")
L 04/28/2026 - 05:25:48: "SoldierBoy<83><[U:1:900000011]><Red>" killed "QuickScout<84><[U:1:900000012]><Blue>" with "shotgun_soldier" (attacker_position "-12542 11142 10600") (victim_position "-12686 11404 10542")
L 04/28/2026 - 05:25:49: "QuickScout<84><[U:1:900000012]><Blue>" spawned as "soldier"
L 04/28/2026 - 05:25:51: "SoldierBoy<83><[U:1:900000011]><Red>" triggered "shot_fired" (weapon "quake_rl")
L 04/28/2026 - 05:25:51: "QuickScout<84><[U:1:900000012]><Blue>" triggered "shot_fired" (weapon "quake_rl")
L 04/28/2026 - 05:25:52: "SoldierBoy<83><[U:1:900000011]><Red>" triggered "shot_fired" (weapon "quake_rl")
L 04/28/2026 - 05:25:52: "QuickScout<84><[U:1:900000012]><Blue>" triggered "shot_fired" (weapon "quake_rl")
L 04/28/2026 - 05:25:52: "QuickScout<84><[U:1:900000012]><Blue>" triggered "shot_hit" (weapon "quake_rl")
L 04/28/2026 - 05:25:52: "QuickScout<84><[U:1:900000012]><Blue>" triggered "damage" against "SoldierBoy<83><[U:1:900000011]><Red>" (damage "81") (weapon "quake_rl")
L 04/28/2026 - 05:25:52: "SoldierBoy<83><[U:1:900000011]><Red>" triggered "shot_fired" (weapon "quake_rl")
L 04/28/2026 - 05:25:53: "QuickScout<84><[U:1:900000012]><Blue>" triggered "shot_fired" (weapon "quake_rl")
L 04/28/2026 - 05:25:53: "SoldierBoy<83><[U:1:900000011]><Red>" triggered "shot_fired" (weapon "quake_rl")
L 04/28/2026 - 05:25:54: "SoldierBoy<83><[U:1:900000011]><Red>" triggered "shot_hit" (weapon "quake_rl")
L 04/28/2026 - 05:25:54: "SoldierBoy<83><[U:1:900000011]><Red>" triggered "damage" against "QuickScout<84><[U:1:900000012]><Blue>" (damage "81") (weapon "quake_rl")
L 04/28/2026 - 05:25:54: "QuickScout<84><[U:1:900000012]><Blue>" triggered "shot_fired" (weapon "shotgun_soldier")
L 04/28/2026 - 05:25:54: "SoldierBoy<83><[U:1:900000011]><Red>" triggered "shot_fired" (weapon "shotgun_soldier")
L 04/28/2026 - 05:25:54: "QuickScout<84><[U:1:900000012]><Blue>" triggered "shot_fired" (weapon "shotgun_soldier")
L 04/28/2026 - 05:25:54: "QuickScout<84><[U:1:900000012]><Blue>" triggered "shot_hit" (weapon "shotgun_soldier")
L 04/28/2026 - 05:25:54: "QuickScout<84><[U:1:900000012]><Blue>" triggered "damage" against "SoldierBoy<83><[U:1:900000011]><Red>" (damage "66") (weapon "shotgun_soldier")
L 04/28/2026 - 05:25:55: "SoldierBoy<83><[U:1:900000011]><Red>" triggered "shot_fired" (weapon "shotgun_soldier")
L 04/28/2026 - 05:25:55: "QuickScout<84><[U:1:900000012]><Blue>" triggered "shot_fired" (weapon "shotgun_soldier")
L 04/28/2026 - 05:25:55: "SoldierBoy<83><[U:1:900000011]><Red>" triggered "shot_fired" (weapon "shotgun_soldier")
L 04/28/2026 - 05:25:55: "SoldierBoy<83><[U:1:900000011]><Red>" triggered "shot_hit" (weapon "shotgun_soldier")
L 04/28/2026 - 05:25:55: "SoldierBoy<83><[U:1:900000011]><Red>" triggered "damage" against "QuickScout<84><[U:1:900000012]><Blue>" (damage "88") (realdamage "80") (weapon "shotgun_soldier")
L 04/28/2026 - 05:25:55: "SoldierBoy<83><[U:1:900000011]><Red>" killed "QuickScout<84><[U:1:900000012]><Blue>" with "shotgun_soldier" (attacker_position "-13084 11187 10748") (victim_position "-13038 11280 10696")
L 04/28/2026 - 05:25:56: "QuickScout<84><[U:1:900000012]><Blue>" spawned as "soldier"
L 04/28/2026 - 05:25:59: "QuickScout<84><[U:1:900000012]><Blue>" triggered "shot_fired" (weapon "quake_rl")
L 04/28/2026 - 05:25:59: "SoldierBoy<83><[U:1:900000011]><Red>" triggered "shot_fired" (weapon "quake_rl")
L 04/28/2026 - 05:26:00: "QuickScout<84><[U:1:900000012]><Blue>" triggered "shot_fired" (weapon "quake_rl")
L 04/28/2026 - 05:26:00: "SoldierBoy<83><[U:1:900000011]><Red>" triggered "shot_fired" (weapon "quake_rl")
L 04/28/2026 - 05:26:00: "SoldierBoy<83><[U:1:900000011]><Red>" triggered "shot_hit" (weapon "quake_rl")
L 04/28/2026 - 05:26:00: "SoldierBoy<83><[U:1:900000011]><Red>" triggered "damage" against "QuickScout<84><[U:1:900000012]><Blue>" (damage "69") (weapon "quake_rl")
L 04/28/2026 - 05:26:00: "QuickScout<84><[U:1:900000012]><Blue>" triggered "shot_hit" (weapon "quake_rl")
L 04/28/2026 - 05:26:00: "QuickScout<84><[U:1:900000012]><Blue>" triggered "damage" against "SoldierBoy<83><[U:1:900000011]><Red>" (damage "59") (weapon "quake_rl")
L 04/28/2026 - 05:26:01: "SoldierBoy<83><[U:1:900000011]><Red>" triggered "shot_fired" (weapon "quake_rl")
L 04/28/2026 - 05:26:01: "SoldierBoy<83><[U:1:900000011]><Red>" triggered "shot_hit" (weapon "quake_rl")
L 04/28/2026 - 05:26:01: "SoldierBoy<83><[U:1:900000011]><Red>" triggered "damage" against "QuickScout<84><[U:1:900000012]><Blue>" (damage "51") (weapon "quake_rl")
L 04/28/2026 - 05:26:02: "QuickScout<84><[U:1:900000012]><Blue>" triggered "shot_fired" (weapon "quake_rl")
L 04/28/2026 - 05:26:02: "QuickScout<84><[U:1:900000012]><Blue>" triggered "shot_hit" (weapon "quake_rl")
L 04/28/2026 - 05:26:02: "QuickScout<84><[U:1:900000012]><Blue>" triggered "damage" against "SoldierBoy<83><[U:1:900000011]><Red>" (damage "101") (weapon "quake_rl")
L 04/28/2026 - 05:26:02: "SoldierBoy<83><[U:1:900000011]><Red>" triggered "shot_fired" (weapon "shotgun_soldier")
L 04/28/2026 - 05:26:02: "QuickScout<84><[U:1:900000012]><Blue>" triggered "shot_fired" (weapon "shotgun_soldier")
L 04/28/2026 - 05:26:02: "QuickScout<84><[U:1:900000012]><Blue>" triggered "shot_hit" (weapon "shotgun_soldier")
L 04/28/2026 - 05:26:02: "QuickScout<84><[U:1:900000012]><Blue>" triggered "damage" against "SoldierBoy<83><[U:1:900000011]><Red>" (damage "12") (weapon "shotgun_soldier")
L 04/28/2026 - 05:26:02: "SoldierBoy<83><[U:1:900000011]><Red>" triggered "shot_fired" (weapon "shotgun_soldier")
L 04/28/2026 - 05:26:02: "SoldierBoy<83><[U:1:900000011]><Red>" triggered "shot_hit" (weapon "shotgun_soldier")
L 04/28/2026 - 05:26:02: "SoldierBoy<83><[U:1:900000011]><Red>" triggered "damage" against "QuickScout<84><[U:1:900000012]><Blue>" (damage "27") (weapon "shotgun_soldier")
L 04/28/2026 - 05:26:03: "QuickScout<84><[U:1:900000012]><Blue>" triggered "shot_fired" (weapon "shotgun_soldier")
L 04/28/2026 - 05:26:03: "QuickScout<84><[U:1:900000012]><Blue>" triggered "shot_hit" (weapon "shotgun_soldier")
L 04/28/2026 - 05:26:03: "QuickScout<84><[U:1:900000012]><Blue>" triggered "damage" against "SoldierBoy<83><[U:1:900000011]><Red>" (damage "25") (weapon "shotgun_soldier")
L 04/28/2026 - 05:26:03: "SoldierBoy<83><[U:1:900000011]><Red>" triggered "shot_fired" (weapon "shotgun_soldier")
L 04/28/2026 - 05:26:03: "SoldierBoy<83><[U:1:900000011]><Red>" triggered "shot_hit" (weapon "shotgun_soldier")
L 04/28/2026 - 05:26:03: "SoldierBoy<83><[U:1:900000011]><Red>" triggered "damage" against "QuickScout<84><[U:1:900000012]><Blue>" (damage "47") (realdamage "40") (weapon "shotgun_soldier")
L 04/28/2026 - 05:26:03: "SoldierBoy<83><[U:1:900000011]><Red>" killed "QuickScout<84><[U:1:900000012]><Blue>" with "shotgun_soldier" (attacker_position "-13260 10556 10696") (victim_position "-12910 10814 10696")
L 04/28/2026 - 05:26:03: "SoldierBoy<83><[U:1:900000011]><Red>" triggered "domination" against "QuickScout<84><[U:1:900000012]><Blue>"
L 04/28/2026 - 05:26:03: "QuickScout<84><[U:1:900000012]><Blue>" spawned as "soldier"
L 04/28/2026 - 05:26:06: "QuickScout<84><[U:1:900000012]><Blue>" triggered "shot_fired" (weapon "quake_rl")
L 04/28/2026 - 05:26:06: "SoldierBoy<83><[U:1:900000011]><Red>" triggered "shot_fired" (weapon "quake_rl")
L 04/28/2026 - 05:26:06: "QuickScout<84><[U:1:900000012]><Blue>" triggered "shot_hit" (weapon "quake_rl")
L 04/28/2026 - 05:26:06: "QuickScout<84><[U:1:900000012]><Blue>" triggered "damage" against "SoldierBoy<83><[U:1:900000011]><Red>" (damage "78") (weapon "quake_rl")
L 04/28/2026 - 05:26:07: "QuickScout<84><[U:1:900000012]><Blue>" triggered "shot_fired" (weapon "quake_rl")
L 04/28/2026 - 05:26:07: "SoldierBoy<83><[U:1:900000011]><Red>" triggered "shot_fired" (weapon "quake_rl")
L 04/28/2026 - 05:26:07: "SoldierBoy<83><[U:1:900000011]><Red>" triggered "shot_hit" (weapon "quake_rl")
L 04/28/2026 - 05:26:07: "SoldierBoy<83><[U:1:900000011]><Red>" triggered "damage" against "QuickScout<84><[U:1:900000012]><Blue>" (damage "56") (weapon "quake_rl")
L 04/28/2026 - 05:26:08: "QuickScout<84><[U:1:900000012]><Blue>" triggered "shot_hit" (weapon "quake_rl")
L 04/28/2026 - 05:26:08: "QuickScout<84><[U:1:900000012]><Blue>" triggered "damage" against "SoldierBoy<83><[U:1:900000011]><Red>" (damage "51") (weapon "quake_rl")
L 04/28/2026 - 05:26:08: "QuickScout<84><[U:1:900000012]><Blue>" triggered "shot_fired" (weapon "quake_rl")
L 04/28/2026 - 05:26:08: "SoldierBoy<83><[U:1:900000011]><Red>" triggered "shot_fired" (weapon "quake_rl")
L 04/28/2026 - 05:26:08: "SoldierBoy<83><[U:1:900000011]><Red>" triggered "shot_hit" (weapon "quake_rl")
L 04/28/2026 - 05:26:08: "SoldierBoy<83><[U:1:900000011]><Red>" triggered "damage" against "QuickScout<84><[U:1:900000012]><Blue>" (damage "51") (weapon "quake_rl")
L 04/28/2026 - 05:26:08: "QuickScout<84><[U:1:900000012]><Blue>" triggered "shot_fired" (weapon "shotgun_soldier")
L 04/28/2026 - 05:26:08: "SoldierBoy<83><[U:1:900000011]><Red>" triggered "shot_fired" (weapon "shotgun_soldier")
L 04/28/2026 - 05:26:08: "SoldierBoy<83><[U:1:900000011]><Red>" triggered "shot_hit" (weapon "shotgun_soldier")
L 04/28/2026 - 05:26:08: "SoldierBoy<83><[U:1:900000011]><Red>" triggered "damage" against "QuickScout<84><[U:1:900000012]><Blue>" (damage "21") (weapon "shotgun_soldier")
L 04/28/2026 - 05:26:09: "QuickScout<84><[U:1:900000012]><Blue>" triggered "shot_fired" (weapon "shotgun_soldier")
L 04/28/2026 - 05:26:09: "SoldierBoy<83><[U:1:900000011]><Red>" triggered "shot_fired" (weapon "shotgun_soldier")
L 04/28/2026 - 05:26:09: "SoldierBoy<83><[U:1:900000011]><Red>" triggered "shot_hit" (weapon "shotgun_soldier")
L 04/28/2026 - 05:26:09: "SoldierBoy<83><[U:1:900000011]><Red>" triggered "damage" against "QuickScout<84><[U:1:900000012]><Blue>" (damage "69") (realdamage "32") (weapon "shotgun_soldier")
L 04/28/2026 - 05:26:09: "SoldierBoy<83><[U:1:900000011]><Red>" killed "QuickScout<84><[U:1:900000012]><Blue>" with "shotgun_soldier" (attacker_position "-12998 11100 10696") (victim_position "-12707 10977 10707")
L 04/28/2026 - 05:26:09: "QuickScout<84><[U:1:900000012]><Blue>" spawned as "soldier"
L 04/28/2026 - 05:26:12: "QuickScout<84><[U:1:900000012]><Blue>" triggered "shot_fired" (weapon "quake_rl")
L 04/28/2026 - 05:26:12: "SoldierBoy<83><[U:1:900000011]><Red>" triggered "shot_fired" (weapon "quake_rl")
L 04/28/2026 - 05:26:12: "QuickScout<84><[U:1:900000012]><Blue>" triggered "shot_hit" (weapon "quake_rl")
L 04/28/2026 - 05:26:12: "QuickScout<84><[U:1:900000012]><Blue>" triggered "damage" against "SoldierBoy<83><[U:1:900000011]><Red>" (damage "41") (weapon "quake_rl")
L 04/28/2026 - 05:26:13: "QuickScout<84><[U:1:900000012]><Blue>" triggered "shot_fired" (weapon "quake_rl")
L 04/28/2026 - 05:26:13: "SoldierBoy<83><[U:1:900000011]><Red>" triggered "shot_fired" (weapon "quake_rl")
L 04/28/2026 - 05:26:13: "QuickScout<84><[U:1:900000012]><Blue>" triggered "shot_hit" (weapon "quake_rl")
L 04/28/2026 - 05:26:13: "QuickScout<84><[U:1:900000012]><Blue>" triggered "damage" against "SoldierBoy<83><[U:1:900000011]><Red>" (damage "72") (weapon "quake_rl")
L 04/28/2026 - 05:26:14: "SoldierBoy<83><[U:1:900000011]><Red>" triggered "shot_fired" (weapon "quake_rl")
L 04/28/2026 - 05:26:14: "QuickScout<84><[U:1:900000012]><Blue>" triggered "shot_fired" (weapon "quake_rl")
L 04/28/2026 - 05:26:14: "SoldierBoy<83><[U:1:900000011]><Red>" triggered "shot_hit" (weapon "quake_rl")
L 04/28/2026 - 05:26:14: "SoldierBoy<83><[U:1:900000011]><Red>" triggered "damage" against "QuickScout<84><[U:1:900000012]><Blue>" (damage "52") (weapon "quake_rl")
L 04/28/2026 - 05:26:14: "QuickScout<84><[U:1:900000012]><Blue>" triggered "shot_fired" (weapon "shotgun_soldier")
L 04/28/2026 - 05:26:14: "QuickScout<84><[U:1:900000012]><Blue>" triggered "shot_hit" (weapon "shotgun_soldier")
L 04/28/2026 - 05:26:14: "QuickScout<84><[U:1:900000012]><Blue>" triggered "damage" against "SoldierBoy<83><[U:1:900000011]><Red>" (damage "44") (weapon "shotgun_soldier")
L 04/28/2026 - 05:26:15: "SoldierBoy<83><[U:1:900000011]><Red>" triggered "shot_fired" (weapon "quake_rl")
L 04/28/2026 - 05:26:16: "QuickScout<84><[U:1:900000012]><Blue>" triggered "shot_fired" (weapon "shotgun_soldier")
L 04/28/2026 - 05:26:16: "SoldierBoy<83><[U:1:900000011]><Red>" triggered "shot_fired" (weapon "shotgun_soldier")
L 04/28/2026 - 05:26:16: "SoldierBoy<83><[U:1:900000011]><Red>" triggered "shot_hit" (weapon "shotgun_soldier")
L 04/28/2026 - 05:26:16: "SoldierBoy<83><[U:1:900000011]><Red>" triggered "damage" against "QuickScout<84><[U:1:900000012]><Blue>" (damage "16") (weapon "shotgun_soldier")
L 04/28/2026 - 05:26:16: "QuickScout<84><[U:1:900000012]><Blue>" triggered "shot_fired" (weapon "shotgun_soldier")
L 04/28/2026 - 05:26:16: "QuickScout<84><[U:1:900000012]><Blue>" triggered "shot_hit" (weapon "shotgun_soldier")
L 04/28/2026 - 05:26:16: "QuickScout<84><[U:1:900000012]><Blue>" triggered "damage" against "SoldierBoy<83><[U:1:900000011]><Red>" (damage "54") (weapon "shotgun_soldier")
L 04/28/2026 - 05:26:17: "SoldierBoy<83><[U:1:900000011]><Red>" triggered "shot_fired" (weapon "shotgun_soldier")
L 04/28/2026 - 05:26:17: "QuickScout<84><[U:1:900000012]><Blue>" triggered "shot_fired" (weapon "shotgun_soldier")
L 04/28/2026 - 05:26:17: "QuickScout<84><[U:1:900000012]><Blue>" triggered "shot_hit" (weapon "shotgun_soldier")
L 04/28/2026 - 05:26:17: "QuickScout<84><[U:1:900000012]><Blue>" triggered "damage" against "SoldierBoy<83><[U:1:900000011]><Red>" (damage "52") (realdamage "20") (weapon "shotgun_soldier")
L 04/28/2026 - 05:26:17: "QuickScout<84><[U:1:900000012]><Blue>" killed "SoldierBoy<83><[U:1:900000011]><Red>" with "shotgun_soldier" (attacker_position "-13005 11005 10696") (victim_position "-13110 10673 10740")
L 04/28/2026 - 05:26:17: "QuickScout<84><[U:1:900000012]><Blue>" triggered "revenge" against "SoldierBoy<83><[U:1:900000011]><Red>"
L 04/28/2026 - 05:26:17: "SoldierBoy<83><[U:1:900000011]><Red>" spawned as "soldier"
L 04/28/2026 - 05:26:21: "SoldierBoy<83><[U:1:900000011]><Red>" triggered "shot_fired" (weapon "quake_rl")
L 04/28/2026 - 05:26:21: "QuickScout<84><[U:1:900000012]><Blue>" triggered "shot_fired" (weapon "quake_rl")
L 04/28/2026 - 05:26:21: "QuickScout<84><[U:1:900000012]><Blue>" triggered "shot_hit" (weapon "quake_rl")
L 04/28/2026 - 05:26:21: "QuickScout<84><[U:1:900000012]><Blue>" triggered "damage" against "SoldierBoy<83><[U:1:900000011]><Red>" (damage "86") (weapon "quake_rl") (airshot "1") (height "590")
L 04/28/2026 - 05:26:22: "SoldierBoy<83><[U:1:900000011]><Red>" triggered "shot_fired" (weapon "quake_rl")
L 04/28/2026 - 05:26:22: "SoldierBoy<83><[U:1:900000011]><Red>" triggered "shot_hit" (weapon "quake_rl")
L 04/28/2026 - 05:26:22: "SoldierBoy<83><[U:1:900000011]><Red>" triggered "damage" against "QuickScout<84><[U:1:900000012]><Blue>" (damage "57") (weapon "quake_rl")
L 04/28/2026 - 05:26:22: "QuickScout<84><[U:1:900000012]><Blue>" triggered "shot_fired" (weapon "quake_rl")
L 04/28/2026 - 05:26:23: "SoldierBoy<83><[U:1:900000011]><Red>" triggered "shot_fired" (weapon "quake_rl")
L 04/28/2026 - 05:26:23: "SoldierBoy<83><[U:1:900000011]><Red>" triggered "shot_hit" (weapon "quake_rl")
L 04/28/2026 - 05:26:23: "SoldierBoy<83><[U:1:900000011]><Red>" triggered "damage" against "QuickScout<84><[U:1:900000012]><Blue>" (damage "70") (weapon "quake_rl")
L 04/28/2026 - 05:26:23: "QuickScout<84><[U:1:900000012]><Blue>" triggered "shot_fired" (weapon "quake_rl")
L 04/28/2026 - 05:26:23: "QuickScout<84><[U:1:900000012]><Blue>" triggered "shot_hit" (weapon "quake_rl")
L 04/28/2026 - 05:26:23: "QuickScout<84><[U:1:900000012]><Blue>" triggered "damage" against "SoldierBoy<83><[U:1:900000011]><Red>" (damage "63") (weapon "quake_rl")
L 04/28/2026 - 05:26:23: "SoldierBoy<83><[U:1:900000011]><Red>" triggered "shot_fired" (weapon "shotgun_soldier")
L 04/28/2026 - 05:26:23: "SoldierBoy<83><[U:1:900000011]><Red>" triggered "shot_hit" (weapon "shotgun_soldier")
L 04/28/2026 - 05:26:23: "SoldierBoy<83><[U:1:900000011]><Red>" triggered "damage" against "QuickScout<84><[U:1:900000012]><Blue>" (damage "77") (weapon "shotgun_soldier")
L 04/28/2026 - 05:26:24: "QuickScout<84><[U:1:900000012]><Blue>" triggered "shot_fired" (weapon "quake_rl")
L 04/28/2026 - 05:26:24: "SoldierBoy<83><[U:1:900000011]><Red>" triggered "shot_fired" (weapon "shotgun_soldier")
L 04/28/2026 - 05:26:24: "SoldierBoy<83><[U:1:900000011]><Red>" triggered "shot_hit" (weapon "shotgun_soldier")
L 04/28/2026 - 05:26:24: "SoldierBoy<83><[U:1:900000011]><Red>" triggered "damage" against "QuickScout<84><[U:1:900000012]><Blue>" (damage "9") (weapon "shotgun_soldier")
L 04/28/2026 - 05:26:24: "QuickScout<84><[U:1:900000012]><Blue>" killed "SoldierBoy<83><[U:1:900000011]><Red>" with "world" (attacker_position "-13025 11263 11190") (victim_position "-12838 11905 10480")
L 04/28/2026 - 05:26:24: "QuickScout<84><[U:1:900000012]><Blue>" triggered "shot_fired" (weapon "shotgun_soldier")
L 04/28/2026 - 05:26:25: "SoldierBoy<83><[U:1:900000011]><Red>" spawned as "soldier"
L 04/28/2026 - 05:26:28: "QuickScout<84><[U:1:900000012]><Blue>" triggered "shot_fired" (weapon "quake_rl")
L 04/28/2026 - 05:26:29: "SoldierBoy<83><[U:1:900000011]><Red>" triggered "shot_fired" (weapon "quake_rl")
L 04/28/2026 - 05:26:29: "QuickScout<84><[U:1:900000012]><Blue>" triggered "shot_fired" (weapon "quake_rl")
L 04/28/2026 - 05:26:30: "SoldierBoy<83><[U:1:900000011]><Red>" triggered "shot_fired" (weapon "quake_rl")
L 04/28/2026 - 05:26:30: "SoldierBoy<83><[U:1:900000011]><Red>" triggered "shot_hit" (weapon "quake_rl")
L 04/28/2026 - 05:26:30: "SoldierBoy<83><[U:1:900000011]><Red>" triggered "damage" against "QuickScout<84><[U:1:900000012]><Blue>" (damage "70") (weapon "quake_rl")
L 04/28/2026 - 05:26:30: "QuickScout<84><[U:1:900000012]><Blue>" triggered "shot_fired" (weapon "quake_rl")
L 04/28/2026 - 05:26:31: "SoldierBoy<83><[U:1:900000011]><Red>" triggered "shot_hit" (weapon "quake_rl")
L 04/28/2026 - 05:26:31: "SoldierBoy<83><[U:1:900000011]><Red>" triggered "damage" against "QuickScout<84><[U:1:900000012]><Blue>" (damage "107") (weapon "quake_rl") (airshot "1") (height "254")
L 04/28/2026 - 05:26:31: "SoldierBoy<83><[U:1:900000011]><Red>" triggered "shot_fired" (weapon "quake_rl")
L 04/28/2026 - 05:26:31: "QuickScout<84><[U:1:900000012]><Blue>" triggered "shot_fired" (weapon "quake_rl")
L 04/28/2026 - 05:26:31: "QuickScout<84><[U:1:900000012]><Blue>" triggered "shot_hit" (weapon "quake_rl")
L 04/28/2026 - 05:26:31: "QuickScout<84><[U:1:900000012]><Blue>" triggered "damage" against "SoldierBoy<83><[U:1:900000011]><Red>" (damage "70") (weapon "quake_rl")
L 04/28/2026 - 05:26:31: "SoldierBoy<83><[U:1:900000011]><Red>" triggered "shot_fired" (weapon "shotgun_soldier")
L 04/28/2026 - 05:26:31: "SoldierBoy<83><[U:1:900000011]><Red>" triggered "shot_hit" (weapon "shotgun_soldier")
L 04/28/2026 - 05:26:31: "SoldierBoy<83><[U:1:900000011]><Red>" triggered "damage" against "QuickScout<84><[U:1:900000012]><Blue>" (damage "32") (realdamage "23") (weapon "shotgun_soldier")
L 04/28/2026 - 05:26:31: "SoldierBoy<83><[U:1:900000011]><Red>" killed "QuickScout<84><[U:1:900000012]><Blue>" with "shotgun_soldier" (attacker_position "-13409 11241 11031") (victim_position "-13215 10682 11000")
L 04/28/2026 - 05:26:31: "QuickScout<84><[U:1:900000012]><Blue>" spawned as "soldier"
L 04/28/2026 - 05:26:34: "QuickScout<84><[U:1:900000012]><Blue>" triggered "shot_fired" (weapon "quake_rl")
L 04/28/2026 - 05:26:34: "SoldierBoy<83><[U:1:900000011]><Red>" triggered "shot_fired" (weapon "quake_rl")
L 04/28/2026 - 05:26:35: "QuickScout<84><[U:1:900000012]><Blue>" triggered "shot_fired" (weapon "quake_rl")
L 04/28/2026 - 05:26:35: "SoldierBoy<83><[U:1:900000011]><Red>" triggered "shot_fired" (weapon "quake_rl")
L 04/28/2026 - 05:26:35: "SoldierBoy<83><[U:1:900000011]><Red>" triggered "shot_hit" (weapon "quake_rl")
L 04/28/2026 - 05:26:35: "SoldierBoy<83><[U:1:900000011]><Red>" triggered "damage" against "QuickScout<84><[U:1:900000012]><Blue>" (damage "63") (weapon "quake_rl")
L 04/28/2026 - 05:26:36: "QuickScout<84><[U:1:900000012]><Blue>" triggered "shot_fired" (weapon "quake_rl")
L 04/28/2026 - 05:26:36: "QuickScout<84><[U:1:900000012]><Blue>" triggered "shot_hit" (weapon "quake_rl")
L 04/28/2026 - 05:26:36: "QuickScout<84><[U:1:900000012]><Blue>" triggered "damage" against "SoldierBoy<83><[U:1:900000011]><Red>" (damage "101") (weapon "quake_rl")
L 04/28/2026 - 05:26:36: "SoldierBoy<83><[U:1:900000011]><Red>" triggered "shot_fired" (weapon "quake_rl")
L 04/28/2026 - 05:26:36: "SoldierBoy<83><[U:1:900000011]><Red>" triggered "shot_hit" (weapon "quake_rl")
L 04/28/2026 - 05:26:36: "SoldierBoy<83><[U:1:900000011]><Red>" triggered "damage" against "QuickScout<84><[U:1:900000012]><Blue>" (damage "67") (weapon "quake_rl")
L 04/28/2026 - 05:26:36: "QuickScout<84><[U:1:900000012]><Blue>" triggered "shot_fired" (weapon "shotgun_soldier")
L 04/28/2026 - 05:26:37: "SoldierBoy<83><[U:1:900000011]><Red>" triggered "shot_fired" (weapon "shotgun_soldier")
L 04/28/2026 - 05:26:37: "SoldierBoy<83><[U:1:900000011]><Red>" triggered "shot_hit" (weapon "shotgun_soldier")
L 04/28/2026 - 05:26:37: "SoldierBoy<83><[U:1:900000011]><Red>" triggered "damage" against "QuickScout<84><[U:1:900000012]><Blue>" (damage "41") (weapon "shotgun_soldier")
L 04/28/2026 - 05:26:37: "SoldierBoy<83><[U:1:900000011]><Red>" killed "QuickScout<84><[U:1:900000012]><Blue>" with "shotgun_soldier" (attacker_position "-13205 12089 10964") (victim_position "-13270 11747 10711")
L 04/28/2026 - 05:26:37: "QuickScout<84><[U:1:900000012]><Blue>" spawned as "soldier"
L 04/28/2026 - 05:26:39: "QuickScout<84><[U:1:900000012]><Blue>" triggered "shot_fired" (weapon "quake_rl")
L 04/28/2026 - 05:26:40: "SoldierBoy<83><[U:1:900000011]><Red>" triggered "shot_fired" (weapon "quake_rl")
L 04/28/2026 - 05:26:41: "QuickScout<84><[U:1:900000012]><Blue>" triggered "shot_fired" (weapon "quake_rl")
L 04/28/2026 - 05:26:41: "SoldierBoy<83><[U:1:900000011]><Red>" triggered "shot_fired" (weapon "quake_rl")
L 04/28/2026 - 05:26:41: "QuickScout<84><[U:1:900000012]><Blue>" triggered "shot_hit" (weapon "quake_rl")
L 04/28/2026 - 05:26:41: "QuickScout<84><[U:1:900000012]><Blue>" triggered "damage" against "SoldierBoy<83><[U:1:900000011]><Red>" (damage "71") (weapon "quake_rl")
L 04/28/2026 - 05:26:41: "QuickScout<84><[U:1:900000012]><Blue>" triggered "shot_fired" (weapon "quake_rl")
L 04/28/2026 - 05:26:42: "SoldierBoy<83><[U:1:900000011]><Red>" triggered "shot_fired" (weapon "quake_rl")
L 04/28/2026 - 05:26:42: "SoldierBoy<83><[U:1:900000011]><Red>" triggered "shot_hit" (weapon "quake_rl")
L 04/28/2026 - 05:26:42: "SoldierBoy<83><[U:1:900000011]><Red>" triggered "damage" against "QuickScout<84><[U:1:900000012]><Blue>" (damage "74") (weapon "quake_rl")
L 04/28/2026 - 05:26:42: "QuickScout<84><[U:1:900000012]><Blue>" triggered "shot_fired" (weapon "shotgun_soldier")
L 04/28/2026 - 05:26:42: "QuickScout<84><[U:1:900000012]><Blue>" triggered "shot_hit" (weapon "shotgun_soldier")
L 04/28/2026 - 05:26:42: "QuickScout<84><[U:1:900000012]><Blue>" triggered "damage" against "SoldierBoy<83><[U:1:900000011]><Red>" (damage "14") (weapon "shotgun_soldier")
L 04/28/2026 - 05:26:43: "SoldierBoy<83><[U:1:900000011]><Red>" triggered "shot_fired" (weapon "quake_rl")
L 04/28/2026 - 05:26:43: "QuickScout<84><[U:1:900000012]><Blue>" triggered "shot_fired" (weapon "shotgun_soldier")
L 04/28/2026 - 05:26:43: "SoldierBoy<83><[U:1:900000011]><Red>" triggered "shot_fired" (weapon "shotgun_soldier")
L 04/28/2026 - 05:26:43: "SoldierBoy<83><[U:1:900000011]><Red>" triggered "shot_hit" (weapon "shotgun_soldier")
L 04/28/2026 - 05:26:43: "SoldierBoy<83><[U:1:900000011]><Red>" triggered "damage" against "QuickScout<84><[U:1:900000012]><Blue>" (damage "52") (weapon "shotgun_soldier")
L 04/28/2026 - 05:26:43: "QuickScout<84><[U:1:900000012]><Blue>" triggered "shot_fired" (weapon "shotgun_soldier")
L 04/28/2026 - 05:26:43: "QuickScout<84><[U:1:900000012]><Blue>" triggered "shot_hit" (weapon "shotgun_soldier")
L 04/28/2026 - 05:26:43: "QuickScout<84><[U:1:900000012]><Blue>" triggered "damage" against "SoldierBoy<83><[U:1:900000011]><Red>" (damage "14") (weapon "shotgun_soldier")
L 04/28/2026 - 05:26:44: "SoldierBoy<83><[U:1:900000011]><Red>" triggered "shot_fired" (weapon "shotgun_soldier")
L 04/28/2026 - 05:26:44: "QuickScout<84><[U:1:900000012]><Blue>" triggered "shot_fired" (weapon "shotgun_soldier")
L 04/28/2026 - 05:26:45: "QuickScout<84><[U:1:900000012]><Blue>" triggered "shot_fired" (weapon "shotgun_soldier")
L 04/28/2026 - 05:26:45: "QuickScout<84><[U:1:900000012]><Blue>" triggered "shot_hit" (weapon "shotgun_soldier")
L 04/28/2026 - 05:26:45: "QuickScout<84><[U:1:900000012]><Blue>" triggered "damage" against "SoldierBoy<83><[U:1:900000011]><Red>" (damage "22") (weapon "shotgun_soldier")
L 04/28/2026 - 05:26:45: "SoldierBoy<83><[U:1:900000011]><Red>" triggered "shot_fired" (weapon "shotgun_soldier")
L 04/28/2026 - 05:26:45: "SoldierBoy<83><[U:1:900000011]><Red>" triggered "shot_hit" (weapon "shotgun_soldier")
L 04/28/2026 - 05:26:45: "SoldierBoy<83><[U:1:900000011]><Red>" triggered "damage" against "QuickScout<84><[U:1:900000012]><Blue>" (damage "35") (weapon "shotgun_soldier")
L 04/28/2026 - 05:26:45: "QuickScout<84><[U:1:900000012]><Blue>" triggered "shot_fired" (weapon "shotgun_soldier")
L 04/28/2026 - 05:26:45: "QuickScout<84><[U:1:900000012]><Blue>" triggered "shot_hit" (weapon "shotgun_soldier")
L 04/28/2026 - 05:26:45: "QuickScout<84><[U:1:900000012]><Blue>" triggered "damage" against "SoldierBoy<83><[U:1:900000011]><Red>" (damage "41") (weapon "shotgun_soldier")
L 04/28/2026 - 05:26:46: "SoldierBoy<83><[U:1:900000011]><Red>" triggered "shot_fired" (weapon "shotgun_soldier")
L 04/28/2026 - 05:26:46: "SoldierBoy<83><[U:1:900000011]><Red>" triggered "shot_hit" (weapon "shotgun_soldier")
L 04/28/2026 - 05:26:46: "SoldierBoy<83><[U:1:900000011]><Red>" triggered "damage" against "QuickScout<84><[U:1:900000012]><Blue>" (damage "27") (realdamage "1") (weapon "shotgun_soldier")
L 04/28/2026 - 05:26:46: "SoldierBoy<83><[U:1:900000011]><Red>" killed "QuickScout<84><[U:1:900000012]><Blue>" with "shotgun_soldier" (attacker_position "-13448 11957 10689") (victim_position "-13703 11637 10585")
L 04/28/2026 - 05:26:46: "QuickScout<84><[U:1:900000012]><Blue>" spawned as "soldier"
L 04/28/2026 - 05:26:49: "QuickScout<84><[U:1:900000012]><Blue>" triggered "shot_fired" (weapon "quake_rl")
L 04/28/2026 - 05:26:49: "SoldierBoy<83><[U:1:900000011]><Red>" triggered "shot_fired" (weapon "quake_rl")
L 04/28/2026 - 05:26:49: "QuickScout<84><[U:1:900000012]><Blue>" triggered "shot_fired" (weapon "quake_rl")
L 04/28/2026 - 05:26:50: "QuickScout<84><[U:1:900000012]><Blue>" triggered "shot_hit" (weapon "quake_rl")
L 04/28/2026 - 05:26:50: "QuickScout<84><[U:1:900000012]><Blue>" triggered "damage" against "SoldierBoy<83><[U:1:900000011]><Red>" (damage "53") (weapon "quake_rl")
L 04/28/2026 - 05:26:50: "SoldierBoy<83><[U:1:900000011]><Red>" triggered "shot_fired" (weapon "quake_rl")
L 04/28/2026 - 05:26:50: "SoldierBoy<83><[U:1:900000011]><Red>" triggered "shot_hit" (weapon "quake_rl")
L 04/28/2026 - 05:26:50: "SoldierBoy<83><[U:1:900000011]><Red>" triggered "damage" against "QuickScout<84><[U:1:900000012]><Blue>" (damage "85") (weapon "quake_rl")
L 04/28/2026 - 05:26:50: "QuickScout<84><[U:1:900000012]><Blue>" triggered "shot_fired" (weapon "quake_rl")
L 04/28/2026 - 05:26:51: "SoldierBoy<83><[U:1:900000011]><Red>" triggered "shot_fired" (weapon "quake_rl")
L 04/28/2026 - 05:26:51: "SoldierBoy<83><[U:1:900000011]><Red>" triggered "shot_hit" (weapon "quake_rl")
L 04/28/2026 - 05:26:51: "SoldierBoy<83><[U:1:900000011]><Red>" triggered "damage" against "QuickScout<84><[U:1:900000012]><Blue>" (damage "84") (realdamage "78") (weapon "quake_rl")
L 04/28/2026 - 05:26:51: "SoldierBoy<83><[U:1:900000011]><Red>" killed "QuickScout<84><[U:1:900000012]><Blue>" with "quake_rl" (attacker_position "-12947 11403 10834") (victim_position "-13209 11688 10740")
L 04/28/2026 - 05:26:51: "SoldierBoy<83><[U:1:900000011]><Red>" triggered "domination" against "QuickScout<84><[U:1:900000012]><Blue>"
L 04/28/2026 - 05:26:51: "QuickScout<84><[U:1:900000012]><Blue>" spawned as "soldier"
L 04/28/2026 - 05:26:53: "QuickScout<84><[U:1:900000012]><Blue>" triggered "shot_fired" (weapon "quake_rl")
L 04/28/2026 - 05:26:54: "QuickScout<84><[U:1:900000012]><Blue>" triggered "shot_hit" (weapon "quake_rl")
L 04/28/2026 - 05:26:54: "QuickScout<84><[U:1:900000012]><Blue>" triggered "damage" against "SoldierBoy<83><[U:1:900000011]><Red>" (damage "65") (weapon "quake_rl")
L 04/28/2026 - 05:26:54: "SoldierBoy<83><[U:1:900000011]><Red>" triggered "shot_fired" (weapon "quake_rl")
L 04/28/2026 - 05:26:54: "SoldierBoy<83><[U:1:900000011]><Red>" triggered "shot_hit" (weapon "quake_rl")
L 04/28/2026 - 05:26:54: "SoldierBoy<83><[U:1:900000011]><Red>" triggered "damage" against "QuickScout<84><[U:1:900000012]><Blue>" (damage "101") (weapon "quake_rl") (airshot "1") (height "458")
L 04/28/2026 - 05:26:55: "SoldierBoy<83><[U:1:900000011]><Red>" triggered "shot_fired" (weapon "quake_rl")
L 04/28/2026 - 05:26:56: "QuickScout<84><[U:1:900000012]><Blue>" triggered "shot_fired" (weapon "quake_rl")
L 04/28/2026 - 05:26:56: "QuickScout<84><[U:1:900000012]><Blue>" triggered "shot_hit" (weapon "quake_rl")
L 04/28/2026 - 05:26:56: "QuickScout<84><[U:1:900000012]><Blue>" triggered "damage" against "SoldierBoy<83><[U:1:900000011]><Red>" (damage "61") (weapon "quake_rl")
L 04/28/2026 - 05:26:56: "SoldierBoy<83><[U:1:900000011]><Red>" triggered "shot_fired" (weapon "quake_rl")
L 04/28/2026 - 05:26:56: "SoldierBoy<83><[U:1:900000011]><Red>" triggered "shot_hit" (weapon "quake_rl")
L 04/28/2026 - 05:26:56: "SoldierBoy<83><[U:1:900000011]><Red>" triggered "damage" against "QuickScout<84><[U:1:900000012]><Blue>" (damage "49") (weapon "quake_rl")
L 04/28/2026 - 05:26:57: "QuickScout<84><[U:1:900000012]><Blue>" triggered "shot_fired" (weapon "quake_rl")
L 04/28/2026 - 05:26:57: "SoldierBoy<83><[U:1:900000011]><Red>" triggered "shot_fired" (weapon "quake_rl")
L 04/28/2026 - 05:26:58: "QuickScout<84><[U:1:900000012]><Blue>" triggered "shot_fired" (weapon "quake_rl")
L 04/28/2026 - 05:27:00: "QuickScout<84><[U:1:900000012]><Blue>" triggered "shot_fired" (weapon "shotgun_soldier")
L 04/28/2026 - 05:27:00: "SoldierBoy<83><[U:1:900000011]><Red>" triggered "shot_fired" (weapon "shotgun_soldier")
L 04/28/2026 - 05:27:00: "SoldierBoy<83><[U:1:900000011]><Red>" triggered "shot_hit" (weapon "shotgun_soldier")
L 04/28/2026 - 05:27:00: "SoldierBoy<83><[U:1:900000011]><Red>" triggered "damage" against "QuickScout<84><[U:1:900000012]><Blue>" (damage "17") (realdamage "10") (weapon "shotgun_soldier")
L 04/28/2026 - 05:27:00: "SoldierBoy<83><[U:1:900000011]><Red>" killed "QuickScout<84><[U:1:900000012]><Blue>" with "shotgun_soldier" (attacker_position "-13070 11340 10699") (victim_position "-13071 11898 10740")
L 04/28/2026 - 05:27:00: "QuickScout<84><[U:1:900000012]><Blue>" spawned as "soldier"
L 04/28/2026 - 05:27:04: "QuickScout<84><[U:1:900000012]><Blue>" triggered "shot_fired" (weapon "quake_rl")
L 04/28/2026 - 05:27:04: "QuickScout<84><[U:1:900000012]><Blue>" triggered "shot_hit" (weapon "quake_rl")
L 04/28/2026 - 05:27:04: "QuickScout<84><[U:1:900000012]><Blue>" triggered "damage" against "SoldierBoy<83><[U:1:900000011]><Red>" (damage "96") (weapon "quake_rl")
L 04/28/2026 - 05:27:04: "SoldierBoy<83><[U:1:900000011]><Red>" triggered "shot_fired" (weapon "quake_rl")
L 04/28/2026 - 05:27:05: "QuickScout<84><[U:1:900000012]><Blue>" triggered "shot_fired" (weapon "quake_rl")
L 04/28/2026 - 05:27:05: "SoldierBoy<83><[U:1:900000011]><Red>" triggered "shot_fired" (weapon "quake_rl")
L 04/28/2026 - 05:27:05: "SoldierBoy<83><[U:1:900000011]><Red>" triggered "shot_hit" (weapon "quake_rl")
L 04/28/2026 - 05:27:05: "SoldierBoy<83><[U:1:900000011]><Red>" triggered "damage" against "QuickScout<84><[U:1:900000012]><Blue>" (damage "66") (weapon "quake_rl")
L 04/28/2026 - 05:27:06: "QuickScout<84><[U:1:900000012]><Blue>" triggered "shot_fired" (weapon "quake_rl")
L 04/28/2026 - 05:27:06: "SoldierBoy<83><[U:1:900000011]><Red>" triggered "shot_fired" (weapon "quake_rl")
L 04/28/2026 - 05:27:06: "SoldierBoy<83><[U:1:900000011]><Red>" triggered "shot_hit" (weapon "quake_rl")
L 04/28/2026 - 05:27:06: "SoldierBoy<83><[U:1:900000011]><Red>" triggered "damage" against "QuickScout<84><[U:1:900000012]><Blue>" (damage "86") (weapon "quake_rl")
L 04/28/2026 - 05:27:06: "QuickScout<84><[U:1:900000012]><Blue>" triggered "shot_fired" (weapon "shotgun_soldier")
L 04/28/2026 - 05:27:06: "SoldierBoy<83><[U:1:900000011]><Red>" triggered "shot_fired" (weapon "shotgun_soldier")
L 04/28/2026 - 05:27:07: "QuickScout<84><[U:1:900000012]><Blue>" triggered "shot_fired" (weapon "shotgun_soldier")
L 04/28/2026 - 05:27:07: "QuickScout<84><[U:1:900000012]><Blue>" triggered "shot_hit" (weapon "shotgun_soldier")
L 04/28/2026 - 05:27:07: "QuickScout<84><[U:1:900000012]><Blue>" triggered "damage" against "SoldierBoy<83><[U:1:900000011]><Red>" (damage "7") (weapon "shotgun_soldier")
L 04/28/2026 - 05:27:07: "SoldierBoy<83><[U:1:900000011]><Red>" triggered "shot_fired" (weapon "shotgun_soldier")
L 04/28/2026 - 05:27:07: "SoldierBoy<83><[U:1:900000011]><Red>" triggered "shot_hit" (weapon "shotgun_soldier")
L 04/28/2026 - 05:27:07: "SoldierBoy<83><[U:1:900000011]><Red>" triggered "damage" against "QuickScout<84><[U:1:900000012]><Blue>" (damage "15") (realdamage "4") (weapon "shotgun_soldier")
L 04/28/2026 - 05:27:07: "SoldierBoy<83><[U:1:900000011]><Red>" killed "QuickScout<84><[U:1:900000012]><Blue>" with "shotgun_soldier" (attacker_position "-13278 10624 10696") (victim_position "-12947 10535 10709")
L 04/28/2026 - 05:27:07: "QuickScout<84><[U:1:900000012]><Blue>" spawned as "soldier"
L 04/28/2026 - 05:27:10: "QuickScout<84><[U:1:900000012]><Blue>" triggered "shot_fired" (weapon "quake_rl")
L 04/28/2026 - 05:27:10: "SoldierBoy<83><[U:1:900000011]><Red>" triggered "shot_fired" (weapon "quake_rl")
L 04/28/2026 - 05:27:10: "QuickScout<84><[U:1:900000012]><Blue>" triggered "shot_hit" (weapon "quake_rl")
L 04/28/2026 - 05:27:10: "QuickScout<84><[U:1:900000012]><Blue>" triggered "damage" against "SoldierBoy<83><[U:1:900000011]><Red>" (damage "69") (weapon "quake_rl")
L 04/28/2026 - 05:27:11: "QuickScout<84><[U:1:900000012]><Blue>" triggered "shot_fired" (weapon "quake_rl")
L 04/28/2026 - 05:27:11: "SoldierBoy<83><[U:1:900000011]><Red>" triggered "shot_fired" (weapon "quake_rl")
L 04/28/2026 - 05:27:11: "SoldierBoy<83><[U:1:900000011]><Red>" triggered "shot_hit" (weapon "quake_rl")
L 04/28/2026 - 05:27:11: "SoldierBoy<83><[U:1:900000011]><Red>" triggered "damage" against "QuickScout<84><[U:1:900000012]><Blue>" (damage "56") (weapon "quake_rl")
L 04/28/2026 - 05:27:11: "QuickScout<84><[U:1:900000012]><Blue>" triggered "shot_fired" (weapon "quake_rl")
L 04/28/2026 - 05:27:12: "QuickScout<84><[U:1:900000012]><Blue>" triggered "shot_hit" (weapon "quake_rl")
L 04/28/2026 - 05:27:12: "QuickScout<84><[U:1:900000012]><Blue>" triggered "damage" against "SoldierBoy<83><[U:1:900000011]><Red>" (damage "103") (weapon "quake_rl")
L 04/28/2026 - 05:27:12: "SoldierBoy<83><[U:1:900000011]><Red>" triggered "shot_fired" (weapon "quake_rl")
L 04/28/2026 - 05:27:12: "SoldierBoy<83><[U:1:900000011]><Red>" triggered "shot_hit" (weapon "quake_rl")
L 04/28/2026 - 05:27:12: "SoldierBoy<83><[U:1:900000011]><Red>" triggered "damage" against "QuickScout<84><[U:1:900000012]><Blue>" (damage "57") (weapon "quake_rl")
L 04/28/2026 - 05:27:12: "QuickScout<84><[U:1:900000012]><Blue>" triggered "shot_fired" (weapon "shotgun_soldier")
L 04/28/2026 - 05:27:12: "SoldierBoy<83><[U:1:900000011]><Red>" triggered "shot_fired" (weapon "shotgun_soldier")
L 04/28/2026 - 05:27:12: "SoldierBoy<83><[U:1:900000011]><Red>" triggered "shot_hit" (weapon "shotgun_soldier")
L 04/28/2026 - 05:27:12: "SoldierBoy<83><[U:1:900000011]><Red>" triggered "damage" against "QuickScout<84><[U:1:900000012]><Blue>" (damage "6") (weapon "shotgun_soldier")
L 04/28/2026 - 05:27:13: "QuickScout<84><[U:1:900000012]><Blue>" triggered "shot_fired" (weapon "shotgun_soldier")
L 04/28/2026 - 05:27:13: "QuickScout<84><[U:1:900000012]><Blue>" triggered "shot_hit" (weapon "shotgun_soldier")
L 04/28/2026 - 05:27:13: "QuickScout<84><[U:1:900000012]><Blue>" triggered "damage" against "SoldierBoy<83><[U:1:900000011]><Red>" (damage "14") (weapon "shotgun_soldier")
L 04/28/2026 - 05:27:13: "SoldierBoy<83><[U:1:900000011]><Red>" triggered "shot_fired" (weapon "shotgun_soldier")
L 04/28/2026 - 05:27:13: "QuickScout<84><[U:1:900000012]><Blue>" triggered "shot_fired" (weapon "shotgun_soldier")
L 04/28/2026 - 05:27:13: "QuickScout<84><[U:1:900000012]><Blue>" triggered "shot_hit" (weapon "shotgun_soldier")
L 04/28/2026 - 05:27:13: "QuickScout<84><[U:1:900000012]><Blue>" triggered "damage" against "SoldierBoy<83><[U:1:900000011]><Red>" (damage "4") (weapon "shotgun_soldier")
L 04/28/2026 - 05:27:14: "SoldierBoy<83><[U:1:900000011]><Red>" triggered "shot_fired" (weapon "shotgun_soldier")
L 04/28/2026 - 05:27:14: "SoldierBoy<83><[U:1:900000011]><Red>" triggered "shot_hit" (weapon "shotgun_soldier")
L 04/28/2026 - 05:27:14: "SoldierBoy<83><[U:1:900000011]><Red>" triggered "damage" against "QuickScout<84><[U:1:900000012]><Blue>" (damage "35") (weapon "shotgun_soldier")
L 04/28/2026 - 05:27:14: "QuickScout<84><[U:1:900000012]><Blue>" triggered "shot_fired" (weapon "shotgun_soldier")
L 04/28/2026 - 05:27:14: "QuickScout<84><[U:1:900000012]><Blue>" triggered "shot_hit" (weapon "shotgun_soldier")
L 04/28/2026 - 05:27:14: "QuickScout<84><[U:1:900000012]><Blue>" triggered "damage" against "SoldierBoy<83><[U:1:900000011]><Red>" (damage "25") (weapon "shotgun_soldier")
L 04/28/2026 - 05:27:14: "SoldierBoy<83><[U:1:900000011]><Red>" triggered "shot_fired" (weapon "shotgun_soldier")
L 04/28/2026 - 05:27:15: "QuickScout<84><[U:1:900000012]><Blue>" killed "SoldierBoy<83><[U:1:900000011]><Red>" with "world" (attacker_position "-13248 11045 10696") (victim_position "-13632 11098 10409")
L 04/28/2026 - 05:27:15: "QuickScout<84><[U:1:900000012]><Blue>" triggered "revenge" against "SoldierBoy<83><[U:1:900000011]><Red>"
L 04/28/2026 - 05:27:15: "SoldierBoy<83><[U:1:900000011]><Red>" spawned as "soldier"
L 04/28/2026 - 05:27:17: "QuickScout<84><[U:1:900000012]><Blue>" triggered "shot_fired" (weapon "quake_rl")
L 04/28/2026 - 05:27:17: "SoldierBoy<83><[U:1:900000011]><Red>" triggered "shot_fired" (weapon "quake_rl")
L 04/28/2026 - 05:27:17: "SoldierBoy<83><[U:1:900000011]><Red>" triggered "shot_hit" (weapon "quake_rl")
L 04/28/2026 - 05:27:17: "SoldierBoy<83><[U:1:900000011]><Red>" triggered "damage" against "QuickScout<84><[U:1:900000012]><Blue>" (damage "70") (weapon "quake_rl")
L 04/28/2026 - 05:27:18: "QuickScout<84><[U:1:900000012]><Blue>" triggered "shot_fired" (weapon "quake_rl")
L 04/28/2026 - 05:27:18: "SoldierBoy<83><[U:1:900000011]><Red>" triggered "shot_fired" (weapon "quake_rl")
L 04/28/2026 - 05:27:19: "QuickScout<84><[U:1:900000012]><Blue>" triggered "shot_fired" (weapon "quake_rl")
L 04/28/2026 - 05:27:19: "QuickScout<84><[U:1:900000012]><Blue>" triggered "shot_hit" (weapon "quake_rl")
L 04/28/2026 - 05:27:19: "QuickScout<84><[U:1:900000012]><Blue>" triggered "damage" against "SoldierBoy<83><[U:1:900000011]><Red>" (damage "93") (weapon "quake_rl")
L 04/28/2026 - 05:27:19: "SoldierBoy<83><[U:1:900000011]><Red>" triggered "shot_hit" (weapon "quake_rl")
L 04/28/2026 - 05:27:19: "SoldierBoy<83><[U:1:900000011]><Red>" triggered "damage" against "QuickScout<84><[U:1:900000012]><Blue>" (damage "80") (weapon "quake_rl")
L 04/28/2026 - 05:27:19: "SoldierBoy<83><[U:1:900000011]><Red>" triggered "shot_fired" (weapon "quake_rl")
L 04/28/2026 - 05:27:20: "SoldierBoy<83><[U:1:900000011]><Red>" triggered "shot_fired" (weapon "shotgun_soldier")
L 04/28/2026 - 05:27:20: "SoldierBoy<83><[U:1:900000011]><Red>" triggered "shot_hit" (weapon "shotgun_soldier")
L 04/28/2026 - 05:27:20: "SoldierBoy<83><[U:1:900000011]><Red>" triggered "damage" against "QuickScout<84><[U:1:900000012]><Blue>" (damage "14") (weapon "shotgun_soldier")
L 04/28/2026 - 05:27:20: "QuickScout<84><[U:1:900000012]><Blue>" triggered "shot_fired" (weapon "quake_rl")
L 04/28/2026 - 05:27:20: "SoldierBoy<83><[U:1:900000011]><Red>" triggered "shot_fired" (weapon "shotgun_soldier")
L 04/28/2026 - 05:27:20: "QuickScout<84><[U:1:900000012]><Blue>" triggered "shot_fired" (weapon "shotgun_soldier")
L 04/28/2026 - 05:27:20: "QuickScout<84><[U:1:900000012]><Blue>" triggered "shot_hit" (weapon "shotgun_soldier")
L 04/28/2026 - 05:27:20: "QuickScout<84><[U:1:900000012]><Blue>" triggered "damage" against "SoldierBoy<83><[U:1:900000011]><Red>" (damage "12") (weapon "shotgun_soldier")
L 04/28/2026 - 05:27:21: "SoldierBoy<83><[U:1:900000011]><Red>" triggered "shot_fired" (weapon "shotgun_soldier")
L 04/28/2026 - 05:27:21: "QuickScout<84><[U:1:900000012]><Blue>" triggered "shot_fired" (weapon "shotgun_soldier")
L 04/28/2026 - 05:27:21: "QuickScout<84><[U:1:900000012]><Blue>" triggered "shot_hit" (weapon "shotgun_soldier")
L 04/28/2026 - 05:27:21: "QuickScout<84><[U:1:900000012]><Blue>" triggered "damage" against "SoldierBoy<83><[U:1:900000011]><Red>" (damage "66") (weapon "shotgun_soldier")
L 04/28/2026 - 05:27:21: "SoldierBoy<83><[U:1:900000011]><Red>" triggered "shot_fired" (weapon "shotgun_soldier")
L 04/28/2026 - 05:27:21: "SoldierBoy<83><[U:1:900000011]><Red>" triggered "shot_hit" (weapon "shotgun_soldier")
L 04/28/2026 - 05:27:21: "SoldierBoy<83><[U:1:900000011]><Red>" triggered "damage" against "QuickScout<84><[U:1:900000012]><Blue>" (damage "45") (weapon "shotgun_soldier")
L 04/28/2026 - 05:27:21: "SoldierBoy<83><[U:1:900000011]><Red>" killed "QuickScout<84><[U:1:900000012]><Blue>" with "shotgun_soldier" (attacker_position "-13176 10954 10804") (victim_position "-13278 11243 10696")
L 04/28/2026 - 05:27:22: "QuickScout<84><[U:1:900000012]><Blue>" spawned as "soldier"
L 04/28/2026 - 05:27:24: "QuickScout<84><[U:1:900000012]><Blue>" triggered "shot_fired" (weapon "quake_rl")
L 04/28/2026 - 05:27:24: "SoldierBoy<83><[U:1:900000011]><Red>" triggered "shot_fired" (weapon "quake_rl")
L 04/28/2026 - 05:27:24: "QuickScout<84><[U:1:900000012]><Blue>" triggered "shot_hit" (weapon "quake_rl")
L 04/28/2026 - 05:27:24: "QuickScout<84><[U:1:900000012]><Blue>" triggered "damage" against "SoldierBoy<83><[U:1:900000011]><Red>" (damage "68") (weapon "quake_rl")
L 04/28/2026 - 05:27:25: "SoldierBoy<83><[U:1:900000011]><Red>" triggered "shot_fired" (weapon "quake_rl")
L 04/28/2026 - 05:27:25: "QuickScout<84><[U:1:900000012]><Blue>" triggered "shot_fired" (weapon "quake_rl")
L 04/28/2026 - 05:27:26: "QuickScout<84><[U:1:900000012]><Blue>" triggered "shot_fired" (weapon "quake_rl")
L 04/28/2026 - 05:27:26: "SoldierBoy<83><[U:1:900000011]><Red>" triggered "shot_fired" (weapon "quake_rl")
L 04/28/2026 - 05:27:26: "SoldierBoy<83><[U:1:900000011]><Red>" triggered "shot_hit" (weapon "quake_rl")
L 04/28/2026 - 05:27:26: "SoldierBoy<83><[U:1:900000011]><Red>" triggered "damage" against "QuickScout<84><[U:1:900000012]><Blue>" (damage "60") (weapon "quake_rl")
L 04/28/2026 - 05:27:27: "QuickScout<84><[U:1:900000012]><Blue>" triggered "shot_fired" (weapon "shotgun_soldier")
L 04/28/2026 - 05:27:27: "SoldierBoy<83><[U:1:900000011]><Red>" triggered "shot_fired" (weapon "quake_rl")
L 04/28/2026 - 05:27:27: "SoldierBoy<83><[U:1:900000011]><Red>" triggered "shot_hit" (weapon "quake_rl")
L 04/28/2026 - 05:27:27: "SoldierBoy<83><[U:1:900000011]><Red>" triggered "damage" against "QuickScout<84><[U:1:900000012]><Blue>" (damage "73") (weapon "quake_rl")
L 04/28/2026 - 05:27:28: "SoldierBoy<83><[U:1:900000011]><Red>" triggered "shot_fired" (weapon "shotgun_soldier")
L 04/28/2026 - 05:27:28: "SoldierBoy<83><[U:1:900000011]><Red>" triggered "shot_hit" (weapon "shotgun_soldier")
L 04/28/2026 - 05:27:28: "SoldierBoy<83><[U:1:900000011]><Red>" triggered "damage" against "QuickScout<84><[U:1:900000012]><Blue>" (damage "89") (realdamage "29") (weapon "shotgun_soldier")
L 04/28/2026 - 05:27:28: "SoldierBoy<83><[U:1:900000011]><Red>" killed "QuickScout<84><[U:1:900000012]><Blue>" with "shotgun_soldier" (attacker_position "-13121 10827 10804") (victim_position "-13079 10911 10801")
L 04/28/2026 - 05:27:28: "QuickScout<84><[U:1:900000012]><Blue>" spawned as "soldier"
L 04/28/2026 - 05:27:30: "QuickScout<84><[U:1:900000012]><Blue>" triggered "shot_fired" (weapon "quake_rl")
L 04/28/2026 - 05:27:31: "SoldierBoy<83><[U:1:900000011]><Red>" triggered "shot_fired" (weapon "quake_rl")
L 04/28/2026 - 05:27:31: "QuickScout<84><[U:1:900000012]><Blue>" triggered "shot_hit" (weapon "quake_rl")
L 04/28/2026 - 05:27:31: "QuickScout<84><[U:1:900000012]><Blue>" triggered "damage" against "SoldierBoy<83><[U:1:900000011]><Red>" (damage "51") (weapon "quake_rl")
L 04/28/2026 - 05:27:31: "SoldierBoy<83><[U:1:900000011]><Red>" triggered "shot_hit" (weapon "quake_rl")
L 04/28/2026 - 05:27:31: "SoldierBoy<83><[U:1:900000011]><Red>" triggered "damage" against "QuickScout<84><[U:1:900000012]><Blue>" (damage "98") (weapon "quake_rl") (airshot "1") (height "514")
L 04/28/2026 - 05:27:31: "QuickScout<84><[U:1:900000012]><Blue>" triggered "shot_fired" (weapon "quake_rl")
L 04/28/2026 - 05:27:31: "SoldierBoy<83><[U:1:900000011]><Red>" triggered "shot_fired" (weapon "quake_rl")
L 04/28/2026 - 05:27:32: "QuickScout<84><[U:1:900000012]><Blue>" triggered "shot_fired" (weapon "quake_rl")
L 04/28/2026 - 05:27:32: "SoldierBoy<83><[U:1:900000011]><Red>" triggered "shot_fired" (weapon "quake_rl")
L 04/28/2026 - 05:27:33: "QuickScout<84><[U:1:900000012]><Blue>" triggered "shot_fired" (weapon "shotgun_soldier")
L 04/28/2026 - 05:27:33: "SoldierBoy<83><[U:1:900000011]><Red>" triggered "shot_fired" (weapon "shotgun_soldier")
L 04/28/2026 - 05:27:33: "SoldierBoy<83><[U:1:900000011]><Red>" triggered "shot_hit" (weapon "shotgun_soldier")
L 04/28/2026 - 05:27:33: "SoldierBoy<83><[U:1:900000011]><Red>" triggered "damage" against "QuickScout<84><[U:1:900000012]><Blue>" (damage "51") (weapon "shotgun_soldier")
L 04/28/2026 - 05:27:33: "QuickScout<84><[U:1:900000012]><Blue>" triggered "shot_fired" (weapon "shotgun_soldier")
L 04/28/2026 - 05:27:33: "QuickScout<84><[U:1:900000012]><Blue>" triggered "shot_hit" (weapon "shotgun_soldier")
L 04/28/2026 - 05:27:33: "QuickScout<84><[U:1:900000012]><Blue>" triggered "damage" against "SoldierBoy<83><[U:1:900000011]><Red>" (damage "74") (weapon "shotgun_soldier")
L 04/28/2026 - 05:27:34: "SoldierBoy<83><[U:1:900000011]><Red>" triggered "shot_fired" (weapon "shotgun_soldier")
L 04/28/2026 - 05:27:34: "SoldierBoy<83><[U:1:900000011]><Red>" triggered "shot_hit" (weapon "shotgun_soldier")
L 04/28/2026 - 05:27:34: "SoldierBoy<83><[U:1:900000011]><Red>" triggered "damage" against "QuickScout<84><[U:1:900000012]><Blue>" (damage "57") (realdamage "10") (weapon "shotgun_soldier")
L 04/28/2026 - 05:27:34: "SoldierBoy<83><[U:1:900000011]><Red>" killed "QuickScout<84><[U:1:900000012]><Blue>" with "shotgun_soldier" (attacker_position "-13152 11253 10762") (victim_position "-13132 11010 10804")
L 04/28/2026 - 05:27:34: "QuickScout<84><[U:1:900000012]><Blue>" spawned as "soldier"
L 04/28/2026 - 05:27:38: "QuickScout<84><[U:1:900000012]><Blue>" triggered "shot_fired" (weapon "quake_rl")
L 04/28/2026 - 05:27:38: "SoldierBoy<83><[U:1:900000011]><Red>" triggered "shot_fired" (weapon "quake_rl")
L 04/28/2026 - 05:27:38: "QuickScout<84><[U:1:900000012]><Blue>" triggered "shot_hit" (weapon "quake_rl")
L 04/28/2026 - 05:27:38: "QuickScout<84><[U:1:900000012]><Blue>" triggered "damage" against "SoldierBoy<83><[U:1:900000011]><Red>" (damage "54") (weapon "quake_rl")
L 04/28/2026 - 05:27:39: "QuickScout<84><[U:1:900000012]><Blue>" triggered "shot_hit" (weapon "quake_rl")
L 04/28/2026 - 05:27:39: "QuickScout<84><[U:1:900000012]><Blue>" triggered "damage" against "SoldierBoy<83><[U:1:900000011]><Red>" (damage "71") (weapon "quake_rl")
L 04/28/2026 - 05:27:39: "SoldierBoy<83><[U:1:900000011]><Red>" triggered "shot_hit" (weapon "quake_rl")
L 04/28/2026 - 05:27:39: "SoldierBoy<83><[U:1:900000011]><Red>" triggered "damage" against "QuickScout<84><[U:1:900000012]><Blue>" (damage "72") (weapon "quake_rl")
L 04/28/2026 - 05:27:39: "QuickScout<84><[U:1:900000012]><Blue>" triggered "shot_fired" (weapon "quake_rl")
L 04/28/2026 - 05:27:39: "SoldierBoy<83><[U:1:900000011]><Red>" triggered "shot_fired" (weapon "quake_rl")
L 04/28/2026 - 05:27:40: "QuickScout<84><[U:1:900000012]><Blue>" triggered "shot_fired" (weapon "quake_rl")
L 04/28/2026 - 05:27:40: "QuickScout<84><[U:1:900000012]><Blue>" triggered "shot_hit" (weapon "quake_rl")
L 04/28/2026 - 05:27:40: "QuickScout<84><[U:1:900000012]><Blue>" triggered "damage" against "SoldierBoy<83><[U:1:900000011]><Red>" (damage "63") (realdamage "19") (weapon "quake_rl")
L 04/28/2026 - 05:27:40: "QuickScout<84><[U:1:900000012]><Blue>" killed "SoldierBoy<83><[U:1:900000011]><Red>" with "quake_rl" (attacker_position "-12713 11137 11183") (victim_position "-12963 11140 10696")
L 04/28/2026 - 05:27:40: "QuickScout<84><[U:1:900000012]><Blue>" triggered "shot_fired" (weapon "shotgun_soldier")
L 04/28/2026 - 05:27:40: "SoldierBoy<83><[U:1:900000011]><Red>" spawned as "soldier"
L 04/28/2026 - 05:27:43: "QuickScout<84><[U:1:900000012]><Blue>" triggered "shot_fired" (weapon "quake_rl")
L 04/28/2026 - 05:27:43: "SoldierBoy<83><[U:1:900000011]><Red>" triggered "shot_fired" (weapon "quake_rl")
L 04/28/2026 - 05:27:44: "SoldierBoy<83><[U:1:900000011]><Red>" triggered "shot_hit" (weapon "quake_rl")
L 04/28/2026 - 05:27:44: "SoldierBoy<83><[U:1:900000011]><Red>" triggered "damage" against "QuickScout<84><[U:1:900000012]><Blue>" (damage "54") (weapon "quake_rl")
L 04/28/2026 - 05:27:44: "QuickScout<84><[U:1:900000012]><Blue>" triggered "shot_fired" (weapon "quake_rl")
L 04/28/2026 - 05:27:44: "SoldierBoy<83><[U:1:900000011]><Red>" triggered "shot_fired" (weapon "quake_rl")
L 04/28/2026 - 05:27:45: "QuickScout<84><[U:1:900000012]><Blue>" triggered "shot_hit" (weapon "quake_rl")
L 04/28/2026 - 05:27:45: "QuickScout<84><[U:1:900000012]><Blue>" triggered "damage" against "SoldierBoy<83><[U:1:900000011]><Red>" (damage "89") (weapon "quake_rl")
L 04/28/2026 - 05:27:45: "SoldierBoy<83><[U:1:900000011]><Red>" triggered "shot_hit" (weapon "quake_rl")
L 04/28/2026 - 05:27:45: "SoldierBoy<83><[U:1:900000011]><Red>" triggered "damage" against "QuickScout<84><[U:1:900000012]><Blue>" (damage "73") (weapon "quake_rl")
L 04/28/2026 - 05:27:45: "QuickScout<84><[U:1:900000012]><Blue>" triggered "shot_fired" (weapon "quake_rl")
L 04/28/2026 - 05:27:45: "SoldierBoy<83><[U:1:900000011]><Red>" triggered "shot_fired" (weapon "quake_rl")
L 04/28/2026 - 05:27:45: "SoldierBoy<83><[U:1:900000011]><Red>" triggered "shot_fired" (weapon "shotgun_soldier")
L 04/28/2026 - 05:27:46: "QuickScout<84><[U:1:900000012]><Blue>" triggered "shot_fired" (weapon "quake_rl")
L 04/28/2026 - 05:27:46: "SoldierBoy<83><[U:1:900000011]><Red>" triggered "shot_fired" (weapon "shotgun_soldier")
L 04/28/2026 - 05:27:46: "QuickScout<84><[U:1:900000012]><Blue>" triggered "shot_fired" (weapon "shotgun_soldier")
L 04/28/2026 - 05:27:46: "QuickScout<84><[U:1:900000012]><Blue>" triggered "shot_hit" (weapon "shotgun_soldier")
L 04/28/2026 - 05:27:46: "QuickScout<84><[U:1:900000012]><Blue>" triggered "damage" against "SoldierBoy<83><[U:1:900000011]><Red>" (damage "9") (weapon "shotgun_soldier")
L 04/28/2026 - 05:27:47: "SoldierBoy<83><[U:1:900000011]><Red>" triggered "shot_fired" (weapon "shotgun_soldier")
L 04/28/2026 - 05:27:47: "SoldierBoy<83><[U:1:900000011]><Red>" triggered "shot_hit" (weapon "shotgun_soldier")
L 04/28/2026 - 05:27:47: "SoldierBoy<83><[U:1:900000011]><Red>" triggered "damage" against "QuickScout<84><[U:1:900000012]><Blue>" (damage "17") (weapon "shotgun_soldier")
L 04/28/2026 - 05:27:47: "QuickScout<84><[U:1:900000012]><Blue>" triggered "shot_fired" (weapon "shotgun_soldier")
L 04/28/2026 - 05:27:47: "QuickScout<84><[U:1:900000012]><Blue>" triggered "shot_hit" (weapon "shotgun_soldier")
L 04/28/2026 - 05:27:47: "QuickScout<84><[U:1:900000012]><Blue>" triggered "damage" against "SoldierBoy<83><[U:1:900000011]><Red>" (damage "13") (weapon "shotgun_soldier")
L 04/28/2026 - 05:27:48: "QuickScout<84><[U:1:900000012]><Blue>" triggered "shot_fired" (weapon "shotgun_soldier")
L 04/28/2026 - 05:27:49: "QuickScout<84><[U:1:900000012]><Blue>" triggered "shot_fired" (weapon "shotgun_soldier")
L 04/28/2026 - 05:27:50: "QuickScout<84><[U:1:900000012]><Blue>" triggered "shot_fired" (weapon "shotgun_soldier")
L 04/28/2026 - 05:27:50: "QuickScout<84><[U:1:900000012]><Blue>" triggered "shot_hit" (weapon "shotgun_soldier")
L 04/28/2026 - 05:27:50: "QuickScout<84><[U:1:900000012]><Blue>" triggered "damage" against "SoldierBoy<83><[U:1:900000011]><Red>" (damage "20") (weapon "shotgun_soldier")
L 04/28/2026 - 05:27:50: "SoldierBoy<83><[U:1:900000011]><Red>" triggered "shot_fired" (weapon "shotgun_soldier")
L 04/28/2026 - 05:27:52: "QuickScout<84><[U:1:900000012]><Blue>" triggered "shot_fired" (weapon "shotgun_soldier")
L 04/28/2026 - 05:27:53: "SoldierBoy<83><[U:1:900000011]><Red>" triggered "shot_fired" (weapon "shotgun_soldier")
L 04/28/2026 - 05:27:53: "SoldierBoy<83><[U:1:900000011]><Red>" triggered "shot_hit" (weapon "shotgun_soldier")
L 04/28/2026 - 05:27:53: "SoldierBoy<83><[U:1:900000011]><Red>" triggered "damage" against "QuickScout<84><[U:1:900000012]><Blue>" (damage "29") (realdamage "25") (weapon "shotgun_soldier")
L 04/28/2026 - 05:27:53: "SoldierBoy<83><[U:1:900000011]><Red>" killed "QuickScout<84><[U:1:900000012]><Blue>" with "shotgun_soldier" (attacker_position "-12248 11458 10389") (victim_position "-12606 11411 10484")
L 04/28/2026 - 05:27:53: "QuickScout<84><[U:1:900000012]><Blue>" spawned as "soldier"
L 04/28/2026 - 05:27:55: "SoldierBoy<83><[U:1:900000011]><Red>" triggered "shot_fired" (weapon "quake_rl")
L 04/28/2026 - 05:27:56: "QuickScout<84><[U:1:900000012]><Blue>" triggered "shot_fired" (weapon "quake_rl")
L 04/28/2026 - 05:27:56: "SoldierBoy<83><[U:1:900000011]><Red>" triggered "shot_hit" (weapon "quake_rl")
L 04/28/2026 - 05:27:56: "SoldierBoy<83><[U:1:900000011]><Red>" triggered "damage" against "QuickScout<84><[U:1:900000012]><Blue>" (damage "53") (weapon "quake_rl")
L 04/28/2026 - 05:27:56: "SoldierBoy<83><[U:1:900000011]><Red>" triggered "shot_fired" (weapon "quake_rl")
L 04/28/2026 - 05:27:57: "QuickScout<84><[U:1:900000012]><Blue>" triggered "shot_fired" (weapon "quake_rl")
L 04/28/2026 - 05:27:57: "QuickScout<84><[U:1:900000012]><Blue>" triggered "shot_hit" (weapon "quake_rl")
L 04/28/2026 - 05:27:57: "QuickScout<84><[U:1:900000012]><Blue>" triggered "damage" against "SoldierBoy<83><[U:1:900000011]><Red>" (damage "31") (weapon "quake_rl")
L 04/28/2026 - 05:27:58: "QuickScout<84><[U:1:900000012]><Blue>" triggered "shot_fired" (weapon "quake_rl")
L 04/28/2026 - 05:27:59: "QuickScout<84><[U:1:900000012]><Blue>" triggered "shot_fired" (weapon "quake_rl")
L 04/28/2026 - 05:27:59: "SoldierBoy<83><[U:1:900000011]><Red>" triggered "shot_fired" (weapon "quake_rl")
L 04/28/2026 - 05:27:59: "SoldierBoy<83><[U:1:900000011]><Red>" triggered "shot_hit" (weapon "quake_rl")
L 04/28/2026 - 05:27:59: "SoldierBoy<83><[U:1:900000011]><Red>" triggered "damage" against "QuickScout<84><[U:1:900000012]><Blue>" (damage "53") (weapon "quake_rl")
L 04/28/2026 - 05:27:59: "QuickScout<84><[U:1:900000012]><Blue>" triggered "shot_fired" (weapon "shotgun_soldier")
L 04/28/2026 - 05:27:59: "QuickScout<84><[U:1:900000012]><Blue>" triggered "shot_hit" (weapon "shotgun_soldier")
L 04/28/2026 - 05:27:59: "QuickScout<84><[U:1:900000012]><Blue>" triggered "damage" against "SoldierBoy<83><[U:1:900000011]><Red>" (damage "18") (weapon "shotgun_soldier")
L 04/28/2026 - 05:28:00: "SoldierBoy<83><[U:1:900000011]><Red>" triggered "shot_fired" (weapon "quake_rl")
L 04/28/2026 - 05:28:00: "QuickScout<84><[U:1:900000012]><Blue>" triggered "shot_fired" (weapon "shotgun_soldier")
L 04/28/2026 - 05:28:00: "QuickScout<84><[U:1:900000012]><Blue>" triggered "shot_hit" (weapon "shotgun_soldier")
L 04/28/2026 - 05:28:00: "QuickScout<84><[U:1:900000012]><Blue>" triggered "damage" against "SoldierBoy<83><[U:1:900000011]><Red>" (damage "40") (weapon "shotgun_soldier")
L 04/28/2026 - 05:28:00: "QuickScout<84><[U:1:900000012]><Blue>" triggered "shot_fired" (weapon "shotgun_soldier")
L 04/28/2026 - 05:28:00: "SoldierBoy<83><[U:1:900000011]><Red>" triggered "shot_fired" (weapon "shotgun_soldier")
L 04/28/2026 - 05:28:01: "SoldierBoy<83><[U:1:900000011]><Red>" picked up item "tf_ammo_pack"
L 04/28/2026 - 05:28:01: "SoldierBoy<83><[U:1:900000011]><Red>" triggered "shot_fired" (weapon "shotgun_soldier")
L 04/28/2026 - 05:28:01: "SoldierBoy<83><[U:1:900000011]><Red>" triggered "shot_hit" (weapon "shotgun_soldier")
L 04/28/2026 - 05:28:01: "SoldierBoy<83><[U:1:900000011]><Red>" triggered "damage" against "QuickScout<84><[U:1:900000012]><Blue>" (damage "54") (weapon "shotgun_soldier")
L 04/28/2026 - 05:28:01: "QuickScout<84><[U:1:900000012]><Blue>" triggered "shot_fired" (weapon "shotgun_soldier")
L 04/28/2026 - 05:28:01: "QuickScout<84><[U:1:900000012]><Blue>" triggered "shot_hit" (weapon "shotgun_soldier")
L 04/28/2026 - 05:28:01: "QuickScout<84><[U:1:900000012]><Blue>" triggered "damage" against "SoldierBoy<83><[U:1:900000011]><Red>" (damage "63") (weapon "shotgun_soldier")
L 04/28/2026 - 05:28:02: "SoldierBoy<83><[U:1:900000011]><Red>" triggered "shot_fired" (weapon "shotgun_soldier")
L 04/28/2026 - 05:28:02: "SoldierBoy<83><[U:1:900000011]><Red>" triggered "shot_hit" (weapon "shotgun_soldier")
L 04/28/2026 - 05:28:02: "SoldierBoy<83><[U:1:900000011]><Red>" triggered "damage" against "QuickScout<84><[U:1:900000012]><Blue>" (damage "60") (weapon "shotgun_soldier")
L 04/28/2026 - 05:28:02: "QuickScout<84><[U:1:900000012]><Blue>" triggered "shot_fired" (weapon "shotgun_soldier")
L 04/28/2026 - 05:28:03: "QuickScout<84><[U:1:900000012]><Blue>" triggered "shot_fired" (weapon "shotgun_soldier")
L 04/28/2026 - 05:28:03: "SoldierBoy<83><[U:1:900000011]><Red>" triggered "shot_fired" (weapon "shotgun_soldier")
L 04/28/2026 - 05:28:05: "SoldierBoy<83><[U:1:900000011]><Red>" triggered "shot_fired" (weapon "shotgun_soldier")
L 04/28/2026 - 05:28:05: "SoldierBoy<83><[U:1:900000011]><Red>" triggered "shot_hit" (weapon "shotgun_soldier")
L 04/28/2026 - 05:28:05: "SoldierBoy<83><[U:1:900000011]><Red>" triggered "damage" against "QuickScout<84><[U:1:900000012]><Blue>" (damage "73") (realdamage "13") (weapon "shotgun_soldier")
L 04/28/2026 - 05:28:05: World triggered "mge_elo_delta" (player "[U:1:900000011]") (old_elo "2722") (new_elo "2722")
L 04/28/2026 - 05:28:05: World triggered "mge_elo_delta" (player "[U:1:900000012]") (old_elo "2131") (new_elo "2131")
L 04/28/2026 - 05:28:05: "SoldierBoy<83><[U:1:900000011]><Red>" killed "QuickScout<84><[U:1:900000012]><Blue>" with "shotgun_soldier" (attacker_position "-12819 10774 10684") (victim_position "-12932 11098 10573")
L 04/28/2026 - 05:28:05: World triggered "mge_match_end" (winner "[U:1:900000011]") (winner_score "20") (loser_score "6")
