L 04/27/2026 - 23:43:38: World triggered "meta_data" (matchid "260427234338b8d3") (map "mge_triumph_beta7_rc1") (arena "Ammomod 1 [1v1 AMOD]") (gamemode "mge") (fraglimit "0")
L 04/27/2026 - 23:43:38: "SpyMask<53><[U:1:900000007]><Red>" changed role to "soldier"
L 04/27/2026 - 23:43:38: "DemoKnight<80><[U:1:900000010]><Blue>" changed role to "demoman"
L 04/27/2026 - 23:43:39: "SpyMask<53><[U:1:900000007]><Red>" triggered "shot_hit" (weapon "rocketlauncher_directhit")
L 04/27/2026 - 23:43:39: "SpyMask<53><[U:1:900000007]><Red>" triggered "damage" against "DemoKnight<80><[U:1:900000010]><Blue>" (damage "51") (weapon "rocketlauncher_directhit")
L 04/27/2026 - 23:43:39: "SpyMask<53><[U:1:900000007]><Red>" triggered "shot_fired" (weapon "rocketlauncher_directhit")
L 04/27/2026 - 23:43:39: "SpyMask<53><[U:1:900000007]><Red>" triggered "shot_fired" (weapon "reserve_shooter")
L 04/27/2026 - 23:43:39: "SpyMask<53><[U:1:900000007]><Red>" triggered "shot_hit" (weapon "reserve_shooter")
L 04/27/2026 - 23:43:39: "SpyMask<53><[U:1:900000007]><Red>" triggered "damage" against "DemoKnight<80><[U:1:900000010]><Blue>" (damage "72") (weapon "reserve_shooter")
L 04/27/2026 - 23:43:40: "SpyMask<53><[U:1:900000007]><Red>" triggered "shot_hit" (weapon "rocketlauncher_directhit")
L 04/27/2026 - 23:43:40: "SpyMask<53><[U:1:900000007]><Red>" triggered "damage" against "DemoKnight<80><[U:1:900000010]><Blue>" (damage "111") (weapon "rocketlauncher_directhit")
L 04/27/2026 - 23:43:40: "SpyMask<53><[U:1:900000007]><Red>" triggered "shot_fired" (weapon "rocketlauncher_directhit")
L 04/27/2026 - 23:43:41: "SpyMask<53><[U:1:900000007]><Red>" triggered "shot_fired" (weapon "reserve_shooter")
L 04/27/2026 - 23:43:41: "SpyMask<53><[U:1:900000007]><Red>" triggered "shot_hit" (weapon "reserve_shooter")
L 04/27/2026 - 23:43:41: "SpyMask<53><[U:1:900000007]><Red>" triggered "damage" against "DemoKnight<80><[U:1:900000010]><Blue>" (damage "78") (weapon "reserve_shooter") (crit "mini")
L 04/27/2026 - 23:43:42: "SpyMask<53><[U:1:900000007]><Red>" triggered "shot_fired" (weapon "rocketlauncher_directhit")
L 04/27/2026 - 23:43:42: "SpyMask<53><[U:1:900000007]><Red>" triggered "shot_fired" (weapon "reserve_shooter")
L 04/27/2026 - 23:43:42: "SpyMask<53><[U:1:900000007]><Red>" triggered "shot_hit" (weapon "reserve_shooter")
L 04/27/2026 - 23:43:42: "SpyMask<53><[U:1:900000007]><Red>" triggered "damage" against "DemoKnight<80><[U:1:900000010]><Blue>" (damage "14") (weapon "reserve_shooter")
L 04/27/2026 - 23:43:46: "DemoKnight<80><[U:1:900000010]><Blue>" triggered "damage" against "SpyMask<53><[U:1:900000007]><Red>" (damage "85") (weapon "splendid_screen")
L 04/27/2026 - 23:43:46: "DemoKnight<80><[U:1:900000010]><Blue>" triggered "damage" against "SpyMask<53><[U:1:900000007]><Red>" (damage "195") (weapon "paintrain") (crit "crit")
L 04/27/2026 - 23:43:49: "SpyMask<53><[U:1:900000007]><Red>" say "!add"
L 04/27/2026 - 23:43:50: "SpyMask<53><[U:1:900000007]><Red>" triggered "shot_hit" (weapon "rocketlauncher_directhit")
L 04/27/2026 - 23:43:50: "SpyMask<53><[U:1:900000007]><Red>" triggered "damage" against "DemoKnight<80><[U:1:900000010]><Blue>" (damage "109") (weapon "rocketlauncher_directhit")
L 04/27/2026 - 23:43:50: "SpyMask<53><[U:1:900000007]><Red>" triggered "shot_fired" (weapon "rocketlauncher_directhit")
L 04/27/2026 - 23:43:53: "SpyMask<53><[U:1:900000007]><Red>" triggered "shot_fired" (weapon "rocketlauncher_directhit")
L 04/27/2026 - 23:43:54: "SpyMask<53><[U:1:900000007]><Red>" triggered "shot_fired" (weapon "reserve_shooter")
L 04/27/2026 - 23:43:54: "DemoKnight<80><[U:1:900000010]><Blue>" triggered "damage" against "SpyMask<53><[U:1:900000007]><Red>" (damage "65") (weapon "paintrain")
L 04/27/2026 - 23:43:54: "SpyMask<53><[U:1:900000007]><Red>" triggered "shot_fired" (weapon "rocketlauncher_directhit")
L 04/27/2026 - 23:43:55: "DemoKnight<80><[U:1:900000010]><Blue>" triggered "damage" against "SpyMask<53><[U:1:900000007]><Red>" (damage "65") (weapon "paintrain")
L 04/27/2026 - 23:43:55: "SpyMask<53><[U:1:900000007]><Red>" triggered "shot_fired" (weapon "reserve_shooter")
L 04/27/2026 - 23:43:56: "DemoKnight<80><[U:1:900000010]><Blue>" triggered "damage" against "SpyMask<53><[U:1:900000007]><Red>" (damage "65") (weapon "paintrain")
L 04/27/2026 - 23:43:56: "SpyMask<53><[U:1:900000007]><Red>" triggered "shot_hit" (weapon "rocketlauncher_directhit")
L 04/27/2026 - 23:43:56: "SpyMask<53><[U:1:900000007]><Red>" triggered "damage" against "DemoKnight<80><[U:1:900000010]><Blue>" (damage "112") (weapon "rocketlauncher_directhit")
L 04/27/2026 - 23:43:56: "SpyMask<53><[U:1:900000007]><Red>" triggered "shot_fired" (weapon "rocketlauncher_directhit")
L 04/27/2026 - 23:43:56: "DemoKnight<80><[U:1:900000010]><Blue>" triggered "damage" against "SpyMask<53><[U:1:900000007]><Red>" (damage "65") (weapon "paintrain")
L 04/27/2026 - 23:43:56: "SpyMask<53><[U:1:900000007]><Red>" triggered "shot_fired" (weapon "reserve_shooter")
L 04/27/2026 - 23:43:57: "SpyMask<53><[U:1:900000007]><Red>" triggered "shot_hit" (weapon "rocketlauncher_directhit")
L 04/27/2026 - 23:43:57: "SpyMask<53><[U:1:900000007]><Red>" triggered "damage" against "DemoKnight<80><[U:1:900000010]><Blue>" (damage "54") (weapon "rocketlauncher_directhit")
L 04/27/2026 - 23:43:57: "SpyMask<53><[U:1:900000007]><Red>" triggered "shot_fired" (weapon "rocketlauncher_directhit")
L 04/27/2026 - 23:43:58: "SpyMask<53><[U:1:900000007]><Red>" triggered "shot_fired" (weapon "reserve_shooter")
L 04/27/2026 - 23:43:58: "SpyMask<53><[U:1:900000007]><Red>" triggered "shot_hit" (weapon "reserve_shooter")
L 04/27/2026 - 23:43:58: "SpyMask<53><[U:1:900000007]><Red>" triggered "damage" against "DemoKnight<80><[U:1:900000010]><Blue>" (damage "92") (weapon "reserve_shooter")
L 04/27/2026 - 23:43:58: "SpyMask<53><[U:1:900000007]><Red>" triggered "shot_hit" (weapon "rocketlauncher_directhit")
L 04/27/2026 - 23:43:58: "SpyMask<53><[U:1:900000007]><Red>" triggered "damage" against "DemoKnight<80><[U:1:900000010]><Blue>" (damage "55") (weapon "rocketlauncher_directhit")
L 04/27/2026 - 23:43:59: "SpyMask<53><[U:1:900000007]><Red>" triggered "shot_fired" (weapon "rocketlauncher_directhit")
L 04/27/2026 - 23:43:59: "SpyMask<53><[U:1:900000007]><Red>" triggered "shot_fired" (weapon "rocketlauncher_directhit")
L 04/27/2026 - 23:44:00: "SpyMask<53><[U:1:900000007]><Red>" triggered "shot_fired" (weapon "reserve_shooter")
L 04/27/2026 - 23:44:01: "DemoKnight<80><[U:1:900000010]><Blue>" triggered "damage" against "SpyMask<53><[U:1:900000007]><Red>" (damage "65") (weapon "paintrain")
L 04/27/2026 - 23:44:01: "SpyMask<53><[U:1:900000007]><Red>" triggered "shot_hit" (weapon "rocketlauncher_directhit")
L 04/27/2026 - 23:44:01: "SpyMask<53><[U:1:900000007]><Red>" triggered "damage" against "DemoKnight<80><[U:1:900000010]><Blue>" (damage "111") (weapon "rocketlauncher_directhit")
L 04/27/2026 - 23:44:01: "SpyMask<53><[U:1:900000007]><Red>" triggered "shot_fired" (weapon "rocketlauncher_directhit")
L 04/27/2026 - 23:44:03: "SpyMask<53><[U:1:900000007]><Red>" triggered "shot_fired" (weapon "rocketlauncher_directhit")
L 04/27/2026 - 23:44:04: "SpyMask<53><[U:1:900000007]><Red>" triggered "shot_fired" (weapon "rocketlauncher_directhit")
L 04/27/2026 - 23:44:05: "DemoKnight<80><[U:1:900000010]><Blue>" triggered "damage" against "SpyMask<53><[U:1:900000007]><Red>" (damage "65") (weapon "paintrain")
L 04/27/2026 - 23:44:05: "SpyMask<53><[U:1:900000007]><Red>" triggered "shot_fired" (weapon "reserve_shooter")
L 04/27/2026 - 23:44:05: "SpyMask<53><[U:1:900000007]><Red>" triggered "shot_hit" (weapon "reserve_shooter")
L 04/27/2026 - 23:44:05: "SpyMask<53><[U:1:900000007]><Red>" triggered "damage" against "DemoKnight<80><[U:1:900000010]><Blue>" (damage "74") (weapon "reserve_shooter")
L 04/27/2026 - 23:44:06: "SpyMask<53><[U:1:900000007]><Red>" triggered "shot_hit" (weapon "rocketlauncher_directhit")
L 04/27/2026 - 23:44:06: "SpyMask<53><[U:1:900000007]><Red>" triggered "damage" against "DemoKnight<80><[U:1:900000010]><Blue>" (damage "112") (weapon "rocketlauncher_directhit")
L 04/27/2026 - 23:44:06: "SpyMask<53><[U:1:900000007]><Red>" triggered "shot_fired" (weapon "rocketlauncher_directhit")
L 04/27/2026 - 23:44:07: "SpyMask<53><[U:1:900000007]><Red>" triggered "shot_fired" (weapon "rocketlauncher_directhit")
L 04/27/2026 - 23:44:08: "SpyMask<53><[U:1:900000007]><Red>" triggered "shot_fired" (weapon "reserve_shooter")
L 04/27/2026 - 23:44:08: "SpyMask<53><[U:1:900000007]><Red>" triggered "shot_fired" (weapon "rocketlauncher_directhit")
L 04/27/2026 - 23:44:09: "SpyMask<53><[U:1:900000007]><Red>" triggered "shot_hit" (weapon "rocketlauncher_directhit")
L 04/27/2026 - 23:44:09: "SpyMask<53><[U:1:900000007]><Red>" triggered "damage" against "DemoKnight<80><[U:1:900000010]><Blue>" (damage "54") (weapon "rocketlauncher_directhit")
L 04/27/2026 - 23:44:10: "SpyMask<53><[U:1:900000007]><Red>" triggered "shot_fired" (weapon "rocketlauncher_directhit")
L 04/27/2026 - 23:44:10: "SpyMask<53><[U:1:900000007]><Red>" triggered "shot_fired" (weapon "reserve_shooter")
L 04/27/2026 - 23:44:11: "SpyMask<53><[U:1:900000007]><Red>" triggered "shot_hit" (weapon "rocketlauncher_directhit")
L 04/27/2026 - 23:44:11: "SpyMask<53><[U:1:900000007]><Red>" triggered "damage" against "DemoKnight<80><[U:1:900000010]><Blue>" (damage "105") (weapon "rocketlauncher_directhit")
L 04/27/2026 - 23:44:11: World triggered "mge_elo_delta" (player "[U:1:900000007]") (old_elo "1605") (new_elo "1612")
L 04/27/2026 - 23:44:11: World triggered "mge_elo_delta" (player "[U:1:900000010]") (old_elo "1572") (new_elo "1565")
L 04/27/2026 - 23:44:11: "SpyMask<53><[U:1:900000007]><Red>" killed "DemoKnight<80><[U:1:900000010]><Blue>" with "rocketlauncher_directhit" (attacker_position "-14276 -6891 89") (victim_position "-14330 -7142 64")
L 04/27/2026 - 23:44:11: "SpyMask<53><[U:1:900000007]><Red>" triggered "domination" against "DemoKnight<80><[U:1:900000010]><Blue>"
L 04/27/2026 - 23:44:11: World triggered "mge_match_end" (winner "[U:1:900000007]") (winner_score "5") (loser_score "0")
