L 04/28/2026 - 05:19:03: World triggered "meta_data" (matchid "260428051903bbb7") (map "mge_triumph_beta7_rc1") (arena "Badlands Middle 1 [1v1 MGE]") (gamemode "mge") (fraglimit "0")
L 04/28/2026 - 05:19:03: "SoldierBoy<83><[U:1:900000011]><Red>" changed role to "soldier"
L 04/28/2026 - 05:19:03: "QuickScout<84><[U:1:900000012]><Blue>" changed role to "soldier"
L 04/28/2026 - 05:19:04: "QuickScout<84><[U:1:900000012]><Blue>" triggered "shot_fired" (weapon "quake_rl")
L 04/28/2026 - 05:19:05: "SoldierBoy<83><[U:1:900000011]><Red>" triggered "shot_fired" (weapon "quake_rl")
L 04/28/2026 - 05:19:05: "QuickScout<84><[U:1:900000012]><Blue>" triggered "shot_fired" (weapon "quake_rl")
L 04/28/2026 - 05:19:06: "SoldierBoy<83><[U:1:900000011]><Red>" triggered "shot_fired" (weapon "quake_rl")
L 04/28/2026 - 05:19:06: "SoldierBoy<83><[U:1:900000011]><Red>" triggered "shot_hit" (weapon "quake_rl")
L 04/28/2026 - 05:19:06: "SoldierBoy<83><[U:1:900000011]><Red>" triggered "damage" against "QuickScout<84><[U:1:900000012]><Blue>" (damage "67") (weapon "quake_rl")
L 04/28/2026 - 05:19:07: "QuickScout<84><[U:1:900000012]><Blue>" triggered "shot_fired" (weapon "quake_rl")
L 04/28/2026 - 05:19:07: "QuickScout<84><[U:1:900000012]><Blue>" triggered "shot_hit" (weapon "quake_rl")
L 04/28/2026 - 05:19:07: "QuickScout<84><[U:1:900000012]><Blue>" triggered "damage" against "SoldierBoy<83><[U:1:900000011]><Red>" (damage "66") (weapon "quake_rl")
L 04/28/2026 - 05:19:07: "SoldierBoy<83><[U:1:900000011]><Red>" triggered "shot_fired" (weapon "quake_rl")
L 04/28/2026 - 05:19:07: "QuickScout<84><[U:1:900000012]><Blue>" triggered "shot_fired" (weapon "shotgun_soldier")
L 04/28/2026 - 05:19:08: "SoldierBoy<83><[U:1:900000011]><Red>" triggered "shot_fired" (weapon "shotgun_soldier")
L 04/28/2026 - 05:19:08: "SoldierBoy<83><[U:1:900000011]><Red>" triggered "shot_hit" (weapon "shotgun_soldier")
L 04/28/2026 - 05:19:08: "SoldierBoy<83><[U:1:900000011]><Red>" triggered "damage" against "QuickScout<84><[U:1:900000012]><Blue>" (damage "88") (realdamage "82") (weapon "shotgun_soldier")
L 04/28/2026 - 05:19:08: "SoldierBoy<83><[U:1:900000011]><Red>" killed "QuickScout<84><[U:1:900000012]><Blue>" with "shotgun_soldier" (attacker_position "-12970 11954 10696") (victim_position "-12963 12061 10748")
L 04/28/2026 - 05:19:08: "QuickScout<84><[U:1:900000012]><Blue>" spawned as "soldier"
L 04/28/2026 - 05:19:10: "SoldierBoy<83><[U:1:900000011]><Red>" triggered "shot_fired" (weapon "quake_rl")
L 04/28/2026 - 05:19:10: "QuickScout<84><[U:1:900000012]><Blue>" triggered "shot_fired" (weapon "quake_rl")
L 04/28/2026 - 05:19:11: "QuickScout<84><[U:1:900000012]><Blue>" triggered "shot_fired" (weapon "quake_rl")
L 04/28/2026 - 05:19:11: "SoldierBoy<83><[U:1:900000011]><Red>" triggered "shot_fired" (weapon "quake_rl")
L 04/28/2026 - 05:19:11: "QuickScout<84><[U:1:900000012]><Blue>" triggered "shot_hit" (weapon "quake_rl")
L 04/28/2026 - 05:19:11: "QuickScout<84><[U:1:900000012]><Blue>" triggered "damage" against "SoldierBoy<83><[U:1:900000011]><Red>" (damage "53") (weapon "quake_rl")
L 04/28/2026 - 05:19:13: "SoldierBoy<83><[U:1:900000011]><Red>" triggered "shot_fired" (weapon "quake_rl")
L 04/28/2026 - 05:19:13: "QuickScout<84><[U:1:900000012]><Blue>" triggered "shot_fired" (weapon "quake_rl")
L 04/28/2026 - 05:19:14: "SoldierBoy<83><[U:1:900000011]><Red>" triggered "shot_fired" (weapon "quake_rl")
L 04/28/2026 - 05:19:14: "SoldierBoy<83><[U:1:900000011]><Red>" triggered "shot_fired" (weapon "quake_rl")
L 04/28/2026 - 05:19:15: "SoldierBoy<83><[U:1:900000011]><Red>" triggered "shot_hit" (weapon "quake_rl")
L 04/28/2026 - 05:19:15: "SoldierBoy<83><[U:1:900000011]><Red>" triggered "damage" against "QuickScout<84><[U:1:900000012]><Blue>" (damage "49") (weapon "quake_rl")
L 04/28/2026 - 05:19:15: "QuickScout<84><[U:1:900000012]><Blue>" triggered "shot_hit" (weapon "quake_rl")
L 04/28/2026 - 05:19:15: "QuickScout<84><[U:1:900000012]><Blue>" triggered "damage" against "SoldierBoy<83><[U:1:900000011]><Red>" (damage "49") (weapon "quake_rl")
L 04/28/2026 - 05:19:15: "QuickScout<84><[U:1:900000012]><Blue>" triggered "shot_fired" (weapon "quake_rl")
L 04/28/2026 - 05:19:15: "SoldierBoy<83><[U:1:900000011]><Red>" triggered "shot_fired" (weapon "shotgun_soldier")
L 04/28/2026 - 05:19:15: "SoldierBoy<83><[U:1:900000011]><Red>" triggered "shot_hit" (weapon "shotgun_soldier")
L 04/28/2026 - 05:19:15: "SoldierBoy<83><[U:1:900000011]><Red>" triggered "damage" against "QuickScout<84><[U:1:900000012]><Blue>" (damage "46") (weapon "shotgun_soldier")
L 04/28/2026 - 05:19:16: "QuickScout<84><[U:1:900000012]><Blue>" triggered "shot_fired" (weapon "quake_rl")
L 04/28/2026 - 05:19:16: "QuickScout<84><[U:1:900000012]><Blue>" triggered "shot_hit" (weapon "quake_rl")
L 04/28/2026 - 05:19:16: "QuickScout<84><[U:1:900000012]><Blue>" triggered "damage" against "SoldierBoy<83><[U:1:900000011]><Red>" (damage "52") (weapon "quake_rl")
L 04/28/2026 - 05:19:16: "SoldierBoy<83><[U:1:900000011]><Red>" triggered "shot_fired" (weapon "shotgun_soldier")
L 04/28/2026 - 05:19:16: "QuickScout<84><[U:1:900000012]><Blue>" triggered "shot_fired" (weapon "shotgun_soldier")
L 04/28/2026 - 05:19:16: "SoldierBoy<83><[U:1:900000011]><Red>" triggered "shot_fired" (weapon "shotgun_soldier")
L 04/28/2026 - 05:19:16: "SoldierBoy<83><[U:1:900000011]><Red>" triggered "shot_hit" (weapon "shotgun_soldier")
L 04/28/2026 - 05:19:16: "SoldierBoy<83><[U:1:900000011]><Red>" triggered "damage" against "QuickScout<84><[U:1:900000012]><Blue>" (damage "14") (weapon "shotgun_soldier")
L 04/28/2026 - 05:19:17: "QuickScout<84><[U:1:900000012]><Blue>" triggered "shot_fired" (weapon "shotgun_soldier")
L 04/28/2026 - 05:19:17: "SoldierBoy<83><[U:1:900000011]><Red>" triggered "shot_fired" (weapon "shotgun_soldier")
L 04/28/2026 - 05:19:17: "SoldierBoy<83><[U:1:900000011]><Red>" triggered "shot_hit" (weapon "shotgun_soldier")
L 04/28/2026 - 05:19:17: "SoldierBoy<83><[U:1:900000011]><Red>" triggered "damage" against "QuickScout<84><[U:1:900000012]><Blue>" (damage "35") (weapon "shotgun_soldier")
L 04/28/2026 - 05:19:17: "QuickScout<84><[U:1:900000012]><Blue>" triggered "shot_fired" (weapon "shotgun_soldier")
L 04/28/2026 - 05:19:17: "QuickScout<84><[U:1:900000012]><Blue>" triggered "shot_hit" (weapon "shotgun_soldier")
L 04/28/2026 - 05:19:17: "QuickScout<84><[U:1:900000012]><Blue>" triggered "damage" against "SoldierBoy<83><[U:1:900000011]><Red>" (damage "51") (weapon "shotgun_soldier")
L 04/28/2026 - 05:19:18: "SoldierBoy<83><[U:1:900000011]><Red>" triggered "shot_fired" (weapon "shotgun_soldier")
L 04/28/2026 - 05:19:18: "QuickScout<84><[U:1:900000012]><Blue>" triggered "shot_fired" (weapon "shotgun_soldier")
L 04/28/2026 - 05:19:18: "QuickScout<84><[U:1:900000012]><Blue>" triggered "shot_hit" (weapon "shotgun_soldier")
L 04/28/2026 - 05:19:18: "QuickScout<84><[U:1:900000012]><Blue>" triggered "damage" against "SoldierBoy<83><[U:1:900000011]><Red>" (damage "14") (weapon "shotgun_soldier")
L 04/28/2026 - 05:19:19: "SoldierBoy<83><[U:1:900000011]><Red>" triggered "shot_fired" (weapon "shotgun_soldier")
L 04/28/2026 - 05:19:19: "SoldierBoy<83><[U:1:900000011]><Red>" triggered "shot_hit" (weapon "shotgun_soldier")
L 04/28/2026 - 05:19:19: "SoldierBoy<83><[U:1:900000011]><Red>" triggered "damage" against "QuickScout<84><[U:1:900000012]><Blue>" (damage "56") (realdamage "26") (weapon "shotgun_soldier")
L 04/28/2026 - 05:19:19: "SoldierBoy<83><[U:1:900000011]><Red>" killed "QuickScout<84><[U:1:900000012]><Blue>" with "shotgun_soldier" (attacker_position "-13122 11997 10870") (victim_position "-13022 11656 10696")
L 04/28/2026 - 05:19:19: "QuickScout<84><[U:1:900000012]><Blue>" spawned as "soldier"
L 04/28/2026 - 05:19:21: "QuickScout<84><[U:1:900000012]><Blue>" triggered "shot_fired" (weapon "quake_rl")
L 04/28/2026 - 05:19:21: "SoldierBoy<83><[U:1:900000011]><Red>" triggered "shot_fired" (weapon "quake_rl")
L 04/28/2026 - 05:19:22: "QuickScout<84><[U:1:900000012]><Blue>" triggered "shot_hit" (weapon "quake_rl")
L 04/28/2026 - 05:19:22: "QuickScout<84><[U:1:900000012]><Blue>" triggered "damage" against "SoldierBoy<83><[U:1:900000011]><Red>" (damage "108") (weapon "quake_rl")
L 04/28/2026 - 05:19:22: "QuickScout<84><[U:1:900000012]><Blue>" triggered "shot_fired" (weapon "quake_rl")
L 04/28/2026 - 05:19:22: "SoldierBoy<83><[U:1:900000011]><Red>" triggered "shot_fired" (weapon "quake_rl")
L 04/28/2026 - 05:19:23: "QuickScout<84><[U:1:900000012]><Blue>" triggered "shot_fired" (weapon "quake_rl")
L 04/28/2026 - 05:19:23: "QuickScout<84><[U:1:900000012]><Blue>" triggered "shot_hit" (weapon "quake_rl")
L 04/28/2026 - 05:19:23: "QuickScout<84><[U:1:900000012]><Blue>" triggered "damage" against "SoldierBoy<83><[U:1:900000011]><Red>" (damage "57") (weapon "quake_rl")
L 04/28/2026 - 05:19:23: "QuickScout<84><[U:1:900000012]><Blue>" triggered "shot_fired" (weapon "shotgun_soldier")
L 04/28/2026 - 05:19:23: "QuickScout<84><[U:1:900000012]><Blue>" triggered "shot_hit" (weapon "shotgun_soldier")
L 04/28/2026 - 05:19:23: "QuickScout<84><[U:1:900000012]><Blue>" triggered "damage" against "SoldierBoy<83><[U:1:900000011]><Red>" (damage "28") (weapon "shotgun_soldier")
L 04/28/2026 - 05:19:23: "SoldierBoy<83><[U:1:900000011]><Red>" triggered "shot_fired" (weapon "quake_rl")
L 04/28/2026 - 05:19:23: "SoldierBoy<83><[U:1:900000011]><Red>" triggered "shot_hit" (weapon "quake_rl")
L 04/28/2026 - 05:19:23: "SoldierBoy<83><[U:1:900000011]><Red>" triggered "damage" against "QuickScout<84><[U:1:900000012]><Blue>" (damage "27") (weapon "quake_rl")
L 04/28/2026 - 05:19:24: "QuickScout<84><[U:1:900000012]><Blue>" triggered "shot_fired" (weapon "shotgun_soldier")
L 04/28/2026 - 05:19:24: "QuickScout<84><[U:1:900000012]><Blue>" triggered "shot_hit" (weapon "shotgun_soldier")
L 04/28/2026 - 05:19:24: "QuickScout<84><[U:1:900000012]><Blue>" triggered "damage" against "SoldierBoy<83><[U:1:900000011]><Red>" (damage "11") (weapon "shotgun_soldier")
L 04/28/2026 - 05:19:25: "QuickScout<84><[U:1:900000012]><Blue>" triggered "shot_fired" (weapon "shotgun_soldier")
L 04/28/2026 - 05:19:25: "QuickScout<84><[U:1:900000012]><Blue>" triggered "shot_hit" (weapon "shotgun_soldier")
L 04/28/2026 - 05:19:25: "QuickScout<84><[U:1:900000012]><Blue>" triggered "damage" against "SoldierBoy<83><[U:1:900000011]><Red>" (damage "7") (realdamage "4") (weapon "shotgun_soldier")
L 04/28/2026 - 05:19:25: "QuickScout<84><[U:1:900000012]><Blue>" killed "SoldierBoy<83><[U:1:900000011]><Red>" with "shotgun_soldier" (attacker_position "-13150 12078 10804") (victim_position "-12854 11271 10738")
L 04/28/2026 - 05:19:25: "QuickScout<84><[U:1:900000012]><Blue>" triggered "revenge" against "SoldierBoy<83><[U:1:900000011]><Red>"
L 04/28/2026 - 05:19:25: "SoldierBoy<83><[U:1:900000011]><Red>" spawned as "soldier"
L 04/28/2026 - 05:19:27: "SoldierBoy<83><[U:1:900000011]><Red>" triggered "shot_fired" (weapon "quake_rl")
L 04/28/2026 - 05:19:28: "SoldierBoy<83><[U:1:900000011]><Red>" triggered "shot_hit" (weapon "quake_rl")
L 04/28/2026 - 05:19:28: "SoldierBoy<83><[U:1:900000011]><Red>" triggered "damage" against "QuickScout<84><[U:1:900000012]><Blue>" (damage "49") (weapon "quake_rl")
L 04/28/2026 - 05:19:28: "QuickScout<84><[U:1:900000012]><Blue>" triggered "shot_fired" (weapon "quake_rl")
L 04/28/2026 - 05:19:28: "SoldierBoy<83><[U:1:900000011]><Red>" triggered "shot_hit" (weapon "quake_rl")
L 04/28/2026 - 05:19:28: "SoldierBoy<83><[U:1:900000011]><Red>" triggered "damage" against "QuickScout<84><[U:1:900000012]><Blue>" (damage "111") (weapon "quake_rl") (airshot "1") (height "242")
L 04/28/2026 - 05:19:28: "SoldierBoy<83><[U:1:900000011]><Red>" triggered "shot_fired" (weapon "quake_rl")
L 04/28/2026 - 05:19:28: "QuickScout<84><[U:1:900000012]><Blue>" triggered "shot_fired" (weapon "quake_rl")
L 04/28/2026 - 05:19:28: "QuickScout<84><[U:1:900000012]><Blue>" triggered "shot_hit" (weapon "quake_rl")
L 04/28/2026 - 05:19:28: "QuickScout<84><[U:1:900000012]><Blue>" triggered "damage" against "SoldierBoy<83><[U:1:900000011]><Red>" (damage "56") (weapon "quake_rl")
L 04/28/2026 - 05:19:29: "SoldierBoy<83><[U:1:900000011]><Red>" triggered "shot_hit" (weapon "quake_rl")
L 04/28/2026 - 05:19:29: "SoldierBoy<83><[U:1:900000011]><Red>" triggered "damage" against "QuickScout<84><[U:1:900000012]><Blue>" (damage "90") (realdamage "43") (weapon "quake_rl")
L 04/28/2026 - 05:19:29: "SoldierBoy<83><[U:1:900000011]><Red>" killed "QuickScout<84><[U:1:900000012]><Blue>" with "quake_rl" (attacker_position "-13310 11644 10696") (victim_position "-13347 11596 10696")
L 04/28/2026 - 05:19:29: "QuickScout<84><[U:1:900000012]><Blue>" spawned as "soldier"
L 04/28/2026 - 05:19:29: "SoldierBoy<83><[U:1:900000011]><Red>" triggered "shot_fired" (weapon "quake_rl")
L 04/28/2026 - 05:19:31: "QuickScout<84><[U:1:900000012]><Blue>" triggered "shot_fired" (weapon "quake_rl")
L 04/28/2026 - 05:19:32: "SoldierBoy<83><[U:1:900000011]><Red>" triggered "shot_fired" (weapon "quake_rl")
L 04/28/2026 - 05:19:32: "QuickScout<84><[U:1:900000012]><Blue>" triggered "shot_hit" (weapon "quake_rl")
L 04/28/2026 - 05:19:32: "QuickScout<84><[U:1:900000012]><Blue>" triggered "damage" against "SoldierBoy<83><[U:1:900000011]><Red>" (damage "65") (weapon "quake_rl")
L 04/28/2026 - 05:19:32: "QuickScout<84><[U:1:900000012]><Blue>" triggered "shot_fired" (weapon "quake_rl")
L 04/28/2026 - 05:19:33: "SoldierBoy<83><[U:1:900000011]><Red>" triggered "shot_hit" (weapon "quake_rl")
L 04/28/2026 - 05:19:33: "SoldierBoy<83><[U:1:900000011]><Red>" triggered "damage" against "QuickScout<84><[U:1:900000012]><Blue>" (damage "112") (weapon "quake_rl")
L 04/28/2026 - 05:19:33: "SoldierBoy<83><[U:1:900000011]><Red>" triggered "shot_fired" (weapon "quake_rl")
L 04/28/2026 - 05:19:33: "QuickScout<84><[U:1:900000012]><Blue>" triggered "shot_fired" (weapon "quake_rl")
L 04/28/2026 - 05:19:34: "QuickScout<84><[U:1:900000012]><Blue>" triggered "shot_hit" (weapon "quake_rl")
L 04/28/2026 - 05:19:34: "QuickScout<84><[U:1:900000012]><Blue>" triggered "damage" against "SoldierBoy<83><[U:1:900000011]><Red>" (damage "43") (weapon "quake_rl")
L 04/28/2026 - 05:19:34: "SoldierBoy<83><[U:1:900000011]><Red>" triggered "shot_fired" (weapon "quake_rl")
L 04/28/2026 - 05:19:34: "QuickScout<84><[U:1:900000012]><Blue>" triggered "shot_fired" (weapon "shotgun_soldier")
L 04/28/2026 - 05:19:34: "QuickScout<84><[U:1:900000012]><Blue>" triggered "shot_hit" (weapon "shotgun_soldier")
L 04/28/2026 - 05:19:34: "QuickScout<84><[U:1:900000012]><Blue>" triggered "damage" against "SoldierBoy<83><[U:1:900000011]><Red>" (damage "12") (weapon "shotgun_soldier")
L 04/28/2026 - 05:19:34: "SoldierBoy<83><[U:1:900000011]><Red>" triggered "shot_hit" (weapon "quake_rl")
L 04/28/2026 - 05:19:34: "SoldierBoy<83><[U:1:900000011]><Red>" triggered "damage" against "QuickScout<84><[U:1:900000012]><Blue>" (damage "73") (realdamage "57") (weapon "quake_rl")
L 04/28/2026 - 05:19:34: "SoldierBoy<83><[U:1:900000011]><Red>" killed "QuickScout<84><[U:1:900000012]><Blue>" with "quake_rl" (attacker_position "-13378 12306 10696") (victim_position "-12987 12390 10949")
L 04/28/2026 - 05:19:34: "QuickScout<84><[U:1:900000012]><Blue>" spawned as "soldier"
L 04/28/2026 - 05:19:37: "QuickScout<84><[U:1:900000012]><Blue>" triggered "shot_fired" (weapon "quake_rl")
L 04/28/2026 - 05:19:37: "SoldierBoy<83><[U:1:900000011]><Red>" triggered "shot_fired" (weapon "quake_rl")
L 04/28/2026 - 05:19:37: "QuickScout<84><[U:1:900000012]><Blue>" triggered "shot_hit" (weapon "quake_rl")
L 04/28/2026 - 05:19:37: "QuickScout<84><[U:1:900000012]><Blue>" triggered "damage" against "SoldierBoy<83><[U:1:900000011]><Red>" (damage "47") (weapon "quake_rl")
L 04/28/2026 - 05:19:38: "SoldierBoy<83><[U:1:900000011]><Red>" triggered "shot_fired" (weapon "quake_rl")
L 04/28/2026 - 05:19:38: "QuickScout<84><[U:1:900000012]><Blue>" triggered "shot_fired" (weapon "quake_rl")
L 04/28/2026 - 05:19:38: "QuickScout<84><[U:1:900000012]><Blue>" triggered "shot_hit" (weapon "quake_rl")
L 04/28/2026 - 05:19:38: "QuickScout<84><[U:1:900000012]><Blue>" triggered "damage" against "SoldierBoy<83><[U:1:900000011]><Red>" (damage "66") (weapon "quake_rl")
L 04/28/2026 - 05:19:38: "SoldierBoy<83><[U:1:900000011]><Red>" triggered "shot_fired" (weapon "quake_rl")
L 04/28/2026 - 05:19:38: "SoldierBoy<83><[U:1:900000011]><Red>" triggered "shot_hit" (weapon "quake_rl")
L 04/28/2026 - 05:19:38: "SoldierBoy<83><[U:1:900000011]><Red>" triggered "damage" against "QuickScout<84><[U:1:900000012]><Blue>" (damage "62") (weapon "quake_rl")
L 04/28/2026 - 05:19:39: "QuickScout<84><[U:1:900000012]><Blue>" triggered "shot_fired" (weapon "quake_rl")
L 04/28/2026 - 05:19:39: "QuickScout<84><[U:1:900000012]><Blue>" triggered "shot_fired" (weapon "shotgun_soldier")
L 04/28/2026 - 05:19:39: "QuickScout<84><[U:1:900000012]><Blue>" triggered "shot_hit" (weapon "shotgun_soldier")
L 04/28/2026 - 05:19:39: "QuickScout<84><[U:1:900000012]><Blue>" triggered "damage" against "SoldierBoy<83><[U:1:900000011]><Red>" (damage "18") (weapon "shotgun_soldier")
L 04/28/2026 - 05:19:39: "SoldierBoy<83><[U:1:900000011]><Red>" triggered "shot_fired" (weapon "quake_rl")
L 04/28/2026 - 05:19:40: "SoldierBoy<83><[U:1:900000011]><Red>" triggered "shot_fired" (weapon "shotgun_soldier")
L 04/28/2026 - 05:19:40: "SoldierBoy<83><[U:1:900000011]><Red>" triggered "shot_hit" (weapon "shotgun_soldier")
L 04/28/2026 - 05:19:40: "SoldierBoy<83><[U:1:900000011]><Red>" triggered "damage" against "QuickScout<84><[U:1:900000012]><Blue>" (damage "14") (weapon "shotgun_soldier")
L 04/28/2026 - 05:19:40: "QuickScout<84><[U:1:900000012]><Blue>" triggered "shot_fired" (weapon "shotgun_soldier")
L 04/28/2026 - 05:19:41: "SoldierBoy<83><[U:1:900000011]><Red>" triggered "shot_fired" (weapon "shotgun_soldier")
L 04/28/2026 - 05:19:41: "SoldierBoy<83><[U:1:900000011]><Red>" triggered "shot_hit" (weapon "shotgun_soldier")
L 04/28/2026 - 05:19:41: "SoldierBoy<83><[U:1:900000011]><Red>" triggered "damage" against "QuickScout<84><[U:1:900000012]><Blue>" (damage "43") (weapon "shotgun_soldier")
L 04/28/2026 - 05:19:41: "QuickScout<84><[U:1:900000012]><Blue>" triggered "shot_fired" (weapon "shotgun_soldier")
L 04/28/2026 - 05:19:42: "SoldierBoy<83><[U:1:900000011]><Red>" triggered "shot_fired" (weapon "shotgun_soldier")
L 04/28/2026 - 05:19:42: "SoldierBoy<83><[U:1:900000011]><Red>" triggered "shot_hit" (weapon "shotgun_soldier")
L 04/28/2026 - 05:19:42: "SoldierBoy<83><[U:1:900000011]><Red>" triggered "damage" against "QuickScout<84><[U:1:900000012]><Blue>" (damage "13") (weapon "shotgun_soldier")
L 04/28/2026 - 05:19:42: "QuickScout<84><[U:1:900000012]><Blue>" triggered "shot_fired" (weapon "shotgun_soldier")
L 04/28/2026 - 05:19:42: "QuickScout<84><[U:1:900000012]><Blue>" triggered "shot_hit" (weapon "shotgun_soldier")
L 04/28/2026 - 05:19:42: "QuickScout<84><[U:1:900000012]><Blue>" triggered "damage" against "SoldierBoy<83><[U:1:900000011]><Red>" (damage "13") (weapon "shotgun_soldier")
L 04/28/2026 - 05:19:42: "SoldierBoy<83><[U:1:900000011]><Red>" triggered "shot_fired" (weapon "shotgun_soldier")
L 04/28/2026 - 05:19:42: "SoldierBoy<83><[U:1:900000011]><Red>" triggered "shot_hit" (weapon "shotgun_soldier")
L 04/28/2026 - 05:19:42: "SoldierBoy<83><[U:1:900000011]><Red>" triggered "damage" against "QuickScout<84><[U:1:900000012]><Blue>" (damage "67") (realdamage "33") (weapon "shotgun_soldier")
L 04/28/2026 - 05:19:42: "SoldierBoy<83><[U:1:900000011]><Red>" killed "QuickScout<84><[U:1:900000012]><Blue>" with "shotgun_soldier" (attacker_position "-13160 11907 10804") (victim_position "-13333 11635 10696")
L 04/28/2026 - 05:19:42: "QuickScout<84><[U:1:900000012]><Blue>" spawned as "soldier"
L 04/28/2026 - 05:19:45: "QuickScout<84><[U:1:900000012]><Blue>" triggered "shot_fired" (weapon "quake_rl")
L 04/28/2026 - 05:19:45: "SoldierBoy<83><[U:1:900000011]><Red>" triggered "shot_fired" (weapon "quake_rl")
L 04/28/2026 - 05:19:45: "QuickScout<84><[U:1:900000012]><Blue>" triggered "shot_fired" (weapon "quake_rl")
L 04/28/2026 - 05:19:46: "QuickScout<84><[U:1:900000012]><Blue>" triggered "shot_hit" (weapon "quake_rl")
L 04/28/2026 - 05:19:46: "QuickScout<84><[U:1:900000012]><Blue>" triggered "damage" against "SoldierBoy<83><[U:1:900000011]><Red>" (damage "60") (weapon "quake_rl")
L 04/28/2026 - 05:19:46: "SoldierBoy<83><[U:1:900000011]><Red>" triggered "shot_fired" (weapon "quake_rl")
L 04/28/2026 - 05:19:46: "SoldierBoy<83><[U:1:900000011]><Red>" triggered "shot_hit" (weapon "quake_rl")
L 04/28/2026 - 05:19:46: "SoldierBoy<83><[U:1:900000011]><Red>" triggered "damage" against "QuickScout<84><[U:1:900000012]><Blue>" (damage "108") (weapon "quake_rl")
L 04/28/2026 - 05:19:46: "QuickScout<84><[U:1:900000012]><Blue>" triggered "shot_hit" (weapon "quake_rl")
L 04/28/2026 - 05:19:46: "QuickScout<84><[U:1:900000012]><Blue>" triggered "damage" against "SoldierBoy<83><[U:1:900000011]><Red>" (damage "87") (weapon "quake_rl")
L 04/28/2026 - 05:19:46: "QuickScout<84><[U:1:900000012]><Blue>" triggered "shot_fired" (weapon "quake_rl")
L 04/28/2026 - 05:19:46: "SoldierBoy<83><[U:1:900000011]><Red>" triggered "shot_hit" (weapon "quake_rl")
L 04/28/2026 - 05:19:46: "SoldierBoy<83><[U:1:900000011]><Red>" triggered "damage" against "QuickScout<84><[U:1:900000012]><Blue>" (damage "110") (realdamage "61") (weapon "quake_rl")
L 04/28/2026 - 05:19:46: "SoldierBoy<83><[U:1:900000011]><Red>" killed "QuickScout<84><[U:1:900000012]><Blue>" with "quake_rl" (attacker_position "-13248 11651 10813") (victim_position "-13240 11771 10744")
L 04/28/2026 - 05:19:46: "SoldierBoy<83><[U:1:900000011]><Red>" triggered "domination" against "QuickScout<84><[U:1:900000012]><Blue>"
L 04/28/2026 - 05:19:46: "SoldierBoy<83><[U:1:900000011]><Red>" triggered "shot_fired" (weapon "quake_rl")
L 04/28/2026 - 05:19:46: "QuickScout<84><[U:1:900000012]><Blue>" spawned as "soldier"
L 04/28/2026 - 05:19:48: "QuickScout<84><[U:1:900000012]><Blue>" triggered "shot_fired" (weapon "quake_rl")
L 04/28/2026 - 05:19:48: "SoldierBoy<83><[U:1:900000011]><Red>" triggered "shot_fired" (weapon "quake_rl")
L 04/28/2026 - 05:19:48: "SoldierBoy<83><[U:1:900000011]><Red>" triggered "shot_hit" (weapon "quake_rl")
L 04/28/2026 - 05:19:48: "SoldierBoy<83><[U:1:900000011]><Red>" triggered "damage" against "QuickScout<84><[U:1:900000012]><Blue>" (damage "50") (weapon "quake_rl")
L 04/28/2026 - 05:19:49: "QuickScout<84><[U:1:900000012]><Blue>" triggered "shot_fired" (weapon "quake_rl")
L 04/28/2026 - 05:19:49: "SoldierBoy<83><[U:1:900000011]><Red>" triggered "shot_fired" (weapon "quake_rl")
L 04/28/2026 - 05:19:49: "SoldierBoy<83><[U:1:900000011]><Red>" triggered "shot_hit" (weapon "quake_rl")
L 04/28/2026 - 05:19:49: "SoldierBoy<83><[U:1:900000011]><Red>" triggered "damage" against "QuickScout<84><[U:1:900000012]><Blue>" (damage "75") (weapon "quake_rl")
L 04/28/2026 - 05:19:50: "QuickScout<84><[U:1:900000012]><Blue>" triggered "shot_fired" (weapon "quake_rl")
L 04/28/2026 - 05:19:50: "SoldierBoy<83><[U:1:900000011]><Red>" triggered "shot_fired" (weapon "quake_rl")
L 04/28/2026 - 05:19:51: "QuickScout<84><[U:1:900000012]><Blue>" triggered "shot_fired" (weapon "quake_rl")
L 04/28/2026 - 05:19:51: "SoldierBoy<83><[U:1:900000011]><Red>" triggered "shot_fired" (weapon "shotgun_soldier")
L 04/28/2026 - 05:19:51: "SoldierBoy<83><[U:1:900000011]><Red>" triggered "shot_hit" (weapon "shotgun_soldier")
L 04/28/2026 - 05:19:51: "SoldierBoy<83><[U:1:900000011]><Red>" triggered "damage" against "QuickScout<84><[U:1:900000012]><Blue>" (damage "17") (weapon "shotgun_soldier")
L 04/28/2026 - 05:19:51: "QuickScout<84><[U:1:900000012]><Blue>" triggered "shot_hit" (weapon "quake_rl")
L 04/28/2026 - 05:19:51: "QuickScout<84><[U:1:900000012]><Blue>" triggered "damage" against "SoldierBoy<83><[U:1:900000011]><Red>" (damage "48") (weapon "quake_rl")
L 04/28/2026 - 05:19:51: "QuickScout<84><[U:1:900000012]><Blue>" triggered "shot_fired" (weapon "shotgun_soldier")
L 04/28/2026 - 05:19:51: "QuickScout<84><[U:1:900000012]><Blue>" triggered "shot_hit" (weapon "shotgun_soldier")
L 04/28/2026 - 05:19:51: "QuickScout<84><[U:1:900000012]><Blue>" triggered "damage" against "SoldierBoy<83><[U:1:900000011]><Red>" (damage "12") (weapon "shotgun_soldier")
L 04/28/2026 - 05:19:51: "SoldierBoy<83><[U:1:900000011]><Red>" triggered "shot_fired" (weapon "shotgun_soldier")
L 04/28/2026 - 05:19:51: "SoldierBoy<83><[U:1:900000011]><Red>" triggered "shot_hit" (weapon "shotgun_soldier")
L 04/28/2026 - 05:19:51: "SoldierBoy<83><[U:1:900000011]><Red>" triggered "damage" against "QuickScout<84><[U:1:900000012]><Blue>" (damage "12") (weapon "shotgun_soldier")
L 04/28/2026 - 05:19:52: "QuickScout<84><[U:1:900000012]><Blue>" triggered "shot_fired" (weapon "shotgun_soldier")
L 04/28/2026 - 05:19:52: "QuickScout<84><[U:1:900000012]><Blue>" triggered "shot_hit" (weapon "shotgun_soldier")
L 04/28/2026 - 05:19:52: "QuickScout<84><[U:1:900000012]><Blue>" triggered "damage" against "SoldierBoy<83><[U:1:900000011]><Red>" (damage "33") (weapon "shotgun_soldier")
L 04/28/2026 - 05:19:52: "SoldierBoy<83><[U:1:900000011]><Red>" triggered "shot_fired" (weapon "shotgun_soldier")
L 04/28/2026 - 05:19:52: "SoldierBoy<83><[U:1:900000011]><Red>" triggered "shot_hit" (weapon "shotgun_soldier")
L 04/28/2026 - 05:19:52: "SoldierBoy<83><[U:1:900000011]><Red>" triggered "damage" against "QuickScout<84><[U:1:900000012]><Blue>" (damage "33") (weapon "shotgun_soldier")
L 04/28/2026 - 05:19:52: "QuickScout<84><[U:1:900000012]><Blue>" triggered "shot_fired" (weapon "shotgun_soldier")
L 04/28/2026 - 05:19:52: "QuickScout<84><[U:1:900000012]><Blue>" triggered "shot_hit" (weapon "shotgun_soldier")
L 04/28/2026 - 05:19:52: "QuickScout<84><[U:1:900000012]><Blue>" triggered "damage" against "SoldierBoy<83><[U:1:900000011]><Red>" (damage "28") (weapon "shotgun_soldier")
L 04/28/2026 - 05:19:53: "SoldierBoy<83><[U:1:900000011]><Red>" triggered "shot_fired" (weapon "shotgun_soldier")
L 04/28/2026 - 05:19:53: "QuickScout<84><[U:1:900000012]><Blue>" triggered "shot_fired" (weapon "shotgun_soldier")
L 04/28/2026 - 05:19:53: "QuickScout<84><[U:1:900000012]><Blue>" triggered "shot_hit" (weapon "shotgun_soldier")
L 04/28/2026 - 05:19:53: "QuickScout<84><[U:1:900000012]><Blue>" triggered "damage" against "SoldierBoy<83><[U:1:900000011]><Red>" (damage "74") (realdamage "45") (weapon "shotgun_soldier")
L 04/28/2026 - 05:19:53: "QuickScout<84><[U:1:900000012]><Blue>" killed "SoldierBoy<83><[U:1:900000011]><Red>" with "shotgun_soldier" (attacker_position "-13300 11000 10696") (victim_position "-13209 10668 10740")
L 04/28/2026 - 05:19:53: "QuickScout<84><[U:1:900000012]><Blue>" triggered "revenge" against "SoldierBoy<83><[U:1:900000011]><Red>"
L 04/28/2026 - 05:19:53: "SoldierBoy<83><[U:1:900000011]><Red>" spawned as "soldier"
L 04/28/2026 - 05:19:55: "QuickScout<84><[U:1:900000012]><Blue>" triggered "shot_fired" (weapon "quake_rl")
L 04/28/2026 - 05:19:55: "SoldierBoy<83><[U:1:900000011]><Red>" triggered "shot_fired" (weapon "quake_rl")
L 04/28/2026 - 05:19:56: "SoldierBoy<83><[U:1:900000011]><Red>" triggered "shot_hit" (weapon "quake_rl")
L 04/28/2026 - 05:19:56: "SoldierBoy<83><[U:1:900000011]><Red>" triggered "damage" against "QuickScout<84><[U:1:900000012]><Blue>" (damage "69") (weapon "quake_rl")
L 04/28/2026 - 05:19:56: "QuickScout<84><[U:1:900000012]><Blue>" triggered "shot_fired" (weapon "quake_rl")
L 04/28/2026 - 05:19:56: "SoldierBoy<83><[U:1:900000011]><Red>" triggered "shot_fired" (weapon "quake_rl")
L 04/28/2026 - 05:19:57: "QuickScout<84><[U:1:900000012]><Blue>" triggered "shot_fired" (weapon "quake_rl")
L 04/28/2026 - 05:19:57: "QuickScout<84><[U:1:900000012]><Blue>" triggered "shot_hit" (weapon "quake_rl")
L 04/28/2026 - 05:19:57: "QuickScout<84><[U:1:900000012]><Blue>" triggered "damage" against "SoldierBoy<83><[U:1:900000011]><Red>" (damage "72") (weapon "quake_rl")
L 04/28/2026 - 05:19:57: "SoldierBoy<83><[U:1:900000011]><Red>" triggered "shot_fired" (weapon "quake_rl")
L 04/28/2026 - 05:19:57: "SoldierBoy<83><[U:1:900000011]><Red>" triggered "shot_hit" (weapon "quake_rl")
L 04/28/2026 - 05:19:57: "SoldierBoy<83><[U:1:900000011]><Red>" triggered "damage" against "QuickScout<84><[U:1:900000012]><Blue>" (damage "72") (weapon "quake_rl")
L 04/28/2026 - 05:19:58: "SoldierBoy<83><[U:1:900000011]><Red>" triggered "shot_fired" (weapon "shotgun_soldier")
L 04/28/2026 - 05:19:58: "SoldierBoy<83><[U:1:900000011]><Red>" triggered "shot_hit" (weapon "shotgun_soldier")
L 04/28/2026 - 05:19:58: "SoldierBoy<83><[U:1:900000011]><Red>" triggered "damage" against "QuickScout<84><[U:1:900000012]><Blue>" (damage "26") (weapon "shotgun_soldier")
L 04/28/2026 - 05:19:58: "QuickScout<84><[U:1:900000012]><Blue>" triggered "shot_fired" (weapon "quake_rl")
L 04/28/2026 - 05:19:58: "SoldierBoy<83><[U:1:900000011]><Red>" triggered "shot_fired" (weapon "shotgun_soldier")
L 04/28/2026 - 05:19:58: "SoldierBoy<83><[U:1:900000011]><Red>" triggered "shot_hit" (weapon "shotgun_soldier")
L 04/28/2026 - 05:19:58: "SoldierBoy<83><[U:1:900000011]><Red>" triggered "damage" against "QuickScout<84><[U:1:900000012]><Blue>" (damage "15") (weapon "shotgun_soldier")
L 04/28/2026 - 05:19:59: "QuickScout<84><[U:1:900000012]><Blue>" triggered "shot_fired" (weapon "shotgun_soldier")
L 04/28/2026 - 05:19:59: "SoldierBoy<83><[U:1:900000011]><Red>" triggered "shot_fired" (weapon "shotgun_soldier")
L 04/28/2026 - 05:19:59: "SoldierBoy<83><[U:1:900000011]><Red>" triggered "shot_hit" (weapon "shotgun_soldier")
L 04/28/2026 - 05:19:59: "SoldierBoy<83><[U:1:900000011]><Red>" triggered "damage" against "QuickScout<84><[U:1:900000012]><Blue>" (damage "31") (weapon "shotgun_soldier")
L 04/28/2026 - 05:19:59: "QuickScout<84><[U:1:900000012]><Blue>" triggered "shot_fired" (weapon "shotgun_soldier")
L 04/28/2026 - 05:20:00: "SoldierBoy<83><[U:1:900000011]><Red>" triggered "shot_fired" (weapon "shotgun_soldier")
L 04/28/2026 - 05:20:00: "SoldierBoy<83><[U:1:900000011]><Red>" triggered "shot_hit" (weapon "shotgun_soldier")
L 04/28/2026 - 05:20:00: "SoldierBoy<83><[U:1:900000011]><Red>" triggered "damage" against "QuickScout<84><[U:1:900000012]><Blue>" (damage "73") (realdamage "18") (weapon "shotgun_soldier")
L 04/28/2026 - 05:20:00: "SoldierBoy<83><[U:1:900000011]><Red>" killed "QuickScout<84><[U:1:900000012]><Blue>" with "shotgun_soldier" (attacker_position "-13053 10670 10812") (victim_position "-13060 10899 10696")
L 04/28/2026 - 05:20:00: "QuickScout<84><[U:1:900000012]><Blue>" spawned as "soldier"
L 04/28/2026 - 05:20:02: "SoldierBoy<83><[U:1:900000011]><Red>" triggered "shot_fired" (weapon "quake_rl")
L 04/28/2026 - 05:20:02: "QuickScout<84><[U:1:900000012]><Blue>" triggered "shot_fired" (weapon "quake_rl")
L 04/28/2026 - 05:20:03: "SoldierBoy<83><[U:1:900000011]><Red>" triggered "shot_hit" (weapon "quake_rl")
L 04/28/2026 - 05:20:03: "SoldierBoy<83><[U:1:900000011]><Red>" triggered "damage" against "QuickScout<84><[U:1:900000012]><Blue>" (damage "89") (weapon "quake_rl") (airshot "1") (height "783")
L 04/28/2026 - 05:20:03: "SoldierBoy<83><[U:1:900000011]><Red>" triggered "shot_fired" (weapon "quake_rl")
L 04/28/2026 - 05:20:04: "QuickScout<84><[U:1:900000012]><Blue>" triggered "shot_fired" (weapon "quake_rl")
L 04/28/2026 - 05:20:04: "SoldierBoy<83><[U:1:900000011]><Red>" triggered "shot_fired" (weapon "quake_rl")
L 04/28/2026 - 05:20:05: "QuickScout<84><[U:1:900000012]><Blue>" triggered "shot_fired" (weapon "quake_rl")
L 04/28/2026 - 05:20:05: "SoldierBoy<83><[U:1:900000011]><Red>" triggered "shot_fired" (weapon "quake_rl")
L 04/28/2026 - 05:20:05: "QuickScout<84><[U:1:900000012]><Blue>" triggered "shot_fired" (weapon "shotgun_soldier")
L 04/28/2026 - 05:20:05: "QuickScout<84><[U:1:900000012]><Blue>" triggered "shot_hit" (weapon "shotgun_soldier")
L 04/28/2026 - 05:20:05: "QuickScout<84><[U:1:900000012]><Blue>" triggered "damage" against "SoldierBoy<83><[U:1:900000011]><Red>" (damage "88") (weapon "shotgun_soldier")
L 04/28/2026 - 05:20:06: "SoldierBoy<83><[U:1:900000011]><Red>" triggered "shot_fired" (weapon "shotgun_soldier")
L 04/28/2026 - 05:20:06: "QuickScout<84><[U:1:900000012]><Blue>" triggered "shot_fired" (weapon "shotgun_soldier")
L 04/28/2026 - 05:20:06: "QuickScout<84><[U:1:900000012]><Blue>" triggered "shot_hit" (weapon "shotgun_soldier")
L 04/28/2026 - 05:20:06: "QuickScout<84><[U:1:900000012]><Blue>" triggered "damage" against "SoldierBoy<83><[U:1:900000011]><Red>" (damage "59") (weapon "shotgun_soldier")
L 04/28/2026 - 05:20:06: "SoldierBoy<83><[U:1:900000011]><Red>" triggered "shot_fired" (weapon "shotgun_soldier")
L 04/28/2026 - 05:20:06: "SoldierBoy<83><[U:1:900000011]><Red>" triggered "shot_hit" (weapon "shotgun_soldier")
L 04/28/2026 - 05:20:06: "SoldierBoy<83><[U:1:900000011]><Red>" triggered "damage" against "QuickScout<84><[U:1:900000012]><Blue>" (damage "88") (realdamage "65") (weapon "shotgun_soldier")
L 04/28/2026 - 05:20:06: "SoldierBoy<83><[U:1:900000011]><Red>" killed "QuickScout<84><[U:1:900000012]><Blue>" with "shotgun_soldier" (attacker_position "-13367 10475 10696") (victim_position "-13269 10449 10696")
L 04/28/2026 - 05:20:06: "QuickScout<84><[U:1:900000012]><Blue>" spawned as "soldier"
L 04/28/2026 - 05:20:09: "SoldierBoy<83><[U:1:900000011]><Red>" triggered "shot_fired" (weapon "quake_rl")
L 04/28/2026 - 05:20:10: "QuickScout<84><[U:1:900000012]><Blue>" triggered "shot_fired" (weapon "quake_rl")
L 04/28/2026 - 05:20:10: "SoldierBoy<83><[U:1:900000011]><Red>" triggered "shot_hit" (weapon "quake_rl")
L 04/28/2026 - 05:20:10: "SoldierBoy<83><[U:1:900000011]><Red>" triggered "damage" against "QuickScout<84><[U:1:900000012]><Blue>" (damage "91") (weapon "quake_rl")
L 04/28/2026 - 05:20:10: "SoldierBoy<83><[U:1:900000011]><Red>" triggered "shot_fired" (weapon "quake_rl")
L 04/28/2026 - 05:20:11: "QuickScout<84><[U:1:900000012]><Blue>" triggered "shot_fired" (weapon "quake_rl")
L 04/28/2026 - 05:20:11: "SoldierBoy<83><[U:1:900000011]><Red>" triggered "shot_fired" (weapon "quake_rl")
L 04/28/2026 - 05:20:11: "SoldierBoy<83><[U:1:900000011]><Red>" triggered "shot_hit" (weapon "quake_rl")
L 04/28/2026 - 05:20:11: "SoldierBoy<83><[U:1:900000011]><Red>" triggered "damage" against "QuickScout<84><[U:1:900000012]><Blue>" (damage "40") (realdamage "33") (weapon "quake_rl")
L 04/28/2026 - 05:20:11: "SoldierBoy<83><[U:1:900000011]><Red>" killed "QuickScout<84><[U:1:900000012]><Blue>" with "quake_rl" (attacker_position "-13200 10763 10804") (victim_position "-13109 11417 10701")
L 04/28/2026 - 05:20:11: "QuickScout<84><[U:1:900000012]><Blue>" spawned as "soldier"
L 04/28/2026 - 05:20:14: "SoldierBoy<83><[U:1:900000011]><Red>" triggered "shot_fired" (weapon "quake_rl")
L 04/28/2026 - 05:20:14: "SoldierBoy<83><[U:1:900000011]><Red>" triggered "shot_hit" (weapon "quake_rl")
L 04/28/2026 - 05:20:14: "SoldierBoy<83><[U:1:900000011]><Red>" triggered "damage" against "QuickScout<84><[U:1:900000012]><Blue>" (damage "105") (weapon "quake_rl") (airshot "1") (height "330")
L 04/28/2026 - 05:20:14: "QuickScout<84><[U:1:900000012]><Blue>" triggered "shot_fired" (weapon "quake_rl")
L 04/28/2026 - 05:20:14: "SoldierBoy<83><[U:1:900000011]><Red>" triggered "shot_hit" (weapon "quake_rl")
L 04/28/2026 - 05:20:14: "SoldierBoy<83><[U:1:900000011]><Red>" triggered "damage" against "QuickScout<84><[U:1:900000012]><Blue>" (damage "108") (realdamage "66") (weapon "quake_rl")
L 04/28/2026 - 05:20:14: "SoldierBoy<83><[U:1:900000011]><Red>" killed "QuickScout<84><[U:1:900000012]><Blue>" with "quake_rl" (attacker_position "-13115 11207 10740") (victim_position "-13008 11365 10696")
L 04/28/2026 - 05:20:14: "SoldierBoy<83><[U:1:900000011]><Red>" triggered "domination" against "QuickScout<84><[U:1:900000012]><Blue>"
L 04/28/2026 - 05:20:15: "SoldierBoy<83><[U:1:900000011]><Red>" triggered "shot_fired" (weapon "quake_rl")
L 04/28/2026 - 05:20:15: "QuickScout<84><[U:1:900000012]><Blue>" triggered "shot_fired" (weapon "quake_rl")
L 04/28/2026 - 05:20:15: "QuickScout<84><[U:1:900000012]><Blue>" spawned as "soldier"
L 04/28/2026 - 05:20:18: "QuickScout<84><[U:1:900000012]><Blue>" triggered "shot_fired" (weapon "quake_rl")
L 04/28/2026 - 05:20:18: "SoldierBoy<83><[U:1:900000011]><Red>" triggered "shot_fired" (weapon "quake_rl")
L 04/28/2026 - 05:20:19: "QuickScout<84><[U:1:900000012]><Blue>" triggered "shot_fired" (weapon "quake_rl")
L 04/28/2026 - 05:20:19: "SoldierBoy<83><[U:1:900000011]><Red>" triggered "shot_fired" (weapon "quake_rl")
L 04/28/2026 - 05:20:19: "SoldierBoy<83><[U:1:900000011]><Red>" triggered "shot_hit" (weapon "quake_rl")
L 04/28/2026 - 05:20:19: "SoldierBoy<83><[U:1:900000011]><Red>" triggered "damage" against "QuickScout<84><[U:1:900000012]><Blue>" (damage "61") (weapon "quake_rl")
L 04/28/2026 - 05:20:19: "QuickScout<84><[U:1:900000012]><Blue>" triggered "shot_fired" (weapon "quake_rl")
L 04/28/2026 - 05:20:21: "SoldierBoy<83><[U:1:900000011]><Red>" triggered "shot_fired" (weapon "quake_rl")
L 04/28/2026 - 05:20:21: "SoldierBoy<83><[U:1:900000011]><Red>" triggered "shot_hit" (weapon "quake_rl")
L 04/28/2026 - 05:20:21: "SoldierBoy<83><[U:1:900000011]><Red>" triggered "damage" against "QuickScout<84><[U:1:900000012]><Blue>" (damage "100") (weapon "quake_rl")
L 04/28/2026 - 05:20:21: "QuickScout<84><[U:1:900000012]><Blue>" triggered "shot_fired" (weapon "quake_rl")
L 04/28/2026 - 05:20:22: "QuickScout<84><[U:1:900000012]><Blue>" triggered "shot_fired" (weapon "shotgun_soldier")
L 04/28/2026 - 05:20:22: "QuickScout<84><[U:1:900000012]><Blue>" triggered "shot_hit" (weapon "shotgun_soldier")
L 04/28/2026 - 05:20:22: "QuickScout<84><[U:1:900000012]><Blue>" triggered "damage" against "SoldierBoy<83><[U:1:900000011]><Red>" (damage "22") (weapon "shotgun_soldier")
L 04/28/2026 - 05:20:22: "SoldierBoy<83><[U:1:900000011]><Red>" triggered "shot_fired" (weapon "quake_rl")
L 04/28/2026 - 05:20:22: "SoldierBoy<83><[U:1:900000011]><Red>" triggered "shot_hit" (weapon "quake_rl")
L 04/28/2026 - 05:20:22: "SoldierBoy<83><[U:1:900000011]><Red>" triggered "damage" against "QuickScout<84><[U:1:900000012]><Blue>" (damage "74") (realdamage "29") (weapon "quake_rl")
L 04/28/2026 - 05:20:22: "SoldierBoy<83><[U:1:900000011]><Red>" killed "QuickScout<84><[U:1:900000012]><Blue>" with "quake_rl" (attacker_position "-13191 11000 10804") (victim_position "-12879 10927 10677")
L 04/28/2026 - 05:20:22: "QuickScout<84><[U:1:900000012]><Blue>" spawned as "soldier"
L 04/28/2026 - 05:20:26: "QuickScout<84><[U:1:900000012]><Blue>" triggered "shot_fired" (weapon "quake_rl")
L 04/28/2026 - 05:20:26: "SoldierBoy<83><[U:1:900000011]><Red>" triggered "shot_fired" (weapon "quake_rl")
L 04/28/2026 - 05:20:26: "QuickScout<84><[U:1:900000012]><Blue>" triggered "shot_hit" (weapon "quake_rl")
L 04/28/2026 - 05:20:26: "QuickScout<84><[U:1:900000012]><Blue>" triggered "damage" against "SoldierBoy<83><[U:1:900000011]><Red>" (damage "99") (weapon "quake_rl")
L 04/28/2026 - 05:20:26: "QuickScout<84><[U:1:900000012]><Blue>" triggered "shot_fired" (weapon "quake_rl")
L 04/28/2026 - 05:20:26: "QuickScout<84><[U:1:900000012]><Blue>" triggered "shot_hit" (weapon "quake_rl")
L 04/28/2026 - 05:20:26: "QuickScout<84><[U:1:900000012]><Blue>" triggered "damage" against "SoldierBoy<83><[U:1:900000011]><Red>" (damage "82") (weapon "quake_rl")
L 04/28/2026 - 05:20:27: "SoldierBoy<83><[U:1:900000011]><Red>" triggered "shot_fired" (weapon "quake_rl")
L 04/28/2026 - 05:20:27: "SoldierBoy<83><[U:1:900000011]><Red>" triggered "shot_hit" (weapon "quake_rl")
L 04/28/2026 - 05:20:27: "SoldierBoy<83><[U:1:900000011]><Red>" triggered "damage" against "QuickScout<84><[U:1:900000012]><Blue>" (damage "62") (weapon "quake_rl")
L 04/28/2026 - 05:20:27: "QuickScout<84><[U:1:900000012]><Blue>" triggered "shot_fired" (weapon "quake_rl")
L 04/28/2026 - 05:20:28: "SoldierBoy<83><[U:1:900000011]><Red>" triggered "shot_fired" (weapon "quake_rl")
L 04/28/2026 - 05:20:28: "QuickScout<84><[U:1:900000012]><Blue>" triggered "shot_hit" (weapon "quake_rl")
L 04/28/2026 - 05:20:28: "QuickScout<84><[U:1:900000012]><Blue>" triggered "damage" against "SoldierBoy<83><[U:1:900000011]><Red>" (damage "85") (realdamage "45") (weapon "quake_rl") (airshot "1") (height "377")
L 04/28/2026 - 05:20:28: "QuickScout<84><[U:1:900000012]><Blue>" killed "SoldierBoy<83><[U:1:900000011]><Red>" with "quake_rl" (attacker_position "-12980 10799 10696") (victim_position "-13146 11026 11181")
L 04/28/2026 - 05:20:28: "QuickScout<84><[U:1:900000012]><Blue>" triggered "revenge" against "SoldierBoy<83><[U:1:900000011]><Red>"
L 04/28/2026 - 05:20:28: "SoldierBoy<83><[U:1:900000011]><Red>" spawned as "soldier"
L 04/28/2026 - 05:20:28: "QuickScout<84><[U:1:900000012]><Blue>" triggered "shot_fired" (weapon "shotgun_soldier")
L 04/28/2026 - 05:20:28: "SoldierBoy<83><[U:1:900000011]><Red>" triggered "shot_hit" (weapon "quake_rl")
L 04/28/2026 - 05:20:28: "SoldierBoy<83><[U:1:900000011]><Red>" triggered "damage" against "QuickScout<84><[U:1:900000012]><Blue>" (damage "27") (weapon "quake_rl")
L 04/28/2026 - 05:20:29: "QuickScout<84><[U:1:900000012]><Blue>" triggered "shot_fired" (weapon "quake_rl")
L 04/28/2026 - 05:20:30: "QuickScout<84><[U:1:900000012]><Blue>" triggered "shot_hit" (weapon "quake_rl")
L 04/28/2026 - 05:20:30: "QuickScout<84><[U:1:900000012]><Blue>" triggered "damage" against "SoldierBoy<83><[U:1:900000011]><Red>" (damage "58") (weapon "quake_rl") (airshot "1") (height "358")
L 04/28/2026 - 05:20:30: "SoldierBoy<83><[U:1:900000011]><Red>" triggered "shot_fired" (weapon "quake_rl")
L 04/28/2026 - 05:20:31: "QuickScout<84><[U:1:900000012]><Blue>" triggered "shot_fired" (weapon "quake_rl")
L 04/28/2026 - 05:20:31: "SoldierBoy<83><[U:1:900000011]><Red>" triggered "shot_fired" (weapon "quake_rl")
L 04/28/2026 - 05:20:31: "SoldierBoy<83><[U:1:900000011]><Red>" triggered "shot_hit" (weapon "quake_rl")
L 04/28/2026 - 05:20:31: "SoldierBoy<83><[U:1:900000011]><Red>" triggered "damage" against "QuickScout<84><[U:1:900000012]><Blue>" (damage "52") (weapon "quake_rl")
L 04/28/2026 - 05:20:32: "QuickScout<84><[U:1:900000012]><Blue>" triggered "shot_fired" (weapon "quake_rl")
L 04/28/2026 - 05:20:32: "SoldierBoy<83><[U:1:900000011]><Red>" triggered "shot_hit" (weapon "quake_rl")
L 04/28/2026 - 05:20:32: "SoldierBoy<83><[U:1:900000011]><Red>" triggered "damage" against "QuickScout<84><[U:1:900000012]><Blue>" (damage "108") (weapon "quake_rl")
L 04/28/2026 - 05:20:32: "QuickScout<84><[U:1:900000012]><Blue>" triggered "shot_fired" (weapon "quake_rl")
L 04/28/2026 - 05:20:32: "SoldierBoy<83><[U:1:900000011]><Red>" triggered "shot_fired" (weapon "quake_rl")
L 04/28/2026 - 05:20:32: "QuickScout<84><[U:1:900000012]><Blue>" triggered "shot_hit" (weapon "quake_rl")
L 04/28/2026 - 05:20:32: "QuickScout<84><[U:1:900000012]><Blue>" triggered "damage" against "SoldierBoy<83><[U:1:900000011]><Red>" (damage "60") (weapon "quake_rl")
L 04/28/2026 - 05:20:33: "QuickScout<84><[U:1:900000012]><Blue>" triggered "shot_fired" (weapon "shotgun_soldier")
L 04/28/2026 - 05:20:33: "QuickScout<84><[U:1:900000012]><Blue>" triggered "shot_hit" (weapon "shotgun_soldier")
L 04/28/2026 - 05:20:33: "QuickScout<84><[U:1:900000012]><Blue>" triggered "damage" against "SoldierBoy<83><[U:1:900000011]><Red>" (damage "10") (weapon "shotgun_soldier")
L 04/28/2026 - 05:20:33: "SoldierBoy<83><[U:1:900000011]><Red>" triggered "shot_fired" (weapon "shotgun_soldier")
L 04/28/2026 - 05:20:33: "SoldierBoy<83><[U:1:900000011]><Red>" triggered "shot_hit" (weapon "shotgun_soldier")
L 04/28/2026 - 05:20:33: "SoldierBoy<83><[U:1:900000011]><Red>" triggered "damage" against "QuickScout<84><[U:1:900000012]><Blue>" (damage "29") (weapon "shotgun_soldier")
L 04/28/2026 - 05:20:33: "QuickScout<84><[U:1:900000012]><Blue>" triggered "shot_fired" (weapon "shotgun_soldier")
L 04/28/2026 - 05:20:33: "SoldierBoy<83><[U:1:900000011]><Red>" triggered "shot_fired" (weapon "shotgun_soldier")
L 04/28/2026 - 05:20:33: "SoldierBoy<83><[U:1:900000011]><Red>" triggered "shot_hit" (weapon "shotgun_soldier")
L 04/28/2026 - 05:20:33: "SoldierBoy<83><[U:1:900000011]><Red>" triggered "damage" against "QuickScout<84><[U:1:900000012]><Blue>" (damage "15") (realdamage "11") (weapon "shotgun_soldier")
L 04/28/2026 - 05:20:33: "SoldierBoy<83><[U:1:900000011]><Red>" killed "QuickScout<84><[U:1:900000012]><Blue>" with "shotgun_soldier" (attacker_position "-13046 10686 10766") (victim_position "-13149 11391 11094")
L 04/28/2026 - 05:20:34: "QuickScout<84><[U:1:900000012]><Blue>" spawned as "soldier"
L 04/28/2026 - 05:20:36: "QuickScout<84><[U:1:900000012]><Blue>" triggered "shot_fired" (weapon "quake_rl")
L 04/28/2026 - 05:20:36: "SoldierBoy<83><[U:1:900000011]><Red>" triggered "shot_fired" (weapon "quake_rl")
L 04/28/2026 - 05:20:37: "QuickScout<84><[U:1:900000012]><Blue>" triggered "shot_fired" (weapon "quake_rl")
L 04/28/2026 - 05:20:37: "QuickScout<84><[U:1:900000012]><Blue>" triggered "shot_hit" (weapon "quake_rl")
L 04/28/2026 - 05:20:37: "QuickScout<84><[U:1:900000012]><Blue>" triggered "damage" against "SoldierBoy<83><[U:1:900000011]><Red>" (damage "64") (weapon "quake_rl")
L 04/28/2026 - 05:20:38: "SoldierBoy<83><[U:1:900000011]><Red>" triggered "shot_fired" (weapon "quake_rl")
L 04/28/2026 - 05:20:38: "SoldierBoy<83><[U:1:900000011]><Red>" triggered "shot_hit" (weapon "quake_rl")
L 04/28/2026 - 05:20:38: "SoldierBoy<83><[U:1:900000011]><Red>" triggered "damage" against "QuickScout<84><[U:1:900000012]><Blue>" (damage "95") (weapon "quake_rl")
L 04/28/2026 - 05:20:38: "QuickScout<84><[U:1:900000012]><Blue>" triggered "shot_fired" (weapon "quake_rl")
L 04/28/2026 - 05:20:39: "QuickScout<84><[U:1:900000012]><Blue>" triggered "shot_fired" (weapon "shotgun_soldier")
L 04/28/2026 - 05:20:39: "QuickScout<84><[U:1:900000012]><Blue>" triggered "shot_hit" (weapon "shotgun_soldier")
L 04/28/2026 - 05:20:39: "QuickScout<84><[U:1:900000012]><Blue>" triggered "damage" against "SoldierBoy<83><[U:1:900000011]><Red>" (damage "28") (weapon "shotgun_soldier")
L 04/28/2026 - 05:20:39: "SoldierBoy<83><[U:1:900000011]><Red>" triggered "shot_fired" (weapon "quake_rl")
L 04/28/2026 - 05:20:40: "QuickScout<84><[U:1:900000012]><Blue>" triggered "shot_fired" (weapon "shotgun_soldier")
L 04/28/2026 - 05:20:40: "QuickScout<84><[U:1:900000012]><Blue>" triggered "shot_hit" (weapon "shotgun_soldier")
L 04/28/2026 - 05:20:40: "QuickScout<84><[U:1:900000012]><Blue>" triggered "damage" against "SoldierBoy<83><[U:1:900000011]><Red>" (damage "6") (weapon "shotgun_soldier")
L 04/28/2026 - 05:20:40: "SoldierBoy<83><[U:1:900000011]><Red>" triggered "shot_fired" (weapon "quake_rl")
L 04/28/2026 - 05:20:40: "SoldierBoy<83><[U:1:900000011]><Red>" triggered "shot_fired" (weapon "shotgun_soldier")
L 04/28/2026 - 05:20:40: "SoldierBoy<83><[U:1:900000011]><Red>" triggered "shot_hit" (weapon "shotgun_soldier")
L 04/28/2026 - 05:20:40: "SoldierBoy<83><[U:1:900000011]><Red>" triggered "damage" against "QuickScout<84><[U:1:900000012]><Blue>" (damage "14") (weapon "shotgun_soldier")
L 04/28/2026 - 05:20:40: "QuickScout<84><[U:1:900000012]><Blue>" triggered "shot_fired" (weapon "shotgun_soldier")
L 04/28/2026 - 05:20:40: "QuickScout<84><[U:1:900000012]><Blue>" triggered "shot_hit" (weapon "shotgun_soldier")
L 04/28/2026 - 05:20:40: "QuickScout<84><[U:1:900000012]><Blue>" triggered "damage" against "SoldierBoy<83><[U:1:900000011]><Red>" (damage "42") (weapon "shotgun_soldier")
L 04/28/2026 - 05:20:41: "SoldierBoy<83><[U:1:900000011]><Red>" triggered "shot_fired" (weapon "shotgun_soldier")
L 04/28/2026 - 05:20:41: "SoldierBoy<83><[U:1:900000011]><Red>" triggered "shot_hit" (weapon "shotgun_soldier")
L 04/28/2026 - 05:20:41: "SoldierBoy<83><[U:1:900000011]><Red>" triggered "damage" against "QuickScout<84><[U:1:900000012]><Blue>" (damage "7") (weapon "shotgun_soldier")
L 04/28/2026 - 05:20:41: "QuickScout<84><[U:1:900000012]><Blue>" triggered "shot_fired" (weapon "shotgun_soldier")
L 04/28/2026 - 05:20:41: "QuickScout<84><[U:1:900000012]><Blue>" triggered "shot_hit" (weapon "shotgun_soldier")
L 04/28/2026 - 05:20:41: "QuickScout<84><[U:1:900000012]><Blue>" triggered "damage" against "SoldierBoy<83><[U:1:900000011]><Red>" (damage "7") (weapon "shotgun_soldier")
L 04/28/2026 - 05:20:41: "SoldierBoy<83><[U:1:900000011]><Red>" triggered "shot_fired" (weapon "shotgun_soldier")
L 04/28/2026 - 05:20:41: "SoldierBoy<83><[U:1:900000011]><Red>" triggered "shot_hit" (weapon "shotgun_soldier")
L 04/28/2026 - 05:20:41: "SoldierBoy<83><[U:1:900000011]><Red>" triggered "damage" against "QuickScout<84><[U:1:900000012]><Blue>" (damage "52") (realdamage "49") (weapon "shotgun_soldier")
L 04/28/2026 - 05:20:41: "SoldierBoy<83><[U:1:900000011]><Red>" killed "QuickScout<84><[U:1:900000012]><Blue>" with "shotgun_soldier" (attacker_position "-13179 10898 10804") (victim_position "-13105 10584 10696")
L 04/28/2026 - 05:20:42: "QuickScout<84><[U:1:900000012]><Blue>" spawned as "soldier"
L 04/28/2026 - 05:20:44: "QuickScout<84><[U:1:900000012]><Blue>" triggered "shot_fired" (weapon "quake_rl")
L 04/28/2026 - 05:20:44: "SoldierBoy<83><[U:1:900000011]><Red>" triggered "shot_fired" (weapon "quake_rl")
L 04/28/2026 - 05:20:44: "QuickScout<84><[U:1:900000012]><Blue>" triggered "shot_hit" (weapon "quake_rl")
L 04/28/2026 - 05:20:44: "QuickScout<84><[U:1:900000012]><Blue>" triggered "damage" against "SoldierBoy<83><[U:1:900000011]><Red>" (damage "48") (weapon "quake_rl")
L 04/28/2026 - 05:20:45: "SoldierBoy<83><[U:1:900000011]><Red>" triggered "shot_fired" (weapon "quake_rl")
L 04/28/2026 - 05:20:45: "QuickScout<84><[U:1:900000012]><Blue>" triggered "shot_fired" (weapon "quake_rl")
L 04/28/2026 - 05:20:45: "SoldierBoy<83><[U:1:900000011]><Red>" triggered "shot_hit" (weapon "quake_rl")
L 04/28/2026 - 05:20:45: "SoldierBoy<83><[U:1:900000011]><Red>" triggered "damage" against "QuickScout<84><[U:1:900000012]><Blue>" (damage "51") (weapon "quake_rl")
L 04/28/2026 - 05:20:46: "SoldierBoy<83><[U:1:900000011]><Red>" triggered "shot_fired" (weapon "quake_rl")
L 04/28/2026 - 05:20:46: "QuickScout<84><[U:1:900000012]><Blue>" triggered "shot_fired" (weapon "quake_rl")
L 04/28/2026 - 05:20:46: "SoldierBoy<83><[U:1:900000011]><Red>" triggered "shot_hit" (weapon "quake_rl")
L 04/28/2026 - 05:20:46: "SoldierBoy<83><[U:1:900000011]><Red>" triggered "damage" against "QuickScout<84><[U:1:900000012]><Blue>" (damage "79") (weapon "quake_rl")
L 04/28/2026 - 05:20:46: "QuickScout<84><[U:1:900000012]><Blue>" triggered "shot_hit" (weapon "quake_rl")
L 04/28/2026 - 05:20:46: "QuickScout<84><[U:1:900000012]><Blue>" triggered "damage" against "SoldierBoy<83><[U:1:900000011]><Red>" (damage "71") (weapon "quake_rl")
L 04/28/2026 - 05:20:46: "QuickScout<84><[U:1:900000012]><Blue>" triggered "shot_fired" (weapon "shotgun_soldier")
L 04/28/2026 - 05:20:47: "SoldierBoy<83><[U:1:900000011]><Red>" triggered "shot_fired" (weapon "quake_rl")
L 04/28/2026 - 05:20:47: "QuickScout<84><[U:1:900000012]><Blue>" triggered "shot_fired" (weapon "shotgun_soldier")
L 04/28/2026 - 05:20:47: "SoldierBoy<83><[U:1:900000011]><Red>" triggered "shot_hit" (weapon "quake_rl")
L 04/28/2026 - 05:20:47: "SoldierBoy<83><[U:1:900000011]><Red>" triggered "damage" against "QuickScout<84><[U:1:900000012]><Blue>" (damage "98") (realdamage "41") (weapon "quake_rl") (airshot "1") (height "318")
L 04/28/2026 - 05:20:47: "SoldierBoy<83><[U:1:900000011]><Red>" killed "QuickScout<84><[U:1:900000012]><Blue>" with "quake_rl" (attacker_position "-13023 10615 10696") (victim_position "-12995 10859 11014")
L 04/28/2026 - 05:20:47: "QuickScout<84><[U:1:900000012]><Blue>" spawned as "soldier"
L 04/28/2026 - 05:20:50: "QuickScout<84><[U:1:900000012]><Blue>" triggered "shot_fired" (weapon "quake_rl")
L 04/28/2026 - 05:20:50: "SoldierBoy<83><[U:1:900000011]><Red>" triggered "shot_fired" (weapon "quake_rl")
L 04/28/2026 - 05:20:51: "QuickScout<84><[U:1:900000012]><Blue>" triggered "shot_fired" (weapon "quake_rl")
L 04/28/2026 - 05:20:51: "QuickScout<84><[U:1:900000012]><Blue>" triggered "shot_hit" (weapon "quake_rl")
L 04/28/2026 - 05:20:51: "QuickScout<84><[U:1:900000012]><Blue>" triggered "damage" against "SoldierBoy<83><[U:1:900000011]><Red>" (damage "82") (weapon "quake_rl")
L 04/28/2026 - 05:20:51: "SoldierBoy<83><[U:1:900000011]><Red>" triggered "shot_fired" (weapon "quake_rl")
L 04/28/2026 - 05:20:51: "QuickScout<84><[U:1:900000012]><Blue>" triggered "shot_fired" (weapon "quake_rl")
L 04/28/2026 - 05:20:52: "SoldierBoy<83><[U:1:900000011]><Red>" triggered "shot_fired" (weapon "quake_rl")
L 04/28/2026 - 05:20:52: "QuickScout<84><[U:1:900000012]><Blue>" triggered "shot_fired" (weapon "shotgun_soldier")
L 04/28/2026 - 05:20:53: "QuickScout<84><[U:1:900000012]><Blue>" triggered "shot_fired" (weapon "shotgun_soldier")
L 04/28/2026 - 05:20:53: "SoldierBoy<83><[U:1:900000011]><Red>" triggered "shot_fired" (weapon "quake_rl")
L 04/28/2026 - 05:20:53: "SoldierBoy<83><[U:1:900000011]><Red>" triggered "shot_hit" (weapon "quake_rl")
L 04/28/2026 - 05:20:53: "SoldierBoy<83><[U:1:900000011]><Red>" triggered "damage" against "QuickScout<84><[U:1:900000012]><Blue>" (damage "79") (weapon "quake_rl")
L 04/28/2026 - 05:20:53: "SoldierBoy<83><[U:1:900000011]><Red>" triggered "shot_fired" (weapon "shotgun_soldier")
L 04/28/2026 - 05:20:53: "SoldierBoy<83><[U:1:900000011]><Red>" triggered "shot_hit" (weapon "shotgun_soldier")
L 04/28/2026 - 05:20:53: "SoldierBoy<83><[U:1:900000011]><Red>" triggered "damage" against "QuickScout<84><[U:1:900000012]><Blue>" (damage "56") (weapon "shotgun_soldier")
L 04/28/2026 - 05:20:54: "QuickScout<84><[U:1:900000012]><Blue>" triggered "shot_fired" (weapon "shotgun_soldier")
L 04/28/2026 - 05:20:55: "SoldierBoy<83><[U:1:900000011]><Red>" triggered "shot_fired" (weapon "shotgun_soldier")
L 04/28/2026 - 05:20:55: "SoldierBoy<83><[U:1:900000011]><Red>" triggered "shot_hit" (weapon "shotgun_soldier")
L 04/28/2026 - 05:20:55: "SoldierBoy<83><[U:1:900000011]><Red>" triggered "damage" against "QuickScout<84><[U:1:900000012]><Blue>" (damage "37") (realdamage "28") (weapon "shotgun_soldier")
L 04/28/2026 - 05:20:55: "SoldierBoy<83><[U:1:900000011]><Red>" killed "QuickScout<84><[U:1:900000012]><Blue>" with "shotgun_soldier" (attacker_position "-13103 11116 10811") (victim_position "-13071 10639 10696")
L 04/28/2026 - 05:20:55: "SoldierBoy<83><[U:1:900000011]><Red>" triggered "domination" against "QuickScout<84><[U:1:900000012]><Blue>"
L 04/28/2026 - 05:20:55: "QuickScout<84><[U:1:900000012]><Blue>" spawned as "soldier"
L 04/28/2026 - 05:20:59: "QuickScout<84><[U:1:900000012]><Blue>" triggered "shot_fired" (weapon "quake_rl")
L 04/28/2026 - 05:20:59: "SoldierBoy<83><[U:1:900000011]><Red>" triggered "shot_fired" (weapon "quake_rl")
L 04/28/2026 - 05:20:59: "QuickScout<84><[U:1:900000012]><Blue>" triggered "shot_hit" (weapon "quake_rl")
L 04/28/2026 - 05:20:59: "QuickScout<84><[U:1:900000012]><Blue>" triggered "damage" against "SoldierBoy<83><[U:1:900000011]><Red>" (damage "48") (weapon "quake_rl")
L 04/28/2026 - 05:21:00: "QuickScout<84><[U:1:900000012]><Blue>" triggered "shot_fired" (weapon "quake_rl")
L 04/28/2026 - 05:21:00: "SoldierBoy<83><[U:1:900000011]><Red>" triggered "shot_fired" (weapon "quake_rl")
L 04/28/2026 - 05:21:01: "SoldierBoy<83><[U:1:900000011]><Red>" triggered "shot_hit" (weapon "quake_rl")
L 04/28/2026 - 05:21:01: "SoldierBoy<83><[U:1:900000011]><Red>" triggered "damage" against "QuickScout<84><[U:1:900000012]><Blue>" (damage "75") (weapon "quake_rl")
L 04/28/2026 - 05:21:01: "SoldierBoy<83><[U:1:900000011]><Red>" triggered "shot_fired" (weapon "quake_rl")
L 04/28/2026 - 05:21:02: "QuickScout<84><[U:1:900000012]><Blue>" triggered "shot_fired" (weapon "quake_rl")
L 04/28/2026 - 05:21:02: "SoldierBoy<83><[U:1:900000011]><Red>" triggered "shot_fired" (weapon "quake_rl")
L 04/28/2026 - 05:21:02: "QuickScout<84><[U:1:900000012]><Blue>" triggered "shot_hit" (weapon "quake_rl")
L 04/28/2026 - 05:21:02: "QuickScout<84><[U:1:900000012]><Blue>" triggered "damage" against "SoldierBoy<83><[U:1:900000011]><Red>" (damage "54") (weapon "quake_rl")
L 04/28/2026 - 05:21:02: "SoldierBoy<83><[U:1:900000011]><Red>" triggered "shot_hit" (weapon "quake_rl")
L 04/28/2026 - 05:21:02: "SoldierBoy<83><[U:1:900000011]><Red>" triggered "damage" against "QuickScout<84><[U:1:900000012]><Blue>" (damage "61") (weapon "quake_rl")
L 04/28/2026 - 05:21:03: "SoldierBoy<83><[U:1:900000011]><Red>" triggered "shot_fired" (weapon "shotgun_soldier")
L 04/28/2026 - 05:21:03: "SoldierBoy<83><[U:1:900000011]><Red>" triggered "shot_hit" (weapon "shotgun_soldier")
L 04/28/2026 - 05:21:03: "SoldierBoy<83><[U:1:900000011]><Red>" triggered "damage" against "QuickScout<84><[U:1:900000012]><Blue>" (damage "7") (weapon "shotgun_soldier")
L 04/28/2026 - 05:21:03: "QuickScout<84><[U:1:900000012]><Blue>" triggered "shot_fired" (weapon "quake_rl")
L 04/28/2026 - 05:21:03: "QuickScout<84><[U:1:900000012]><Blue>" triggered "shot_fired" (weapon "shotgun_soldier")
L 04/28/2026 - 05:21:03: "QuickScout<84><[U:1:900000012]><Blue>" triggered "shot_hit" (weapon "shotgun_soldier")
L 04/28/2026 - 05:21:03: "QuickScout<84><[U:1:900000012]><Blue>" triggered "damage" against "SoldierBoy<83><[U:1:900000011]><Red>" (damage "59") (weapon "shotgun_soldier")
L 04/28/2026 - 05:21:03: "SoldierBoy<83><[U:1:900000011]><Red>" triggered "shot_fired" (weapon "shotgun_soldier")
L 04/28/2026 - 05:21:03: "SoldierBoy<83><[U:1:900000011]><Red>" triggered "shot_hit" (weapon "shotgun_soldier")
L 04/28/2026 - 05:21:03: "SoldierBoy<83><[U:1:900000011]><Red>" triggered "damage" against "QuickScout<84><[U:1:900000012]><Blue>" (damage "74") (realdamage "10") (weapon "shotgun_soldier")
L 04/28/2026 - 05:21:03: "SoldierBoy<83><[U:1:900000011]><Red>" killed "QuickScout<84><[U:1:900000012]><Blue>" with "shotgun_soldier" (attacker_position "-13130 10843 10834") (victim_position "-13130 10528 10697")
L 04/28/2026 - 05:21:03: "QuickScout<84><[U:1:900000012]><Blue>" spawned as "soldier"
L 04/28/2026 - 05:21:06: "QuickScout<84><[U:1:900000012]><Blue>" triggered "shot_fired" (weapon "quake_rl")
L 04/28/2026 - 05:21:06: "SoldierBoy<83><[U:1:900000011]><Red>" triggered "shot_fired" (weapon "quake_rl")
L 04/28/2026 - 05:21:07: "QuickScout<84><[U:1:900000012]><Blue>" triggered "shot_fired" (weapon "quake_rl")
L 04/28/2026 - 05:21:07: "SoldierBoy<83><[U:1:900000011]><Red>" triggered "shot_fired" (weapon "quake_rl")
L 04/28/2026 - 05:21:08: "QuickScout<84><[U:1:900000012]><Blue>" triggered "shot_hit" (weapon "quake_rl")
L 04/28/2026 - 05:21:08: "QuickScout<84><[U:1:900000012]><Blue>" triggered "damage" against "SoldierBoy<83><[U:1:900000011]><Red>" (damage "73") (weapon "quake_rl")
L 04/28/2026 - 05:21:08: "QuickScout<84><[U:1:900000012]><Blue>" triggered "shot_fired" (weapon "quake_rl")
L 04/28/2026 - 05:21:08: "SoldierBoy<83><[U:1:900000011]><Red>" triggered "shot_hit" (weapon "quake_rl")
L 04/28/2026 - 05:21:08: "SoldierBoy<83><[U:1:900000011]><Red>" triggered "damage" against "QuickScout<84><[U:1:900000012]><Blue>" (damage "75") (weapon "quake_rl")
L 04/28/2026 - 05:21:08: "SoldierBoy<83><[U:1:900000011]><Red>" triggered "shot_fired" (weapon "quake_rl")
L 04/28/2026 - 05:21:08: "QuickScout<84><[U:1:900000012]><Blue>" triggered "shot_fired" (weapon "shotgun_soldier")
L 04/28/2026 - 05:21:08: "QuickScout<84><[U:1:900000012]><Blue>" triggered "shot_hit" (weapon "shotgun_soldier")
L 04/28/2026 - 05:21:08: "QuickScout<84><[U:1:900000012]><Blue>" triggered "damage" against "SoldierBoy<83><[U:1:900000011]><Red>" (damage "7") (weapon "shotgun_soldier")
L 04/28/2026 - 05:21:09: "SoldierBoy<83><[U:1:900000011]><Red>" triggered "shot_fired" (weapon "quake_rl")
L 04/28/2026 - 05:21:09: "QuickScout<84><[U:1:900000012]><Blue>" triggered "shot_fired" (weapon "shotgun_soldier")
L 04/28/2026 - 05:21:09: "SoldierBoy<83><[U:1:900000011]><Red>" triggered "shot_hit" (weapon "quake_rl")
L 04/28/2026 - 05:21:09: "SoldierBoy<83><[U:1:900000011]><Red>" triggered "damage" against "QuickScout<84><[U:1:900000012]><Blue>" (damage "58") (weapon "quake_rl")
L 04/28/2026 - 05:21:09: "SoldierBoy<83><[U:1:900000011]><Red>" triggered "shot_fired" (weapon "shotgun_soldier")
L 04/28/2026 - 05:21:09: "SoldierBoy<83><[U:1:900000011]><Red>" triggered "shot_hit" (weapon "shotgun_soldier")
L 04/28/2026 - 05:21:09: "SoldierBoy<83><[U:1:900000011]><Red>" triggered "damage" against "QuickScout<84><[U:1:900000012]><Blue>" (damage "33") (realdamage "2") (weapon "shotgun_soldier")
L 04/28/2026 - 05:21:09: "SoldierBoy<83><[U:1:900000011]><Red>" killed "QuickScout<84><[U:1:900000012]><Blue>" with "shotgun_soldier" (attacker_position "-13004 11370 10696") (victim_position "-12982 11941 10696")
L 04/28/2026 - 05:21:09: "QuickScout<84><[U:1:900000012]><Blue>" spawned as "soldier"
L 04/28/2026 - 05:21:12: "QuickScout<84><[U:1:900000012]><Blue>" triggered "shot_fired" (weapon "quake_rl")
L 04/28/2026 - 05:21:12: "SoldierBoy<83><[U:1:900000011]><Red>" triggered "shot_fired" (weapon "quake_rl")
L 04/28/2026 - 05:21:12: "SoldierBoy<83><[U:1:900000011]><Red>" triggered "shot_hit" (weapon "quake_rl")
L 04/28/2026 - 05:21:12: "SoldierBoy<83><[U:1:900000011]><Red>" triggered "damage" against "QuickScout<84><[U:1:900000012]><Blue>" (damage "102") (weapon "quake_rl") (airshot "1") (height "451")
L 04/28/2026 - 05:21:13: "QuickScout<84><[U:1:900000012]><Blue>" triggered "shot_fired" (weapon "quake_rl")
L 04/28/2026 - 05:21:13: "SoldierBoy<83><[U:1:900000011]><Red>" triggered "shot_fired" (weapon "quake_rl")
L 04/28/2026 - 05:21:13: "QuickScout<84><[U:1:900000012]><Blue>" triggered "shot_hit" (weapon "quake_rl")
L 04/28/2026 - 05:21:13: "QuickScout<84><[U:1:900000012]><Blue>" triggered "damage" against "SoldierBoy<83><[U:1:900000011]><Red>" (damage "60") (weapon "quake_rl")
L 04/28/2026 - 05:21:14: "SoldierBoy<83><[U:1:900000011]><Red>" triggered "shot_hit" (weapon "quake_rl")
L 04/28/2026 - 05:21:14: "SoldierBoy<83><[U:1:900000011]><Red>" triggered "damage" against "QuickScout<84><[U:1:900000012]><Blue>" (damage "149") (realdamage "90") (weapon "quake_rl") (crit "mini")
L 04/28/2026 - 05:21:14: "SoldierBoy<83><[U:1:900000011]><Red>" killed "QuickScout<84><[U:1:900000012]><Blue>" with "quake_rl" (attacker_position "-13200 11575 10697") (victim_position "-13227 11623 10834")
L 04/28/2026 - 05:21:14: "SoldierBoy<83><[U:1:900000011]><Red>" triggered "shot_fired" (weapon "quake_rl")
L 04/28/2026 - 05:21:14: "QuickScout<84><[U:1:900000012]><Blue>" spawned as "soldier"
L 04/28/2026 - 05:21:18: "QuickScout<84><[U:1:900000012]><Blue>" triggered "shot_fired" (weapon "quake_rl")
L 04/28/2026 - 05:21:18: "SoldierBoy<83><[U:1:900000011]><Red>" triggered "shot_fired" (weapon "quake_rl")
L 04/28/2026 - 05:21:18: "QuickScout<84><[U:1:900000012]><Blue>" triggered "shot_hit" (weapon "quake_rl")
L 04/28/2026 - 05:21:18: "QuickScout<84><[U:1:900000012]><Blue>" triggered "damage" against "SoldierBoy<83><[U:1:900000011]><Red>" (damage "73") (weapon "quake_rl")
L 04/28/2026 - 05:21:19: "SoldierBoy<83><[U:1:900000011]><Red>" triggered "shot_fired" (weapon "quake_rl")
L 04/28/2026 - 05:21:20: "QuickScout<84><[U:1:900000012]><Blue>" triggered "shot_fired" (weapon "quake_rl")
L 04/28/2026 - 05:21:20: "SoldierBoy<83><[U:1:900000011]><Red>" triggered "shot_fired" (weapon "quake_rl")
L 04/28/2026 - 05:21:20: "QuickScout<84><[U:1:900000012]><Blue>" triggered "shot_hit" (weapon "quake_rl")
L 04/28/2026 - 05:21:20: "QuickScout<84><[U:1:900000012]><Blue>" triggered "damage" against "SoldierBoy<83><[U:1:900000011]><Red>" (damage "95") (weapon "quake_rl")
L 04/28/2026 - 05:21:20: "SoldierBoy<83><[U:1:900000011]><Red>" triggered "shot_hit" (weapon "quake_rl")
L 04/28/2026 - 05:21:20: "SoldierBoy<83><[U:1:900000011]><Red>" triggered "damage" against "QuickScout<84><[U:1:900000012]><Blue>" (damage "53") (weapon "quake_rl")
L 04/28/2026 - 05:21:21: "QuickScout<84><[U:1:900000012]><Blue>" triggered "shot_fired" (weapon "quake_rl")
L 04/28/2026 - 05:21:22: "SoldierBoy<83><[U:1:900000011]><Red>" triggered "shot_fired" (weapon "quake_rl")
L 04/28/2026 - 05:21:22: "SoldierBoy<83><[U:1:900000011]><Red>" triggered "shot_hit" (weapon "quake_rl")
L 04/28/2026 - 05:21:22: "SoldierBoy<83><[U:1:900000011]><Red>" triggered "damage" against "QuickScout<84><[U:1:900000012]><Blue>" (damage "55") (weapon "quake_rl")
L 04/28/2026 - 05:21:22: "SoldierBoy<83><[U:1:900000011]><Red>" picked up item "tf_ammo_pack"
L 04/28/2026 - 05:21:22: "QuickScout<84><[U:1:900000012]><Blue>" triggered "shot_fired" (weapon "quake_rl")
L 04/28/2026 - 05:21:22: "SoldierBoy<83><[U:1:900000011]><Red>" triggered "shot_fired" (weapon "quake_rl")
L 04/28/2026 - 05:21:23: "SoldierBoy<83><[U:1:900000011]><Red>" triggered "shot_fired" (weapon "shotgun_soldier")
L 04/28/2026 - 05:21:23: "SoldierBoy<83><[U:1:900000011]><Red>" triggered "shot_hit" (weapon "shotgun_soldier")
L 04/28/2026 - 05:21:23: "SoldierBoy<83><[U:1:900000011]><Red>" triggered "damage" against "QuickScout<84><[U:1:900000012]><Blue>" (damage "16") (weapon "shotgun_soldier")
L 04/28/2026 - 05:21:24: "QuickScout<84><[U:1:900000012]><Blue>" triggered "shot_fired" (weapon "shotgun_soldier")
L 04/28/2026 - 05:21:24: "SoldierBoy<83><[U:1:900000011]><Red>" triggered "shot_fired" (weapon "shotgun_soldier")
L 04/28/2026 - 05:21:24: "SoldierBoy<83><[U:1:900000011]><Red>" triggered "shot_hit" (weapon "shotgun_soldier")
L 04/28/2026 - 05:21:24: "SoldierBoy<83><[U:1:900000011]><Red>" triggered "damage" against "QuickScout<84><[U:1:900000012]><Blue>" (damage "86") (realdamage "36") (weapon "shotgun_soldier")
L 04/28/2026 - 05:21:24: "SoldierBoy<83><[U:1:900000011]><Red>" killed "QuickScout<84><[U:1:900000012]><Blue>" with "shotgun_soldier" (attacker_position "-13156 12075 10805") (victim_position "-13279 12083 10696")
L 04/28/2026 - 05:21:24: "QuickScout<84><[U:1:900000012]><Blue>" spawned as "soldier"
L 04/28/2026 - 05:21:26: "QuickScout<84><[U:1:900000012]><Blue>" triggered "shot_fired" (weapon "quake_rl")
L 04/28/2026 - 05:21:27: "SoldierBoy<83><[U:1:900000011]><Red>" triggered "shot_fired" (weapon "quake_rl")
L 04/28/2026 - 05:21:27: "QuickScout<84><[U:1:900000012]><Blue>" triggered "shot_fired" (weapon "quake_rl")
L 04/28/2026 - 05:21:27: "SoldierBoy<83><[U:1:900000011]><Red>" triggered "shot_fired" (weapon "quake_rl")
L 04/28/2026 - 05:21:27: "QuickScout<84><[U:1:900000012]><Blue>" triggered "shot_hit" (weapon "quake_rl")
L 04/28/2026 - 05:21:27: "QuickScout<84><[U:1:900000012]><Blue>" triggered "damage" against "SoldierBoy<83><[U:1:900000011]><Red>" (damage "54") (weapon "quake_rl")
L 04/28/2026 - 05:21:28: "SoldierBoy<83><[U:1:900000011]><Red>" triggered "shot_fired" (weapon "quake_rl")
L 04/28/2026 - 05:21:28: "QuickScout<84><[U:1:900000012]><Blue>" triggered "shot_fired" (weapon "quake_rl")
L 04/28/2026 - 05:21:29: "QuickScout<84><[U:1:900000012]><Blue>" triggered "shot_fired" (weapon "shotgun_soldier")
L 04/28/2026 - 05:21:30: "QuickScout<84><[U:1:900000012]><Blue>" picked up item "tf_ammo_pack"
L 04/28/2026 - 05:21:31: "QuickScout<84><[U:1:900000012]><Blue>" triggered "shot_fired" (weapon "quake_rl")
L 04/28/2026 - 05:21:31: "SoldierBoy<83><[U:1:900000011]><Red>" triggered "shot_fired" (weapon "quake_rl")
L 04/28/2026 - 05:21:31: "SoldierBoy<83><[U:1:900000011]><Red>" triggered "shot_hit" (weapon "quake_rl")
L 04/28/2026 - 05:21:31: "SoldierBoy<83><[U:1:900000011]><Red>" triggered "damage" against "QuickScout<84><[U:1:900000012]><Blue>" (damage "79") (weapon "quake_rl")
L 04/28/2026 - 05:21:31: "QuickScout<84><[U:1:900000012]><Blue>" triggered "shot_fired" (weapon "shotgun_soldier")
L 04/28/2026 - 05:21:31: "QuickScout<84><[U:1:900000012]><Blue>" triggered "shot_hit" (weapon "shotgun_soldier")
L 04/28/2026 - 05:21:31: "QuickScout<84><[U:1:900000012]><Blue>" triggered "damage" against "SoldierBoy<83><[U:1:900000011]><Red>" (damage "32") (weapon "shotgun_soldier")
L 04/28/2026 - 05:21:32: "SoldierBoy<83><[U:1:900000011]><Red>" triggered "shot_fired" (weapon "quake_rl")
L 04/28/2026 - 05:21:32: "QuickScout<84><[U:1:900000012]><Blue>" triggered "shot_fired" (weapon "shotgun_soldier")
L 04/28/2026 - 05:21:32: "QuickScout<84><[U:1:900000012]><Blue>" triggered "shot_hit" (weapon "shotgun_soldier")
L 04/28/2026 - 05:21:32: "QuickScout<84><[U:1:900000012]><Blue>" triggered "damage" against "SoldierBoy<83><[U:1:900000011]><Red>" (damage "6") (weapon "shotgun_soldier")
L 04/28/2026 - 05:21:32: "SoldierBoy<83><[U:1:900000011]><Red>" triggered "shot_hit" (weapon "quake_rl")
L 04/28/2026 - 05:21:32: "SoldierBoy<83><[U:1:900000011]><Red>" triggered "damage" against "QuickScout<84><[U:1:900000012]><Blue>" (damage "93") (realdamage "84") (weapon "quake_rl")
L 04/28/2026 - 05:21:32: World triggered "mge_elo_delta" (player "[U:1:900000011]") (old_elo "2722") (new_elo "2722")
L 04/28/2026 - 05:21:32: World triggered "mge_elo_delta" (player "[U:1:900000012]") (old_elo "2131") (new_elo "2131")
L 04/28/2026 - 05:21:32: "SoldierBoy<83><[U:1:900000011]><Red>" killed "QuickScout<84><[U:1:900000012]><Blue>" with "quake_rl" (attacker_position "-13364 11994 10696") (victim_position "-13371 11523 10696")
L 04/28/2026 - 05:21:32: World triggered "mge_match_end" (winner "[U:1:900000011]") (winner_score "20") (loser_score "3")
