L 04/28/2026 - 05:15:35: World triggered "meta_data" (matchid "260428051535d596") (map "mge_triumph_beta7_rc1") (arena "Badlands Middle 1 [1v1 MGE]") (gamemode "mge") (fraglimit "0")
L 04/28/2026 - 05:15:35: "SoldierBoy<83><[U:1:900000011]><Red>" changed role to "soldier"
L 04/28/2026 - 05:15:35: "QuickScout<84><[U:1:900000012]><Blue>" changed role to "soldier"
L 04/28/2026 - 05:15:37: "QuickScout<84><[U:1:900000012]><Blue>" triggered "shot_fired" (weapon "quake_rl")
L 04/28/2026 - 05:15:37: "QuickScout<84><[U:1:900000012]><Blue>" triggered "shot_hit" (weapon "quake_rl")
L 04/28/2026 - 05:15:37: "QuickScout<84><[U:1:900000012]><Blue>" triggered "damage" against "SoldierBoy<83><[U:1:900000011]><Red>" (damage "99") (weapon "quake_rl")
L 04/28/2026 - 05:15:37: "SoldierBoy<83><[U:1:900000011]><Red>" triggered "shot_fired" (weapon "quake_rl")
L 04/28/2026 - 05:15:38: "QuickScout<84><[U:1:900000012]><Blue>" triggered "shot_fired" (weapon "quake_rl")
L 04/28/2026 - 05:15:38: "QuickScout<84><[U:1:900000012]><Blue>" triggered "shot_hit" (weapon "quake_rl")
L 04/28/2026 - 05:15:38: "QuickScout<84><[U:1:900000012]><Blue>" triggered "damage" against "SoldierBoy<83><[U:1:900000011]><Red>" (damage "60") (weapon "quake_rl")
L 04/28/2026 - 05:15:38: "SoldierBoy<83><[U:1:900000011]><Red>" triggered "shot_fired" (weapon "quake_rl")
L 04/28/2026 - 05:15:39: "QuickScout<84><[U:1:900000012]><Blue>" triggered "shot_fired" (weapon "quake_rl")
L 04/28/2026 - 05:15:39: "SoldierBoy<83><[U:1:900000011]><Red>" triggered "shot_fired" (weapon "quake_rl")
L 04/28/2026 - 05:15:39: "SoldierBoy<83><[U:1:900000011]><Red>" triggered "shot_hit" (weapon "quake_rl")
L 04/28/2026 - 05:15:39: "SoldierBoy<83><[U:1:900000011]><Red>" triggered "damage" against "QuickScout<84><[U:1:900000012]><Blue>" (damage "50") (weapon "quake_rl")
L 04/28/2026 - 05:15:39: "QuickScout<84><[U:1:900000012]><Blue>" triggered "shot_fired" (weapon "shotgun_soldier")
L 04/28/2026 - 05:15:40: "QuickScout<84><[U:1:900000012]><Blue>" triggered "shot_fired" (weapon "shotgun_soldier")
L 04/28/2026 - 05:15:40: "SoldierBoy<83><[U:1:900000011]><Red>" triggered "shot_fired" (weapon "quake_rl")
L 04/28/2026 - 05:15:40: "SoldierBoy<83><[U:1:900000011]><Red>" triggered "shot_hit" (weapon "quake_rl")
L 04/28/2026 - 05:15:40: "SoldierBoy<83><[U:1:900000011]><Red>" triggered "damage" against "QuickScout<84><[U:1:900000012]><Blue>" (damage "63") (weapon "quake_rl")
L 04/28/2026 - 05:15:40: "QuickScout<84><[U:1:900000012]><Blue>" triggered "shot_fired" (weapon "shotgun_soldier")
L 04/28/2026 - 05:15:41: "QuickScout<84><[U:1:900000012]><Blue>" triggered "shot_fired" (weapon "shotgun_soldier")
L 04/28/2026 - 05:15:41: "SoldierBoy<83><[U:1:900000011]><Red>" triggered "shot_fired" (weapon "shotgun_soldier")
L 04/28/2026 - 05:15:41: "SoldierBoy<83><[U:1:900000011]><Red>" triggered "shot_hit" (weapon "shotgun_soldier")
L 04/28/2026 - 05:15:41: "SoldierBoy<83><[U:1:900000011]><Red>" triggered "damage" against "QuickScout<84><[U:1:900000012]><Blue>" (damage "68") (realdamage "38") (weapon "shotgun_soldier")
L 04/28/2026 - 05:15:41: "SoldierBoy<83><[U:1:900000011]><Red>" killed "QuickScout<84><[U:1:900000012]><Blue>" with "shotgun_soldier" (attacker_position "-13240 11895 10772") (victim_position "-13307 11715 10756")
L 04/28/2026 - 05:15:41: "QuickScout<84><[U:1:900000012]><Blue>" spawned as "soldier"
L 04/28/2026 - 05:15:44: "QuickScout<84><[U:1:900000012]><Blue>" triggered "shot_fired" (weapon "quake_rl")
L 04/28/2026 - 05:15:44: "SoldierBoy<83><[U:1:900000011]><Red>" triggered "shot_fired" (weapon "quake_rl")
L 04/28/2026 - 05:15:44: "QuickScout<84><[U:1:900000012]><Blue>" triggered "shot_hit" (weapon "quake_rl")
L 04/28/2026 - 05:15:44: "QuickScout<84><[U:1:900000012]><Blue>" triggered "damage" against "SoldierBoy<83><[U:1:900000011]><Red>" (damage "102") (weapon "quake_rl")
L 04/28/2026 - 05:15:45: "SoldierBoy<83><[U:1:900000011]><Red>" triggered "shot_fired" (weapon "quake_rl")
L 04/28/2026 - 05:15:45: "QuickScout<84><[U:1:900000012]><Blue>" triggered "shot_fired" (weapon "quake_rl")
L 04/28/2026 - 05:15:45: "QuickScout<84><[U:1:900000012]><Blue>" triggered "shot_hit" (weapon "quake_rl")
L 04/28/2026 - 05:15:45: "QuickScout<84><[U:1:900000012]><Blue>" triggered "damage" against "SoldierBoy<83><[U:1:900000011]><Red>" (damage "66") (weapon "quake_rl")
L 04/28/2026 - 05:15:46: "SoldierBoy<83><[U:1:900000011]><Red>" triggered "shot_fired" (weapon "quake_rl")
L 04/28/2026 - 05:15:46: "SoldierBoy<83><[U:1:900000011]><Red>" triggered "shot_hit" (weapon "quake_rl")
L 04/28/2026 - 05:15:46: "SoldierBoy<83><[U:1:900000011]><Red>" triggered "damage" against "QuickScout<84><[U:1:900000012]><Blue>" (damage "59") (weapon "quake_rl")
L 04/28/2026 - 05:15:46: "QuickScout<84><[U:1:900000012]><Blue>" triggered "shot_fired" (weapon "quake_rl")
L 04/28/2026 - 05:15:46: "QuickScout<84><[U:1:900000012]><Blue>" triggered "shot_fired" (weapon "shotgun_soldier")
L 04/28/2026 - 05:15:46: "SoldierBoy<83><[U:1:900000011]><Red>" triggered "shot_fired" (weapon "quake_rl")
L 04/28/2026 - 05:15:47: "SoldierBoy<83><[U:1:900000011]><Red>" triggered "shot_fired" (weapon "shotgun_soldier")
L 04/28/2026 - 05:15:47: "QuickScout<84><[U:1:900000012]><Blue>" triggered "shot_fired" (weapon "shotgun_soldier")
L 04/28/2026 - 05:15:47: "QuickScout<84><[U:1:900000012]><Blue>" triggered "shot_hit" (weapon "shotgun_soldier")
L 04/28/2026 - 05:15:47: "QuickScout<84><[U:1:900000012]><Blue>" triggered "damage" against "SoldierBoy<83><[U:1:900000011]><Red>" (damage "35") (weapon "shotgun_soldier")
L 04/28/2026 - 05:15:48: "QuickScout<84><[U:1:900000012]><Blue>" triggered "shot_fired" (weapon "shotgun_soldier")
L 04/28/2026 - 05:15:48: "QuickScout<84><[U:1:900000012]><Blue>" triggered "shot_hit" (weapon "shotgun_soldier")
L 04/28/2026 - 05:15:48: "QuickScout<84><[U:1:900000012]><Blue>" triggered "damage" against "SoldierBoy<83><[U:1:900000011]><Red>" (damage "7") (weapon "shotgun_soldier")
L 04/28/2026 - 05:15:49: "SoldierBoy<83><[U:1:900000011]><Red>" triggered "shot_fired" (weapon "quake_rl")
L 04/28/2026 - 05:15:50: "SoldierBoy<83><[U:1:900000011]><Red>" triggered "shot_fired" (weapon "shotgun_soldier")
L 04/28/2026 - 05:15:50: "SoldierBoy<83><[U:1:900000011]><Red>" triggered "shot_hit" (weapon "shotgun_soldier")
L 04/28/2026 - 05:15:50: "SoldierBoy<83><[U:1:900000011]><Red>" triggered "damage" against "QuickScout<84><[U:1:900000012]><Blue>" (damage "42") (weapon "shotgun_soldier")
L 04/28/2026 - 05:15:50: "QuickScout<84><[U:1:900000012]><Blue>" triggered "shot_fired" (weapon "shotgun_soldier")
L 04/28/2026 - 05:15:50: "QuickScout<84><[U:1:900000012]><Blue>" triggered "shot_hit" (weapon "shotgun_soldier")
L 04/28/2026 - 05:15:50: "QuickScout<84><[U:1:900000012]><Blue>" triggered "damage" against "SoldierBoy<83><[U:1:900000011]><Red>" (damage "7") (weapon "shotgun_soldier")
L 04/28/2026 - 05:15:50: "QuickScout<84><[U:1:900000012]><Blue>" triggered "shot_fired" (weapon "shotgun_soldier")
L 04/28/2026 - 05:15:51: "SoldierBoy<83><[U:1:900000011]><Red>" triggered "shot_fired" (weapon "shotgun_soldier")
L 04/28/2026 - 05:15:51: "SoldierBoy<83><[U:1:900000011]><Red>" triggered "shot_hit" (weapon "shotgun_soldier")
L 04/28/2026 - 05:15:51: "SoldierBoy<83><[U:1:900000011]><Red>" triggered "damage" against "QuickScout<84><[U:1:900000012]><Blue>" (damage "13") (weapon "shotgun_soldier")
L 04/28/2026 - 05:15:51: "QuickScout<84><[U:1:900000012]><Blue>" triggered "shot_fired" (weapon "shotgun_soldier")
L 04/28/2026 - 05:15:51: "QuickScout<84><[U:1:900000012]><Blue>" triggered "shot_hit" (weapon "shotgun_soldier")
L 04/28/2026 - 05:15:51: "QuickScout<84><[U:1:900000012]><Blue>" triggered "damage" against "SoldierBoy<83><[U:1:900000011]><Red>" (damage "7") (weapon "shotgun_soldier")
L 04/28/2026 - 05:15:51: "SoldierBoy<83><[U:1:900000011]><Red>" triggered "shot_fired" (weapon "shotgun_soldier")
L 04/28/2026 - 05:15:53: "SoldierBoy<83><[U:1:900000011]><Red>" triggered "shot_fired" (weapon "shotgun_soldier")
L 04/28/2026 - 05:15:53: "SoldierBoy<83><[U:1:900000011]><Red>" triggered "shot_hit" (weapon "shotgun_soldier")
L 04/28/2026 - 05:15:53: "SoldierBoy<83><[U:1:900000011]><Red>" triggered "damage" against "QuickScout<84><[U:1:900000012]><Blue>" (damage "38") (weapon "shotgun_soldier")
L 04/28/2026 - 05:15:53: "QuickScout<84><[U:1:900000012]><Blue>" triggered "shot_fired" (weapon "shotgun_soldier")
L 04/28/2026 - 05:15:53: "QuickScout<84><[U:1:900000012]><Blue>" triggered "shot_hit" (weapon "shotgun_soldier")
L 04/28/2026 - 05:15:53: "QuickScout<84><[U:1:900000012]><Blue>" triggered "damage" against "SoldierBoy<83><[U:1:900000011]><Red>" (damage "60") (realdamage "10") (weapon "shotgun_soldier")
L 04/28/2026 - 05:15:53: "QuickScout<84><[U:1:900000012]><Blue>" killed "SoldierBoy<83><[U:1:900000011]><Red>" with "shotgun_soldier" (attacker_position "-13236 12159 10740") (victim_position "-13444 11893 10767")
L 04/28/2026 - 05:15:53: "QuickScout<84><[U:1:900000012]><Blue>" triggered "revenge" against "SoldierBoy<83><[U:1:900000011]><Red>"
L 04/28/2026 - 05:15:53: "SoldierBoy<83><[U:1:900000011]><Red>" spawned as "soldier"
L 04/28/2026 - 05:15:55: "QuickScout<84><[U:1:900000012]><Blue>" triggered "shot_fired" (weapon "quake_rl")
L 04/28/2026 - 05:15:55: "SoldierBoy<83><[U:1:900000011]><Red>" triggered "shot_fired" (weapon "quake_rl")
L 04/28/2026 - 05:15:56: "SoldierBoy<83><[U:1:900000011]><Red>" triggered "shot_hit" (weapon "quake_rl")
L 04/28/2026 - 05:15:56: "SoldierBoy<83><[U:1:900000011]><Red>" triggered "damage" against "QuickScout<84><[U:1:900000012]><Blue>" (damage "74") (weapon "quake_rl")
L 04/28/2026 - 05:15:56: "QuickScout<84><[U:1:900000012]><Blue>" triggered "shot_fired" (weapon "quake_rl")
L 04/28/2026 - 05:15:56: "SoldierBoy<83><[U:1:900000011]><Red>" triggered "shot_hit" (weapon "quake_rl")
L 04/28/2026 - 05:15:56: "SoldierBoy<83><[U:1:900000011]><Red>" triggered "damage" against "QuickScout<84><[U:1:900000012]><Blue>" (damage "109") (weapon "quake_rl") (airshot "1") (height "240")
L 04/28/2026 - 05:15:56: "SoldierBoy<83><[U:1:900000011]><Red>" triggered "shot_fired" (weapon "quake_rl")
L 04/28/2026 - 05:15:57: "QuickScout<84><[U:1:900000012]><Blue>" triggered "shot_fired" (weapon "quake_rl")
L 04/28/2026 - 05:15:57: "SoldierBoy<83><[U:1:900000011]><Red>" triggered "shot_fired" (weapon "quake_rl")
L 04/28/2026 - 05:15:57: "SoldierBoy<83><[U:1:900000011]><Red>" triggered "shot_hit" (weapon "quake_rl")
L 04/28/2026 - 05:15:57: "SoldierBoy<83><[U:1:900000011]><Red>" triggered "damage" against "QuickScout<84><[U:1:900000012]><Blue>" (damage "62") (realdamage "48") (weapon "quake_rl")
L 04/28/2026 - 05:15:57: "SoldierBoy<83><[U:1:900000011]><Red>" killed "QuickScout<84><[U:1:900000012]><Blue>" with "quake_rl" (attacker_position "-13077 11647 10800") (victim_position "-13015 12098 11043")
L 04/28/2026 - 05:15:57: "QuickScout<84><[U:1:900000012]><Blue>" spawned as "soldier"
L 04/28/2026 - 05:16:01: "SoldierBoy<83><[U:1:900000011]><Red>" triggered "shot_fired" (weapon "quake_rl")
L 04/28/2026 - 05:16:01: "QuickScout<84><[U:1:900000012]><Blue>" triggered "shot_fired" (weapon "quake_rl")
L 04/28/2026 - 05:16:02: "QuickScout<84><[U:1:900000012]><Blue>" triggered "shot_fired" (weapon "quake_rl")
L 04/28/2026 - 05:16:02: "SoldierBoy<83><[U:1:900000011]><Red>" triggered "shot_hit" (weapon "quake_rl")
L 04/28/2026 - 05:16:02: "SoldierBoy<83><[U:1:900000011]><Red>" triggered "damage" against "QuickScout<84><[U:1:900000012]><Blue>" (damage "79") (weapon "quake_rl")
L 04/28/2026 - 05:16:02: "SoldierBoy<83><[U:1:900000011]><Red>" triggered "shot_fired" (weapon "quake_rl")
L 04/28/2026 - 05:16:03: "QuickScout<84><[U:1:900000012]><Blue>" triggered "shot_fired" (weapon "quake_rl")
L 04/28/2026 - 05:16:03: "SoldierBoy<83><[U:1:900000011]><Red>" triggered "shot_fired" (weapon "quake_rl")
L 04/28/2026 - 05:16:03: "SoldierBoy<83><[U:1:900000011]><Red>" triggered "shot_hit" (weapon "quake_rl")
L 04/28/2026 - 05:16:03: "SoldierBoy<83><[U:1:900000011]><Red>" triggered "damage" against "QuickScout<84><[U:1:900000012]><Blue>" (damage "48") (weapon "quake_rl")
L 04/28/2026 - 05:16:03: "QuickScout<84><[U:1:900000012]><Blue>" triggered "shot_fired" (weapon "shotgun_soldier")
L 04/28/2026 - 05:16:03: "QuickScout<84><[U:1:900000012]><Blue>" triggered "shot_hit" (weapon "shotgun_soldier")
L 04/28/2026 - 05:16:03: "QuickScout<84><[U:1:900000012]><Blue>" triggered "damage" against "SoldierBoy<83><[U:1:900000011]><Red>" (damage "34") (weapon "shotgun_soldier")
L 04/28/2026 - 05:16:04: "SoldierBoy<83><[U:1:900000011]><Red>" triggered "shot_fired" (weapon "quake_rl")
L 04/28/2026 - 05:16:04: "SoldierBoy<83><[U:1:900000011]><Red>" triggered "shot_hit" (weapon "quake_rl")
L 04/28/2026 - 05:16:04: "SoldierBoy<83><[U:1:900000011]><Red>" triggered "damage" against "QuickScout<84><[U:1:900000012]><Blue>" (damage "68") (realdamage "30") (weapon "quake_rl")
L 04/28/2026 - 05:16:04: "SoldierBoy<83><[U:1:900000011]><Red>" killed "QuickScout<84><[U:1:900000012]><Blue>" with "quake_rl" (attacker_position "-13323 11696 10696") (victim_position "-13266 11491 10696")
L 04/28/2026 - 05:16:04: "QuickScout<84><[U:1:900000012]><Blue>" spawned as "soldier"
L 04/28/2026 - 05:16:07: "QuickScout<84><[U:1:900000012]><Blue>" triggered "shot_fired" (weapon "quake_rl")
L 04/28/2026 - 05:16:08: "SoldierBoy<83><[U:1:900000011]><Red>" triggered "shot_fired" (weapon "quake_rl")
L 04/28/2026 - 05:16:09: "QuickScout<84><[U:1:900000012]><Blue>" triggered "shot_fired" (weapon "quake_rl")
L 04/28/2026 - 05:16:09: "QuickScout<84><[U:1:900000012]><Blue>" triggered "shot_hit" (weapon "quake_rl")
L 04/28/2026 - 05:16:09: "QuickScout<84><[U:1:900000012]><Blue>" triggered "damage" against "SoldierBoy<83><[U:1:900000011]><Red>" (damage "70") (weapon "quake_rl")
L 04/28/2026 - 05:16:09: "SoldierBoy<83><[U:1:900000011]><Red>" triggered "shot_fired" (weapon "quake_rl")
L 04/28/2026 - 05:16:09: "SoldierBoy<83><[U:1:900000011]><Red>" triggered "shot_hit" (weapon "quake_rl")
L 04/28/2026 - 05:16:09: "SoldierBoy<83><[U:1:900000011]><Red>" triggered "damage" against "QuickScout<84><[U:1:900000012]><Blue>" (damage "74") (weapon "quake_rl")
L 04/28/2026 - 05:16:10: "QuickScout<84><[U:1:900000012]><Blue>" triggered "shot_fired" (weapon "quake_rl")
L 04/28/2026 - 05:16:10: "QuickScout<84><[U:1:900000012]><Blue>" triggered "shot_fired" (weapon "shotgun_soldier")
L 04/28/2026 - 05:16:10: "QuickScout<84><[U:1:900000012]><Blue>" triggered "shot_hit" (weapon "shotgun_soldier")
L 04/28/2026 - 05:16:10: "QuickScout<84><[U:1:900000012]><Blue>" triggered "damage" against "SoldierBoy<83><[U:1:900000011]><Red>" (damage "19") (weapon "shotgun_soldier")
L 04/28/2026 - 05:16:10: "QuickScout<84><[U:1:900000012]><Blue>" triggered "shot_fired" (weapon "shotgun_soldier")
L 04/28/2026 - 05:16:10: "QuickScout<84><[U:1:900000012]><Blue>" triggered "shot_hit" (weapon "shotgun_soldier")
L 04/28/2026 - 05:16:10: "QuickScout<84><[U:1:900000012]><Blue>" triggered "damage" against "SoldierBoy<83><[U:1:900000011]><Red>" (damage "4") (weapon "shotgun_soldier")
L 04/28/2026 - 05:16:11: "SoldierBoy<83><[U:1:900000011]><Red>" triggered "shot_fired" (weapon "quake_rl")
L 04/28/2026 - 05:16:12: "SoldierBoy<83><[U:1:900000011]><Red>" triggered "shot_fired" (weapon "quake_rl")
L 04/28/2026 - 05:16:12: "QuickScout<84><[U:1:900000012]><Blue>" triggered "shot_fired" (weapon "quake_rl")
L 04/28/2026 - 05:16:13: "QuickScout<84><[U:1:900000012]><Blue>" triggered "shot_hit" (weapon "quake_rl")
L 04/28/2026 - 05:16:13: "QuickScout<84><[U:1:900000012]><Blue>" triggered "damage" against "SoldierBoy<83><[U:1:900000011]><Red>" (damage "37") (weapon "quake_rl")
L 04/28/2026 - 05:16:13: "SoldierBoy<83><[U:1:900000011]><Red>" triggered "shot_fired" (weapon "quake_rl")
L 04/28/2026 - 05:16:14: "SoldierBoy<83><[U:1:900000011]><Red>" triggered "shot_fired" (weapon "shotgun_soldier")
L 04/28/2026 - 05:16:14: "SoldierBoy<83><[U:1:900000011]><Red>" triggered "shot_hit" (weapon "shotgun_soldier")
L 04/28/2026 - 05:16:14: "SoldierBoy<83><[U:1:900000011]><Red>" triggered "damage" against "QuickScout<84><[U:1:900000012]><Blue>" (damage "25") (weapon "shotgun_soldier")
L 04/28/2026 - 05:16:14: "QuickScout<84><[U:1:900000012]><Blue>" triggered "shot_fired" (weapon "quake_rl")
L 04/28/2026 - 05:16:14: "SoldierBoy<83><[U:1:900000011]><Red>" triggered "shot_fired" (weapon "shotgun_soldier")
L 04/28/2026 - 05:16:14: "SoldierBoy<83><[U:1:900000011]><Red>" triggered "shot_hit" (weapon "shotgun_soldier")
L 04/28/2026 - 05:16:14: "SoldierBoy<83><[U:1:900000011]><Red>" triggered "damage" against "QuickScout<84><[U:1:900000012]><Blue>" (damage "27") (weapon "shotgun_soldier")
L 04/28/2026 - 05:16:14: "QuickScout<84><[U:1:900000012]><Blue>" triggered "shot_fired" (weapon "shotgun_soldier")
L 04/28/2026 - 05:16:14: "QuickScout<84><[U:1:900000012]><Blue>" triggered "shot_hit" (weapon "shotgun_soldier")
L 04/28/2026 - 05:16:14: "QuickScout<84><[U:1:900000012]><Blue>" triggered "damage" against "SoldierBoy<83><[U:1:900000011]><Red>" (damage "6") (weapon "shotgun_soldier")
L 04/28/2026 - 05:16:15: "SoldierBoy<83><[U:1:900000011]><Red>" triggered "shot_fired" (weapon "shotgun_soldier")
L 04/28/2026 - 05:16:15: "SoldierBoy<83><[U:1:900000011]><Red>" triggered "shot_hit" (weapon "shotgun_soldier")
L 04/28/2026 - 05:16:15: "SoldierBoy<83><[U:1:900000011]><Red>" triggered "damage" against "QuickScout<84><[U:1:900000012]><Blue>" (damage "30") (realdamage "6") (weapon "shotgun_soldier")
L 04/28/2026 - 05:16:15: "SoldierBoy<83><[U:1:900000011]><Red>" killed "QuickScout<84><[U:1:900000012]><Blue>" with "shotgun_soldier" (attacker_position "-13012 11220 10696") (victim_position "-13100 10725 10804")
L 04/28/2026 - 05:16:15: "QuickScout<84><[U:1:900000012]><Blue>" spawned as "soldier"
L 04/28/2026 - 05:16:19: "QuickScout<84><[U:1:900000012]><Blue>" triggered "shot_fired" (weapon "quake_rl")
L 04/28/2026 - 05:16:19: "SoldierBoy<83><[U:1:900000011]><Red>" triggered "shot_fired" (weapon "quake_rl")
L 04/28/2026 - 05:16:20: "SoldierBoy<83><[U:1:900000011]><Red>" triggered "shot_hit" (weapon "quake_rl")
L 04/28/2026 - 05:16:20: "SoldierBoy<83><[U:1:900000011]><Red>" triggered "damage" against "QuickScout<84><[U:1:900000012]><Blue>" (damage "78") (weapon "quake_rl")
L 04/28/2026 - 05:16:20: "QuickScout<84><[U:1:900000012]><Blue>" triggered "shot_fired" (weapon "quake_rl")
L 04/28/2026 - 05:16:20: "SoldierBoy<83><[U:1:900000011]><Red>" triggered "shot_fired" (weapon "quake_rl")
L 04/28/2026 - 05:16:20: "QuickScout<84><[U:1:900000012]><Blue>" triggered "shot_hit" (weapon "quake_rl")
L 04/28/2026 - 05:16:20: "QuickScout<84><[U:1:900000012]><Blue>" triggered "damage" against "SoldierBoy<83><[U:1:900000011]><Red>" (damage "54") (weapon "quake_rl")
L 04/28/2026 - 05:16:20: "QuickScout<84><[U:1:900000012]><Blue>" triggered "shot_fired" (weapon "quake_rl")
L 04/28/2026 - 05:16:21: "QuickScout<84><[U:1:900000012]><Blue>" triggered "shot_hit" (weapon "quake_rl")
L 04/28/2026 - 05:16:21: "QuickScout<84><[U:1:900000012]><Blue>" triggered "damage" against "SoldierBoy<83><[U:1:900000011]><Red>" (damage "45") (weapon "quake_rl")
L 04/28/2026 - 05:16:21: "SoldierBoy<83><[U:1:900000011]><Red>" triggered "shot_fired" (weapon "quake_rl")
L 04/28/2026 - 05:16:21: "QuickScout<84><[U:1:900000012]><Blue>" triggered "shot_fired" (weapon "shotgun_soldier")
L 04/28/2026 - 05:16:21: "QuickScout<84><[U:1:900000012]><Blue>" triggered "shot_hit" (weapon "shotgun_soldier")
L 04/28/2026 - 05:16:21: "QuickScout<84><[U:1:900000012]><Blue>" triggered "damage" against "SoldierBoy<83><[U:1:900000011]><Red>" (damage "11") (weapon "shotgun_soldier")
L 04/28/2026 - 05:16:22: "QuickScout<84><[U:1:900000012]><Blue>" triggered "shot_fired" (weapon "shotgun_soldier")
L 04/28/2026 - 05:16:22: "SoldierBoy<83><[U:1:900000011]><Red>" triggered "shot_fired" (weapon "quake_rl")
L 04/28/2026 - 05:16:22: "SoldierBoy<83><[U:1:900000011]><Red>" triggered "shot_fired" (weapon "shotgun_soldier")
L 04/28/2026 - 05:16:22: "SoldierBoy<83><[U:1:900000011]><Red>" triggered "shot_hit" (weapon "shotgun_soldier")
L 04/28/2026 - 05:16:22: "SoldierBoy<83><[U:1:900000011]><Red>" triggered "damage" against "QuickScout<84><[U:1:900000012]><Blue>" (damage "16") (weapon "shotgun_soldier")
L 04/28/2026 - 05:16:23: "SoldierBoy<83><[U:1:900000011]><Red>" triggered "shot_fired" (weapon "shotgun_soldier")
L 04/28/2026 - 05:16:23: "SoldierBoy<83><[U:1:900000011]><Red>" triggered "shot_hit" (weapon "shotgun_soldier")
L 04/28/2026 - 05:16:23: "SoldierBoy<83><[U:1:900000011]><Red>" triggered "damage" against "QuickScout<84><[U:1:900000012]><Blue>" (damage "16") (weapon "shotgun_soldier")
L 04/28/2026 - 05:16:23: "QuickScout<84><[U:1:900000012]><Blue>" triggered "shot_fired" (weapon "quake_rl")
L 04/28/2026 - 05:16:24: "QuickScout<84><[U:1:900000012]><Blue>" triggered "shot_fired" (weapon "shotgun_soldier")
L 04/28/2026 - 05:16:24: "QuickScout<84><[U:1:900000012]><Blue>" triggered "shot_hit" (weapon "shotgun_soldier")
L 04/28/2026 - 05:16:24: "QuickScout<84><[U:1:900000012]><Blue>" triggered "damage" against "SoldierBoy<83><[U:1:900000011]><Red>" (damage "10") (weapon "shotgun_soldier")
L 04/28/2026 - 05:16:24: "SoldierBoy<83><[U:1:900000011]><Red>" triggered "shot_fired" (weapon "shotgun_soldier")
L 04/28/2026 - 05:16:24: "SoldierBoy<83><[U:1:900000011]><Red>" triggered "shot_hit" (weapon "shotgun_soldier")
L 04/28/2026 - 05:16:24: "SoldierBoy<83><[U:1:900000011]><Red>" triggered "damage" against "QuickScout<84><[U:1:900000012]><Blue>" (damage "21") (weapon "shotgun_soldier")
L 04/28/2026 - 05:16:24: "QuickScout<84><[U:1:900000012]><Blue>" triggered "shot_fired" (weapon "shotgun_soldier")
L 04/28/2026 - 05:16:24: "QuickScout<84><[U:1:900000012]><Blue>" triggered "shot_hit" (weapon "shotgun_soldier")
L 04/28/2026 - 05:16:24: "QuickScout<84><[U:1:900000012]><Blue>" triggered "damage" against "SoldierBoy<83><[U:1:900000011]><Red>" (damage "6") (weapon "shotgun_soldier")
L 04/28/2026 - 05:16:24: "SoldierBoy<83><[U:1:900000011]><Red>" triggered "shot_fired" (weapon "shotgun_soldier")
L 04/28/2026 - 05:16:24: "SoldierBoy<83><[U:1:900000011]><Red>" triggered "shot_hit" (weapon "shotgun_soldier")
L 04/28/2026 - 05:16:24: "SoldierBoy<83><[U:1:900000011]><Red>" triggered "damage" against "QuickScout<84><[U:1:900000012]><Blue>" (damage "31") (weapon "shotgun_soldier")
L 04/28/2026 - 05:16:25: "QuickScout<84><[U:1:900000012]><Blue>" triggered "shot_fired" (weapon "shotgun_soldier")
L 04/28/2026 - 05:16:25: "QuickScout<84><[U:1:900000012]><Blue>" triggered "shot_hit" (weapon "shotgun_soldier")
L 04/28/2026 - 05:16:25: "QuickScout<84><[U:1:900000012]><Blue>" triggered "damage" against "SoldierBoy<83><[U:1:900000011]><Red>" (damage "20") (weapon "shotgun_soldier")
L 04/28/2026 - 05:16:25: "SoldierBoy<83><[U:1:900000011]><Red>" triggered "shot_fired" (weapon "shotgun_soldier")
L 04/28/2026 - 05:16:25: "SoldierBoy<83><[U:1:900000011]><Red>" triggered "shot_hit" (weapon "shotgun_soldier")
L 04/28/2026 - 05:16:25: "SoldierBoy<83><[U:1:900000011]><Red>" triggered "damage" against "QuickScout<84><[U:1:900000012]><Blue>" (damage "20") (weapon "shotgun_soldier")
L 04/28/2026 - 05:16:26: "QuickScout<84><[U:1:900000012]><Blue>" triggered "shot_fired" (weapon "shotgun_soldier")
L 04/28/2026 - 05:16:26: "SoldierBoy<83><[U:1:900000011]><Red>" triggered "shot_fired" (weapon "shotgun_soldier")
L 04/28/2026 - 05:16:26: "SoldierBoy<83><[U:1:900000011]><Red>" triggered "shot_hit" (weapon "shotgun_soldier")
L 04/28/2026 - 05:16:26: "SoldierBoy<83><[U:1:900000011]><Red>" triggered "damage" against "QuickScout<84><[U:1:900000012]><Blue>" (damage "14") (realdamage "7") (weapon "shotgun_soldier")
L 04/28/2026 - 05:16:26: "SoldierBoy<83><[U:1:900000011]><Red>" killed "QuickScout<84><[U:1:900000012]><Blue>" with "shotgun_soldier" (attacker_position "-13179 11110 10870") (victim_position "-13260 10738 10744")
L 04/28/2026 - 05:16:26: "SoldierBoy<83><[U:1:900000011]><Red>" triggered "domination" against "QuickScout<84><[U:1:900000012]><Blue>"
L 04/28/2026 - 05:16:26: "QuickScout<84><[U:1:900000012]><Blue>" spawned as "soldier"
L 04/28/2026 - 05:16:30: "QuickScout<84><[U:1:900000012]><Blue>" triggered "shot_fired" (weapon "quake_rl")
L 04/28/2026 - 05:16:30: "SoldierBoy<83><[U:1:900000011]><Red>" triggered "shot_fired" (weapon "quake_rl")
L 04/28/2026 - 05:16:30: "SoldierBoy<83><[U:1:900000011]><Red>" triggered "shot_hit" (weapon "quake_rl")
L 04/28/2026 - 05:16:30: "SoldierBoy<83><[U:1:900000011]><Red>" triggered "damage" against "QuickScout<84><[U:1:900000012]><Blue>" (damage "96") (weapon "quake_rl") (airshot "1") (height "527")
L 04/28/2026 - 05:16:31: "SoldierBoy<83><[U:1:900000011]><Red>" triggered "shot_fired" (weapon "quake_rl")
L 04/28/2026 - 05:16:31: "SoldierBoy<83><[U:1:900000011]><Red>" triggered "shot_hit" (weapon "quake_rl")
L 04/28/2026 - 05:16:31: "SoldierBoy<83><[U:1:900000011]><Red>" triggered "damage" against "QuickScout<84><[U:1:900000012]><Blue>" (damage "77") (weapon "quake_rl") (airshot "1") (height "619")
L 04/28/2026 - 05:16:32: "SoldierBoy<83><[U:1:900000011]><Red>" triggered "shot_fired" (weapon "quake_rl")
L 04/28/2026 - 05:16:33: "SoldierBoy<83><[U:1:900000011]><Red>" killed "QuickScout<84><[U:1:900000012]><Blue>" with "world" (attacker_position "-13248 11085 10696") (victim_position "-13330 11685 10712")
L 04/28/2026 - 05:16:33: "SoldierBoy<83><[U:1:900000011]><Red>" triggered "shot_fired" (weapon "shotgun_soldier")
L 04/28/2026 - 05:16:33: "QuickScout<84><[U:1:900000012]><Blue>" spawned as "soldier"
L 04/28/2026 - 05:16:36: "QuickScout<84><[U:1:900000012]><Blue>" triggered "shot_fired" (weapon "quake_rl")
L 04/28/2026 - 05:16:36: "SoldierBoy<83><[U:1:900000011]><Red>" triggered "shot_fired" (weapon "quake_rl")
L 04/28/2026 - 05:16:36: "QuickScout<84><[U:1:900000012]><Blue>" triggered "shot_hit" (weapon "quake_rl")
L 04/28/2026 - 05:16:36: "QuickScout<84><[U:1:900000012]><Blue>" triggered "damage" against "SoldierBoy<83><[U:1:900000011]><Red>" (damage "55") (weapon "quake_rl")
L 04/28/2026 - 05:16:36: "QuickScout<84><[U:1:900000012]><Blue>" triggered "shot_fired" (weapon "quake_rl")
L 04/28/2026 - 05:16:37: "SoldierBoy<83><[U:1:900000011]><Red>" triggered "shot_fired" (weapon "quake_rl")
L 04/28/2026 - 05:16:37: "SoldierBoy<83><[U:1:900000011]><Red>" triggered "shot_hit" (weapon "quake_rl")
L 04/28/2026 - 05:16:37: "SoldierBoy<83><[U:1:900000011]><Red>" triggered "damage" against "QuickScout<84><[U:1:900000012]><Blue>" (damage "81") (weapon "quake_rl")
L 04/28/2026 - 05:16:38: "QuickScout<84><[U:1:900000012]><Blue>" triggered "shot_fired" (weapon "quake_rl")
L 04/28/2026 - 05:16:38: "SoldierBoy<83><[U:1:900000011]><Red>" triggered "shot_fired" (weapon "quake_rl")
L 04/28/2026 - 05:16:39: "SoldierBoy<83><[U:1:900000011]><Red>" triggered "shot_fired" (weapon "quake_rl")
L 04/28/2026 - 05:16:40: "QuickScout<84><[U:1:900000012]><Blue>" triggered "shot_fired" (weapon "quake_rl")
L 04/28/2026 - 05:16:41: "QuickScout<84><[U:1:900000012]><Blue>" triggered "shot_fired" (weapon "shotgun_soldier")
L 04/28/2026 - 05:16:41: "QuickScout<84><[U:1:900000012]><Blue>" triggered "shot_hit" (weapon "shotgun_soldier")
L 04/28/2026 - 05:16:41: "QuickScout<84><[U:1:900000012]><Blue>" triggered "damage" against "SoldierBoy<83><[U:1:900000011]><Red>" (damage "41") (weapon "shotgun_soldier")
L 04/28/2026 - 05:16:41: "SoldierBoy<83><[U:1:900000011]><Red>" triggered "shot_fired" (weapon "quake_rl")
L 04/28/2026 - 05:16:41: "SoldierBoy<83><[U:1:900000011]><Red>" triggered "shot_hit" (weapon "quake_rl")
L 04/28/2026 - 05:16:41: "SoldierBoy<83><[U:1:900000011]><Red>" triggered "damage" against "QuickScout<84><[U:1:900000012]><Blue>" (damage "77") (weapon "quake_rl")
L 04/28/2026 - 05:16:41: "QuickScout<84><[U:1:900000012]><Blue>" triggered "shot_fired" (weapon "shotgun_soldier")
L 04/28/2026 - 05:16:41: "SoldierBoy<83><[U:1:900000011]><Red>" triggered "shot_fired" (weapon "shotgun_soldier")
L 04/28/2026 - 05:16:41: "SoldierBoy<83><[U:1:900000011]><Red>" triggered "shot_hit" (weapon "shotgun_soldier")
L 04/28/2026 - 05:16:41: "SoldierBoy<83><[U:1:900000011]><Red>" triggered "damage" against "QuickScout<84><[U:1:900000012]><Blue>" (damage "24") (realdamage "13") (weapon "shotgun_soldier")
L 04/28/2026 - 05:16:41: "SoldierBoy<83><[U:1:900000011]><Red>" killed "QuickScout<84><[U:1:900000012]><Blue>" with "shotgun_soldier" (attacker_position "-13204 10794 10834") (victim_position "-13248 11038 10728")
L 04/28/2026 - 05:16:42: "QuickScout<84><[U:1:900000012]><Blue>" spawned as "soldier"
L 04/28/2026 - 05:16:45: "SoldierBoy<83><[U:1:900000011]><Red>" triggered "shot_fired" (weapon "quake_rl")
L 04/28/2026 - 05:16:45: "SoldierBoy<83><[U:1:900000011]><Red>" triggered "shot_hit" (weapon "quake_rl")
L 04/28/2026 - 05:16:45: "SoldierBoy<83><[U:1:900000011]><Red>" triggered "damage" against "QuickScout<84><[U:1:900000012]><Blue>" (damage "100") (weapon "quake_rl") (airshot "1") (height "505")
L 04/28/2026 - 05:16:45: "QuickScout<84><[U:1:900000012]><Blue>" triggered "shot_fired" (weapon "quake_rl")
L 04/28/2026 - 05:16:46: "SoldierBoy<83><[U:1:900000011]><Red>" triggered "shot_fired" (weapon "quake_rl")
L 04/28/2026 - 05:16:46: "QuickScout<84><[U:1:900000012]><Blue>" triggered "shot_fired" (weapon "quake_rl")
L 04/28/2026 - 05:16:47: "SoldierBoy<83><[U:1:900000011]><Red>" triggered "shot_fired" (weapon "quake_rl")
L 04/28/2026 - 05:16:47: "QuickScout<84><[U:1:900000012]><Blue>" triggered "shot_fired" (weapon "quake_rl")
L 04/28/2026 - 05:16:47: "QuickScout<84><[U:1:900000012]><Blue>" triggered "shot_hit" (weapon "quake_rl")
L 04/28/2026 - 05:16:47: "QuickScout<84><[U:1:900000012]><Blue>" triggered "damage" against "SoldierBoy<83><[U:1:900000011]><Red>" (damage "70") (weapon "quake_rl")
L 04/28/2026 - 05:16:47: "QuickScout<84><[U:1:900000012]><Blue>" triggered "shot_fired" (weapon "shotgun_soldier")
L 04/28/2026 - 05:16:47: "QuickScout<84><[U:1:900000012]><Blue>" triggered "shot_hit" (weapon "shotgun_soldier")
L 04/28/2026 - 05:16:47: "QuickScout<84><[U:1:900000012]><Blue>" triggered "damage" against "SoldierBoy<83><[U:1:900000011]><Red>" (damage "38") (weapon "shotgun_soldier")
L 04/28/2026 - 05:16:48: "SoldierBoy<83><[U:1:900000011]><Red>" triggered "shot_fired" (weapon "quake_rl")
L 04/28/2026 - 05:16:48: "SoldierBoy<83><[U:1:900000011]><Red>" triggered "shot_hit" (weapon "quake_rl")
L 04/28/2026 - 05:16:48: "SoldierBoy<83><[U:1:900000011]><Red>" triggered "damage" against "QuickScout<84><[U:1:900000012]><Blue>" (damage "95") (realdamage "56") (weapon "quake_rl")
L 04/28/2026 - 05:16:48: "SoldierBoy<83><[U:1:900000011]><Red>" killed "QuickScout<84><[U:1:900000012]><Blue>" with "quake_rl" (attacker_position "-12816 11401 10993") (victim_position "-13015 11134 10696")
L 04/28/2026 - 05:16:48: "QuickScout<84><[U:1:900000012]><Blue>" spawned as "soldier"
L 04/28/2026 - 05:16:50: "QuickScout<84><[U:1:900000012]><Blue>" triggered "shot_fired" (weapon "quake_rl")
L 04/28/2026 - 05:16:51: "SoldierBoy<83><[U:1:900000011]><Red>" triggered "shot_fired" (weapon "quake_rl")
L 04/28/2026 - 05:16:51: "SoldierBoy<83><[U:1:900000011]><Red>" triggered "shot_hit" (weapon "quake_rl")
L 04/28/2026 - 05:16:51: "SoldierBoy<83><[U:1:900000011]><Red>" triggered "damage" against "QuickScout<84><[U:1:900000012]><Blue>" (damage "60") (weapon "quake_rl")
L 04/28/2026 - 05:16:51: "SoldierBoy<83><[U:1:900000011]><Red>" triggered "shot_fired" (weapon "quake_rl")
L 04/28/2026 - 05:16:51: "QuickScout<84><[U:1:900000012]><Blue>" triggered "shot_fired" (weapon "quake_rl")
L 04/28/2026 - 05:16:52: "QuickScout<84><[U:1:900000012]><Blue>" triggered "shot_fired" (weapon "quake_rl")
L 04/28/2026 - 05:16:52: "SoldierBoy<83><[U:1:900000011]><Red>" triggered "shot_fired" (weapon "quake_rl")
L 04/28/2026 - 05:16:53: "QuickScout<84><[U:1:900000012]><Blue>" triggered "shot_hit" (weapon "quake_rl")
L 04/28/2026 - 05:16:53: "QuickScout<84><[U:1:900000012]><Blue>" triggered "damage" against "SoldierBoy<83><[U:1:900000011]><Red>" (damage "45") (weapon "quake_rl")
L 04/28/2026 - 05:16:54: "SoldierBoy<83><[U:1:900000011]><Red>" triggered "shot_fired" (weapon "quake_rl")
L 04/28/2026 - 05:16:54: "SoldierBoy<83><[U:1:900000011]><Red>" triggered "shot_hit" (weapon "quake_rl")
L 04/28/2026 - 05:16:54: "SoldierBoy<83><[U:1:900000011]><Red>" triggered "damage" against "QuickScout<84><[U:1:900000012]><Blue>" (damage "108") (weapon "quake_rl")
L 04/28/2026 - 05:16:55: "SoldierBoy<83><[U:1:900000011]><Red>" triggered "shot_fired" (weapon "shotgun_soldier")
L 04/28/2026 - 05:16:55: "SoldierBoy<83><[U:1:900000011]><Red>" triggered "shot_hit" (weapon "shotgun_soldier")
L 04/28/2026 - 05:16:55: "SoldierBoy<83><[U:1:900000011]><Red>" triggered "damage" against "QuickScout<84><[U:1:900000012]><Blue>" (damage "85") (realdamage "6") (weapon "shotgun_soldier")
L 04/28/2026 - 05:16:55: "SoldierBoy<83><[U:1:900000011]><Red>" killed "QuickScout<84><[U:1:900000012]><Blue>" with "shotgun_soldier" (attacker_position "-13158 11053 10836") (victim_position "-13235 10887 10839")
L 04/28/2026 - 05:16:55: "QuickScout<84><[U:1:900000012]><Blue>" spawned as "soldier"
L 04/28/2026 - 05:16:58: "QuickScout<84><[U:1:900000012]><Blue>" triggered "shot_fired" (weapon "quake_rl")
L 04/28/2026 - 05:16:58: "SoldierBoy<83><[U:1:900000011]><Red>" triggered "shot_fired" (weapon "quake_rl")
L 04/28/2026 - 05:16:58: "SoldierBoy<83><[U:1:900000011]><Red>" triggered "shot_hit" (weapon "quake_rl")
L 04/28/2026 - 05:16:58: "SoldierBoy<83><[U:1:900000011]><Red>" triggered "damage" against "QuickScout<84><[U:1:900000012]><Blue>" (damage "96") (weapon "quake_rl") (airshot "1") (height "532")
L 04/28/2026 - 05:16:59: "QuickScout<84><[U:1:900000012]><Blue>" triggered "shot_fired" (weapon "quake_rl")
L 04/28/2026 - 05:16:59: "SoldierBoy<83><[U:1:900000011]><Red>" triggered "shot_fired" (weapon "quake_rl")
L 04/28/2026 - 05:17:00: "QuickScout<84><[U:1:900000012]><Blue>" triggered "shot_hit" (weapon "quake_rl")
L 04/28/2026 - 05:17:00: "QuickScout<84><[U:1:900000012]><Blue>" triggered "damage" against "SoldierBoy<83><[U:1:900000011]><Red>" (damage "56") (weapon "quake_rl")
L 04/28/2026 - 05:17:00: "QuickScout<84><[U:1:900000012]><Blue>" triggered "shot_fired" (weapon "quake_rl")
L 04/28/2026 - 05:17:00: "QuickScout<84><[U:1:900000012]><Blue>" triggered "shot_fired" (weapon "shotgun_soldier")
L 04/28/2026 - 05:17:00: "QuickScout<84><[U:1:900000012]><Blue>" triggered "shot_hit" (weapon "shotgun_soldier")
L 04/28/2026 - 05:17:00: "QuickScout<84><[U:1:900000012]><Blue>" triggered "damage" against "SoldierBoy<83><[U:1:900000011]><Red>" (damage "75") (weapon "shotgun_soldier")
L 04/28/2026 - 05:17:01: "SoldierBoy<83><[U:1:900000011]><Red>" triggered "shot_hit" (weapon "quake_rl")
L 04/28/2026 - 05:17:01: "SoldierBoy<83><[U:1:900000011]><Red>" triggered "damage" against "QuickScout<84><[U:1:900000012]><Blue>" (damage "58") (weapon "quake_rl")
L 04/28/2026 - 05:17:01: "SoldierBoy<83><[U:1:900000011]><Red>" triggered "shot_fired" (weapon "quake_rl")
L 04/28/2026 - 05:17:01: "QuickScout<84><[U:1:900000012]><Blue>" triggered "shot_fired" (weapon "shotgun_soldier")
L 04/28/2026 - 05:17:01: "QuickScout<84><[U:1:900000012]><Blue>" triggered "shot_hit" (weapon "shotgun_soldier")
L 04/28/2026 - 05:17:01: "QuickScout<84><[U:1:900000012]><Blue>" triggered "damage" against "SoldierBoy<83><[U:1:900000011]><Red>" (damage "53") (weapon "shotgun_soldier")
L 04/28/2026 - 05:17:02: "SoldierBoy<83><[U:1:900000011]><Red>" triggered "shot_fired" (weapon "quake_rl")
L 04/28/2026 - 05:17:02: "QuickScout<84><[U:1:900000012]><Blue>" triggered "shot_fired" (weapon "shotgun_soldier")
L 04/28/2026 - 05:17:02: "QuickScout<84><[U:1:900000012]><Blue>" triggered "shot_hit" (weapon "shotgun_soldier")
L 04/28/2026 - 05:17:02: "QuickScout<84><[U:1:900000012]><Blue>" triggered "damage" against "SoldierBoy<83><[U:1:900000011]><Red>" (damage "37") (realdamage "5") (weapon "shotgun_soldier")
L 04/28/2026 - 05:17:02: "QuickScout<84><[U:1:900000012]><Blue>" killed "SoldierBoy<83><[U:1:900000011]><Red>" with "shotgun_soldier" (attacker_position "-13387 11061 10696") (victim_position "-12950 11281 10696")
L 04/28/2026 - 05:17:02: "QuickScout<84><[U:1:900000012]><Blue>" triggered "revenge" against "SoldierBoy<83><[U:1:900000011]><Red>"
L 04/28/2026 - 05:17:02: "SoldierBoy<83><[U:1:900000011]><Red>" triggered "shot_hit" (weapon "quake_rl")
L 04/28/2026 - 05:17:02: "SoldierBoy<83><[U:1:900000011]><Red>" triggered "damage" against "QuickScout<84><[U:1:900000012]><Blue>" (damage "49") (weapon "quake_rl")
L 04/28/2026 - 05:17:02: "SoldierBoy<83><[U:1:900000011]><Red>" spawned as "soldier"
L 04/28/2026 - 05:17:06: "QuickScout<84><[U:1:900000012]><Blue>" triggered "shot_fired" (weapon "quake_rl")
L 04/28/2026 - 05:17:06: "SoldierBoy<83><[U:1:900000011]><Red>" triggered "shot_fired" (weapon "quake_rl")
L 04/28/2026 - 05:17:06: "SoldierBoy<83><[U:1:900000011]><Red>" triggered "shot_hit" (weapon "quake_rl")
L 04/28/2026 - 05:17:06: "SoldierBoy<83><[U:1:900000011]><Red>" triggered "damage" against "QuickScout<84><[U:1:900000012]><Blue>" (damage "57") (weapon "quake_rl")
L 04/28/2026 - 05:17:06: "QuickScout<84><[U:1:900000012]><Blue>" triggered "shot_fired" (weapon "quake_rl")
L 04/28/2026 - 05:17:07: "SoldierBoy<83><[U:1:900000011]><Red>" triggered "shot_fired" (weapon "quake_rl")
L 04/28/2026 - 05:17:07: "QuickScout<84><[U:1:900000012]><Blue>" triggered "shot_fired" (weapon "quake_rl")
L 04/28/2026 - 05:17:08: "SoldierBoy<83><[U:1:900000011]><Red>" triggered "shot_fired" (weapon "quake_rl")
L 04/28/2026 - 05:17:08: "QuickScout<84><[U:1:900000012]><Blue>" triggered "shot_hit" (weapon "quake_rl")
L 04/28/2026 - 05:17:08: "QuickScout<84><[U:1:900000012]><Blue>" triggered "damage" against "SoldierBoy<83><[U:1:900000011]><Red>" (damage "39") (weapon "quake_rl")
L 04/28/2026 - 05:17:08: "SoldierBoy<83><[U:1:900000011]><Red>" triggered "shot_fired" (weapon "shotgun_soldier")
L 04/28/2026 - 05:17:08: "SoldierBoy<83><[U:1:900000011]><Red>" triggered "shot_hit" (weapon "shotgun_soldier")
L 04/28/2026 - 05:17:08: "SoldierBoy<83><[U:1:900000011]><Red>" triggered "damage" against "QuickScout<84><[U:1:900000012]><Blue>" (damage "20") (weapon "shotgun_soldier")
L 04/28/2026 - 05:17:08: "QuickScout<84><[U:1:900000012]><Blue>" triggered "shot_fired" (weapon "quake_rl")
L 04/28/2026 - 05:17:09: "QuickScout<84><[U:1:900000012]><Blue>" triggered "shot_fired" (weapon "shotgun_soldier")
L 04/28/2026 - 05:17:09: "QuickScout<84><[U:1:900000012]><Blue>" triggered "shot_hit" (weapon "shotgun_soldier")
L 04/28/2026 - 05:17:09: "QuickScout<84><[U:1:900000012]><Blue>" triggered "damage" against "SoldierBoy<83><[U:1:900000011]><Red>" (damage "67") (weapon "shotgun_soldier")
L 04/28/2026 - 05:17:09: "SoldierBoy<83><[U:1:900000011]><Red>" triggered "shot_fired" (weapon "shotgun_soldier")
L 04/28/2026 - 05:17:09: "SoldierBoy<83><[U:1:900000011]><Red>" triggered "shot_hit" (weapon "shotgun_soldier")
L 04/28/2026 - 05:17:09: "SoldierBoy<83><[U:1:900000011]><Red>" triggered "damage" against "QuickScout<84><[U:1:900000012]><Blue>" (damage "51") (weapon "shotgun_soldier")
L 04/28/2026 - 05:17:09: "QuickScout<84><[U:1:900000012]><Blue>" triggered "shot_fired" (weapon "shotgun_soldier")
L 04/28/2026 - 05:17:09: "QuickScout<84><[U:1:900000012]><Blue>" triggered "shot_hit" (weapon "shotgun_soldier")
L 04/28/2026 - 05:17:09: "QuickScout<84><[U:1:900000012]><Blue>" triggered "damage" against "SoldierBoy<83><[U:1:900000011]><Red>" (damage "7") (weapon "shotgun_soldier")
L 04/28/2026 - 05:17:10: "SoldierBoy<83><[U:1:900000011]><Red>" triggered "shot_fired" (weapon "shotgun_soldier")
L 04/28/2026 - 05:17:10: "SoldierBoy<83><[U:1:900000011]><Red>" triggered "shot_hit" (weapon "shotgun_soldier")
L 04/28/2026 - 05:17:10: "SoldierBoy<83><[U:1:900000011]><Red>" triggered "damage" against "QuickScout<84><[U:1:900000012]><Blue>" (damage "7") (weapon "shotgun_soldier")
L 04/28/2026 - 05:17:10: "QuickScout<84><[U:1:900000012]><Blue>" triggered "shot_fired" (weapon "shotgun_soldier")
L 04/28/2026 - 05:17:10: "SoldierBoy<83><[U:1:900000011]><Red>" triggered "shot_fired" (weapon "shotgun_soldier")
L 04/28/2026 - 05:17:10: "SoldierBoy<83><[U:1:900000011]><Red>" triggered "shot_hit" (weapon "shotgun_soldier")
L 04/28/2026 - 05:17:10: "SoldierBoy<83><[U:1:900000011]><Red>" triggered "damage" against "QuickScout<84><[U:1:900000012]><Blue>" (damage "21") (weapon "shotgun_soldier")
L 04/28/2026 - 05:17:11: "QuickScout<84><[U:1:900000012]><Blue>" triggered "shot_fired" (weapon "shotgun_soldier")
L 04/28/2026 - 05:17:11: "QuickScout<84><[U:1:900000012]><Blue>" triggered "shot_hit" (weapon "shotgun_soldier")
L 04/28/2026 - 05:17:11: "QuickScout<84><[U:1:900000012]><Blue>" triggered "damage" against "SoldierBoy<83><[U:1:900000011]><Red>" (damage "44") (weapon "shotgun_soldier")
L 04/28/2026 - 05:17:11: "SoldierBoy<83><[U:1:900000011]><Red>" triggered "shot_fired" (weapon "shotgun_soldier")
L 04/28/2026 - 05:17:11: "SoldierBoy<83><[U:1:900000011]><Red>" triggered "shot_hit" (weapon "shotgun_soldier")
L 04/28/2026 - 05:17:11: "SoldierBoy<83><[U:1:900000011]><Red>" triggered "damage" against "QuickScout<84><[U:1:900000012]><Blue>" (damage "14") (weapon "shotgun_soldier")
L 04/28/2026 - 05:17:11: "QuickScout<84><[U:1:900000012]><Blue>" triggered "shot_fired" (weapon "shotgun_soldier")
L 04/28/2026 - 05:17:11: "QuickScout<84><[U:1:900000012]><Blue>" triggered "shot_hit" (weapon "shotgun_soldier")
L 04/28/2026 - 05:17:11: "QuickScout<84><[U:1:900000012]><Blue>" triggered "damage" against "SoldierBoy<83><[U:1:900000011]><Red>" (damage "14") (realdamage "2") (weapon "shotgun_soldier")
L 04/28/2026 - 05:17:11: "QuickScout<84><[U:1:900000012]><Blue>" killed "SoldierBoy<83><[U:1:900000011]><Red>" with "shotgun_soldier" (attacker_position "-13073 11266 10696") (victim_position "-13159 10899 10804")
L 04/28/2026 - 05:17:11: "SoldierBoy<83><[U:1:900000011]><Red>" spawned as "soldier"
L 04/28/2026 - 05:17:16: "QuickScout<84><[U:1:900000012]><Blue>" triggered "shot_fired" (weapon "quake_rl")
L 04/28/2026 - 05:17:16: "SoldierBoy<83><[U:1:900000011]><Red>" triggered "shot_fired" (weapon "quake_rl")
L 04/28/2026 - 05:17:16: "SoldierBoy<83><[U:1:900000011]><Red>" triggered "shot_hit" (weapon "quake_rl")
L 04/28/2026 - 05:17:16: "SoldierBoy<83><[U:1:900000011]><Red>" triggered "damage" against "QuickScout<84><[U:1:900000012]><Blue>" (damage "94") (weapon "quake_rl")
L 04/28/2026 - 05:17:16: "QuickScout<84><[U:1:900000012]><Blue>" triggered "shot_fired" (weapon "quake_rl")
L 04/28/2026 - 05:17:17: "SoldierBoy<83><[U:1:900000011]><Red>" triggered "shot_hit" (weapon "quake_rl")
L 04/28/2026 - 05:17:17: "SoldierBoy<83><[U:1:900000011]><Red>" triggered "damage" against "QuickScout<84><[U:1:900000012]><Blue>" (damage "111") (weapon "quake_rl")
L 04/28/2026 - 05:17:17: "SoldierBoy<83><[U:1:900000011]><Red>" triggered "shot_fired" (weapon "quake_rl")
L 04/28/2026 - 05:17:17: "QuickScout<84><[U:1:900000012]><Blue>" triggered "shot_fired" (weapon "quake_rl")
L 04/28/2026 - 05:17:18: "SoldierBoy<83><[U:1:900000011]><Red>" triggered "shot_fired" (weapon "shotgun_soldier")
L 04/28/2026 - 05:17:18: "SoldierBoy<83><[U:1:900000011]><Red>" triggered "shot_hit" (weapon "shotgun_soldier")
L 04/28/2026 - 05:17:18: "SoldierBoy<83><[U:1:900000011]><Red>" triggered "damage" against "QuickScout<84><[U:1:900000012]><Blue>" (damage "16") (realdamage "15") (weapon "shotgun_soldier")
L 04/28/2026 - 05:17:18: "SoldierBoy<83><[U:1:900000011]><Red>" killed "QuickScout<84><[U:1:900000012]><Blue>" with "shotgun_soldier" (attacker_position "-12996 11034 10696") (victim_position "-12833 10776 11215")
L 04/28/2026 - 05:17:18: "QuickScout<84><[U:1:900000012]><Blue>" spawned as "soldier"
L 04/28/2026 - 05:17:18: "QuickScout<84><[U:1:900000012]><Blue>" triggered "shot_fired" (weapon "quake_rl")
L 04/28/2026 - 05:17:20: "SoldierBoy<83><[U:1:900000011]><Red>" triggered "shot_fired" (weapon "quake_rl")
L 04/28/2026 - 05:17:21: "QuickScout<84><[U:1:900000012]><Blue>" triggered "shot_fired" (weapon "quake_rl")
L 04/28/2026 - 05:17:21: "SoldierBoy<83><[U:1:900000011]><Red>" triggered "shot_hit" (weapon "quake_rl")
L 04/28/2026 - 05:17:21: "SoldierBoy<83><[U:1:900000011]><Red>" triggered "damage" against "QuickScout<84><[U:1:900000012]><Blue>" (damage "110") (weapon "quake_rl")
L 04/28/2026 - 05:17:21: "SoldierBoy<83><[U:1:900000011]><Red>" triggered "shot_fired" (weapon "quake_rl")
L 04/28/2026 - 05:17:21: "QuickScout<84><[U:1:900000012]><Blue>" triggered "shot_fired" (weapon "quake_rl")
L 04/28/2026 - 05:17:22: "QuickScout<84><[U:1:900000012]><Blue>" triggered "shot_hit" (weapon "quake_rl")
L 04/28/2026 - 05:17:22: "QuickScout<84><[U:1:900000012]><Blue>" triggered "damage" against "SoldierBoy<83><[U:1:900000011]><Red>" (damage "69") (weapon "quake_rl")
L 04/28/2026 - 05:17:22: "QuickScout<84><[U:1:900000012]><Blue>" triggered "shot_fired" (weapon "quake_rl")
L 04/28/2026 - 05:17:22: "SoldierBoy<83><[U:1:900000011]><Red>" triggered "shot_fired" (weapon "quake_rl")
L 04/28/2026 - 05:17:23: "SoldierBoy<83><[U:1:900000011]><Red>" triggered "shot_fired" (weapon "shotgun_soldier")
L 04/28/2026 - 05:17:23: "SoldierBoy<83><[U:1:900000011]><Red>" triggered "shot_hit" (weapon "shotgun_soldier")
L 04/28/2026 - 05:17:23: "SoldierBoy<83><[U:1:900000011]><Red>" triggered "damage" against "QuickScout<84><[U:1:900000012]><Blue>" (damage "85") (realdamage "49") (weapon "shotgun_soldier")
L 04/28/2026 - 05:17:23: "SoldierBoy<83><[U:1:900000011]><Red>" killed "QuickScout<84><[U:1:900000012]><Blue>" with "shotgun_soldier" (attacker_position "-13325 10538 10850") (victim_position "-13155 10501 10880")
L 04/28/2026 - 05:17:23: "QuickScout<84><[U:1:900000012]><Blue>" spawned as "soldier"
L 04/28/2026 - 05:17:26: "QuickScout<84><[U:1:900000012]><Blue>" triggered "shot_fired" (weapon "quake_rl")
L 04/28/2026 - 05:17:26: "SoldierBoy<83><[U:1:900000011]><Red>" triggered "shot_fired" (weapon "quake_rl")
L 04/28/2026 - 05:17:27: "SoldierBoy<83><[U:1:900000011]><Red>" triggered "shot_fired" (weapon "quake_rl")
L 04/28/2026 - 05:17:27: "SoldierBoy<83><[U:1:900000011]><Red>" triggered "shot_hit" (weapon "quake_rl")
L 04/28/2026 - 05:17:27: "SoldierBoy<83><[U:1:900000011]><Red>" triggered "damage" against "QuickScout<84><[U:1:900000012]><Blue>" (damage "71") (weapon "quake_rl")
L 04/28/2026 - 05:17:28: "SoldierBoy<83><[U:1:900000011]><Red>" triggered "shot_fired" (weapon "quake_rl")
L 04/28/2026 - 05:17:28: "QuickScout<84><[U:1:900000012]><Blue>" triggered "shot_fired" (weapon "quake_rl")
L 04/28/2026 - 05:17:28: "QuickScout<84><[U:1:900000012]><Blue>" triggered "shot_hit" (weapon "quake_rl")
L 04/28/2026 - 05:17:28: "QuickScout<84><[U:1:900000012]><Blue>" triggered "damage" against "SoldierBoy<83><[U:1:900000011]><Red>" (damage "100") (weapon "quake_rl")
L 04/28/2026 - 05:17:28: "SoldierBoy<83><[U:1:900000011]><Red>" triggered "shot_fired" (weapon "shotgun_soldier")
L 04/28/2026 - 05:17:28: "SoldierBoy<83><[U:1:900000011]><Red>" triggered "shot_hit" (weapon "shotgun_soldier")
L 04/28/2026 - 05:17:28: "SoldierBoy<83><[U:1:900000011]><Red>" triggered "damage" against "QuickScout<84><[U:1:900000012]><Blue>" (damage "36") (weapon "shotgun_soldier")
L 04/28/2026 - 05:17:29: "QuickScout<84><[U:1:900000012]><Blue>" triggered "shot_fired" (weapon "quake_rl")
L 04/28/2026 - 05:17:29: "SoldierBoy<83><[U:1:900000011]><Red>" triggered "shot_fired" (weapon "shotgun_soldier")
L 04/28/2026 - 05:17:29: "SoldierBoy<83><[U:1:900000011]><Red>" triggered "shot_hit" (weapon "shotgun_soldier")
L 04/28/2026 - 05:17:29: "SoldierBoy<83><[U:1:900000011]><Red>" triggered "damage" against "QuickScout<84><[U:1:900000012]><Blue>" (damage "5") (weapon "shotgun_soldier")
L 04/28/2026 - 05:17:29: "QuickScout<84><[U:1:900000012]><Blue>" triggered "shot_fired" (weapon "quake_rl")
L 04/28/2026 - 05:17:30: "QuickScout<84><[U:1:900000012]><Blue>" triggered "shot_hit" (weapon "quake_rl")
L 04/28/2026 - 05:17:30: "QuickScout<84><[U:1:900000012]><Blue>" triggered "damage" against "SoldierBoy<83><[U:1:900000011]><Red>" (damage "47") (weapon "quake_rl")
L 04/28/2026 - 05:17:30: "SoldierBoy<83><[U:1:900000011]><Red>" triggered "shot_fired" (weapon "quake_rl")
L 04/28/2026 - 05:17:30: "QuickScout<84><[U:1:900000012]><Blue>" triggered "shot_fired" (weapon "shotgun_soldier")
L 04/28/2026 - 05:17:30: "SoldierBoy<83><[U:1:900000011]><Red>" triggered "shot_hit" (weapon "quake_rl")
L 04/28/2026 - 05:17:30: "SoldierBoy<83><[U:1:900000011]><Red>" triggered "damage" against "QuickScout<84><[U:1:900000012]><Blue>" (damage "47") (weapon "quake_rl")
L 04/28/2026 - 05:17:31: "QuickScout<84><[U:1:900000012]><Blue>" picked up item "tf_ammo_pack"
L 04/28/2026 - 05:17:32: "QuickScout<84><[U:1:900000012]><Blue>" triggered "shot_fired" (weapon "shotgun_soldier")
L 04/28/2026 - 05:17:32: "SoldierBoy<83><[U:1:900000011]><Red>" triggered "shot_fired" (weapon "shotgun_soldier")
L 04/28/2026 - 05:17:32: "QuickScout<84><[U:1:900000012]><Blue>" triggered "shot_fired" (weapon "shotgun_soldier")
L 04/28/2026 - 05:17:32: "QuickScout<84><[U:1:900000012]><Blue>" triggered "shot_hit" (weapon "shotgun_soldier")
L 04/28/2026 - 05:17:32: "QuickScout<84><[U:1:900000012]><Blue>" triggered "damage" against "SoldierBoy<83><[U:1:900000011]><Red>" (damage "12") (weapon "shotgun_soldier")
L 04/28/2026 - 05:17:33: "SoldierBoy<83><[U:1:900000011]><Red>" triggered "shot_fired" (weapon "shotgun_soldier")
L 04/28/2026 - 05:17:33: "SoldierBoy<83><[U:1:900000011]><Red>" triggered "shot_hit" (weapon "shotgun_soldier")
L 04/28/2026 - 05:17:33: "SoldierBoy<83><[U:1:900000011]><Red>" triggered "damage" against "QuickScout<84><[U:1:900000012]><Blue>" (damage "17") (weapon "shotgun_soldier")
L 04/28/2026 - 05:17:34: "SoldierBoy<83><[U:1:900000011]><Red>" triggered "shot_fired" (weapon "shotgun_soldier")
L 04/28/2026 - 05:17:34: "SoldierBoy<83><[U:1:900000011]><Red>" triggered "shot_hit" (weapon "shotgun_soldier")
L 04/28/2026 - 05:17:34: "SoldierBoy<83><[U:1:900000011]><Red>" triggered "damage" against "QuickScout<84><[U:1:900000012]><Blue>" (damage "18") (realdamage "16") (weapon "shotgun_soldier")
L 04/28/2026 - 05:17:34: "SoldierBoy<83><[U:1:900000011]><Red>" killed "QuickScout<84><[U:1:900000012]><Blue>" with "shotgun_soldier" (attacker_position "-12579 11249 10616") (victim_position "-12921 10894 10713")
L 04/28/2026 - 05:17:34: "QuickScout<84><[U:1:900000012]><Blue>" spawned as "soldier"
L 04/28/2026 - 05:17:39: "SoldierBoy<83><[U:1:900000011]><Red>" triggered "shot_fired" (weapon "quake_rl")
L 04/28/2026 - 05:17:39: "QuickScout<84><[U:1:900000012]><Blue>" triggered "shot_fired" (weapon "quake_rl")
L 04/28/2026 - 05:17:40: "QuickScout<84><[U:1:900000012]><Blue>" triggered "shot_hit" (weapon "quake_rl")
L 04/28/2026 - 05:17:40: "QuickScout<84><[U:1:900000012]><Blue>" triggered "damage" against "SoldierBoy<83><[U:1:900000011]><Red>" (damage "46") (weapon "quake_rl")
L 04/28/2026 - 05:17:40: "SoldierBoy<83><[U:1:900000011]><Red>" triggered "shot_fired" (weapon "quake_rl")
L 04/28/2026 - 05:17:41: "SoldierBoy<83><[U:1:900000011]><Red>" triggered "shot_hit" (weapon "quake_rl")
L 04/28/2026 - 05:17:41: "SoldierBoy<83><[U:1:900000011]><Red>" triggered "damage" against "QuickScout<84><[U:1:900000012]><Blue>" (damage "67") (weapon "quake_rl")
L 04/28/2026 - 05:17:41: "QuickScout<84><[U:1:900000012]><Blue>" triggered "shot_fired" (weapon "quake_rl")
L 04/28/2026 - 05:17:41: "SoldierBoy<83><[U:1:900000011]><Red>" triggered "shot_fired" (weapon "quake_rl")
L 04/28/2026 - 05:17:41: "SoldierBoy<83><[U:1:900000011]><Red>" triggered "shot_hit" (weapon "quake_rl")
L 04/28/2026 - 05:17:41: "SoldierBoy<83><[U:1:900000011]><Red>" triggered "damage" against "QuickScout<84><[U:1:900000012]><Blue>" (damage "52") (weapon "quake_rl")
L 04/28/2026 - 05:17:41: "QuickScout<84><[U:1:900000012]><Blue>" triggered "shot_fired" (weapon "quake_rl")
L 04/28/2026 - 05:17:42: "SoldierBoy<83><[U:1:900000011]><Red>" triggered "shot_fired" (weapon "shotgun_soldier")
L 04/28/2026 - 05:17:42: "SoldierBoy<83><[U:1:900000011]><Red>" triggered "shot_hit" (weapon "shotgun_soldier")
L 04/28/2026 - 05:17:42: "SoldierBoy<83><[U:1:900000011]><Red>" triggered "damage" against "QuickScout<84><[U:1:900000012]><Blue>" (damage "37") (realdamage "29") (weapon "shotgun_soldier")
L 04/28/2026 - 05:17:42: "SoldierBoy<83><[U:1:900000011]><Red>" killed "QuickScout<84><[U:1:900000012]><Blue>" with "shotgun_soldier" (attacker_position "-13125 10467 10697") (victim_position "-13061 10932 10832")
L 04/28/2026 - 05:17:42: "SoldierBoy<83><[U:1:900000011]><Red>" triggered "domination" against "QuickScout<84><[U:1:900000012]><Blue>"
L 04/28/2026 - 05:17:42: "QuickScout<84><[U:1:900000012]><Blue>" spawned as "soldier"
L 04/28/2026 - 05:17:44: "QuickScout<84><[U:1:900000012]><Blue>" triggered "shot_fired" (weapon "quake_rl")
L 04/28/2026 - 05:17:44: "SoldierBoy<83><[U:1:900000011]><Red>" triggered "shot_fired" (weapon "quake_rl")
L 04/28/2026 - 05:17:44: "QuickScout<84><[U:1:900000012]><Blue>" triggered "shot_hit" (weapon "quake_rl")
L 04/28/2026 - 05:17:44: "QuickScout<84><[U:1:900000012]><Blue>" triggered "damage" against "SoldierBoy<83><[U:1:900000011]><Red>" (damage "52") (weapon "quake_rl")
L 04/28/2026 - 05:17:45: "QuickScout<84><[U:1:900000012]><Blue>" triggered "shot_fired" (weapon "quake_rl")
L 04/28/2026 - 05:17:45: "QuickScout<84><[U:1:900000012]><Blue>" triggered "shot_hit" (weapon "quake_rl")
L 04/28/2026 - 05:17:45: "QuickScout<84><[U:1:900000012]><Blue>" triggered "damage" against "SoldierBoy<83><[U:1:900000011]><Red>" (damage "63") (weapon "quake_rl")
L 04/28/2026 - 05:17:45: "SoldierBoy<83><[U:1:900000011]><Red>" triggered "shot_fired" (weapon "quake_rl")
L 04/28/2026 - 05:17:45: "SoldierBoy<83><[U:1:900000011]><Red>" triggered "shot_hit" (weapon "quake_rl")
L 04/28/2026 - 05:17:45: "SoldierBoy<83><[U:1:900000011]><Red>" triggered "damage" against "QuickScout<84><[U:1:900000012]><Blue>" (damage "87") (weapon "quake_rl")
L 04/28/2026 - 05:17:46: "QuickScout<84><[U:1:900000012]><Blue>" triggered "shot_fired" (weapon "quake_rl")
L 04/28/2026 - 05:17:46: "SoldierBoy<83><[U:1:900000011]><Red>" triggered "shot_fired" (weapon "quake_rl")
L 04/28/2026 - 05:17:46: "SoldierBoy<83><[U:1:900000011]><Red>" triggered "shot_hit" (weapon "quake_rl")
L 04/28/2026 - 05:17:46: "SoldierBoy<83><[U:1:900000011]><Red>" triggered "damage" against "QuickScout<84><[U:1:900000012]><Blue>" (damage "71") (weapon "quake_rl")
L 04/28/2026 - 05:17:46: "QuickScout<84><[U:1:900000012]><Blue>" triggered "shot_fired" (weapon "shotgun_soldier")
L 04/28/2026 - 05:17:47: "QuickScout<84><[U:1:900000012]><Blue>" triggered "shot_fired" (weapon "shotgun_soldier")
L 04/28/2026 - 05:17:47: "SoldierBoy<83><[U:1:900000011]><Red>" triggered "shot_hit" (weapon "quake_rl")
L 04/28/2026 - 05:17:47: "SoldierBoy<83><[U:1:900000011]><Red>" triggered "damage" against "QuickScout<84><[U:1:900000012]><Blue>" (damage "79") (realdamage "14") (weapon "quake_rl")
L 04/28/2026 - 05:17:47: "SoldierBoy<83><[U:1:900000011]><Red>" killed "QuickScout<84><[U:1:900000012]><Blue>" with "quake_rl" (attacker_position "-13262 10608 10759") (victim_position "-13367 10510 10696")
L 04/28/2026 - 05:17:47: "SoldierBoy<83><[U:1:900000011]><Red>" triggered "shot_fired" (weapon "quake_rl")
L 04/28/2026 - 05:17:47: "QuickScout<84><[U:1:900000012]><Blue>" spawned as "soldier"
L 04/28/2026 - 05:17:49: "SoldierBoy<83><[U:1:900000011]><Red>" triggered "shot_fired" (weapon "quake_rl")
L 04/28/2026 - 05:17:49: "QuickScout<84><[U:1:900000012]><Blue>" triggered "shot_fired" (weapon "quake_rl")
L 04/28/2026 - 05:17:50: "QuickScout<84><[U:1:900000012]><Blue>" triggered "shot_hit" (weapon "quake_rl")
L 04/28/2026 - 05:17:50: "QuickScout<84><[U:1:900000012]><Blue>" triggered "damage" against "SoldierBoy<83><[U:1:900000011]><Red>" (damage "75") (weapon "quake_rl")
L 04/28/2026 - 05:17:50: "SoldierBoy<83><[U:1:900000011]><Red>" triggered "shot_fired" (weapon "quake_rl")
L 04/28/2026 - 05:17:50: "QuickScout<84><[U:1:900000012]><Blue>" triggered "shot_fired" (weapon "quake_rl")
L 04/28/2026 - 05:17:51: "SoldierBoy<83><[U:1:900000011]><Red>" triggered "shot_fired" (weapon "quake_rl")
L 04/28/2026 - 05:17:51: "SoldierBoy<83><[U:1:900000011]><Red>" triggered "shot_hit" (weapon "quake_rl")
L 04/28/2026 - 05:17:51: "SoldierBoy<83><[U:1:900000011]><Red>" triggered "damage" against "QuickScout<84><[U:1:900000012]><Blue>" (damage "52") (weapon "quake_rl")
L 04/28/2026 - 05:17:51: "QuickScout<84><[U:1:900000012]><Blue>" triggered "shot_fired" (weapon "quake_rl")
L 04/28/2026 - 05:17:52: "QuickScout<84><[U:1:900000012]><Blue>" triggered "shot_hit" (weapon "quake_rl")
L 04/28/2026 - 05:17:52: "QuickScout<84><[U:1:900000012]><Blue>" triggered "damage" against "SoldierBoy<83><[U:1:900000011]><Red>" (damage "80") (weapon "quake_rl")
L 04/28/2026 - 05:17:52: "QuickScout<84><[U:1:900000012]><Blue>" triggered "shot_fired" (weapon "shotgun_soldier")
L 04/28/2026 - 05:17:52: "SoldierBoy<83><[U:1:900000011]><Red>" triggered "shot_fired" (weapon "quake_rl")
L 04/28/2026 - 05:17:52: "QuickScout<84><[U:1:900000012]><Blue>" triggered "shot_fired" (weapon "shotgun_soldier")
L 04/28/2026 - 05:17:52: "QuickScout<84><[U:1:900000012]><Blue>" triggered "shot_hit" (weapon "shotgun_soldier")
L 04/28/2026 - 05:17:52: "QuickScout<84><[U:1:900000012]><Blue>" triggered "damage" against "SoldierBoy<83><[U:1:900000011]><Red>" (damage "72") (realdamage "50") (weapon "shotgun_soldier")
L 04/28/2026 - 05:17:52: "QuickScout<84><[U:1:900000012]><Blue>" killed "SoldierBoy<83><[U:1:900000011]><Red>" with "shotgun_soldier" (attacker_position "-13687 11644 10673") (victim_position "-13594 11398 10680")
L 04/28/2026 - 05:17:52: "QuickScout<84><[U:1:900000012]><Blue>" triggered "revenge" against "SoldierBoy<83><[U:1:900000011]><Red>"
L 04/28/2026 - 05:17:53: "SoldierBoy<83><[U:1:900000011]><Red>" spawned as "soldier"
L 04/28/2026 - 05:17:55: "QuickScout<84><[U:1:900000012]><Blue>" triggered "shot_fired" (weapon "quake_rl")
L 04/28/2026 - 05:17:55: "SoldierBoy<83><[U:1:900000011]><Red>" triggered "shot_fired" (weapon "quake_rl")
L 04/28/2026 - 05:17:55: "SoldierBoy<83><[U:1:900000011]><Red>" triggered "shot_hit" (weapon "quake_rl")
L 04/28/2026 - 05:17:55: "SoldierBoy<83><[U:1:900000011]><Red>" triggered "damage" against "QuickScout<84><[U:1:900000012]><Blue>" (damage "56") (weapon "quake_rl")
L 04/28/2026 - 05:17:55: "QuickScout<84><[U:1:900000012]><Blue>" triggered "shot_fired" (weapon "quake_rl")
L 04/28/2026 - 05:17:56: "SoldierBoy<83><[U:1:900000011]><Red>" triggered "shot_fired" (weapon "quake_rl")
L 04/28/2026 - 05:17:56: "QuickScout<84><[U:1:900000012]><Blue>" triggered "shot_hit" (weapon "quake_rl")
L 04/28/2026 - 05:17:56: "QuickScout<84><[U:1:900000012]><Blue>" triggered "damage" against "SoldierBoy<83><[U:1:900000011]><Red>" (damage "75") (weapon "quake_rl")
L 04/28/2026 - 05:17:56: "QuickScout<84><[U:1:900000012]><Blue>" triggered "shot_fired" (weapon "quake_rl")
L 04/28/2026 - 05:17:57: "SoldierBoy<83><[U:1:900000011]><Red>" triggered "shot_fired" (weapon "quake_rl")
L 04/28/2026 - 05:17:57: "SoldierBoy<83><[U:1:900000011]><Red>" triggered "shot_hit" (weapon "quake_rl")
L 04/28/2026 - 05:17:57: "SoldierBoy<83><[U:1:900000011]><Red>" triggered "damage" against "QuickScout<84><[U:1:900000012]><Blue>" (damage "87") (weapon "quake_rl")
L 04/28/2026 - 05:17:57: "QuickScout<84><[U:1:900000012]><Blue>" triggered "shot_fired" (weapon "quake_rl")
L 04/28/2026 - 05:17:57: "SoldierBoy<83><[U:1:900000011]><Red>" triggered "shot_fired" (weapon "shotgun_soldier")
L 04/28/2026 - 05:17:57: "QuickScout<84><[U:1:900000012]><Blue>" triggered "shot_fired" (weapon "shotgun_soldier")
L 04/28/2026 - 05:17:58: "SoldierBoy<83><[U:1:900000011]><Red>" triggered "shot_fired" (weapon "shotgun_soldier")
L 04/28/2026 - 05:17:58: "SoldierBoy<83><[U:1:900000011]><Red>" triggered "shot_hit" (weapon "shotgun_soldier")
L 04/28/2026 - 05:17:58: "SoldierBoy<83><[U:1:900000011]><Red>" triggered "damage" against "QuickScout<84><[U:1:900000012]><Blue>" (damage "30") (weapon "shotgun_soldier")
L 04/28/2026 - 05:17:58: "QuickScout<84><[U:1:900000012]><Blue>" triggered "shot_fired" (weapon "shotgun_soldier")
L 04/28/2026 - 05:17:58: "QuickScout<84><[U:1:900000012]><Blue>" triggered "shot_hit" (weapon "shotgun_soldier")
L 04/28/2026 - 05:17:58: "QuickScout<84><[U:1:900000012]><Blue>" triggered "damage" against "SoldierBoy<83><[U:1:900000011]><Red>" (damage "22") (weapon "shotgun_soldier")
L 04/28/2026 - 05:17:59: "SoldierBoy<83><[U:1:900000011]><Red>" triggered "shot_fired" (weapon "shotgun_soldier")
L 04/28/2026 - 05:17:59: "SoldierBoy<83><[U:1:900000011]><Red>" triggered "shot_hit" (weapon "shotgun_soldier")
L 04/28/2026 - 05:17:59: "SoldierBoy<83><[U:1:900000011]><Red>" triggered "damage" against "QuickScout<84><[U:1:900000012]><Blue>" (damage "14") (weapon "shotgun_soldier")
L 04/28/2026 - 05:17:59: "QuickScout<84><[U:1:900000012]><Blue>" triggered "shot_fired" (weapon "shotgun_soldier")
L 04/28/2026 - 05:17:59: "SoldierBoy<83><[U:1:900000011]><Red>" triggered "shot_fired" (weapon "shotgun_soldier")
L 04/28/2026 - 05:17:59: "SoldierBoy<83><[U:1:900000011]><Red>" triggered "shot_hit" (weapon "shotgun_soldier")
L 04/28/2026 - 05:17:59: "SoldierBoy<83><[U:1:900000011]><Red>" triggered "damage" against "QuickScout<84><[U:1:900000012]><Blue>" (damage "13") (weapon "shotgun_soldier")
L 04/28/2026 - 05:17:59: "QuickScout<84><[U:1:900000012]><Blue>" triggered "shot_fired" (weapon "shotgun_soldier")
L 04/28/2026 - 05:17:59: "QuickScout<84><[U:1:900000012]><Blue>" triggered "shot_hit" (weapon "shotgun_soldier")
L 04/28/2026 - 05:17:59: "QuickScout<84><[U:1:900000012]><Blue>" triggered "damage" against "SoldierBoy<83><[U:1:900000011]><Red>" (damage "38") (weapon "shotgun_soldier")
L 04/28/2026 - 05:18:00: "SoldierBoy<83><[U:1:900000011]><Red>" triggered "shot_fired" (weapon "shotgun_soldier")
L 04/28/2026 - 05:18:00: "QuickScout<84><[U:1:900000012]><Blue>" triggered "shot_fired" (weapon "shotgun_soldier")
L 04/28/2026 - 05:18:01: "QuickScout<84><[U:1:900000012]><Blue>" triggered "shot_fired" (weapon "shotgun_soldier")
L 04/28/2026 - 05:18:01: "SoldierBoy<83><[U:1:900000011]><Red>" triggered "shot_fired" (weapon "shotgun_soldier")
L 04/28/2026 - 05:18:01: "SoldierBoy<83><[U:1:900000011]><Red>" triggered "shot_hit" (weapon "shotgun_soldier")
L 04/28/2026 - 05:18:01: "SoldierBoy<83><[U:1:900000011]><Red>" triggered "damage" against "QuickScout<84><[U:1:900000012]><Blue>" (damage "18") (realdamage "5") (weapon "shotgun_soldier")
L 04/28/2026 - 05:18:01: "SoldierBoy<83><[U:1:900000011]><Red>" killed "QuickScout<84><[U:1:900000012]><Blue>" with "shotgun_soldier" (attacker_position "-13238 12006 10809") (victim_position "-13254 11493 10697")
L 04/28/2026 - 05:18:01: "QuickScout<84><[U:1:900000012]><Blue>" spawned as "soldier"
L 04/28/2026 - 05:18:04: "QuickScout<84><[U:1:900000012]><Blue>" triggered "shot_fired" (weapon "quake_rl")
L 04/28/2026 - 05:18:04: "SoldierBoy<83><[U:1:900000011]><Red>" triggered "shot_fired" (weapon "quake_rl")
L 04/28/2026 - 05:18:04: "QuickScout<84><[U:1:900000012]><Blue>" triggered "shot_hit" (weapon "quake_rl")
L 04/28/2026 - 05:18:04: "QuickScout<84><[U:1:900000012]><Blue>" triggered "damage" against "SoldierBoy<83><[U:1:900000011]><Red>" (damage "108") (weapon "quake_rl")
L 04/28/2026 - 05:18:05: "QuickScout<84><[U:1:900000012]><Blue>" triggered "shot_fired" (weapon "quake_rl")
L 04/28/2026 - 05:18:05: "SoldierBoy<83><[U:1:900000011]><Red>" triggered "shot_hit" (weapon "quake_rl")
L 04/28/2026 - 05:18:05: "SoldierBoy<83><[U:1:900000011]><Red>" triggered "damage" against "QuickScout<84><[U:1:900000012]><Blue>" (damage "106") (weapon "quake_rl")
L 04/28/2026 - 05:18:05: "SoldierBoy<83><[U:1:900000011]><Red>" triggered "shot_fired" (weapon "quake_rl")
L 04/28/2026 - 05:18:05: "QuickScout<84><[U:1:900000012]><Blue>" triggered "shot_fired" (weapon "quake_rl")
L 04/28/2026 - 05:18:05: "QuickScout<84><[U:1:900000012]><Blue>" triggered "shot_hit" (weapon "quake_rl")
L 04/28/2026 - 05:18:05: "QuickScout<84><[U:1:900000012]><Blue>" triggered "damage" against "SoldierBoy<83><[U:1:900000011]><Red>" (damage "46") (weapon "quake_rl")
L 04/28/2026 - 05:18:06: "SoldierBoy<83><[U:1:900000011]><Red>" triggered "shot_fired" (weapon "quake_rl")
L 04/28/2026 - 05:18:06: "SoldierBoy<83><[U:1:900000011]><Red>" triggered "shot_hit" (weapon "quake_rl")
L 04/28/2026 - 05:18:06: "SoldierBoy<83><[U:1:900000011]><Red>" triggered "damage" against "QuickScout<84><[U:1:900000012]><Blue>" (damage "97") (realdamage "65") (weapon "quake_rl") (airshot "1") (height "382")
L 04/28/2026 - 05:18:06: "SoldierBoy<83><[U:1:900000011]><Red>" killed "QuickScout<84><[U:1:900000012]><Blue>" with "quake_rl" (attacker_position "-12948 11552 10696") (victim_position "-12891 11715 11078")
L 04/28/2026 - 05:18:06: "QuickScout<84><[U:1:900000012]><Blue>" spawned as "soldier"
L 04/28/2026 - 05:18:09: "QuickScout<84><[U:1:900000012]><Blue>" triggered "shot_fired" (weapon "quake_rl")
L 04/28/2026 - 05:18:10: "SoldierBoy<83><[U:1:900000011]><Red>" triggered "shot_fired" (weapon "quake_rl")
L 04/28/2026 - 05:18:10: "QuickScout<84><[U:1:900000012]><Blue>" triggered "shot_hit" (weapon "quake_rl")
L 04/28/2026 - 05:18:10: "QuickScout<84><[U:1:900000012]><Blue>" triggered "damage" against "SoldierBoy<83><[U:1:900000011]><Red>" (damage "57") (weapon "quake_rl")
L 04/28/2026 - 05:18:10: "QuickScout<84><[U:1:900000012]><Blue>" triggered "shot_fired" (weapon "quake_rl")
L 04/28/2026 - 05:18:11: "SoldierBoy<83><[U:1:900000011]><Red>" triggered "shot_fired" (weapon "quake_rl")
L 04/28/2026 - 05:18:11: "QuickScout<84><[U:1:900000012]><Blue>" triggered "shot_fired" (weapon "quake_rl")
L 04/28/2026 - 05:18:11: "QuickScout<84><[U:1:900000012]><Blue>" triggered "shot_hit" (weapon "quake_rl")
L 04/28/2026 - 05:18:11: "QuickScout<84><[U:1:900000012]><Blue>" triggered "damage" against "SoldierBoy<83><[U:1:900000011]><Red>" (damage "78") (weapon "quake_rl")
L 04/28/2026 - 05:18:12: "SoldierBoy<83><[U:1:900000011]><Red>" triggered "shot_hit" (weapon "quake_rl")
L 04/28/2026 - 05:18:12: "SoldierBoy<83><[U:1:900000011]><Red>" triggered "damage" against "QuickScout<84><[U:1:900000012]><Blue>" (damage "82") (weapon "quake_rl")
L 04/28/2026 - 05:18:12: "QuickScout<84><[U:1:900000012]><Blue>" triggered "shot_fired" (weapon "shotgun_soldier")
L 04/28/2026 - 05:18:12: "QuickScout<84><[U:1:900000012]><Blue>" triggered "shot_hit" (weapon "shotgun_soldier")
L 04/28/2026 - 05:18:12: "QuickScout<84><[U:1:900000012]><Blue>" triggered "damage" against "SoldierBoy<83><[U:1:900000011]><Red>" (damage "83") (weapon "shotgun_soldier")
L 04/28/2026 - 05:18:12: "SoldierBoy<83><[U:1:900000011]><Red>" triggered "shot_fired" (weapon "quake_rl")
L 04/28/2026 - 05:18:12: "SoldierBoy<83><[U:1:900000011]><Red>" triggered "shot_fired" (weapon "shotgun_soldier")
L 04/28/2026 - 05:18:12: "SoldierBoy<83><[U:1:900000011]><Red>" triggered "shot_hit" (weapon "shotgun_soldier")
L 04/28/2026 - 05:18:12: "SoldierBoy<83><[U:1:900000011]><Red>" triggered "damage" against "QuickScout<84><[U:1:900000012]><Blue>" (damage "21") (weapon "shotgun_soldier")
L 04/28/2026 - 05:18:13: "QuickScout<84><[U:1:900000012]><Blue>" triggered "shot_fired" (weapon "shotgun_soldier")
L 04/28/2026 - 05:18:13: "SoldierBoy<83><[U:1:900000011]><Red>" triggered "shot_fired" (weapon "shotgun_soldier")
L 04/28/2026 - 05:18:13: "SoldierBoy<83><[U:1:900000011]><Red>" triggered "shot_hit" (weapon "shotgun_soldier")
L 04/28/2026 - 05:18:13: "SoldierBoy<83><[U:1:900000011]><Red>" triggered "damage" against "QuickScout<84><[U:1:900000012]><Blue>" (damage "45") (weapon "shotgun_soldier")
L 04/28/2026 - 05:18:13: "QuickScout<84><[U:1:900000012]><Blue>" triggered "shot_fired" (weapon "shotgun_soldier")
L 04/28/2026 - 05:18:13: "QuickScout<84><[U:1:900000012]><Blue>" triggered "shot_hit" (weapon "shotgun_soldier")
L 04/28/2026 - 05:18:13: "QuickScout<84><[U:1:900000012]><Blue>" triggered "damage" against "SoldierBoy<83><[U:1:900000011]><Red>" (damage "13") (realdamage "4") (weapon "shotgun_soldier")
L 04/28/2026 - 05:18:13: "QuickScout<84><[U:1:900000012]><Blue>" killed "SoldierBoy<83><[U:1:900000011]><Red>" with "shotgun_soldier" (attacker_position "-13391 11669 10696") (victim_position "-12934 11539 10721")
L 04/28/2026 - 05:18:13: "SoldierBoy<83><[U:1:900000011]><Red>" spawned as "soldier"
L 04/28/2026 - 05:18:16: "SoldierBoy<83><[U:1:900000011]><Red>" triggered "shot_fired" (weapon "quake_rl")
L 04/28/2026 - 05:18:16: "QuickScout<84><[U:1:900000012]><Blue>" triggered "shot_fired" (weapon "quake_rl")
L 04/28/2026 - 05:18:16: "SoldierBoy<83><[U:1:900000011]><Red>" triggered "shot_hit" (weapon "quake_rl")
L 04/28/2026 - 05:18:16: "SoldierBoy<83><[U:1:900000011]><Red>" triggered "damage" against "QuickScout<84><[U:1:900000012]><Blue>" (damage "72") (weapon "quake_rl")
L 04/28/2026 - 05:18:17: "SoldierBoy<83><[U:1:900000011]><Red>" triggered "shot_hit" (weapon "quake_rl")
L 04/28/2026 - 05:18:17: "SoldierBoy<83><[U:1:900000011]><Red>" triggered "damage" against "QuickScout<84><[U:1:900000012]><Blue>" (damage "109") (weapon "quake_rl") (airshot "1") (height "268")
L 04/28/2026 - 05:18:17: "SoldierBoy<83><[U:1:900000011]><Red>" triggered "shot_fired" (weapon "quake_rl")
L 04/28/2026 - 05:18:17: "QuickScout<84><[U:1:900000012]><Blue>" triggered "shot_fired" (weapon "quake_rl")
L 04/28/2026 - 05:18:17: "QuickScout<84><[U:1:900000012]><Blue>" triggered "shot_hit" (weapon "quake_rl")
L 04/28/2026 - 05:18:17: "QuickScout<84><[U:1:900000012]><Blue>" triggered "damage" against "SoldierBoy<83><[U:1:900000011]><Red>" (damage "41") (weapon "quake_rl")
L 04/28/2026 - 05:18:18: "SoldierBoy<83><[U:1:900000011]><Red>" triggered "shot_fired" (weapon "quake_rl")
L 04/28/2026 - 05:18:19: "QuickScout<84><[U:1:900000012]><Blue>" triggered "shot_fired" (weapon "quake_rl")
L 04/28/2026 - 05:18:20: "SoldierBoy<83><[U:1:900000011]><Red>" triggered "shot_fired" (weapon "shotgun_soldier")
L 04/28/2026 - 05:18:20: "SoldierBoy<83><[U:1:900000011]><Red>" triggered "shot_hit" (weapon "shotgun_soldier")
L 04/28/2026 - 05:18:20: "SoldierBoy<83><[U:1:900000011]><Red>" triggered "damage" against "QuickScout<84><[U:1:900000012]><Blue>" (damage "71") (realdamage "5") (weapon "shotgun_soldier")
L 04/28/2026 - 05:18:20: "SoldierBoy<83><[U:1:900000011]><Red>" killed "QuickScout<84><[U:1:900000012]><Blue>" with "shotgun_soldier" (attacker_position "-13147 11437 10701") (victim_position "-13031 11654 10855")
L 04/28/2026 - 05:18:20: "QuickScout<84><[U:1:900000012]><Blue>" triggered "shot_fired" (weapon "quake_rl")
L 04/28/2026 - 05:18:20: "QuickScout<84><[U:1:900000012]><Blue>" spawned as "soldier"
L 04/28/2026 - 05:18:20: "QuickScout<84><[U:1:900000012]><Blue>" triggered "shot_hit" (weapon "quake_rl")
L 04/28/2026 - 05:18:20: "QuickScout<84><[U:1:900000012]><Blue>" triggered "damage" against "SoldierBoy<83><[U:1:900000011]><Red>" (damage "48") (weapon "quake_rl")
L 04/28/2026 - 05:18:24: "QuickScout<84><[U:1:900000012]><Blue>" triggered "shot_fired" (weapon "quake_rl")
L 04/28/2026 - 05:18:24: "SoldierBoy<83><[U:1:900000011]><Red>" triggered "shot_fired" (weapon "quake_rl")
L 04/28/2026 - 05:18:24: "QuickScout<84><[U:1:900000012]><Blue>" triggered "shot_fired" (weapon "quake_rl")
L 04/28/2026 - 05:18:25: "QuickScout<84><[U:1:900000012]><Blue>" triggered "shot_hit" (weapon "quake_rl")
L 04/28/2026 - 05:18:25: "QuickScout<84><[U:1:900000012]><Blue>" triggered "damage" against "SoldierBoy<83><[U:1:900000011]><Red>" (damage "103") (weapon "quake_rl")
L 04/28/2026 - 05:18:25: "SoldierBoy<83><[U:1:900000011]><Red>" triggered "shot_fired" (weapon "quake_rl")
L 04/28/2026 - 05:18:25: "QuickScout<84><[U:1:900000012]><Blue>" triggered "shot_fired" (weapon "quake_rl")
L 04/28/2026 - 05:18:25: "QuickScout<84><[U:1:900000012]><Blue>" triggered "shot_hit" (weapon "quake_rl")
L 04/28/2026 - 05:18:25: "QuickScout<84><[U:1:900000012]><Blue>" triggered "damage" against "SoldierBoy<83><[U:1:900000011]><Red>" (damage "66") (weapon "quake_rl")
L 04/28/2026 - 05:18:26: "QuickScout<84><[U:1:900000012]><Blue>" triggered "shot_fired" (weapon "shotgun_soldier")
L 04/28/2026 - 05:18:26: "QuickScout<84><[U:1:900000012]><Blue>" triggered "shot_hit" (weapon "shotgun_soldier")
L 04/28/2026 - 05:18:26: "QuickScout<84><[U:1:900000012]><Blue>" triggered "damage" against "SoldierBoy<83><[U:1:900000011]><Red>" (damage "15") (weapon "shotgun_soldier")
L 04/28/2026 - 05:18:26: "SoldierBoy<83><[U:1:900000011]><Red>" triggered "shot_fired" (weapon "quake_rl")
L 04/28/2026 - 05:18:26: "SoldierBoy<83><[U:1:900000011]><Red>" triggered "shot_hit" (weapon "quake_rl")
L 04/28/2026 - 05:18:26: "SoldierBoy<83><[U:1:900000011]><Red>" triggered "damage" against "QuickScout<84><[U:1:900000012]><Blue>" (damage "79") (weapon "quake_rl")
L 04/28/2026 - 05:18:26: "SoldierBoy<83><[U:1:900000011]><Red>" triggered "shot_fired" (weapon "shotgun_soldier")
L 04/28/2026 - 05:18:26: "SoldierBoy<83><[U:1:900000011]><Red>" triggered "shot_hit" (weapon "shotgun_soldier")
L 04/28/2026 - 05:18:26: "SoldierBoy<83><[U:1:900000011]><Red>" triggered "damage" against "QuickScout<84><[U:1:900000012]><Blue>" (damage "8") (weapon "shotgun_soldier")
L 04/28/2026 - 05:18:27: "QuickScout<84><[U:1:900000012]><Blue>" triggered "shot_fired" (weapon "shotgun_soldier")
L 04/28/2026 - 05:18:27: "SoldierBoy<83><[U:1:900000011]><Red>" triggered "shot_fired" (weapon "shotgun_soldier")
L 04/28/2026 - 05:18:27: "SoldierBoy<83><[U:1:900000011]><Red>" triggered "shot_hit" (weapon "shotgun_soldier")
L 04/28/2026 - 05:18:27: "SoldierBoy<83><[U:1:900000011]><Red>" triggered "damage" against "QuickScout<84><[U:1:900000012]><Blue>" (damage "42") (weapon "shotgun_soldier")
L 04/28/2026 - 05:18:27: "QuickScout<84><[U:1:900000012]><Blue>" triggered "shot_fired" (weapon "shotgun_soldier")
L 04/28/2026 - 05:18:28: "SoldierBoy<83><[U:1:900000011]><Red>" triggered "shot_fired" (weapon "shotgun_soldier")
L 04/28/2026 - 05:18:28: "QuickScout<84><[U:1:900000012]><Blue>" triggered "shot_fired" (weapon "shotgun_soldier")
L 04/28/2026 - 05:18:28: "QuickScout<84><[U:1:900000012]><Blue>" triggered "shot_fired" (weapon "shotgun_soldier")
L 04/28/2026 - 05:18:28: "QuickScout<84><[U:1:900000012]><Blue>" triggered "shot_hit" (weapon "shotgun_soldier")
L 04/28/2026 - 05:18:28: "QuickScout<84><[U:1:900000012]><Blue>" triggered "damage" against "SoldierBoy<83><[U:1:900000011]><Red>" (damage "14") (weapon "shotgun_soldier")
L 04/28/2026 - 05:18:28: "SoldierBoy<83><[U:1:900000011]><Red>" triggered "shot_fired" (weapon "shotgun_soldier")
L 04/28/2026 - 05:18:28: "SoldierBoy<83><[U:1:900000011]><Red>" triggered "shot_hit" (weapon "shotgun_soldier")
L 04/28/2026 - 05:18:28: "SoldierBoy<83><[U:1:900000011]><Red>" triggered "damage" against "QuickScout<84><[U:1:900000012]><Blue>" (damage "44") (realdamage "24") (weapon "shotgun_soldier")
L 04/28/2026 - 05:18:28: "SoldierBoy<83><[U:1:900000011]><Red>" killed "QuickScout<84><[U:1:900000012]><Blue>" with "shotgun_soldier" (attacker_position "-13084 11846 10812") (victim_position "-13133 11509 10699")
L 04/28/2026 - 05:18:29: "QuickScout<84><[U:1:900000012]><Blue>" spawned as "soldier"
L 04/28/2026 - 05:18:32: "QuickScout<84><[U:1:900000012]><Blue>" triggered "shot_fired" (weapon "quake_rl")
L 04/28/2026 - 05:18:32: "SoldierBoy<83><[U:1:900000011]><Red>" triggered "shot_fired" (weapon "quake_rl")
L 04/28/2026 - 05:18:33: "QuickScout<84><[U:1:900000012]><Blue>" triggered "shot_fired" (weapon "quake_rl")
L 04/28/2026 - 05:18:33: "QuickScout<84><[U:1:900000012]><Blue>" triggered "shot_hit" (weapon "quake_rl")
L 04/28/2026 - 05:18:33: "QuickScout<84><[U:1:900000012]><Blue>" triggered "damage" against "SoldierBoy<83><[U:1:900000011]><Red>" (damage "78") (weapon "quake_rl")
L 04/28/2026 - 05:18:34: "SoldierBoy<83><[U:1:900000011]><Red>" triggered "shot_fired" (weapon "quake_rl")
L 04/28/2026 - 05:18:34: "SoldierBoy<83><[U:1:900000011]><Red>" triggered "shot_hit" (weapon "quake_rl")
L 04/28/2026 - 05:18:34: "SoldierBoy<83><[U:1:900000011]><Red>" triggered "damage" against "QuickScout<84><[U:1:900000012]><Blue>" (damage "102") (weapon "quake_rl")
L 04/28/2026 - 05:18:35: "SoldierBoy<83><[U:1:900000011]><Red>" triggered "shot_fired" (weapon "quake_rl")
L 04/28/2026 - 05:18:35: "SoldierBoy<83><[U:1:900000011]><Red>" triggered "shot_fired" (weapon "shotgun_soldier")
L 04/28/2026 - 05:18:35: "SoldierBoy<83><[U:1:900000011]><Red>" triggered "shot_hit" (weapon "shotgun_soldier")
L 04/28/2026 - 05:18:35: "SoldierBoy<83><[U:1:900000011]><Red>" triggered "damage" against "QuickScout<84><[U:1:900000012]><Blue>" (damage "49") (weapon "shotgun_soldier")
L 04/28/2026 - 05:18:35: "QuickScout<84><[U:1:900000012]><Blue>" triggered "shot_fired" (weapon "quake_rl")
L 04/28/2026 - 05:18:36: "SoldierBoy<83><[U:1:900000011]><Red>" triggered "shot_fired" (weapon "shotgun_soldier")
L 04/28/2026 - 05:18:36: "SoldierBoy<83><[U:1:900000011]><Red>" triggered "shot_hit" (weapon "shotgun_soldier")
L 04/28/2026 - 05:18:36: "SoldierBoy<83><[U:1:900000011]><Red>" triggered "damage" against "QuickScout<84><[U:1:900000012]><Blue>" (damage "32") (realdamage "4") (weapon "shotgun_soldier")
L 04/28/2026 - 05:18:36: "SoldierBoy<83><[U:1:900000011]><Red>" killed "QuickScout<84><[U:1:900000012]><Blue>" with "shotgun_soldier" (attacker_position "-13014 11928 10768") (victim_position "-12981 12379 10696")
L 04/28/2026 - 05:18:36: "QuickScout<84><[U:1:900000012]><Blue>" spawned as "soldier"
L 04/28/2026 - 05:18:53: "SoldierBoy<83><[U:1:900000011]><Red>" triggered "shot_fired" (weapon "quake_rl")
L 04/28/2026 - 05:18:53: "QuickScout<84><[U:1:900000012]><Blue>" triggered "shot_fired" (weapon "quake_rl")
L 04/28/2026 - 05:18:54: "QuickScout<84><[U:1:900000012]><Blue>" triggered "shot_fired" (weapon "quake_rl")
L 04/28/2026 - 05:18:55: "QuickScout<84><[U:1:900000012]><Blue>" triggered "shot_hit" (weapon "quake_rl")
L 04/28/2026 - 05:18:55: "QuickScout<84><[U:1:900000012]><Blue>" triggered "damage" against "SoldierBoy<83><[U:1:900000011]><Red>" (damage "110") (weapon "quake_rl")
L 04/28/2026 - 05:18:55: "QuickScout<84><[U:1:900000012]><Blue>" triggered "shot_fired" (weapon "quake_rl")
L 04/28/2026 - 05:18:55: "SoldierBoy<83><[U:1:900000011]><Red>" triggered "shot_hit" (weapon "quake_rl")
L 04/28/2026 - 05:18:55: "SoldierBoy<83><[U:1:900000011]><Red>" triggered "damage" against "QuickScout<84><[U:1:900000012]><Blue>" (damage "63") (weapon "quake_rl")
L 04/28/2026 - 05:18:55: "SoldierBoy<83><[U:1:900000011]><Red>" triggered "shot_fired" (weapon "quake_rl")
L 04/28/2026 - 05:18:56: "QuickScout<84><[U:1:900000012]><Blue>" triggered "shot_fired" (weapon "shotgun_soldier")
L 04/28/2026 - 05:18:56: "QuickScout<84><[U:1:900000012]><Blue>" triggered "shot_hit" (weapon "shotgun_soldier")
L 04/28/2026 - 05:18:56: "QuickScout<84><[U:1:900000012]><Blue>" triggered "damage" against "SoldierBoy<83><[U:1:900000011]><Red>" (damage "56") (weapon "shotgun_soldier")
L 04/28/2026 - 05:18:56: "SoldierBoy<83><[U:1:900000011]><Red>" triggered "shot_fired" (weapon "quake_rl")
L 04/28/2026 - 05:18:56: "QuickScout<84><[U:1:900000012]><Blue>" triggered "shot_fired" (weapon "shotgun_soldier")
L 04/28/2026 - 05:18:57: "SoldierBoy<83><[U:1:900000011]><Red>" triggered "shot_fired" (weapon "shotgun_soldier")
L 04/28/2026 - 05:18:57: "SoldierBoy<83><[U:1:900000011]><Red>" triggered "shot_hit" (weapon "shotgun_soldier")
L 04/28/2026 - 05:18:57: "SoldierBoy<83><[U:1:900000011]><Red>" triggered "damage" against "QuickScout<84><[U:1:900000012]><Blue>" (damage "13") (weapon "shotgun_soldier")
L 04/28/2026 - 05:18:57: World triggered "mge_elo_delta" (player "[U:1:900000011]") (old_elo "2722") (new_elo "2722")
L 04/28/2026 - 05:18:57: World triggered "mge_elo_delta" (player "[U:1:900000012]") (old_elo "2131") (new_elo "2131")
L 04/28/2026 - 05:18:57: "SoldierBoy<83><[U:1:900000011]><Red>" killed "QuickScout<84><[U:1:900000012]><Blue>" with "shotgun_soldier" (attacker_position "-12998 11636 10696") (victim_position "-12297 11617 10699")
L 04/28/2026 - 05:18:57: "SoldierBoy<83><[U:1:900000011]><Red>" triggered "domination" against "QuickScout<84><[U:1:900000012]><Blue>"
L 04/28/2026 - 05:18:57: World triggered "mge_match_end" (winner "[U:1:900000011]") (winner_score "20") (loser_score "5")
