L 04/28/2026 - 06:00:47: World triggered "meta_data" (matchid "2604280600470e2e") (map "mge_triumph_beta7_rc1") (arena "Badlands Spire 1 [1v1 MGE]") (gamemode "mge") (fraglimit "0")
L 04/28/2026 - 06:00:47: "QuickScout<84><[U:1:900000012]><Red>" changed role to "soldier"
L 04/28/2026 - 06:00:47: "SoldierBoy<85><[U:1:900000011]><Blue>" changed role to "soldier"
L 04/28/2026 - 06:00:51: "SoldierBoy<85><[U:1:900000011]><Blue>" triggered "shot_hit" (weapon "quake_rl")
L 04/28/2026 - 06:00:51: "SoldierBoy<85><[U:1:900000011]><Blue>" triggered "damage" against "QuickScout<84><[U:1:900000012]><Red>" (damage "111") (weapon "quake_rl") (airshot "1") (height "389")
L 04/28/2026 - 06:00:51: "SoldierBoy<85><[U:1:900000011]><Blue>" triggered "shot_fired" (weapon "quake_rl")
L 04/28/2026 - 06:00:52: "SoldierBoy<85><[U:1:900000011]><Blue>" triggered "shot_fired" (weapon "quake_rl")
L 04/28/2026 - 06:00:53: "SoldierBoy<85><[U:1:900000011]><Blue>" triggered "shot_fired" (weapon "quake_rl")
L 04/28/2026 - 06:00:54: "SoldierBoy<85><[U:1:900000011]><Blue>" killed "QuickScout<84><[U:1:900000012]><Red>" with "world" (attacker_position "-8568 11713 10743") (victim_position "-9103 10298 10529")
L 04/28/2026 - 06:00:54: "QuickScout<84><[U:1:900000012]><Red>" spawned as "soldier"
L 04/28/2026 - 06:00:56: "QuickScout<84><[U:1:900000012]><Red>" triggered "shot_fired" (weapon "quake_rl")
L 04/28/2026 - 06:00:57: "SoldierBoy<85><[U:1:900000011]><Blue>" triggered "shot_fired" (weapon "quake_rl")
L 04/28/2026 - 06:00:57: "QuickScout<84><[U:1:900000012]><Red>" triggered "shot_fired" (weapon "quake_rl")
L 04/28/2026 - 06:00:57: "QuickScout<84><[U:1:900000012]><Red>" triggered "shot_hit" (weapon "quake_rl")
L 04/28/2026 - 06:00:57: "QuickScout<84><[U:1:900000012]><Red>" triggered "damage" against "SoldierBoy<85><[U:1:900000011]><Blue>" (damage "59") (weapon "quake_rl")
L 04/28/2026 - 06:00:57: "SoldierBoy<85><[U:1:900000011]><Blue>" triggered "shot_fired" (weapon "quake_rl")
L 04/28/2026 - 06:00:57: "SoldierBoy<85><[U:1:900000011]><Blue>" triggered "shot_hit" (weapon "quake_rl")
L 04/28/2026 - 06:00:57: "SoldierBoy<85><[U:1:900000011]><Blue>" triggered "damage" against "QuickScout<84><[U:1:900000012]><Red>" (damage "54") (weapon "quake_rl")
L 04/28/2026 - 06:00:58: "QuickScout<84><[U:1:900000012]><Red>" triggered "shot_fired" (weapon "quake_rl")
L 04/28/2026 - 06:00:58: "SoldierBoy<85><[U:1:900000011]><Blue>" triggered "shot_fired" (weapon "quake_rl")
L 04/28/2026 - 06:00:58: "SoldierBoy<85><[U:1:900000011]><Blue>" triggered "shot_hit" (weapon "quake_rl")
L 04/28/2026 - 06:00:58: "SoldierBoy<85><[U:1:900000011]><Blue>" triggered "damage" against "QuickScout<84><[U:1:900000012]><Red>" (damage "104") (weapon "quake_rl") (airshot "1") (height "532")
L 04/28/2026 - 06:00:59: "QuickScout<84><[U:1:900000012]><Red>" triggered "shot_fired" (weapon "shotgun_soldier")
L 04/28/2026 - 06:00:59: "SoldierBoy<85><[U:1:900000011]><Blue>" triggered "shot_fired" (weapon "quake_rl")
L 04/28/2026 - 06:00:59: "QuickScout<84><[U:1:900000012]><Red>" triggered "shot_fired" (weapon "shotgun_soldier")
L 04/28/2026 - 06:01:00: "SoldierBoy<85><[U:1:900000011]><Blue>" triggered "shot_fired" (weapon "shotgun_soldier")
L 04/28/2026 - 06:01:00: "SoldierBoy<85><[U:1:900000011]><Blue>" triggered "shot_hit" (weapon "shotgun_soldier")
L 04/28/2026 - 06:01:00: "SoldierBoy<85><[U:1:900000011]><Blue>" triggered "damage" against "QuickScout<84><[U:1:900000012]><Red>" (damage "40") (weapon "shotgun_soldier")
L 04/28/2026 - 06:01:00: "SoldierBoy<85><[U:1:900000011]><Blue>" killed "QuickScout<84><[U:1:900000012]><Red>" with "world" (attacker_position "-8648 11662 10743") (victim_position "-8289 11320 10358")
L 04/28/2026 - 06:01:00: "QuickScout<84><[U:1:900000012]><Red>" spawned as "soldier"
L 04/28/2026 - 06:01:02: "SoldierBoy<85><[U:1:900000011]><Blue>" triggered "shot_fired" (weapon "quake_rl")
L 04/28/2026 - 06:01:02: "QuickScout<84><[U:1:900000012]><Red>" triggered "shot_hit" (weapon "quake_rl")
L 04/28/2026 - 06:01:02: "QuickScout<84><[U:1:900000012]><Red>" triggered "damage" against "SoldierBoy<85><[U:1:900000011]><Blue>" (damage "68") (weapon "quake_rl")
L 04/28/2026 - 06:01:02: "QuickScout<84><[U:1:900000012]><Red>" triggered "shot_fired" (weapon "quake_rl")
L 04/28/2026 - 06:01:03: "SoldierBoy<85><[U:1:900000011]><Blue>" triggered "shot_fired" (weapon "quake_rl")
L 04/28/2026 - 06:01:03: "QuickScout<84><[U:1:900000012]><Red>" triggered "shot_hit" (weapon "quake_rl")
L 04/28/2026 - 06:01:03: "QuickScout<84><[U:1:900000012]><Red>" triggered "damage" against "SoldierBoy<85><[U:1:900000011]><Blue>" (damage "56") (weapon "quake_rl")
L 04/28/2026 - 06:01:03: "SoldierBoy<85><[U:1:900000011]><Blue>" triggered "shot_hit" (weapon "quake_rl")
L 04/28/2026 - 06:01:03: "SoldierBoy<85><[U:1:900000011]><Blue>" triggered "damage" against "QuickScout<84><[U:1:900000012]><Red>" (damage "90") (weapon "quake_rl")
L 04/28/2026 - 06:01:03: "QuickScout<84><[U:1:900000012]><Red>" triggered "shot_fired" (weapon "quake_rl")
L 04/28/2026 - 06:01:04: "SoldierBoy<85><[U:1:900000011]><Blue>" triggered "shot_fired" (weapon "quake_rl")
L 04/28/2026 - 06:01:04: "SoldierBoy<85><[U:1:900000011]><Blue>" triggered "shot_hit" (weapon "quake_rl")
L 04/28/2026 - 06:01:04: "SoldierBoy<85><[U:1:900000011]><Blue>" triggered "damage" against "QuickScout<84><[U:1:900000012]><Red>" (damage "106") (weapon "quake_rl")
L 04/28/2026 - 06:01:04: "QuickScout<84><[U:1:900000012]><Red>" triggered "shot_fired" (weapon "quake_rl")
L 04/28/2026 - 06:01:04: "QuickScout<84><[U:1:900000012]><Red>" triggered "shot_hit" (weapon "quake_rl")
L 04/28/2026 - 06:01:04: "QuickScout<84><[U:1:900000012]><Red>" triggered "damage" against "SoldierBoy<85><[U:1:900000011]><Blue>" (damage "65") (weapon "quake_rl")
L 04/28/2026 - 06:01:04: "SoldierBoy<85><[U:1:900000011]><Blue>" triggered "shot_fired" (weapon "shotgun_soldier")
L 04/28/2026 - 06:01:04: "SoldierBoy<85><[U:1:900000011]><Blue>" triggered "shot_hit" (weapon "shotgun_soldier")
L 04/28/2026 - 06:01:04: "SoldierBoy<85><[U:1:900000011]><Blue>" triggered "damage" against "QuickScout<84><[U:1:900000012]><Red>" (damage "16") (realdamage "8") (weapon "shotgun_soldier")
L 04/28/2026 - 06:01:04: "SoldierBoy<85><[U:1:900000011]><Blue>" killed "QuickScout<84><[U:1:900000012]><Red>" with "shotgun_soldier" (attacker_position "-8815 11761 10743") (victim_position "-8779 11613 11005")
L 04/28/2026 - 06:01:04: "QuickScout<84><[U:1:900000012]><Red>" spawned as "soldier"
L 04/28/2026 - 06:01:06: "QuickScout<84><[U:1:900000012]><Red>" triggered "shot_fired" (weapon "quake_rl")
L 04/28/2026 - 06:01:06: "SoldierBoy<85><[U:1:900000011]><Blue>" triggered "shot_hit" (weapon "quake_rl")
L 04/28/2026 - 06:01:06: "SoldierBoy<85><[U:1:900000011]><Blue>" triggered "damage" against "QuickScout<84><[U:1:900000012]><Red>" (damage "107") (weapon "quake_rl") (airshot "1") (height "188")
L 04/28/2026 - 06:01:07: "SoldierBoy<85><[U:1:900000011]><Blue>" triggered "shot_fired" (weapon "quake_rl")
L 04/28/2026 - 06:01:07: "QuickScout<84><[U:1:900000012]><Red>" triggered "shot_hit" (weapon "quake_rl")
L 04/28/2026 - 06:01:07: "QuickScout<84><[U:1:900000012]><Red>" triggered "damage" against "SoldierBoy<85><[U:1:900000011]><Blue>" (damage "52") (weapon "quake_rl")
L 04/28/2026 - 06:01:07: "QuickScout<84><[U:1:900000012]><Red>" triggered "shot_fired" (weapon "quake_rl")
L 04/28/2026 - 06:01:08: "SoldierBoy<85><[U:1:900000011]><Blue>" triggered "shot_fired" (weapon "quake_rl")
L 04/28/2026 - 06:01:08: "QuickScout<84><[U:1:900000012]><Red>" triggered "shot_hit" (weapon "quake_rl")
L 04/28/2026 - 06:01:08: "QuickScout<84><[U:1:900000012]><Red>" triggered "damage" against "SoldierBoy<85><[U:1:900000011]><Blue>" (damage "63") (weapon "quake_rl")
L 04/28/2026 - 06:01:08: "QuickScout<84><[U:1:900000012]><Red>" triggered "shot_fired" (weapon "quake_rl")
L 04/28/2026 - 06:01:08: "SoldierBoy<85><[U:1:900000011]><Blue>" triggered "shot_fired" (weapon "quake_rl")
L 04/28/2026 - 06:01:09: "QuickScout<84><[U:1:900000012]><Red>" triggered "shot_hit" (weapon "quake_rl")
L 04/28/2026 - 06:01:09: "QuickScout<84><[U:1:900000012]><Red>" triggered "damage" against "SoldierBoy<85><[U:1:900000011]><Blue>" (damage "64") (weapon "quake_rl")
L 04/28/2026 - 06:01:09: "QuickScout<84><[U:1:900000012]><Red>" triggered "shot_fired" (weapon "shotgun_soldier")
L 04/28/2026 - 06:01:09: "QuickScout<84><[U:1:900000012]><Red>" triggered "shot_hit" (weapon "shotgun_soldier")
L 04/28/2026 - 06:01:09: "QuickScout<84><[U:1:900000012]><Red>" triggered "damage" against "SoldierBoy<85><[U:1:900000011]><Blue>" (damage "53") (weapon "shotgun_soldier")
L 04/28/2026 - 06:01:10: "SoldierBoy<85><[U:1:900000011]><Blue>" triggered "shot_fired" (weapon "quake_rl")
L 04/28/2026 - 06:01:10: "QuickScout<84><[U:1:900000012]><Red>" triggered "shot_fired" (weapon "shotgun_soldier")
L 04/28/2026 - 06:01:10: "SoldierBoy<85><[U:1:900000011]><Blue>" triggered "shot_hit" (weapon "quake_rl")
L 04/28/2026 - 06:01:10: "SoldierBoy<85><[U:1:900000011]><Blue>" triggered "damage" against "QuickScout<84><[U:1:900000012]><Red>" (damage "78") (weapon "quake_rl")
L 04/28/2026 - 06:01:10: "SoldierBoy<85><[U:1:900000011]><Blue>" triggered "shot_fired" (weapon "shotgun_soldier")
L 04/28/2026 - 06:01:10: "SoldierBoy<85><[U:1:900000011]><Blue>" triggered "shot_hit" (weapon "shotgun_soldier")
L 04/28/2026 - 06:01:10: "SoldierBoy<85><[U:1:900000011]><Blue>" triggered "damage" against "QuickScout<84><[U:1:900000012]><Red>" (damage "55") (realdamage "11") (weapon "shotgun_soldier")
L 04/28/2026 - 06:01:10: "SoldierBoy<85><[U:1:900000011]><Blue>" killed "QuickScout<84><[U:1:900000012]><Red>" with "shotgun_soldier" (attacker_position "-8692 11957 10736") (victim_position "-8541 12108 10535")
L 04/28/2026 - 06:01:10: "SoldierBoy<85><[U:1:900000011]><Blue>" triggered "domination" against "QuickScout<84><[U:1:900000012]><Red>"
L 04/28/2026 - 06:01:10: "QuickScout<84><[U:1:900000012]><Red>" spawned as "soldier"
L 04/28/2026 - 06:01:12: "SoldierBoy<85><[U:1:900000011]><Blue>" triggered "shot_fired" (weapon "quake_rl")
L 04/28/2026 - 06:01:12: "QuickScout<84><[U:1:900000012]><Red>" triggered "shot_fired" (weapon "quake_rl")
L 04/28/2026 - 06:01:13: "SoldierBoy<85><[U:1:900000011]><Blue>" triggered "shot_fired" (weapon "quake_rl")
L 04/28/2026 - 06:01:13: "QuickScout<84><[U:1:900000012]><Red>" triggered "shot_fired" (weapon "quake_rl")
L 04/28/2026 - 06:01:13: "QuickScout<84><[U:1:900000012]><Red>" triggered "shot_hit" (weapon "quake_rl")
L 04/28/2026 - 06:01:13: "QuickScout<84><[U:1:900000012]><Red>" triggered "damage" against "SoldierBoy<85><[U:1:900000011]><Blue>" (damage "71") (weapon "quake_rl")
L 04/28/2026 - 06:01:14: "SoldierBoy<85><[U:1:900000011]><Blue>" triggered "shot_fired" (weapon "quake_rl")
L 04/28/2026 - 06:01:14: "SoldierBoy<85><[U:1:900000011]><Blue>" triggered "shot_hit" (weapon "quake_rl")
L 04/28/2026 - 06:01:14: "SoldierBoy<85><[U:1:900000011]><Blue>" triggered "damage" against "QuickScout<84><[U:1:900000012]><Red>" (damage "68") (weapon "quake_rl")
L 04/28/2026 - 06:01:15: "SoldierBoy<85><[U:1:900000011]><Blue>" triggered "shot_fired" (weapon "quake_rl")
L 04/28/2026 - 06:01:15: "SoldierBoy<85><[U:1:900000011]><Blue>" triggered "shot_hit" (weapon "quake_rl")
L 04/28/2026 - 06:01:15: "SoldierBoy<85><[U:1:900000011]><Blue>" triggered "damage" against "QuickScout<84><[U:1:900000012]><Red>" (damage "104") (weapon "quake_rl") (airshot "1") (height "538")
L 04/28/2026 - 06:01:15: "QuickScout<84><[U:1:900000012]><Red>" triggered "shot_fired" (weapon "quake_rl")
L 04/28/2026 - 06:01:15: "QuickScout<84><[U:1:900000012]><Red>" triggered "shot_hit" (weapon "quake_rl")
L 04/28/2026 - 06:01:15: "QuickScout<84><[U:1:900000012]><Red>" triggered "damage" against "SoldierBoy<85><[U:1:900000011]><Blue>" (damage "74") (weapon "quake_rl")
L 04/28/2026 - 06:01:15: "SoldierBoy<85><[U:1:900000011]><Blue>" triggered "shot_fired" (weapon "shotgun_soldier")
L 04/28/2026 - 06:01:15: "SoldierBoy<85><[U:1:900000011]><Blue>" triggered "shot_hit" (weapon "shotgun_soldier")
L 04/28/2026 - 06:01:15: "SoldierBoy<85><[U:1:900000011]><Blue>" triggered "damage" against "QuickScout<84><[U:1:900000012]><Red>" (damage "5") (weapon "shotgun_soldier")
L 04/28/2026 - 06:01:16: "QuickScout<84><[U:1:900000012]><Red>" triggered "shot_fired" (weapon "quake_rl")
L 04/28/2026 - 06:01:16: "SoldierBoy<85><[U:1:900000011]><Blue>" killed "QuickScout<84><[U:1:900000012]><Red>" with "world" (attacker_position "-8695 11810 10739") (victim_position "-9103 11464 10350")
L 04/28/2026 - 06:01:16: "QuickScout<84><[U:1:900000012]><Red>" spawned as "soldier"
L 04/28/2026 - 06:01:18: "SoldierBoy<85><[U:1:900000011]><Blue>" triggered "shot_fired" (weapon "quake_rl")
L 04/28/2026 - 06:01:18: "QuickScout<84><[U:1:900000012]><Red>" triggered "shot_fired" (weapon "quake_rl")
L 04/28/2026 - 06:01:18: "QuickScout<84><[U:1:900000012]><Red>" triggered "shot_hit" (weapon "quake_rl")
L 04/28/2026 - 06:01:18: "QuickScout<84><[U:1:900000012]><Red>" triggered "damage" against "SoldierBoy<85><[U:1:900000011]><Blue>" (damage "51") (weapon "quake_rl")
L 04/28/2026 - 06:01:19: "QuickScout<84><[U:1:900000012]><Red>" triggered "shot_fired" (weapon "quake_rl")
L 04/28/2026 - 06:01:19: "SoldierBoy<85><[U:1:900000011]><Blue>" triggered "shot_hit" (weapon "quake_rl")
L 04/28/2026 - 06:01:19: "SoldierBoy<85><[U:1:900000011]><Blue>" triggered "damage" against "QuickScout<84><[U:1:900000012]><Red>" (damage "54") (weapon "quake_rl")
L 04/28/2026 - 06:01:19: "SoldierBoy<85><[U:1:900000011]><Blue>" triggered "shot_fired" (weapon "quake_rl")
L 04/28/2026 - 06:01:21: "SoldierBoy<85><[U:1:900000011]><Blue>" triggered "shot_fired" (weapon "quake_rl")
L 04/28/2026 - 06:01:21: "SoldierBoy<85><[U:1:900000011]><Blue>" triggered "shot_hit" (weapon "quake_rl")
L 04/28/2026 - 06:01:21: "SoldierBoy<85><[U:1:900000011]><Blue>" triggered "damage" against "QuickScout<84><[U:1:900000012]><Red>" (damage "108") (weapon "quake_rl")
L 04/28/2026 - 06:01:21: "QuickScout<84><[U:1:900000012]><Red>" triggered "shot_fired" (weapon "quake_rl")
L 04/28/2026 - 06:01:21: "QuickScout<84><[U:1:900000012]><Red>" triggered "shot_hit" (weapon "quake_rl")
L 04/28/2026 - 06:01:21: "QuickScout<84><[U:1:900000012]><Red>" triggered "damage" against "SoldierBoy<85><[U:1:900000011]><Blue>" (damage "53") (weapon "quake_rl")
L 04/28/2026 - 06:01:22: "SoldierBoy<85><[U:1:900000011]><Blue>" triggered "shot_fired" (weapon "shotgun_soldier")
L 04/28/2026 - 06:01:22: "SoldierBoy<85><[U:1:900000011]><Blue>" triggered "shot_hit" (weapon "shotgun_soldier")
L 04/28/2026 - 06:01:22: "SoldierBoy<85><[U:1:900000011]><Blue>" triggered "damage" against "QuickScout<84><[U:1:900000012]><Red>" (damage "34") (weapon "shotgun_soldier")
L 04/28/2026 - 06:01:22: "QuickScout<84><[U:1:900000012]><Red>" triggered "shot_fired" (weapon "quake_rl")
L 04/28/2026 - 06:01:22: "SoldierBoy<85><[U:1:900000011]><Blue>" triggered "shot_fired" (weapon "shotgun_soldier")
L 04/28/2026 - 06:01:22: "SoldierBoy<85><[U:1:900000011]><Blue>" triggered "shot_hit" (weapon "shotgun_soldier")
L 04/28/2026 - 06:01:22: "SoldierBoy<85><[U:1:900000011]><Blue>" triggered "damage" against "QuickScout<84><[U:1:900000012]><Red>" (damage "17") (weapon "shotgun_soldier")
L 04/28/2026 - 06:01:22: "QuickScout<84><[U:1:900000012]><Red>" triggered "shot_hit" (weapon "quake_rl")
L 04/28/2026 - 06:01:22: "QuickScout<84><[U:1:900000012]><Red>" triggered "damage" against "SoldierBoy<85><[U:1:900000011]><Blue>" (damage "42") (weapon "quake_rl")
L 04/28/2026 - 06:01:23: "SoldierBoy<85><[U:1:900000011]><Blue>" killed "QuickScout<84><[U:1:900000012]><Red>" with "world" (attacker_position "-8744 11922 10808") (victim_position "-8235 11913 10449")
L 04/28/2026 - 06:01:23: "QuickScout<84><[U:1:900000012]><Red>" spawned as "soldier"
L 04/28/2026 - 06:01:25: "SoldierBoy<85><[U:1:900000011]><Blue>" triggered "shot_fired" (weapon "quake_rl")
L 04/28/2026 - 06:01:25: "QuickScout<84><[U:1:900000012]><Red>" triggered "shot_fired" (weapon "quake_rl")
L 04/28/2026 - 06:01:25: "QuickScout<84><[U:1:900000012]><Red>" triggered "shot_hit" (weapon "quake_rl")
L 04/28/2026 - 06:01:25: "QuickScout<84><[U:1:900000012]><Red>" triggered "damage" against "SoldierBoy<85><[U:1:900000011]><Blue>" (damage "51") (weapon "quake_rl")
L 04/28/2026 - 06:01:26: "QuickScout<84><[U:1:900000012]><Red>" triggered "shot_fired" (weapon "quake_rl")
L 04/28/2026 - 06:01:26: "QuickScout<84><[U:1:900000012]><Red>" triggered "shot_hit" (weapon "quake_rl")
L 04/28/2026 - 06:01:26: "QuickScout<84><[U:1:900000012]><Red>" triggered "damage" against "SoldierBoy<85><[U:1:900000011]><Blue>" (damage "84") (weapon "quake_rl")
L 04/28/2026 - 06:01:26: "SoldierBoy<85><[U:1:900000011]><Blue>" triggered "shot_fired" (weapon "quake_rl")
L 04/28/2026 - 06:01:28: "QuickScout<84><[U:1:900000012]><Red>" triggered "shot_hit" (weapon "quake_rl")
L 04/28/2026 - 06:01:28: "QuickScout<84><[U:1:900000012]><Red>" triggered "damage" against "SoldierBoy<85><[U:1:900000011]><Blue>" (damage "104") (realdamage "70") (weapon "quake_rl") (airshot "1") (height "585")
L 04/28/2026 - 06:01:28: "QuickScout<84><[U:1:900000012]><Red>" killed "SoldierBoy<85><[U:1:900000011]><Blue>" with "quake_rl" (attacker_position "-8791 11876 10736") (victim_position "-9056 11808 10802")
L 04/28/2026 - 06:01:28: "QuickScout<84><[U:1:900000012]><Red>" triggered "revenge" against "SoldierBoy<85><[U:1:900000011]><Blue>"
L 04/28/2026 - 06:01:28: "QuickScout<84><[U:1:900000012]><Red>" triggered "shot_fired" (weapon "quake_rl")
L 04/28/2026 - 06:01:28: "SoldierBoy<85><[U:1:900000011]><Blue>" spawned as "soldier"
L 04/28/2026 - 06:01:30: "QuickScout<84><[U:1:900000012]><Red>" triggered "shot_fired" (weapon "quake_rl")
L 04/28/2026 - 06:01:30: "SoldierBoy<85><[U:1:900000011]><Blue>" triggered "shot_fired" (weapon "quake_rl")
L 04/28/2026 - 06:01:31: "QuickScout<84><[U:1:900000012]><Red>" triggered "shot_fired" (weapon "quake_rl")
L 04/28/2026 - 06:01:31: "SoldierBoy<85><[U:1:900000011]><Blue>" triggered "shot_hit" (weapon "quake_rl")
L 04/28/2026 - 06:01:31: "SoldierBoy<85><[U:1:900000011]><Blue>" triggered "damage" against "QuickScout<84><[U:1:900000012]><Red>" (damage "46") (weapon "quake_rl")
L 04/28/2026 - 06:01:31: "SoldierBoy<85><[U:1:900000011]><Blue>" triggered "shot_fired" (weapon "quake_rl")
L 04/28/2026 - 06:01:31: "SoldierBoy<85><[U:1:900000011]><Blue>" triggered "shot_hit" (weapon "quake_rl")
L 04/28/2026 - 06:01:31: "SoldierBoy<85><[U:1:900000011]><Blue>" triggered "damage" against "QuickScout<84><[U:1:900000012]><Red>" (damage "61") (weapon "quake_rl")
L 04/28/2026 - 06:01:32: "QuickScout<84><[U:1:900000012]><Red>" triggered "shot_fired" (weapon "quake_rl")
L 04/28/2026 - 06:01:32: "SoldierBoy<85><[U:1:900000011]><Blue>" triggered "shot_fired" (weapon "quake_rl")
L 04/28/2026 - 06:01:32: "SoldierBoy<85><[U:1:900000011]><Blue>" triggered "shot_hit" (weapon "quake_rl")
L 04/28/2026 - 06:01:32: "SoldierBoy<85><[U:1:900000011]><Blue>" triggered "damage" against "QuickScout<84><[U:1:900000012]><Red>" (damage "101") (weapon "quake_rl") (airshot "1") (height "236")
L 04/28/2026 - 06:01:32: "QuickScout<84><[U:1:900000012]><Red>" triggered "shot_fired" (weapon "quake_rl")
L 04/28/2026 - 06:01:32: "SoldierBoy<85><[U:1:900000011]><Blue>" triggered "shot_fired" (weapon "shotgun_soldier")
L 04/28/2026 - 06:01:33: "QuickScout<84><[U:1:900000012]><Red>" triggered "shot_hit" (weapon "quake_rl")
L 04/28/2026 - 06:01:33: "QuickScout<84><[U:1:900000012]><Red>" triggered "damage" against "SoldierBoy<85><[U:1:900000011]><Blue>" (damage "41") (weapon "quake_rl")
L 04/28/2026 - 06:01:33: "QuickScout<84><[U:1:900000012]><Red>" triggered "shot_fired" (weapon "shotgun_soldier")
L 04/28/2026 - 06:01:33: "QuickScout<84><[U:1:900000012]><Red>" triggered "shot_hit" (weapon "shotgun_soldier")
L 04/28/2026 - 06:01:33: "QuickScout<84><[U:1:900000012]><Red>" triggered "damage" against "SoldierBoy<85><[U:1:900000011]><Blue>" (damage "5") (weapon "shotgun_soldier")
L 04/28/2026 - 06:01:33: "QuickScout<84><[U:1:900000012]><Red>" triggered "damage" against "SoldierBoy<85><[U:1:900000011]><Blue>" (damage "19") (weapon "shotgun_soldier")
L 04/28/2026 - 06:01:33: "SoldierBoy<85><[U:1:900000011]><Blue>" triggered "shot_fired" (weapon "shotgun_soldier")
L 04/28/2026 - 06:01:33: "SoldierBoy<85><[U:1:900000011]><Blue>" triggered "shot_hit" (weapon "shotgun_soldier")
L 04/28/2026 - 06:01:33: "SoldierBoy<85><[U:1:900000011]><Blue>" triggered "damage" against "QuickScout<84><[U:1:900000012]><Red>" (damage "25") (weapon "shotgun_soldier")
L 04/28/2026 - 06:01:34: "SoldierBoy<85><[U:1:900000011]><Blue>" triggered "shot_fired" (weapon "shotgun_soldier")
L 04/28/2026 - 06:01:34: "SoldierBoy<85><[U:1:900000011]><Blue>" triggered "shot_hit" (weapon "shotgun_soldier")
L 04/28/2026 - 06:01:34: "SoldierBoy<85><[U:1:900000011]><Blue>" triggered "damage" against "QuickScout<84><[U:1:900000012]><Red>" (damage "39") (weapon "shotgun_soldier")
L 04/28/2026 - 06:01:34: "SoldierBoy<85><[U:1:900000011]><Blue>" killed "QuickScout<84><[U:1:900000012]><Red>" with "world" (attacker_position "-8616 11745 10791") (victim_position "-8133 11421 10372")
L 04/28/2026 - 06:01:34: "QuickScout<84><[U:1:900000012]><Red>" spawned as "soldier"
L 04/28/2026 - 06:01:36: "SoldierBoy<85><[U:1:900000011]><Blue>" triggered "shot_fired" (weapon "quake_rl")
L 04/28/2026 - 06:01:36: "QuickScout<84><[U:1:900000012]><Red>" triggered "shot_fired" (weapon "quake_rl")
L 04/28/2026 - 06:01:37: "QuickScout<84><[U:1:900000012]><Red>" triggered "shot_hit" (weapon "quake_rl")
L 04/28/2026 - 06:01:37: "QuickScout<84><[U:1:900000012]><Red>" triggered "damage" against "SoldierBoy<85><[U:1:900000011]><Blue>" (damage "56") (weapon "quake_rl")
L 04/28/2026 - 06:01:37: "SoldierBoy<85><[U:1:900000011]><Blue>" triggered "shot_fired" (weapon "quake_rl")
L 04/28/2026 - 06:01:37: "QuickScout<84><[U:1:900000012]><Red>" triggered "shot_fired" (weapon "quake_rl")
L 04/28/2026 - 06:01:37: "SoldierBoy<85><[U:1:900000011]><Blue>" triggered "shot_hit" (weapon "quake_rl")
L 04/28/2026 - 06:01:37: "SoldierBoy<85><[U:1:900000011]><Blue>" triggered "damage" against "QuickScout<84><[U:1:900000012]><Red>" (damage "100") (weapon "quake_rl")
L 04/28/2026 - 06:01:38: "QuickScout<84><[U:1:900000012]><Red>" triggered "shot_hit" (weapon "quake_rl")
L 04/28/2026 - 06:01:38: "QuickScout<84><[U:1:900000012]><Red>" triggered "damage" against "SoldierBoy<85><[U:1:900000011]><Blue>" (damage "51") (weapon "quake_rl")
L 04/28/2026 - 06:01:38: "QuickScout<84><[U:1:900000012]><Red>" triggered "shot_fired" (weapon "quake_rl")
L 04/28/2026 - 06:01:38: "QuickScout<84><[U:1:900000012]><Red>" triggered "shot_hit" (weapon "quake_rl")
L 04/28/2026 - 06:01:38: "QuickScout<84><[U:1:900000012]><Red>" triggered "damage" against "SoldierBoy<85><[U:1:900000011]><Blue>" (damage "102") (weapon "quake_rl")
L 04/28/2026 - 06:01:38: "SoldierBoy<85><[U:1:900000011]><Blue>" triggered "shot_fired" (weapon "quake_rl")
L 04/28/2026 - 06:01:39: "QuickScout<84><[U:1:900000012]><Red>" triggered "shot_fired" (weapon "shotgun_soldier")
L 04/28/2026 - 06:01:39: "QuickScout<84><[U:1:900000012]><Red>" triggered "shot_hit" (weapon "shotgun_soldier")
L 04/28/2026 - 06:01:39: "QuickScout<84><[U:1:900000012]><Red>" triggered "damage" against "SoldierBoy<85><[U:1:900000011]><Blue>" (damage "70") (realdamage "67") (weapon "shotgun_soldier")
L 04/28/2026 - 06:01:39: "QuickScout<84><[U:1:900000012]><Red>" killed "SoldierBoy<85><[U:1:900000011]><Blue>" with "shotgun_soldier" (attacker_position "-8372 11673 10781") (victim_position "-8622 11826 10736")
L 04/28/2026 - 06:01:39: "SoldierBoy<85><[U:1:900000011]><Blue>" spawned as "soldier"
L 04/28/2026 - 06:01:41: "QuickScout<84><[U:1:900000012]><Red>" triggered "shot_fired" (weapon "quake_rl")
L 04/28/2026 - 06:01:41: "SoldierBoy<85><[U:1:900000011]><Blue>" triggered "shot_fired" (weapon "quake_rl")
L 04/28/2026 - 06:01:41: "SoldierBoy<85><[U:1:900000011]><Blue>" triggered "shot_hit" (weapon "quake_rl")
L 04/28/2026 - 06:01:41: "SoldierBoy<85><[U:1:900000011]><Blue>" triggered "damage" against "QuickScout<84><[U:1:900000012]><Red>" (damage "84") (weapon "quake_rl")
L 04/28/2026 - 06:01:42: "QuickScout<84><[U:1:900000012]><Red>" triggered "shot_hit" (weapon "quake_rl")
L 04/28/2026 - 06:01:42: "QuickScout<84><[U:1:900000012]><Red>" triggered "damage" against "SoldierBoy<85><[U:1:900000011]><Blue>" (damage "102") (weapon "quake_rl")
L 04/28/2026 - 06:01:42: "QuickScout<84><[U:1:900000012]><Red>" triggered "shot_fired" (weapon "quake_rl")
L 04/28/2026 - 06:01:42: "SoldierBoy<85><[U:1:900000011]><Blue>" triggered "shot_fired" (weapon "quake_rl")
L 04/28/2026 - 06:01:42: "QuickScout<84><[U:1:900000012]><Red>" triggered "shot_fired" (weapon "quake_rl")
L 04/28/2026 - 06:01:43: "SoldierBoy<85><[U:1:900000011]><Blue>" triggered "shot_fired" (weapon "quake_rl")
L 04/28/2026 - 06:01:43: "QuickScout<84><[U:1:900000012]><Red>" triggered "shot_hit" (weapon "quake_rl")
L 04/28/2026 - 06:01:43: "QuickScout<84><[U:1:900000012]><Red>" triggered "damage" against "SoldierBoy<85><[U:1:900000011]><Blue>" (damage "58") (weapon "quake_rl")
L 04/28/2026 - 06:01:43: "SoldierBoy<85><[U:1:900000011]><Blue>" triggered "shot_fired" (weapon "shotgun_soldier")
L 04/28/2026 - 06:01:43: "SoldierBoy<85><[U:1:900000011]><Blue>" triggered "shot_hit" (weapon "shotgun_soldier")
L 04/28/2026 - 06:01:43: "SoldierBoy<85><[U:1:900000011]><Blue>" triggered "damage" against "QuickScout<84><[U:1:900000012]><Red>" (damage "55") (weapon "shotgun_soldier")
L 04/28/2026 - 06:01:43: "QuickScout<84><[U:1:900000012]><Red>" triggered "shot_fired" (weapon "quake_rl")
L 04/28/2026 - 06:01:44: "SoldierBoy<85><[U:1:900000011]><Blue>" triggered "shot_fired" (weapon "shotgun_soldier")
L 04/28/2026 - 06:01:44: "SoldierBoy<85><[U:1:900000011]><Blue>" triggered "shot_hit" (weapon "shotgun_soldier")
L 04/28/2026 - 06:01:44: "SoldierBoy<85><[U:1:900000011]><Blue>" triggered "damage" against "QuickScout<84><[U:1:900000012]><Red>" (damage "40") (weapon "shotgun_soldier")
L 04/28/2026 - 06:01:44: "QuickScout<84><[U:1:900000012]><Red>" triggered "shot_fired" (weapon "shotgun_soldier")
L 04/28/2026 - 06:01:44: "SoldierBoy<85><[U:1:900000011]><Blue>" triggered "shot_fired" (weapon "shotgun_soldier")
L 04/28/2026 - 06:01:44: "SoldierBoy<85><[U:1:900000011]><Blue>" triggered "shot_hit" (weapon "shotgun_soldier")
L 04/28/2026 - 06:01:44: "SoldierBoy<85><[U:1:900000011]><Blue>" triggered "damage" against "QuickScout<84><[U:1:900000012]><Red>" (damage "83") (realdamage "42") (weapon "shotgun_soldier")
L 04/28/2026 - 06:01:44: "SoldierBoy<85><[U:1:900000011]><Blue>" killed "QuickScout<84><[U:1:900000012]><Red>" with "shotgun_soldier" (attacker_position "-8104 11708 10434") (victim_position "-8299 11607 10407")
L 04/28/2026 - 06:01:44: "QuickScout<84><[U:1:900000012]><Red>" spawned as "soldier"
L 04/28/2026 - 06:01:47: "QuickScout<84><[U:1:900000012]><Red>" triggered "shot_fired" (weapon "quake_rl")
L 04/28/2026 - 06:01:47: "SoldierBoy<85><[U:1:900000011]><Blue>" triggered "shot_fired" (weapon "quake_rl")
L 04/28/2026 - 06:01:47: "SoldierBoy<85><[U:1:900000011]><Blue>" triggered "shot_fired" (weapon "quake_rl")
L 04/28/2026 - 06:01:47: "QuickScout<84><[U:1:900000012]><Red>" triggered "shot_fired" (weapon "quake_rl")
L 04/28/2026 - 06:01:48: "SoldierBoy<85><[U:1:900000011]><Blue>" triggered "shot_hit" (weapon "quake_rl")
L 04/28/2026 - 06:01:48: "SoldierBoy<85><[U:1:900000011]><Blue>" triggered "damage" against "QuickScout<84><[U:1:900000012]><Red>" (damage "64") (weapon "quake_rl")
L 04/28/2026 - 06:01:48: "QuickScout<84><[U:1:900000012]><Red>" triggered "shot_hit" (weapon "quake_rl")
L 04/28/2026 - 06:01:48: "QuickScout<84><[U:1:900000012]><Red>" triggered "damage" against "SoldierBoy<85><[U:1:900000011]><Blue>" (damage "66") (weapon "quake_rl")
L 04/28/2026 - 06:01:48: "SoldierBoy<85><[U:1:900000011]><Blue>" triggered "shot_fired" (weapon "quake_rl")
L 04/28/2026 - 06:01:48: "QuickScout<84><[U:1:900000012]><Red>" triggered "shot_hit" (weapon "quake_rl")
L 04/28/2026 - 06:01:48: "QuickScout<84><[U:1:900000012]><Red>" triggered "damage" against "SoldierBoy<85><[U:1:900000011]><Blue>" (damage "106") (weapon "quake_rl") (airshot "1") (height "173")
L 04/28/2026 - 06:01:48: "SoldierBoy<85><[U:1:900000011]><Blue>" triggered "shot_hit" (weapon "quake_rl")
L 04/28/2026 - 06:01:48: "SoldierBoy<85><[U:1:900000011]><Blue>" triggered "damage" against "QuickScout<84><[U:1:900000012]><Red>" (damage "88") (weapon "quake_rl")
L 04/28/2026 - 06:01:48: "QuickScout<84><[U:1:900000012]><Red>" triggered "shot_fired" (weapon "quake_rl")
L 04/28/2026 - 06:01:49: "SoldierBoy<85><[U:1:900000011]><Blue>" triggered "shot_fired" (weapon "shotgun_soldier")
L 04/28/2026 - 06:01:49: "SoldierBoy<85><[U:1:900000011]><Blue>" triggered "shot_hit" (weapon "shotgun_soldier")
L 04/28/2026 - 06:01:49: "SoldierBoy<85><[U:1:900000011]><Blue>" triggered "damage" against "QuickScout<84><[U:1:900000012]><Red>" (damage "42") (weapon "shotgun_soldier")
L 04/28/2026 - 06:01:49: "QuickScout<84><[U:1:900000012]><Red>" triggered "shot_fired" (weapon "shotgun_soldier")
L 04/28/2026 - 06:01:49: "SoldierBoy<85><[U:1:900000011]><Blue>" triggered "shot_fired" (weapon "shotgun_soldier")
L 04/28/2026 - 06:01:49: "SoldierBoy<85><[U:1:900000011]><Blue>" triggered "shot_hit" (weapon "shotgun_soldier")
L 04/28/2026 - 06:01:49: "SoldierBoy<85><[U:1:900000011]><Blue>" triggered "damage" against "QuickScout<84><[U:1:900000012]><Red>" (damage "4") (weapon "shotgun_soldier")
L 04/28/2026 - 06:01:49: "QuickScout<84><[U:1:900000012]><Red>" triggered "shot_fired" (weapon "shotgun_soldier")
L 04/28/2026 - 06:01:49: "QuickScout<84><[U:1:900000012]><Red>" triggered "shot_hit" (weapon "shotgun_soldier")
L 04/28/2026 - 06:01:49: "QuickScout<84><[U:1:900000012]><Red>" triggered "damage" against "SoldierBoy<85><[U:1:900000011]><Blue>" (damage "8") (weapon "shotgun_soldier")
L 04/28/2026 - 06:01:50: "SoldierBoy<85><[U:1:900000011]><Blue>" triggered "shot_fired" (weapon "shotgun_soldier")
L 04/28/2026 - 06:01:50: "SoldierBoy<85><[U:1:900000011]><Blue>" triggered "shot_hit" (weapon "shotgun_soldier")
L 04/28/2026 - 06:01:50: "SoldierBoy<85><[U:1:900000011]><Blue>" triggered "damage" against "QuickScout<84><[U:1:900000012]><Red>" (damage "17") (realdamage "9") (weapon "shotgun_soldier")
L 04/28/2026 - 06:01:50: "SoldierBoy<85><[U:1:900000011]><Blue>" killed "QuickScout<84><[U:1:900000012]><Red>" with "shotgun_soldier" (attacker_position "-8591 12003 11075") (victim_position "-8428 11766 10589")
L 04/28/2026 - 06:01:50: "QuickScout<84><[U:1:900000012]><Red>" spawned as "soldier"
L 04/28/2026 - 06:01:52: "SoldierBoy<85><[U:1:900000011]><Blue>" triggered "shot_hit" (weapon "quake_rl")
L 04/28/2026 - 06:01:52: "SoldierBoy<85><[U:1:900000011]><Blue>" triggered "damage" against "QuickScout<84><[U:1:900000012]><Red>" (damage "104") (weapon "quake_rl") (airshot "1") (height "373")
L 04/28/2026 - 06:01:52: "SoldierBoy<85><[U:1:900000011]><Blue>" triggered "shot_fired" (weapon "quake_rl")
L 04/28/2026 - 06:01:53: "QuickScout<84><[U:1:900000012]><Red>" triggered "shot_fired" (weapon "quake_rl")
L 04/28/2026 - 06:01:53: "QuickScout<84><[U:1:900000012]><Red>" triggered "shot_hit" (weapon "quake_rl")
L 04/28/2026 - 06:01:53: "QuickScout<84><[U:1:900000012]><Red>" triggered "damage" against "SoldierBoy<85><[U:1:900000011]><Blue>" (damage "59") (weapon "quake_rl")
L 04/28/2026 - 06:01:53: "SoldierBoy<85><[U:1:900000011]><Blue>" triggered "shot_fired" (weapon "quake_rl")
L 04/28/2026 - 06:01:54: "SoldierBoy<85><[U:1:900000011]><Blue>" triggered "shot_hit" (weapon "quake_rl")
L 04/28/2026 - 06:01:54: "SoldierBoy<85><[U:1:900000011]><Blue>" triggered "damage" against "QuickScout<84><[U:1:900000012]><Red>" (damage "51") (weapon "quake_rl")
L 04/28/2026 - 06:01:54: "QuickScout<84><[U:1:900000012]><Red>" triggered "shot_fired" (weapon "quake_rl")
L 04/28/2026 - 06:01:54: "SoldierBoy<85><[U:1:900000011]><Blue>" triggered "shot_fired" (weapon "quake_rl")
L 04/28/2026 - 06:01:54: "QuickScout<84><[U:1:900000012]><Red>" triggered "shot_hit" (weapon "quake_rl")
L 04/28/2026 - 06:01:54: "QuickScout<84><[U:1:900000012]><Red>" triggered "damage" against "SoldierBoy<85><[U:1:900000011]><Blue>" (damage "49") (weapon "quake_rl")
L 04/28/2026 - 06:01:55: "QuickScout<84><[U:1:900000012]><Red>" triggered "shot_fired" (weapon "quake_rl")
L 04/28/2026 - 06:01:55: "QuickScout<84><[U:1:900000012]><Red>" triggered "shot_hit" (weapon "quake_rl")
L 04/28/2026 - 06:01:55: "QuickScout<84><[U:1:900000012]><Red>" triggered "damage" against "SoldierBoy<85><[U:1:900000011]><Blue>" (damage "98") (realdamage "92") (weapon "quake_rl")
L 04/28/2026 - 06:01:55: "QuickScout<84><[U:1:900000012]><Red>" killed "SoldierBoy<85><[U:1:900000011]><Blue>" with "quake_rl" (attacker_position "-8625 11963 10492") (victim_position "-8507 11679 10724")
L 04/28/2026 - 06:01:55: "SoldierBoy<85><[U:1:900000011]><Blue>" spawned as "soldier"
L 04/28/2026 - 06:01:57: "QuickScout<84><[U:1:900000012]><Red>" triggered "shot_hit" (weapon "quake_rl")
L 04/28/2026 - 06:01:57: "QuickScout<84><[U:1:900000012]><Red>" triggered "damage" against "SoldierBoy<85><[U:1:900000011]><Blue>" (damage "112") (weapon "quake_rl") (airshot "1") (height "251")
L 04/28/2026 - 06:01:57: "QuickScout<84><[U:1:900000012]><Red>" triggered "shot_fired" (weapon "quake_rl")
L 04/28/2026 - 06:01:58: "SoldierBoy<85><[U:1:900000011]><Blue>" triggered "shot_fired" (weapon "quake_rl")
L 04/28/2026 - 06:01:58: "SoldierBoy<85><[U:1:900000011]><Blue>" triggered "shot_fired" (weapon "quake_rl")
L 04/28/2026 - 06:01:59: "QuickScout<84><[U:1:900000012]><Red>" picked up item "tf_ammo_pack"
L 04/28/2026 - 06:01:59: "QuickScout<84><[U:1:900000012]><Red>" triggered "shot_hit" (weapon "quake_rl")
L 04/28/2026 - 06:01:59: "QuickScout<84><[U:1:900000012]><Red>" triggered "damage" against "SoldierBoy<85><[U:1:900000011]><Blue>" (damage "76") (weapon "quake_rl")
L 04/28/2026 - 06:01:59: "QuickScout<84><[U:1:900000012]><Red>" triggered "shot_fired" (weapon "quake_rl")
L 04/28/2026 - 06:01:59: "SoldierBoy<85><[U:1:900000011]><Blue>" triggered "shot_hit" (weapon "quake_rl")
L 04/28/2026 - 06:01:59: "SoldierBoy<85><[U:1:900000011]><Blue>" triggered "damage" against "QuickScout<84><[U:1:900000012]><Red>" (damage "107") (weapon "quake_rl")
L 04/28/2026 - 06:01:59: "SoldierBoy<85><[U:1:900000011]><Blue>" triggered "shot_fired" (weapon "quake_rl")
L 04/28/2026 - 06:02:00: "SoldierBoy<85><[U:1:900000011]><Blue>" triggered "shot_fired" (weapon "shotgun_soldier")
L 04/28/2026 - 06:02:00: "SoldierBoy<85><[U:1:900000011]><Blue>" triggered "shot_hit" (weapon "shotgun_soldier")
L 04/28/2026 - 06:02:00: "SoldierBoy<85><[U:1:900000011]><Blue>" triggered "damage" against "QuickScout<84><[U:1:900000012]><Red>" (damage "13") (weapon "shotgun_soldier")
L 04/28/2026 - 06:02:00: "QuickScout<84><[U:1:900000012]><Red>" triggered "shot_fired" (weapon "quake_rl")
L 04/28/2026 - 06:02:01: "SoldierBoy<85><[U:1:900000011]><Blue>" triggered "shot_fired" (weapon "shotgun_soldier")
L 04/28/2026 - 06:02:01: "QuickScout<84><[U:1:900000012]><Red>" triggered "shot_fired" (weapon "quake_rl")
L 04/28/2026 - 06:02:02: "SoldierBoy<85><[U:1:900000011]><Blue>" triggered "shot_fired" (weapon "shotgun_soldier")
L 04/28/2026 - 06:02:02: "SoldierBoy<85><[U:1:900000011]><Blue>" triggered "shot_hit" (weapon "shotgun_soldier")
L 04/28/2026 - 06:02:02: "SoldierBoy<85><[U:1:900000011]><Blue>" triggered "damage" against "QuickScout<84><[U:1:900000012]><Red>" (damage "34") (weapon "shotgun_soldier")
L 04/28/2026 - 06:02:02: "QuickScout<84><[U:1:900000012]><Red>" triggered "shot_fired" (weapon "shotgun_soldier")
L 04/28/2026 - 06:02:02: "QuickScout<84><[U:1:900000012]><Red>" triggered "shot_hit" (weapon "shotgun_soldier")
L 04/28/2026 - 06:02:02: "QuickScout<84><[U:1:900000012]><Red>" triggered "damage" against "SoldierBoy<85><[U:1:900000011]><Blue>" (damage "20") (weapon "shotgun_soldier")
L 04/28/2026 - 06:02:02: "SoldierBoy<85><[U:1:900000011]><Blue>" triggered "shot_fired" (weapon "shotgun_soldier")
L 04/28/2026 - 06:02:02: "SoldierBoy<85><[U:1:900000011]><Blue>" triggered "shot_hit" (weapon "shotgun_soldier")
L 04/28/2026 - 06:02:02: "SoldierBoy<85><[U:1:900000011]><Blue>" triggered "damage" against "QuickScout<84><[U:1:900000012]><Red>" (damage "14") (weapon "shotgun_soldier")
L 04/28/2026 - 06:02:03: "QuickScout<84><[U:1:900000012]><Red>" triggered "shot_fired" (weapon "shotgun_soldier")
L 04/28/2026 - 06:02:03: "SoldierBoy<85><[U:1:900000011]><Blue>" triggered "shot_fired" (weapon "shotgun_soldier")
L 04/28/2026 - 06:02:03: "SoldierBoy<85><[U:1:900000011]><Blue>" triggered "shot_hit" (weapon "shotgun_soldier")
L 04/28/2026 - 06:02:03: "SoldierBoy<85><[U:1:900000011]><Blue>" triggered "damage" against "QuickScout<84><[U:1:900000012]><Red>" (damage "40") (realdamage "32") (weapon "shotgun_soldier")
L 04/28/2026 - 06:02:03: "SoldierBoy<85><[U:1:900000011]><Blue>" killed "QuickScout<84><[U:1:900000012]><Red>" with "shotgun_soldier" (attacker_position "-8440 11854 10589") (victim_position "-8108 11653 10381")
L 04/28/2026 - 06:02:03: "QuickScout<84><[U:1:900000012]><Red>" spawned as "soldier"
L 04/28/2026 - 06:02:05: "SoldierBoy<85><[U:1:900000011]><Blue>" triggered "shot_fired" (weapon "quake_rl")
L 04/28/2026 - 06:02:05: "QuickScout<84><[U:1:900000012]><Red>" triggered "shot_fired" (weapon "quake_rl")
L 04/28/2026 - 06:02:06: "SoldierBoy<85><[U:1:900000011]><Blue>" triggered "shot_fired" (weapon "quake_rl")
L 04/28/2026 - 06:02:06: "QuickScout<84><[U:1:900000012]><Red>" triggered "shot_fired" (weapon "quake_rl")
L 04/28/2026 - 06:02:06: "SoldierBoy<85><[U:1:900000011]><Blue>" triggered "shot_hit" (weapon "quake_rl")
L 04/28/2026 - 06:02:06: "SoldierBoy<85><[U:1:900000011]><Blue>" triggered "damage" against "QuickScout<84><[U:1:900000012]><Red>" (damage "100") (weapon "quake_rl")
L 04/28/2026 - 06:02:06: "QuickScout<84><[U:1:900000012]><Red>" triggered "shot_hit" (weapon "quake_rl")
L 04/28/2026 - 06:02:06: "QuickScout<84><[U:1:900000012]><Red>" triggered "damage" against "SoldierBoy<85><[U:1:900000011]><Blue>" (damage "80") (weapon "quake_rl")
L 04/28/2026 - 06:02:07: "SoldierBoy<85><[U:1:900000011]><Blue>" triggered "shot_fired" (weapon "quake_rl")
L 04/28/2026 - 06:02:07: "QuickScout<84><[U:1:900000012]><Red>" triggered "shot_fired" (weapon "quake_rl")
L 04/28/2026 - 06:02:07: "SoldierBoy<85><[U:1:900000011]><Blue>" triggered "shot_hit" (weapon "quake_rl")
L 04/28/2026 - 06:02:07: "SoldierBoy<85><[U:1:900000011]><Blue>" triggered "damage" against "QuickScout<84><[U:1:900000012]><Red>" (damage "51") (weapon "quake_rl")
L 04/28/2026 - 06:02:07: "QuickScout<84><[U:1:900000012]><Red>" triggered "shot_fired" (weapon "shotgun_soldier")
L 04/28/2026 - 06:02:07: "QuickScout<84><[U:1:900000012]><Red>" triggered "shot_hit" (weapon "shotgun_soldier")
L 04/28/2026 - 06:02:07: "QuickScout<84><[U:1:900000012]><Red>" triggered "damage" against "SoldierBoy<85><[U:1:900000011]><Blue>" (damage "7") (weapon "shotgun_soldier")
L 04/28/2026 - 06:02:08: "SoldierBoy<85><[U:1:900000011]><Blue>" triggered "shot_fired" (weapon "quake_rl")
L 04/28/2026 - 06:02:08: "SoldierBoy<85><[U:1:900000011]><Blue>" triggered "shot_hit" (weapon "quake_rl")
L 04/28/2026 - 06:02:08: "SoldierBoy<85><[U:1:900000011]><Blue>" triggered "damage" against "QuickScout<84><[U:1:900000012]><Red>" (damage "78") (weapon "quake_rl")
L 04/28/2026 - 06:02:08: "QuickScout<84><[U:1:900000012]><Red>" triggered "shot_fired" (weapon "shotgun_soldier")
L 04/28/2026 - 06:02:08: "QuickScout<84><[U:1:900000012]><Red>" triggered "shot_hit" (weapon "shotgun_soldier")
L 04/28/2026 - 06:02:08: "QuickScout<84><[U:1:900000012]><Red>" triggered "damage" against "SoldierBoy<85><[U:1:900000011]><Blue>" (damage "48") (weapon "shotgun_soldier")
L 04/28/2026 - 06:02:08: "SoldierBoy<85><[U:1:900000011]><Blue>" triggered "shot_fired" (weapon "shotgun_soldier")
L 04/28/2026 - 06:02:08: "SoldierBoy<85><[U:1:900000011]><Blue>" triggered "shot_hit" (weapon "shotgun_soldier")
L 04/28/2026 - 06:02:08: "SoldierBoy<85><[U:1:900000011]><Blue>" triggered "damage" against "QuickScout<84><[U:1:900000012]><Red>" (damage "39") (realdamage "1") (weapon "shotgun_soldier")
L 04/28/2026 - 06:02:08: "SoldierBoy<85><[U:1:900000011]><Blue>" killed "QuickScout<84><[U:1:900000012]><Red>" with "shotgun_soldier" (attacker_position "-8637 11706 10785") (victim_position "-8437 11606 10593")
L 04/28/2026 - 06:02:09: "QuickScout<84><[U:1:900000012]><Red>" spawned as "soldier"
L 04/28/2026 - 06:02:10: "SoldierBoy<85><[U:1:900000011]><Blue>" triggered "shot_fired" (weapon "quake_rl")
L 04/28/2026 - 06:02:10: "SoldierBoy<85><[U:1:900000011]><Blue>" triggered "shot_hit" (weapon "quake_rl")
L 04/28/2026 - 06:02:10: "SoldierBoy<85><[U:1:900000011]><Blue>" triggered "damage" against "QuickScout<84><[U:1:900000012]><Red>" (damage "102") (weapon "quake_rl") (airshot "1") (height "345")
L 04/28/2026 - 06:02:11: "QuickScout<84><[U:1:900000012]><Red>" triggered "shot_fired" (weapon "quake_rl")
L 04/28/2026 - 06:02:11: "QuickScout<84><[U:1:900000012]><Red>" triggered "shot_hit" (weapon "quake_rl")
L 04/28/2026 - 06:02:11: "QuickScout<84><[U:1:900000012]><Red>" triggered "damage" against "SoldierBoy<85><[U:1:900000011]><Blue>" (damage "47") (weapon "quake_rl")
L 04/28/2026 - 06:02:11: "QuickScout<84><[U:1:900000012]><Red>" triggered "shot_fired" (weapon "quake_rl")
L 04/28/2026 - 06:02:12: "QuickScout<84><[U:1:900000012]><Red>" triggered "shot_hit" (weapon "quake_rl")
L 04/28/2026 - 06:02:12: "QuickScout<84><[U:1:900000012]><Red>" triggered "damage" against "SoldierBoy<85><[U:1:900000011]><Blue>" (damage "55") (weapon "quake_rl")
L 04/28/2026 - 06:02:17: "SoldierBoy<85><[U:1:900000011]><Blue>" triggered "shot_fired" (weapon "quake_rl")
L 04/28/2026 - 06:02:18: "QuickScout<84><[U:1:900000012]><Red>" triggered "shot_fired" (weapon "quake_rl")
L 04/28/2026 - 06:02:18: "QuickScout<84><[U:1:900000012]><Red>" triggered "shot_hit" (weapon "quake_rl")
L 04/28/2026 - 06:02:18: "QuickScout<84><[U:1:900000012]><Red>" triggered "damage" against "SoldierBoy<85><[U:1:900000011]><Blue>" (damage "75") (weapon "quake_rl")
L 04/28/2026 - 06:02:18: "SoldierBoy<85><[U:1:900000011]><Blue>" triggered "shot_fired" (weapon "quake_rl")
L 04/28/2026 - 06:02:19: "QuickScout<84><[U:1:900000012]><Red>" triggered "shot_fired" (weapon "quake_rl")
L 04/28/2026 - 06:02:19: "QuickScout<84><[U:1:900000012]><Red>" triggered "shot_hit" (weapon "quake_rl")
L 04/28/2026 - 06:02:19: "QuickScout<84><[U:1:900000012]><Red>" triggered "damage" against "SoldierBoy<85><[U:1:900000011]><Blue>" (damage "41") (weapon "quake_rl")
L 04/28/2026 - 06:02:19: "QuickScout<84><[U:1:900000012]><Red>" picked up item "tf_ammo_pack"
L 04/28/2026 - 06:02:20: "SoldierBoy<85><[U:1:900000011]><Blue>" committed suicide with "quake_rl" (attacker_position "-8659 12100 10290")
L 04/28/2026 - 06:02:20: "SoldierBoy<85><[U:1:900000011]><Blue>" spawned as "soldier"
L 04/28/2026 - 06:02:22: "QuickScout<84><[U:1:900000012]><Red>" triggered "shot_fired" (weapon "quake_rl")
L 04/28/2026 - 06:02:22: "SoldierBoy<85><[U:1:900000011]><Blue>" triggered "shot_fired" (weapon "quake_rl")
L 04/28/2026 - 06:02:22: "SoldierBoy<85><[U:1:900000011]><Blue>" triggered "shot_hit" (weapon "quake_rl")
L 04/28/2026 - 06:02:22: "SoldierBoy<85><[U:1:900000011]><Blue>" triggered "damage" against "QuickScout<84><[U:1:900000012]><Red>" (damage "59") (weapon "quake_rl")
L 04/28/2026 - 06:02:22: "QuickScout<84><[U:1:900000012]><Red>" triggered "shot_fired" (weapon "quake_rl")
L 04/28/2026 - 06:02:23: "SoldierBoy<85><[U:1:900000011]><Blue>" triggered "shot_fired" (weapon "quake_rl")
L 04/28/2026 - 06:02:23: "QuickScout<84><[U:1:900000012]><Red>" triggered "shot_fired" (weapon "quake_rl")
L 04/28/2026 - 06:02:23: "QuickScout<84><[U:1:900000012]><Red>" triggered "shot_hit" (weapon "quake_rl")
L 04/28/2026 - 06:02:23: "QuickScout<84><[U:1:900000012]><Red>" triggered "damage" against "SoldierBoy<85><[U:1:900000011]><Blue>" (damage "78") (weapon "quake_rl")
L 04/28/2026 - 06:02:23: "SoldierBoy<85><[U:1:900000011]><Blue>" triggered "shot_fired" (weapon "quake_rl")
L 04/28/2026 - 06:02:24: "SoldierBoy<85><[U:1:900000011]><Blue>" triggered "shot_fired" (weapon "shotgun_soldier")
L 04/28/2026 - 06:02:25: "QuickScout<84><[U:1:900000012]><Red>" triggered "shot_fired" (weapon "shotgun_soldier")
L 04/28/2026 - 06:02:25: "QuickScout<84><[U:1:900000012]><Red>" triggered "shot_hit" (weapon "shotgun_soldier")
L 04/28/2026 - 06:02:25: "QuickScout<84><[U:1:900000012]><Red>" triggered "damage" against "SoldierBoy<85><[U:1:900000011]><Blue>" (damage "83") (weapon "shotgun_soldier")
L 04/28/2026 - 06:02:25: "SoldierBoy<85><[U:1:900000011]><Blue>" triggered "shot_fired" (weapon "shotgun_soldier")
L 04/28/2026 - 06:02:25: "QuickScout<84><[U:1:900000012]><Red>" triggered "shot_fired" (weapon "shotgun_soldier")
L 04/28/2026 - 06:02:25: "QuickScout<84><[U:1:900000012]><Red>" triggered "shot_hit" (weapon "shotgun_soldier")
L 04/28/2026 - 06:02:25: "QuickScout<84><[U:1:900000012]><Red>" triggered "damage" against "SoldierBoy<85><[U:1:900000011]><Blue>" (damage "24") (weapon "shotgun_soldier")
L 04/28/2026 - 06:02:25: "SoldierBoy<85><[U:1:900000011]><Blue>" triggered "shot_fired" (weapon "shotgun_soldier")
L 04/28/2026 - 06:02:25: "SoldierBoy<85><[U:1:900000011]><Blue>" triggered "shot_hit" (weapon "shotgun_soldier")
L 04/28/2026 - 06:02:25: "SoldierBoy<85><[U:1:900000011]><Blue>" triggered "damage" against "QuickScout<84><[U:1:900000012]><Red>" (damage "16") (weapon "shotgun_soldier")
L 04/28/2026 - 06:02:26: "QuickScout<84><[U:1:900000012]><Red>" triggered "shot_fired" (weapon "shotgun_soldier")
L 04/28/2026 - 06:02:27: "QuickScout<84><[U:1:900000012]><Red>" triggered "shot_fired" (weapon "shotgun_soldier")
L 04/28/2026 - 06:02:27: "SoldierBoy<85><[U:1:900000011]><Blue>" triggered "shot_fired" (weapon "quake_rl")
L 04/28/2026 - 06:02:27: "SoldierBoy<85><[U:1:900000011]><Blue>" triggered "shot_hit" (weapon "quake_rl")
L 04/28/2026 - 06:02:27: "SoldierBoy<85><[U:1:900000011]><Blue>" triggered "damage" against "QuickScout<84><[U:1:900000012]><Red>" (damage "63") (weapon "quake_rl")
L 04/28/2026 - 06:02:28: "SoldierBoy<85><[U:1:900000011]><Blue>" triggered "shot_fired" (weapon "shotgun_soldier")
L 04/28/2026 - 06:02:28: "SoldierBoy<85><[U:1:900000011]><Blue>" triggered "shot_hit" (weapon "shotgun_soldier")
L 04/28/2026 - 06:02:28: "SoldierBoy<85><[U:1:900000011]><Blue>" triggered "damage" against "QuickScout<84><[U:1:900000012]><Red>" (damage "8") (weapon "shotgun_soldier")
L 04/28/2026 - 06:02:28: "QuickScout<84><[U:1:900000012]><Red>" triggered "shot_fired" (weapon "shotgun_soldier")
L 04/28/2026 - 06:02:28: "SoldierBoy<85><[U:1:900000011]><Blue>" triggered "shot_fired" (weapon "shotgun_soldier")
L 04/28/2026 - 06:02:28: "SoldierBoy<85><[U:1:900000011]><Blue>" triggered "shot_hit" (weapon "shotgun_soldier")
L 04/28/2026 - 06:02:28: "SoldierBoy<85><[U:1:900000011]><Blue>" triggered "damage" against "QuickScout<84><[U:1:900000012]><Red>" (damage "57") (realdamage "34") (weapon "shotgun_soldier")
L 04/28/2026 - 06:02:28: "SoldierBoy<85><[U:1:900000011]><Blue>" killed "QuickScout<84><[U:1:900000012]><Red>" with "shotgun_soldier" (attacker_position "-8416 11837 10589") (victim_position "-8655 11880 10573")
L 04/28/2026 - 06:02:28: "QuickScout<84><[U:1:900000012]><Red>" spawned as "soldier"
L 04/28/2026 - 06:02:30: "SoldierBoy<85><[U:1:900000011]><Blue>" triggered "shot_fired" (weapon "quake_rl")
L 04/28/2026 - 06:02:31: "QuickScout<84><[U:1:900000012]><Red>" triggered "shot_fired" (weapon "quake_rl")
L 04/28/2026 - 06:02:31: "QuickScout<84><[U:1:900000012]><Red>" triggered "shot_fired" (weapon "quake_rl")
L 04/28/2026 - 06:02:31: "SoldierBoy<85><[U:1:900000011]><Blue>" triggered "shot_fired" (weapon "quake_rl")
L 04/28/2026 - 06:02:31: "SoldierBoy<85><[U:1:900000011]><Blue>" triggered "shot_hit" (weapon "quake_rl")
L 04/28/2026 - 06:02:31: "SoldierBoy<85><[U:1:900000011]><Blue>" triggered "damage" against "QuickScout<84><[U:1:900000012]><Red>" (damage "103") (weapon "quake_rl")
L 04/28/2026 - 06:02:31: "QuickScout<84><[U:1:900000012]><Red>" triggered "shot_hit" (weapon "quake_rl")
L 04/28/2026 - 06:02:31: "QuickScout<84><[U:1:900000012]><Red>" triggered "damage" against "SoldierBoy<85><[U:1:900000011]><Blue>" (damage "76") (weapon "quake_rl")
L 04/28/2026 - 06:02:32: "SoldierBoy<85><[U:1:900000011]><Blue>" triggered "shot_fired" (weapon "quake_rl")
L 04/28/2026 - 06:02:32: "QuickScout<84><[U:1:900000012]><Red>" triggered "shot_fired" (weapon "quake_rl")
L 04/28/2026 - 06:02:32: "SoldierBoy<85><[U:1:900000011]><Blue>" triggered "shot_hit" (weapon "quake_rl")
L 04/28/2026 - 06:02:32: "SoldierBoy<85><[U:1:900000011]><Blue>" triggered "damage" against "QuickScout<84><[U:1:900000012]><Red>" (damage "94") (weapon "quake_rl")
L 04/28/2026 - 06:02:33: "QuickScout<84><[U:1:900000012]><Red>" triggered "shot_fired" (weapon "shotgun_soldier")
L 04/28/2026 - 06:02:33: "SoldierBoy<85><[U:1:900000011]><Blue>" triggered "shot_hit" (weapon "quake_rl")
L 04/28/2026 - 06:02:33: "SoldierBoy<85><[U:1:900000011]><Blue>" triggered "damage" against "QuickScout<84><[U:1:900000012]><Red>" (damage "103") (realdamage "34") (weapon "quake_rl") (airshot "1") (height "290")
L 04/28/2026 - 06:02:33: "SoldierBoy<85><[U:1:900000011]><Blue>" killed "QuickScout<84><[U:1:900000012]><Red>" with "quake_rl" (attacker_position "-8724 11692 10778") (victim_position "-8458 11563 10887")
L 04/28/2026 - 06:02:33: "SoldierBoy<85><[U:1:900000011]><Blue>" triggered "domination" against "QuickScout<84><[U:1:900000012]><Red>"
L 04/28/2026 - 06:02:33: "SoldierBoy<85><[U:1:900000011]><Blue>" triggered "shot_fired" (weapon "quake_rl")
L 04/28/2026 - 06:02:33: "QuickScout<84><[U:1:900000012]><Red>" spawned as "soldier"
L 04/28/2026 - 06:02:35: "SoldierBoy<85><[U:1:900000011]><Blue>" triggered "shot_fired" (weapon "quake_rl")
L 04/28/2026 - 06:02:35: "QuickScout<84><[U:1:900000012]><Red>" triggered "shot_hit" (weapon "quake_rl")
L 04/28/2026 - 06:02:35: "QuickScout<84><[U:1:900000012]><Red>" triggered "damage" against "SoldierBoy<85><[U:1:900000011]><Blue>" (damage "109") (weapon "quake_rl")
L 04/28/2026 - 06:02:35: "QuickScout<84><[U:1:900000012]><Red>" triggered "shot_fired" (weapon "quake_rl")
L 04/28/2026 - 06:02:36: "SoldierBoy<85><[U:1:900000011]><Blue>" triggered "shot_fired" (weapon "quake_rl")
L 04/28/2026 - 06:02:36: "QuickScout<84><[U:1:900000012]><Red>" triggered "shot_fired" (weapon "quake_rl")
L 04/28/2026 - 06:02:36: "SoldierBoy<85><[U:1:900000011]><Blue>" triggered "shot_hit" (weapon "quake_rl")
L 04/28/2026 - 06:02:36: "SoldierBoy<85><[U:1:900000011]><Blue>" triggered "damage" against "QuickScout<84><[U:1:900000012]><Red>" (damage "98") (weapon "quake_rl") (airshot "1") (height "878")
L 04/28/2026 - 06:02:37: "SoldierBoy<85><[U:1:900000011]><Blue>" triggered "shot_fired" (weapon "quake_rl")
L 04/28/2026 - 06:02:37: "QuickScout<84><[U:1:900000012]><Red>" triggered "shot_fired" (weapon "shotgun_soldier")
L 04/28/2026 - 06:02:37: "QuickScout<84><[U:1:900000012]><Red>" triggered "shot_hit" (weapon "shotgun_soldier")
L 04/28/2026 - 06:02:37: "QuickScout<84><[U:1:900000012]><Red>" triggered "damage" against "SoldierBoy<85><[U:1:900000011]><Blue>" (damage "54") (weapon "shotgun_soldier")
L 04/28/2026 - 06:02:38: "QuickScout<84><[U:1:900000012]><Red>" triggered "shot_fired" (weapon "quake_rl")
L 04/28/2026 - 06:02:39: "SoldierBoy<85><[U:1:900000011]><Blue>" triggered "shot_fired" (weapon "quake_rl")
L 04/28/2026 - 06:02:42: "QuickScout<84><[U:1:900000012]><Red>" triggered "shot_fired" (weapon "quake_rl")
L 04/28/2026 - 06:02:43: "SoldierBoy<85><[U:1:900000011]><Blue>" triggered "shot_fired" (weapon "quake_rl")
L 04/28/2026 - 06:02:43: "SoldierBoy<85><[U:1:900000011]><Blue>" triggered "shot_hit" (weapon "quake_rl")
L 04/28/2026 - 06:02:43: "SoldierBoy<85><[U:1:900000011]><Blue>" triggered "damage" against "QuickScout<84><[U:1:900000012]><Red>" (damage "43") (weapon "quake_rl")
L 04/28/2026 - 06:02:44: "QuickScout<84><[U:1:900000012]><Red>" picked up item "tf_ammo_pack"
L 04/28/2026 - 06:02:45: "SoldierBoy<85><[U:1:900000011]><Blue>" triggered "shot_fired" (weapon "quake_rl")
L 04/28/2026 - 06:02:45: "SoldierBoy<85><[U:1:900000011]><Blue>" triggered "shot_hit" (weapon "quake_rl")
L 04/28/2026 - 06:02:45: "SoldierBoy<85><[U:1:900000011]><Blue>" triggered "damage" against "QuickScout<84><[U:1:900000012]><Red>" (damage "54") (realdamage "26") (weapon "quake_rl")
L 04/28/2026 - 06:02:45: "SoldierBoy<85><[U:1:900000011]><Blue>" killed "QuickScout<84><[U:1:900000012]><Red>" with "quake_rl" (attacker_position "-8502 11608 10767") (victim_position "-8528 11331 10417")
L 04/28/2026 - 06:02:45: "QuickScout<84><[U:1:900000012]><Red>" triggered "shot_fired" (weapon "quake_rl")
L 04/28/2026 - 06:02:45: "QuickScout<84><[U:1:900000012]><Red>" spawned as "soldier"
L 04/28/2026 - 06:02:49: "SoldierBoy<85><[U:1:900000011]><Blue>" triggered "shot_fired" (weapon "quake_rl")
L 04/28/2026 - 06:02:49: "QuickScout<84><[U:1:900000012]><Red>" triggered "shot_fired" (weapon "quake_rl")
L 04/28/2026 - 06:02:49: "QuickScout<84><[U:1:900000012]><Red>" triggered "shot_hit" (weapon "quake_rl")
L 04/28/2026 - 06:02:49: "QuickScout<84><[U:1:900000012]><Red>" triggered "damage" against "SoldierBoy<85><[U:1:900000011]><Blue>" (damage "59") (weapon "quake_rl")
L 04/28/2026 - 06:02:50: "QuickScout<84><[U:1:900000012]><Red>" triggered "shot_hit" (weapon "quake_rl")
L 04/28/2026 - 06:02:50: "QuickScout<84><[U:1:900000012]><Red>" triggered "damage" against "SoldierBoy<85><[U:1:900000011]><Blue>" (damage "109") (weapon "quake_rl")
L 04/28/2026 - 06:02:50: "QuickScout<84><[U:1:900000012]><Red>" triggered "shot_fired" (weapon "quake_rl")
L 04/28/2026 - 06:02:51: "SoldierBoy<85><[U:1:900000011]><Blue>" triggered "shot_fired" (weapon "quake_rl")
L 04/28/2026 - 06:02:52: "SoldierBoy<85><[U:1:900000011]><Blue>" triggered "shot_fired" (weapon "quake_rl")
L 04/28/2026 - 06:02:52: "SoldierBoy<85><[U:1:900000011]><Blue>" triggered "shot_hit" (weapon "quake_rl")
L 04/28/2026 - 06:02:52: "SoldierBoy<85><[U:1:900000011]><Blue>" triggered "damage" against "QuickScout<84><[U:1:900000012]><Red>" (damage "45") (weapon "quake_rl")
L 04/28/2026 - 06:02:52: "QuickScout<84><[U:1:900000012]><Red>" triggered "shot_fired" (weapon "quake_rl")
L 04/28/2026 - 06:02:53: "QuickScout<84><[U:1:900000012]><Red>" triggered "shot_hit" (weapon "quake_rl")
L 04/28/2026 - 06:02:53: "QuickScout<84><[U:1:900000012]><Red>" triggered "damage" against "SoldierBoy<85><[U:1:900000011]><Blue>" (damage "49") (weapon "quake_rl")
L 04/28/2026 - 06:02:53: "SoldierBoy<85><[U:1:900000011]><Blue>" triggered "shot_fired" (weapon "quake_rl")
L 04/28/2026 - 06:02:53: "SoldierBoy<85><[U:1:900000011]><Blue>" triggered "shot_hit" (weapon "quake_rl")
L 04/28/2026 - 06:02:53: "SoldierBoy<85><[U:1:900000011]><Blue>" triggered "damage" against "QuickScout<84><[U:1:900000012]><Red>" (damage "62") (weapon "quake_rl")
L 04/28/2026 - 06:02:53: "QuickScout<84><[U:1:900000012]><Red>" triggered "shot_fired" (weapon "quake_rl")
L 04/28/2026 - 06:02:53: "QuickScout<84><[U:1:900000012]><Red>" triggered "shot_hit" (weapon "quake_rl")
L 04/28/2026 - 06:02:53: "QuickScout<84><[U:1:900000012]><Red>" triggered "damage" against "SoldierBoy<85><[U:1:900000011]><Blue>" (damage "46") (realdamage "16") (weapon "quake_rl")
L 04/28/2026 - 06:02:53: "QuickScout<84><[U:1:900000012]><Red>" killed "SoldierBoy<85><[U:1:900000011]><Blue>" with "quake_rl" (attacker_position "-8538 12554 10376") (victim_position "-8121 12769 10401")
L 04/28/2026 - 06:02:53: "QuickScout<84><[U:1:900000012]><Red>" triggered "revenge" against "SoldierBoy<85><[U:1:900000011]><Blue>"
L 04/28/2026 - 06:02:54: "SoldierBoy<85><[U:1:900000011]><Blue>" spawned as "soldier"
L 04/28/2026 - 06:02:54: "QuickScout<84><[U:1:900000012]><Red>" triggered "shot_fired" (weapon "shotgun_soldier")
L 04/28/2026 - 06:02:56: "SoldierBoy<85><[U:1:900000011]><Blue>" triggered "shot_fired" (weapon "quake_rl")
L 04/28/2026 - 06:02:56: "QuickScout<84><[U:1:900000012]><Red>" triggered "shot_fired" (weapon "quake_rl")
L 04/28/2026 - 06:02:57: "QuickScout<84><[U:1:900000012]><Red>" triggered "shot_hit" (weapon "quake_rl")
L 04/28/2026 - 06:02:57: "QuickScout<84><[U:1:900000012]><Red>" triggered "damage" against "SoldierBoy<85><[U:1:900000011]><Blue>" (damage "53") (weapon "quake_rl")
L 04/28/2026 - 06:02:57: "SoldierBoy<85><[U:1:900000011]><Blue>" triggered "shot_hit" (weapon "quake_rl")
L 04/28/2026 - 06:02:57: "SoldierBoy<85><[U:1:900000011]><Blue>" triggered "damage" against "QuickScout<84><[U:1:900000012]><Red>" (damage "63") (weapon "quake_rl")
L 04/28/2026 - 06:02:57: "SoldierBoy<85><[U:1:900000011]><Blue>" triggered "shot_fired" (weapon "quake_rl")
L 04/28/2026 - 06:02:57: "QuickScout<84><[U:1:900000012]><Red>" triggered "shot_fired" (weapon "quake_rl")
L 04/28/2026 - 06:02:58: "SoldierBoy<85><[U:1:900000011]><Blue>" triggered "shot_fired" (weapon "quake_rl")
L 04/28/2026 - 06:02:58: "SoldierBoy<85><[U:1:900000011]><Blue>" triggered "shot_hit" (weapon "quake_rl")
L 04/28/2026 - 06:02:58: "SoldierBoy<85><[U:1:900000011]><Blue>" triggered "damage" against "QuickScout<84><[U:1:900000012]><Red>" (damage "84") (weapon "quake_rl")
L 04/28/2026 - 06:02:59: "QuickScout<84><[U:1:900000012]><Red>" triggered "shot_fired" (weapon "quake_rl")
L 04/28/2026 - 06:03:00: "SoldierBoy<85><[U:1:900000011]><Blue>" triggered "shot_fired" (weapon "quake_rl")
L 04/28/2026 - 06:03:01: "SoldierBoy<85><[U:1:900000011]><Blue>" triggered "shot_fired" (weapon "shotgun_soldier")
L 04/28/2026 - 06:03:01: "QuickScout<84><[U:1:900000012]><Red>" triggered "shot_fired" (weapon "quake_rl")
L 04/28/2026 - 06:03:01: "QuickScout<84><[U:1:900000012]><Red>" triggered "shot_hit" (weapon "quake_rl")
L 04/28/2026 - 06:03:01: "QuickScout<84><[U:1:900000012]><Red>" triggered "damage" against "SoldierBoy<85><[U:1:900000011]><Blue>" (damage "89") (weapon "quake_rl")
L 04/28/2026 - 06:03:01: "QuickScout<84><[U:1:900000012]><Red>" triggered "shot_fired" (weapon "shotgun_soldier")
L 04/28/2026 - 06:03:01: "QuickScout<84><[U:1:900000012]><Red>" triggered "shot_hit" (weapon "shotgun_soldier")
L 04/28/2026 - 06:03:01: "QuickScout<84><[U:1:900000012]><Red>" triggered "damage" against "SoldierBoy<85><[U:1:900000011]><Blue>" (damage "8") (weapon "shotgun_soldier")
L 04/28/2026 - 06:03:02: "SoldierBoy<85><[U:1:900000011]><Blue>" triggered "shot_fired" (weapon "shotgun_soldier")
L 04/28/2026 - 06:03:02: "QuickScout<84><[U:1:900000012]><Red>" triggered "shot_fired" (weapon "shotgun_soldier")
L 04/28/2026 - 06:03:02: "QuickScout<84><[U:1:900000012]><Red>" triggered "shot_hit" (weapon "shotgun_soldier")
L 04/28/2026 - 06:03:02: "QuickScout<84><[U:1:900000012]><Red>" triggered "damage" against "SoldierBoy<85><[U:1:900000011]><Blue>" (damage "50") (weapon "shotgun_soldier")
L 04/28/2026 - 06:03:02: "SoldierBoy<85><[U:1:900000011]><Blue>" triggered "shot_fired" (weapon "shotgun_soldier")
L 04/28/2026 - 06:03:02: "SoldierBoy<85><[U:1:900000011]><Blue>" triggered "shot_hit" (weapon "shotgun_soldier")
L 04/28/2026 - 06:03:02: "SoldierBoy<85><[U:1:900000011]><Blue>" triggered "damage" against "QuickScout<84><[U:1:900000012]><Red>" (damage "50") (weapon "shotgun_soldier")
L 04/28/2026 - 06:03:02: "QuickScout<84><[U:1:900000012]><Red>" triggered "shot_fired" (weapon "shotgun_soldier")
L 04/28/2026 - 06:03:02: "QuickScout<84><[U:1:900000012]><Red>" triggered "shot_hit" (weapon "shotgun_soldier")
L 04/28/2026 - 06:03:02: "QuickScout<84><[U:1:900000012]><Red>" triggered "damage" against "SoldierBoy<85><[U:1:900000011]><Blue>" (damage "57") (realdamage "12") (weapon "shotgun_soldier")
L 04/28/2026 - 06:03:02: "QuickScout<84><[U:1:900000012]><Red>" killed "SoldierBoy<85><[U:1:900000011]><Blue>" with "shotgun_soldier" (attacker_position "-8775 11897 10736") (victim_position "-8676 11675 10743")
L 04/28/2026 - 06:03:03: "SoldierBoy<85><[U:1:900000011]><Blue>" spawned as "soldier"
L 04/28/2026 - 06:03:05: "QuickScout<84><[U:1:900000012]><Red>" triggered "shot_fired" (weapon "quake_rl")
L 04/28/2026 - 06:03:05: "SoldierBoy<85><[U:1:900000011]><Blue>" triggered "shot_fired" (weapon "quake_rl")
L 04/28/2026 - 06:03:05: "SoldierBoy<85><[U:1:900000011]><Blue>" triggered "shot_hit" (weapon "quake_rl")
L 04/28/2026 - 06:03:05: "SoldierBoy<85><[U:1:900000011]><Blue>" triggered "damage" against "QuickScout<84><[U:1:900000012]><Red>" (damage "68") (weapon "quake_rl")
L 04/28/2026 - 06:03:05: "SoldierBoy<85><[U:1:900000011]><Blue>" triggered "shot_hit" (weapon "quake_rl")
L 04/28/2026 - 06:03:05: "SoldierBoy<85><[U:1:900000011]><Blue>" triggered "damage" against "QuickScout<84><[U:1:900000012]><Red>" (damage "110") (weapon "quake_rl")
L 04/28/2026 - 06:03:06: "SoldierBoy<85><[U:1:900000011]><Blue>" triggered "shot_fired" (weapon "quake_rl")
L 04/28/2026 - 06:03:06: "QuickScout<84><[U:1:900000012]><Red>" triggered "shot_hit" (weapon "quake_rl")
L 04/28/2026 - 06:03:06: "QuickScout<84><[U:1:900000012]><Red>" triggered "damage" against "SoldierBoy<85><[U:1:900000011]><Blue>" (damage "54") (weapon "quake_rl")
L 04/28/2026 - 06:03:06: "QuickScout<84><[U:1:900000012]><Red>" triggered "shot_fired" (weapon "quake_rl")
L 04/28/2026 - 06:03:06: "SoldierBoy<85><[U:1:900000011]><Blue>" triggered "shot_hit" (weapon "quake_rl")
L 04/28/2026 - 06:03:06: "SoldierBoy<85><[U:1:900000011]><Blue>" triggered "damage" against "QuickScout<84><[U:1:900000012]><Red>" (damage "68") (realdamage "30") (weapon "quake_rl")
L 04/28/2026 - 06:03:06: "SoldierBoy<85><[U:1:900000011]><Blue>" killed "QuickScout<84><[U:1:900000012]><Red>" with "quake_rl" (attacker_position "-8628 11893 10651") (victim_position "-8671 11658 10801")
L 04/28/2026 - 06:03:06: "SoldierBoy<85><[U:1:900000011]><Blue>" triggered "shot_fired" (weapon "quake_rl")
L 04/28/2026 - 06:03:06: "QuickScout<84><[U:1:900000012]><Red>" spawned as "soldier"
L 04/28/2026 - 06:03:06: "QuickScout<84><[U:1:900000012]><Red>" triggered "shot_fired" (weapon "quake_rl")
L 04/28/2026 - 06:03:08: "SoldierBoy<85><[U:1:900000011]><Blue>" triggered "shot_fired" (weapon "quake_rl")
L 04/28/2026 - 06:03:09: "QuickScout<84><[U:1:900000012]><Red>" triggered "shot_fired" (weapon "quake_rl")
L 04/28/2026 - 06:03:09: "SoldierBoy<85><[U:1:900000011]><Blue>" triggered "shot_fired" (weapon "quake_rl")
L 04/28/2026 - 06:03:10: "QuickScout<84><[U:1:900000012]><Red>" triggered "shot_fired" (weapon "quake_rl")
L 04/28/2026 - 06:03:10: "SoldierBoy<85><[U:1:900000011]><Blue>" triggered "shot_fired" (weapon "quake_rl")
L 04/28/2026 - 06:03:10: "SoldierBoy<85><[U:1:900000011]><Blue>" triggered "shot_hit" (weapon "quake_rl")
L 04/28/2026 - 06:03:10: "SoldierBoy<85><[U:1:900000011]><Blue>" triggered "damage" against "QuickScout<84><[U:1:900000012]><Red>" (damage "81") (weapon "quake_rl")
L 04/28/2026 - 06:03:11: "QuickScout<84><[U:1:900000012]><Red>" triggered "shot_fired" (weapon "quake_rl")
L 04/28/2026 - 06:03:11: "QuickScout<84><[U:1:900000012]><Red>" triggered "shot_hit" (weapon "quake_rl")
L 04/28/2026 - 06:03:11: "QuickScout<84><[U:1:900000012]><Red>" triggered "damage" against "SoldierBoy<85><[U:1:900000011]><Blue>" (damage "68") (weapon "quake_rl")
L 04/28/2026 - 06:03:11: "SoldierBoy<85><[U:1:900000011]><Blue>" triggered "shot_fired" (weapon "quake_rl")
L 04/28/2026 - 06:03:11: "QuickScout<84><[U:1:900000012]><Red>" triggered "shot_fired" (weapon "shotgun_soldier")
L 04/28/2026 - 06:03:11: "QuickScout<84><[U:1:900000012]><Red>" triggered "shot_hit" (weapon "shotgun_soldier")
L 04/28/2026 - 06:03:11: "QuickScout<84><[U:1:900000012]><Red>" triggered "damage" against "SoldierBoy<85><[U:1:900000011]><Blue>" (damage "49") (weapon "shotgun_soldier")
L 04/28/2026 - 06:03:12: "SoldierBoy<85><[U:1:900000011]><Blue>" triggered "shot_fired" (weapon "shotgun_soldier")
L 04/28/2026 - 06:03:12: "SoldierBoy<85><[U:1:900000011]><Blue>" triggered "shot_hit" (weapon "shotgun_soldier")
L 04/28/2026 - 06:03:12: "SoldierBoy<85><[U:1:900000011]><Blue>" triggered "damage" against "QuickScout<84><[U:1:900000012]><Red>" (damage "70") (weapon "shotgun_soldier")
L 04/28/2026 - 06:03:12: "QuickScout<84><[U:1:900000012]><Red>" triggered "shot_fired" (weapon "shotgun_soldier")
L 04/28/2026 - 06:03:12: "QuickScout<84><[U:1:900000012]><Red>" triggered "shot_hit" (weapon "shotgun_soldier")
L 04/28/2026 - 06:03:12: "QuickScout<84><[U:1:900000012]><Red>" triggered "damage" against "SoldierBoy<85><[U:1:900000011]><Blue>" (damage "53") (weapon "shotgun_soldier")
L 04/28/2026 - 06:03:13: "SoldierBoy<85><[U:1:900000011]><Blue>" triggered "shot_fired" (weapon "shotgun_soldier")
L 04/28/2026 - 06:03:13: "QuickScout<84><[U:1:900000012]><Red>" triggered "shot_fired" (weapon "shotgun_soldier")
L 04/28/2026 - 06:03:13: "SoldierBoy<85><[U:1:900000011]><Blue>" triggered "shot_fired" (weapon "shotgun_soldier")
L 04/28/2026 - 06:03:14: "QuickScout<84><[U:1:900000012]><Red>" triggered "shot_fired" (weapon "shotgun_soldier")
L 04/28/2026 - 06:03:14: "SoldierBoy<85><[U:1:900000011]><Blue>" triggered "shot_fired" (weapon "shotgun_soldier")
L 04/28/2026 - 06:03:14: "SoldierBoy<85><[U:1:900000011]><Blue>" triggered "shot_hit" (weapon "shotgun_soldier")
L 04/28/2026 - 06:03:14: "SoldierBoy<85><[U:1:900000011]><Blue>" triggered "damage" against "QuickScout<84><[U:1:900000012]><Red>" (damage "87") (realdamage "74") (weapon "shotgun_soldier")
L 04/28/2026 - 06:03:14: "SoldierBoy<85><[U:1:900000011]><Blue>" killed "QuickScout<84><[U:1:900000012]><Red>" with "shotgun_soldier" (attacker_position "-8594 11653 10748") (victim_position "-8720 11589 10742")
L 04/28/2026 - 06:03:14: "QuickScout<84><[U:1:900000012]><Red>" spawned as "soldier"
L 04/28/2026 - 06:03:16: "QuickScout<84><[U:1:900000012]><Red>" triggered "shot_fired" (weapon "quake_rl")
L 04/28/2026 - 06:03:16: "SoldierBoy<85><[U:1:900000011]><Blue>" triggered "shot_fired" (weapon "quake_rl")
L 04/28/2026 - 06:03:17: "QuickScout<84><[U:1:900000012]><Red>" triggered "damage" against "SoldierBoy<85><[U:1:900000011]><Blue>" (damage "195") (weapon "market_gardener") (crit "crit")
L 04/28/2026 - 06:03:18: "SoldierBoy<85><[U:1:900000011]><Blue>" triggered "shot_hit" (weapon "quake_rl")
L 04/28/2026 - 06:03:18: "SoldierBoy<85><[U:1:900000011]><Blue>" triggered "damage" against "QuickScout<84><[U:1:900000012]><Red>" (damage "54") (weapon "quake_rl")
L 04/28/2026 - 06:03:18: "SoldierBoy<85><[U:1:900000011]><Blue>" triggered "shot_fired" (weapon "quake_rl")
L 04/28/2026 - 06:03:18: "QuickScout<84><[U:1:900000012]><Red>" triggered "shot_fired" (weapon "quake_rl")
L 04/28/2026 - 06:03:19: "QuickScout<84><[U:1:900000012]><Red>" triggered "shot_fired" (weapon "quake_rl")
L 04/28/2026 - 06:03:19: "SoldierBoy<85><[U:1:900000011]><Blue>" triggered "shot_fired" (weapon "quake_rl")
L 04/28/2026 - 06:03:19: "SoldierBoy<85><[U:1:900000011]><Blue>" triggered "shot_hit" (weapon "quake_rl")
L 04/28/2026 - 06:03:19: "SoldierBoy<85><[U:1:900000011]><Blue>" triggered "damage" against "QuickScout<84><[U:1:900000012]><Red>" (damage "103") (weapon "quake_rl")
L 04/28/2026 - 06:03:19: "QuickScout<84><[U:1:900000012]><Red>" triggered "shot_fired" (weapon "shotgun_soldier")
L 04/28/2026 - 06:03:19: "QuickScout<84><[U:1:900000012]><Red>" triggered "shot_hit" (weapon "shotgun_soldier")
L 04/28/2026 - 06:03:19: "QuickScout<84><[U:1:900000012]><Red>" triggered "damage" against "SoldierBoy<85><[U:1:900000011]><Blue>" (damage "44") (weapon "shotgun_soldier")
L 04/28/2026 - 06:03:20: "SoldierBoy<85><[U:1:900000011]><Blue>" triggered "shot_fired" (weapon "quake_rl")
L 04/28/2026 - 06:03:20: "SoldierBoy<85><[U:1:900000011]><Blue>" triggered "shot_hit" (weapon "quake_rl")
L 04/28/2026 - 06:03:20: "SoldierBoy<85><[U:1:900000011]><Blue>" triggered "damage" against "QuickScout<84><[U:1:900000012]><Red>" (damage "80") (realdamage "70") (weapon "quake_rl")
L 04/28/2026 - 06:03:20: "SoldierBoy<85><[U:1:900000011]><Blue>" killed "QuickScout<84><[U:1:900000012]><Red>" with "quake_rl" (attacker_position "-8606 11618 10736") (victim_position "-8851 11878 10736")
L 04/28/2026 - 06:03:20: "QuickScout<84><[U:1:900000012]><Red>" spawned as "soldier"
L 04/28/2026 - 06:03:22: "SoldierBoy<85><[U:1:900000011]><Blue>" triggered "shot_fired" (weapon "quake_rl")
L 04/28/2026 - 06:03:22: "QuickScout<84><[U:1:900000012]><Red>" triggered "shot_fired" (weapon "quake_rl")
L 04/28/2026 - 06:03:22: "QuickScout<84><[U:1:900000012]><Red>" triggered "shot_hit" (weapon "quake_rl")
L 04/28/2026 - 06:03:22: "QuickScout<84><[U:1:900000012]><Red>" triggered "damage" against "SoldierBoy<85><[U:1:900000011]><Blue>" (damage "51") (weapon "quake_rl")
L 04/28/2026 - 06:03:23: "SoldierBoy<85><[U:1:900000011]><Blue>" triggered "shot_fired" (weapon "quake_rl")
L 04/28/2026 - 06:03:23: "QuickScout<84><[U:1:900000012]><Red>" triggered "shot_fired" (weapon "quake_rl")
L 04/28/2026 - 06:03:24: "SoldierBoy<85><[U:1:900000011]><Blue>" triggered "shot_hit" (weapon "quake_rl")
L 04/28/2026 - 06:03:24: "SoldierBoy<85><[U:1:900000011]><Blue>" triggered "damage" against "QuickScout<84><[U:1:900000012]><Red>" (damage "80") (weapon "quake_rl")
L 04/28/2026 - 06:03:24: "SoldierBoy<85><[U:1:900000011]><Blue>" triggered "shot_fired" (weapon "quake_rl")
L 04/28/2026 - 06:03:24: "QuickScout<84><[U:1:900000012]><Red>" triggered "shot_hit" (weapon "quake_rl")
L 04/28/2026 - 06:03:24: "QuickScout<84><[U:1:900000012]><Red>" triggered "damage" against "SoldierBoy<85><[U:1:900000011]><Blue>" (damage "52") (weapon "quake_rl")
L 04/28/2026 - 06:03:24: "QuickScout<84><[U:1:900000012]><Red>" triggered "shot_fired" (weapon "quake_rl")
L 04/28/2026 - 06:03:24: "QuickScout<84><[U:1:900000012]><Red>" triggered "shot_fired" (weapon "shotgun_soldier")
L 04/28/2026 - 06:03:24: "QuickScout<84><[U:1:900000012]><Red>" triggered "shot_hit" (weapon "shotgun_soldier")
L 04/28/2026 - 06:03:24: "QuickScout<84><[U:1:900000012]><Red>" triggered "damage" against "SoldierBoy<85><[U:1:900000011]><Blue>" (damage "11") (weapon "shotgun_soldier")
L 04/28/2026 - 06:03:24: "SoldierBoy<85><[U:1:900000011]><Blue>" triggered "shot_fired" (weapon "quake_rl")
L 04/28/2026 - 06:03:25: "QuickScout<84><[U:1:900000012]><Red>" triggered "shot_fired" (weapon "shotgun_soldier")
L 04/28/2026 - 06:03:25: "QuickScout<84><[U:1:900000012]><Red>" triggered "shot_hit" (weapon "shotgun_soldier")
L 04/28/2026 - 06:03:25: "QuickScout<84><[U:1:900000012]><Red>" triggered "damage" against "SoldierBoy<85><[U:1:900000011]><Blue>" (damage "12") (weapon "shotgun_soldier")
L 04/28/2026 - 06:03:25: "QuickScout<84><[U:1:900000012]><Red>" triggered "shot_fired" (weapon "shotgun_soldier")
L 04/28/2026 - 06:03:25: "QuickScout<84><[U:1:900000012]><Red>" triggered "shot_hit" (weapon "shotgun_soldier")
L 04/28/2026 - 06:03:25: "QuickScout<84><[U:1:900000012]><Red>" triggered "damage" against "SoldierBoy<85><[U:1:900000011]><Blue>" (damage "4") (weapon "shotgun_soldier")
L 04/28/2026 - 06:03:26: "QuickScout<84><[U:1:900000012]><Red>" triggered "shot_fired" (weapon "shotgun_soldier")
L 04/28/2026 - 06:03:26: "QuickScout<84><[U:1:900000012]><Red>" triggered "shot_hit" (weapon "shotgun_soldier")
L 04/28/2026 - 06:03:26: "QuickScout<84><[U:1:900000012]><Red>" triggered "damage" against "SoldierBoy<85><[U:1:900000011]><Blue>" (damage "70") (weapon "shotgun_soldier")
L 04/28/2026 - 06:03:26: "SoldierBoy<85><[U:1:900000011]><Blue>" triggered "shot_fired" (weapon "shotgun_soldier")
L 04/28/2026 - 06:03:26: "SoldierBoy<85><[U:1:900000011]><Blue>" triggered "shot_hit" (weapon "shotgun_soldier")
L 04/28/2026 - 06:03:26: "SoldierBoy<85><[U:1:900000011]><Blue>" triggered "damage" against "QuickScout<84><[U:1:900000012]><Red>" (damage "73") (weapon "shotgun_soldier")
L 04/28/2026 - 06:03:27: "QuickScout<84><[U:1:900000012]><Red>" triggered "shot_fired" (weapon "shotgun_soldier")
L 04/28/2026 - 06:03:27: "SoldierBoy<85><[U:1:900000011]><Blue>" triggered "shot_fired" (weapon "shotgun_soldier")
L 04/28/2026 - 06:03:27: "SoldierBoy<85><[U:1:900000011]><Blue>" triggered "shot_hit" (weapon "shotgun_soldier")
L 04/28/2026 - 06:03:27: "SoldierBoy<85><[U:1:900000011]><Blue>" triggered "damage" against "QuickScout<84><[U:1:900000012]><Red>" (damage "45") (weapon "shotgun_soldier")
L 04/28/2026 - 06:03:27: "QuickScout<84><[U:1:900000012]><Red>" triggered "shot_fired" (weapon "shotgun_soldier")
L 04/28/2026 - 06:03:27: "QuickScout<84><[U:1:900000012]><Red>" triggered "shot_hit" (weapon "shotgun_soldier")
L 04/28/2026 - 06:03:27: "QuickScout<84><[U:1:900000012]><Red>" triggered "damage" against "SoldierBoy<85><[U:1:900000011]><Blue>" (damage "6") (weapon "shotgun_soldier")
L 04/28/2026 - 06:03:27: "SoldierBoy<85><[U:1:900000011]><Blue>" triggered "shot_fired" (weapon "shotgun_soldier")
L 04/28/2026 - 06:03:27: "SoldierBoy<85><[U:1:900000011]><Blue>" triggered "shot_hit" (weapon "shotgun_soldier")
L 04/28/2026 - 06:03:27: "SoldierBoy<85><[U:1:900000011]><Blue>" triggered "damage" against "QuickScout<84><[U:1:900000012]><Red>" (damage "37") (realdamage "4") (weapon "shotgun_soldier")
L 04/28/2026 - 06:03:27: "SoldierBoy<85><[U:1:900000011]><Blue>" killed "QuickScout<84><[U:1:900000012]><Red>" with "shotgun_soldier" (attacker_position "-8190 11917 10430") (victim_position "-8550 12191 10244")
L 04/28/2026 - 06:03:27: "SoldierBoy<85><[U:1:900000011]><Blue>" triggered "domination" against "QuickScout<84><[U:1:900000012]><Red>"
L 04/28/2026 - 06:03:28: "QuickScout<84><[U:1:900000012]><Red>" spawned as "soldier"
L 04/28/2026 - 06:03:30: "QuickScout<84><[U:1:900000012]><Red>" triggered "shot_fired" (weapon "quake_rl")
L 04/28/2026 - 06:03:30: "SoldierBoy<85><[U:1:900000011]><Blue>" triggered "shot_fired" (weapon "quake_rl")
L 04/28/2026 - 06:03:31: "QuickScout<84><[U:1:900000012]><Red>" triggered "shot_fired" (weapon "quake_rl")
L 04/28/2026 - 06:03:31: "SoldierBoy<85><[U:1:900000011]><Blue>" triggered "shot_fired" (weapon "quake_rl")
L 04/28/2026 - 06:03:31: "QuickScout<84><[U:1:900000012]><Red>" triggered "shot_hit" (weapon "quake_rl")
L 04/28/2026 - 06:03:31: "QuickScout<84><[U:1:900000012]><Red>" triggered "damage" against "SoldierBoy<85><[U:1:900000011]><Blue>" (damage "60") (weapon "quake_rl")
L 04/28/2026 - 06:03:31: "QuickScout<84><[U:1:900000012]><Red>" triggered "shot_fired" (weapon "quake_rl")
L 04/28/2026 - 06:03:31: "QuickScout<84><[U:1:900000012]><Red>" triggered "shot_hit" (weapon "quake_rl")
L 04/28/2026 - 06:03:31: "QuickScout<84><[U:1:900000012]><Red>" triggered "damage" against "SoldierBoy<85><[U:1:900000011]><Blue>" (damage "108") (weapon "quake_rl") (airshot "1") (height "176")
L 04/28/2026 - 06:03:39: "SoldierBoy<85><[U:1:900000011]><Blue>" committed suicide with "quake_rl" (attacker_position "-8434 11024 10628")
L 04/28/2026 - 06:03:39: "SoldierBoy<85><[U:1:900000011]><Blue>" spawned as "soldier"
L 04/28/2026 - 06:03:42: "SoldierBoy<85><[U:1:900000011]><Blue>" triggered "shot_fired" (weapon "quake_rl")
L 04/28/2026 - 06:03:42: "SoldierBoy<85><[U:1:900000011]><Blue>" triggered "shot_hit" (weapon "quake_rl")
L 04/28/2026 - 06:03:42: "SoldierBoy<85><[U:1:900000011]><Blue>" triggered "damage" against "QuickScout<84><[U:1:900000012]><Red>" (damage "73") (weapon "quake_rl")
L 04/28/2026 - 06:03:42: "QuickScout<84><[U:1:900000012]><Red>" triggered "shot_hit" (weapon "quake_rl")
L 04/28/2026 - 06:03:42: "QuickScout<84><[U:1:900000012]><Red>" triggered "damage" against "SoldierBoy<85><[U:1:900000011]><Blue>" (damage "52") (weapon "quake_rl")
L 04/28/2026 - 06:03:42: "QuickScout<84><[U:1:900000012]><Red>" triggered "shot_fired" (weapon "quake_rl")
L 04/28/2026 - 06:03:43: "SoldierBoy<85><[U:1:900000011]><Blue>" triggered "shot_fired" (weapon "quake_rl")
L 04/28/2026 - 06:03:43: "QuickScout<84><[U:1:900000012]><Red>" triggered "shot_fired" (weapon "quake_rl")
L 04/28/2026 - 06:03:43: "QuickScout<84><[U:1:900000012]><Red>" triggered "shot_hit" (weapon "quake_rl")
L 04/28/2026 - 06:03:43: "QuickScout<84><[U:1:900000012]><Red>" triggered "damage" against "SoldierBoy<85><[U:1:900000011]><Blue>" (damage "79") (weapon "quake_rl")
L 04/28/2026 - 06:03:44: "SoldierBoy<85><[U:1:900000011]><Blue>" triggered "shot_fired" (weapon "quake_rl")
L 04/28/2026 - 06:03:44: "SoldierBoy<85><[U:1:900000011]><Blue>" triggered "shot_hit" (weapon "quake_rl")
L 04/28/2026 - 06:03:44: "SoldierBoy<85><[U:1:900000011]><Blue>" triggered "damage" against "QuickScout<84><[U:1:900000012]><Red>" (damage "70") (weapon "quake_rl")
L 04/28/2026 - 06:03:44: "QuickScout<84><[U:1:900000012]><Red>" triggered "shot_fired" (weapon "quake_rl")
L 04/28/2026 - 06:03:44: "QuickScout<84><[U:1:900000012]><Red>" triggered "shot_hit" (weapon "quake_rl")
L 04/28/2026 - 06:03:44: "QuickScout<84><[U:1:900000012]><Red>" triggered "damage" against "SoldierBoy<85><[U:1:900000011]><Blue>" (damage "79") (weapon "quake_rl")
L 04/28/2026 - 06:03:44: "SoldierBoy<85><[U:1:900000011]><Blue>" triggered "shot_fired" (weapon "shotgun_soldier")
L 04/28/2026 - 06:03:44: "SoldierBoy<85><[U:1:900000011]><Blue>" triggered "shot_hit" (weapon "shotgun_soldier")
L 04/28/2026 - 06:03:44: "SoldierBoy<85><[U:1:900000011]><Blue>" triggered "damage" against "QuickScout<84><[U:1:900000012]><Red>" (damage "35") (weapon "shotgun_soldier")
L 04/28/2026 - 06:03:45: "SoldierBoy<85><[U:1:900000011]><Blue>" triggered "shot_fired" (weapon "shotgun_soldier")
L 04/28/2026 - 06:03:45: "SoldierBoy<85><[U:1:900000011]><Blue>" triggered "shot_hit" (weapon "shotgun_soldier")
L 04/28/2026 - 06:03:45: "SoldierBoy<85><[U:1:900000011]><Blue>" triggered "damage" against "QuickScout<84><[U:1:900000012]><Red>" (damage "12") (weapon "shotgun_soldier")
L 04/28/2026 - 06:03:45: "QuickScout<84><[U:1:900000012]><Red>" triggered "shot_fired" (weapon "quake_rl")
L 04/28/2026 - 06:03:45: "QuickScout<84><[U:1:900000012]><Red>" triggered "shot_fired" (weapon "shotgun_soldier")
L 04/28/2026 - 06:03:45: "QuickScout<84><[U:1:900000012]><Red>" triggered "shot_hit" (weapon "shotgun_soldier")
L 04/28/2026 - 06:03:45: "QuickScout<84><[U:1:900000012]><Red>" triggered "damage" against "SoldierBoy<85><[U:1:900000011]><Blue>" (damage "16") (weapon "shotgun_soldier")
L 04/28/2026 - 06:03:46: "QuickScout<84><[U:1:900000012]><Red>" killed "SoldierBoy<85><[U:1:900000011]><Blue>" with "world" (attacker_position "-8799 11649 10921") (victim_position "-8929 12085 10257")
L 04/28/2026 - 06:03:46: "QuickScout<84><[U:1:900000012]><Red>" triggered "revenge" against "SoldierBoy<85><[U:1:900000011]><Blue>"
L 04/28/2026 - 06:03:46: "SoldierBoy<85><[U:1:900000011]><Blue>" spawned as "soldier"
L 04/28/2026 - 06:03:47: "QuickScout<84><[U:1:900000012]><Red>" triggered "shot_hit" (weapon "quake_rl")
L 04/28/2026 - 06:03:47: "QuickScout<84><[U:1:900000012]><Red>" triggered "damage" against "SoldierBoy<85><[U:1:900000011]><Blue>" (damage "108") (weapon "quake_rl") (airshot "1") (height "580")
L 04/28/2026 - 06:03:48: "QuickScout<84><[U:1:900000012]><Red>" triggered "shot_fired" (weapon "quake_rl")
L 04/28/2026 - 06:03:48: "SoldierBoy<85><[U:1:900000011]><Blue>" triggered "shot_fired" (weapon "quake_rl")
L 04/28/2026 - 06:03:48: "SoldierBoy<85><[U:1:900000011]><Blue>" triggered "shot_hit" (weapon "quake_rl")
L 04/28/2026 - 06:03:48: "SoldierBoy<85><[U:1:900000011]><Blue>" triggered "damage" against "QuickScout<84><[U:1:900000012]><Red>" (damage "59") (weapon "quake_rl")
L 04/28/2026 - 06:03:52: "QuickScout<84><[U:1:900000012]><Red>" triggered "shot_fired" (weapon "quake_rl")
L 04/28/2026 - 06:03:52: "QuickScout<84><[U:1:900000012]><Red>" triggered "shot_hit" (weapon "quake_rl")
L 04/28/2026 - 06:03:52: "QuickScout<84><[U:1:900000012]><Red>" triggered "damage" against "SoldierBoy<85><[U:1:900000011]><Blue>" (damage "99") (realdamage "23") (weapon "quake_rl") (airshot "1") (height "205")
L 04/28/2026 - 06:03:52: "QuickScout<84><[U:1:900000012]><Red>" killed "SoldierBoy<85><[U:1:900000011]><Blue>" with "quake_rl" (attacker_position "-8518 11595 10688") (victim_position "-8720 11793 10948")
L 04/28/2026 - 06:03:52: "SoldierBoy<85><[U:1:900000011]><Blue>" spawned as "soldier"
L 04/28/2026 - 06:03:54: "QuickScout<84><[U:1:900000012]><Red>" triggered "shot_fired" (weapon "quake_rl")
L 04/28/2026 - 06:03:54: "SoldierBoy<85><[U:1:900000011]><Blue>" triggered "shot_fired" (weapon "quake_rl")
L 04/28/2026 - 06:03:54: "SoldierBoy<85><[U:1:900000011]><Blue>" triggered "shot_hit" (weapon "quake_rl")
L 04/28/2026 - 06:03:54: "SoldierBoy<85><[U:1:900000011]><Blue>" triggered "damage" against "QuickScout<84><[U:1:900000012]><Red>" (damage "47") (weapon "quake_rl")
L 04/28/2026 - 06:03:55: "SoldierBoy<85><[U:1:900000011]><Blue>" triggered "shot_fired" (weapon "quake_rl")
L 04/28/2026 - 06:03:55: "SoldierBoy<85><[U:1:900000011]><Blue>" triggered "shot_hit" (weapon "quake_rl")
L 04/28/2026 - 06:03:55: "SoldierBoy<85><[U:1:900000011]><Blue>" triggered "damage" against "QuickScout<84><[U:1:900000012]><Red>" (damage "108") (weapon "quake_rl")
L 04/28/2026 - 06:03:55: "QuickScout<84><[U:1:900000012]><Red>" triggered "shot_fired" (weapon "quake_rl")
L 04/28/2026 - 06:03:55: "QuickScout<84><[U:1:900000012]><Red>" triggered "shot_hit" (weapon "quake_rl")
L 04/28/2026 - 06:03:55: "QuickScout<84><[U:1:900000012]><Red>" triggered "damage" against "SoldierBoy<85><[U:1:900000011]><Blue>" (damage "58") (weapon "quake_rl")
L 04/28/2026 - 06:03:56: "SoldierBoy<85><[U:1:900000011]><Blue>" triggered "shot_hit" (weapon "quake_rl")
L 04/28/2026 - 06:03:56: "SoldierBoy<85><[U:1:900000011]><Blue>" triggered "damage" against "QuickScout<84><[U:1:900000012]><Red>" (damage "106") (weapon "quake_rl")
L 04/28/2026 - 06:03:56: "SoldierBoy<85><[U:1:900000011]><Blue>" triggered "shot_fired" (weapon "quake_rl")
L 04/28/2026 - 06:03:56: "QuickScout<84><[U:1:900000012]><Red>" triggered "shot_fired" (weapon "quake_rl")
L 04/28/2026 - 06:03:56: "QuickScout<84><[U:1:900000012]><Red>" triggered "shot_hit" (weapon "quake_rl")
L 04/28/2026 - 06:03:56: "QuickScout<84><[U:1:900000012]><Red>" triggered "damage" against "SoldierBoy<85><[U:1:900000011]><Blue>" (damage "46") (weapon "quake_rl")
L 04/28/2026 - 06:03:56: "SoldierBoy<85><[U:1:900000011]><Blue>" triggered "shot_fired" (weapon "shotgun_soldier")
L 04/28/2026 - 06:03:56: "SoldierBoy<85><[U:1:900000011]><Blue>" triggered "shot_hit" (weapon "shotgun_soldier")
L 04/28/2026 - 06:03:56: "SoldierBoy<85><[U:1:900000011]><Blue>" triggered "damage" against "QuickScout<84><[U:1:900000012]><Red>" (damage "38") (realdamage "19") (weapon "shotgun_soldier")
L 04/28/2026 - 06:03:56: "SoldierBoy<85><[U:1:900000011]><Blue>" killed "QuickScout<84><[U:1:900000012]><Red>" with "shotgun_soldier" (attacker_position "-8709 11942 10736") (victim_position "-8436 11575 10889")
L 04/28/2026 - 06:03:56: "QuickScout<84><[U:1:900000012]><Red>" spawned as "soldier"
L 04/28/2026 - 06:03:58: "SoldierBoy<85><[U:1:900000011]><Blue>" triggered "shot_fired" (weapon "quake_rl")
L 04/28/2026 - 06:03:59: "QuickScout<84><[U:1:900000012]><Red>" triggered "shot_fired" (weapon "quake_rl")
L 04/28/2026 - 06:03:59: "QuickScout<84><[U:1:900000012]><Red>" triggered "shot_hit" (weapon "quake_rl")
L 04/28/2026 - 06:03:59: "QuickScout<84><[U:1:900000012]><Red>" triggered "damage" against "SoldierBoy<85><[U:1:900000011]><Blue>" (damage "51") (weapon "quake_rl")
L 04/28/2026 - 06:04:00: "QuickScout<84><[U:1:900000012]><Red>" triggered "shot_hit" (weapon "quake_rl")
L 04/28/2026 - 06:04:00: "QuickScout<84><[U:1:900000012]><Red>" triggered "damage" against "SoldierBoy<85><[U:1:900000011]><Blue>" (damage "79") (weapon "quake_rl")
L 04/28/2026 - 06:04:00: "QuickScout<84><[U:1:900000012]><Red>" triggered "shot_fired" (weapon "quake_rl")
L 04/28/2026 - 06:04:00: "SoldierBoy<85><[U:1:900000011]><Blue>" triggered "shot_hit" (weapon "quake_rl")
L 04/28/2026 - 06:04:00: "SoldierBoy<85><[U:1:900000011]><Blue>" triggered "damage" against "QuickScout<84><[U:1:900000012]><Red>" (damage "79") (weapon "quake_rl")
L 04/28/2026 - 06:04:01: "SoldierBoy<85><[U:1:900000011]><Blue>" triggered "shot_fired" (weapon "quake_rl")
L 04/28/2026 - 06:04:01: "QuickScout<84><[U:1:900000012]><Red>" triggered "shot_fired" (weapon "quake_rl")
L 04/28/2026 - 06:04:02: "SoldierBoy<85><[U:1:900000011]><Blue>" triggered "shot_fired" (weapon "quake_rl")
L 04/28/2026 - 06:04:03: "SoldierBoy<85><[U:1:900000011]><Blue>" triggered "shot_hit" (weapon "quake_rl")
L 04/28/2026 - 06:04:03: "SoldierBoy<85><[U:1:900000011]><Blue>" triggered "damage" against "QuickScout<84><[U:1:900000012]><Red>" (damage "32") (weapon "quake_rl")
L 04/28/2026 - 06:04:03: "SoldierBoy<85><[U:1:900000011]><Blue>" triggered "shot_fired" (weapon "quake_rl")
L 04/28/2026 - 06:04:03: "QuickScout<84><[U:1:900000012]><Red>" triggered "shot_fired" (weapon "quake_rl")
L 04/28/2026 - 06:04:04: "SoldierBoy<85><[U:1:900000011]><Blue>" triggered "shot_fired" (weapon "quake_rl")
L 04/28/2026 - 06:04:04: "QuickScout<84><[U:1:900000012]><Red>" triggered "shot_fired" (weapon "shotgun_soldier")
L 04/28/2026 - 06:04:06: "QuickScout<84><[U:1:900000012]><Red>" triggered "shot_fired" (weapon "quake_rl")
L 04/28/2026 - 06:04:06: "SoldierBoy<85><[U:1:900000011]><Blue>" triggered "shot_fired" (weapon "quake_rl")
L 04/28/2026 - 06:04:10: "SoldierBoy<85><[U:1:900000011]><Blue>" triggered "shot_fired" (weapon "shotgun_soldier")
L 04/28/2026 - 06:04:10: "SoldierBoy<85><[U:1:900000011]><Blue>" triggered "shot_hit" (weapon "shotgun_soldier")
L 04/28/2026 - 06:04:10: "SoldierBoy<85><[U:1:900000011]><Blue>" triggered "damage" against "QuickScout<84><[U:1:900000012]><Red>" (damage "68") (realdamage "29") (weapon "shotgun_soldier")
L 04/28/2026 - 06:04:10: World triggered "mge_elo_delta" (player "[U:1:900000011]") (old_elo "2714") (new_elo "2714")
L 04/28/2026 - 06:04:10: World triggered "mge_elo_delta" (player "[U:1:900000012]") (old_elo "2127") (new_elo "2127")
L 04/28/2026 - 06:04:10: "QuickScout<84><[U:1:900000012]><Red>" joined team "Spectator"
L 04/28/2026 - 06:04:10: "SoldierBoy<85><[U:1:900000011]><Blue>" killed "QuickScout<84><[U:1:900000012]><Spectator>" with "shotgun_soldier" (attacker_position "-8355 11942 10454") (victim_position "-8243 11644 10480")
L 04/28/2026 - 06:04:10: World triggered "mge_match_end" (winner "[U:1:900000011]") (winner_score "20") (loser_score "9")
