L 04/28/2026 - 06:32:17: World triggered "meta_data" (matchid "260428063217c915") (map "mge_triumph_beta7_rc1") (arena "Badlands Spire 1 [1v1 MGE]") (gamemode "mge") (fraglimit "0")
L 04/28/2026 - 06:32:17: "AirshotKing<86><[U:1:900000013]><Red>" changed role to "soldier"
L 04/28/2026 - 06:32:17: "SoldierBoy<85><[U:1:900000011]><Blue>" changed role to "soldier"
L 04/28/2026 - 06:32:23: "SoldierBoy<85><[U:1:900000011]><Blue>" triggered "shot_fired" (weapon "quake_rl")
L 04/28/2026 - 06:32:24: "AirshotKing<86><[U:1:900000013]><Red>" triggered "shot_fired" (weapon "quake_rl")
L 04/28/2026 - 06:32:24: "SoldierBoy<85><[U:1:900000011]><Blue>" committed suicide with "world" (attacker_position "-9171 11931 10339")
L 04/28/2026 - 06:32:25: "SoldierBoy<85><[U:1:900000011]><Blue>" spawned as "soldier"
L 04/28/2026 - 06:32:26: "AirshotKing<86><[U:1:900000013]><Red>" triggered "shot_fired" (weapon "quake_rl")
L 04/28/2026 - 06:32:27: "SoldierBoy<85><[U:1:900000011]><Blue>" triggered "shot_hit" (weapon "quake_rl")
L 04/28/2026 - 06:32:27: "SoldierBoy<85><[U:1:900000011]><Blue>" triggered "damage" against "AirshotKing<86><[U:1:900000013]><Red>" (damage "110") (weapon "quake_rl")
L 04/28/2026 - 06:32:27: "AirshotKing<86><[U:1:900000013]><Red>" triggered "shot_hit" (weapon "quake_rl")
L 04/28/2026 - 06:32:27: "AirshotKing<86><[U:1:900000013]><Red>" triggered "damage" against "SoldierBoy<85><[U:1:900000011]><Blue>" (damage "80") (weapon "quake_rl")
L 04/28/2026 - 06:32:27: "SoldierBoy<85><[U:1:900000011]><Blue>" triggered "shot_fired" (weapon "quake_rl")
L 04/28/2026 - 06:32:27: "AirshotKing<86><[U:1:900000013]><Red>" triggered "shot_fired" (weapon "quake_rl")
L 04/28/2026 - 06:32:28: "SoldierBoy<85><[U:1:900000011]><Blue>" triggered "shot_fired" (weapon "quake_rl")
L 04/28/2026 - 06:32:28: "AirshotKing<86><[U:1:900000013]><Red>" triggered "shot_fired" (weapon "quake_rl")
L 04/28/2026 - 06:32:29: "AirshotKing<86><[U:1:900000013]><Red>" triggered "shot_fired" (weapon "quake_rl")
L 04/28/2026 - 06:32:29: "SoldierBoy<85><[U:1:900000011]><Blue>" triggered "shot_fired" (weapon "quake_rl")
L 04/28/2026 - 06:32:30: "AirshotKing<86><[U:1:900000013]><Red>" triggered "shot_fired" (weapon "shotgun_soldier")
L 04/28/2026 - 06:32:30: "AirshotKing<86><[U:1:900000013]><Red>" triggered "shot_hit" (weapon "shotgun_soldier")
L 04/28/2026 - 06:32:30: "AirshotKing<86><[U:1:900000013]><Red>" triggered "damage" against "SoldierBoy<85><[U:1:900000011]><Blue>" (damage "30") (weapon "shotgun_soldier")
L 04/28/2026 - 06:32:30: "SoldierBoy<85><[U:1:900000011]><Blue>" triggered "shot_fired" (weapon "shotgun_soldier")
L 04/28/2026 - 06:32:30: "SoldierBoy<85><[U:1:900000011]><Blue>" triggered "shot_hit" (weapon "shotgun_soldier")
L 04/28/2026 - 06:32:30: "SoldierBoy<85><[U:1:900000011]><Blue>" triggered "damage" against "AirshotKing<86><[U:1:900000013]><Red>" (damage "39") (weapon "shotgun_soldier")
L 04/28/2026 - 06:32:31: "AirshotKing<86><[U:1:900000013]><Red>" triggered "shot_fired" (weapon "shotgun_soldier")
L 04/28/2026 - 06:32:31: "AirshotKing<86><[U:1:900000013]><Red>" triggered "shot_hit" (weapon "shotgun_soldier")
L 04/28/2026 - 06:32:31: "AirshotKing<86><[U:1:900000013]><Red>" triggered "damage" against "SoldierBoy<85><[U:1:900000011]><Blue>" (damage "29") (weapon "shotgun_soldier")
L 04/28/2026 - 06:32:31: "SoldierBoy<85><[U:1:900000011]><Blue>" triggered "shot_fired" (weapon "shotgun_soldier")
L 04/28/2026 - 06:32:31: "SoldierBoy<85><[U:1:900000011]><Blue>" triggered "shot_hit" (weapon "shotgun_soldier")
L 04/28/2026 - 06:32:31: "SoldierBoy<85><[U:1:900000011]><Blue>" triggered "damage" against "AirshotKing<86><[U:1:900000013]><Red>" (damage "6") (weapon "shotgun_soldier")
L 04/28/2026 - 06:32:31: "AirshotKing<86><[U:1:900000013]><Red>" triggered "shot_fired" (weapon "shotgun_soldier")
L 04/28/2026 - 06:32:31: "AirshotKing<86><[U:1:900000013]><Red>" triggered "shot_hit" (weapon "shotgun_soldier")
L 04/28/2026 - 06:32:31: "AirshotKing<86><[U:1:900000013]><Red>" triggered "damage" against "SoldierBoy<85><[U:1:900000011]><Blue>" (damage "18") (weapon "shotgun_soldier")
L 04/28/2026 - 06:32:32: "SoldierBoy<85><[U:1:900000011]><Blue>" triggered "shot_fired" (weapon "shotgun_soldier")
L 04/28/2026 - 06:32:32: "SoldierBoy<85><[U:1:900000011]><Blue>" triggered "shot_hit" (weapon "shotgun_soldier")
L 04/28/2026 - 06:32:32: "SoldierBoy<85><[U:1:900000011]><Blue>" triggered "damage" against "AirshotKing<86><[U:1:900000013]><Red>" (damage "17") (weapon "shotgun_soldier")
L 04/28/2026 - 06:32:32: "AirshotKing<86><[U:1:900000013]><Red>" triggered "shot_fired" (weapon "shotgun_soldier")
L 04/28/2026 - 06:32:32: "AirshotKing<86><[U:1:900000013]><Red>" triggered "shot_hit" (weapon "shotgun_soldier")
L 04/28/2026 - 06:32:32: "AirshotKing<86><[U:1:900000013]><Red>" triggered "damage" against "SoldierBoy<85><[U:1:900000011]><Blue>" (damage "22") (realdamage "19") (weapon "shotgun_soldier")
L 04/28/2026 - 06:32:32: "AirshotKing<86><[U:1:900000013]><Red>" killed "SoldierBoy<85><[U:1:900000011]><Blue>" with "shotgun_soldier" (attacker_position "-8069 12061 10343") (victim_position "-8517 11835 10584")
L 04/28/2026 - 06:32:32: "SoldierBoy<85><[U:1:900000011]><Blue>" spawned as "soldier"
L 04/28/2026 - 06:32:34: "AirshotKing<86><[U:1:900000013]><Red>" triggered "shot_fired" (weapon "quake_rl")
L 04/28/2026 - 06:32:34: "SoldierBoy<85><[U:1:900000011]><Blue>" triggered "shot_fired" (weapon "quake_rl")
L 04/28/2026 - 06:32:34: "SoldierBoy<85><[U:1:900000011]><Blue>" triggered "shot_hit" (weapon "quake_rl")
L 04/28/2026 - 06:32:34: "SoldierBoy<85><[U:1:900000011]><Blue>" triggered "damage" against "AirshotKing<86><[U:1:900000013]><Red>" (damage "59") (weapon "quake_rl")
L 04/28/2026 - 06:32:35: "AirshotKing<86><[U:1:900000013]><Red>" triggered "shot_fired" (weapon "quake_rl")
L 04/28/2026 - 06:32:35: "SoldierBoy<85><[U:1:900000011]><Blue>" triggered "shot_fired" (weapon "quake_rl")
L 04/28/2026 - 06:32:35: "AirshotKing<86><[U:1:900000013]><Red>" triggered "shot_hit" (weapon "quake_rl")
L 04/28/2026 - 06:32:35: "AirshotKing<86><[U:1:900000013]><Red>" triggered "damage" against "SoldierBoy<85><[U:1:900000011]><Blue>" (damage "85") (weapon "quake_rl")
L 04/28/2026 - 06:32:35: "SoldierBoy<85><[U:1:900000011]><Blue>" triggered "shot_hit" (weapon "quake_rl")
L 04/28/2026 - 06:32:35: "SoldierBoy<85><[U:1:900000011]><Blue>" triggered "damage" against "AirshotKing<86><[U:1:900000013]><Red>" (damage "101") (weapon "quake_rl") (airshot "1") (height "200")
L 04/28/2026 - 06:32:36: "AirshotKing<86><[U:1:900000013]><Red>" triggered "shot_fired" (weapon "quake_rl")
L 04/28/2026 - 06:32:37: "AirshotKing<86><[U:1:900000013]><Red>" triggered "shot_fired" (weapon "quake_rl")
L 04/28/2026 - 06:32:38: "SoldierBoy<85><[U:1:900000011]><Blue>" triggered "shot_fired" (weapon "quake_rl")
L 04/28/2026 - 06:32:39: "SoldierBoy<85><[U:1:900000011]><Blue>" triggered "shot_fired" (weapon "shotgun_soldier")
L 04/28/2026 - 06:32:39: "SoldierBoy<85><[U:1:900000011]><Blue>" triggered "shot_hit" (weapon "shotgun_soldier")
L 04/28/2026 - 06:32:39: "SoldierBoy<85><[U:1:900000011]><Blue>" triggered "damage" against "AirshotKing<86><[U:1:900000013]><Red>" (damage "13") (weapon "shotgun_soldier")
L 04/28/2026 - 06:32:43: "AirshotKing<86><[U:1:900000013]><Red>" triggered "shot_fired" (weapon "quake_rl")
L 04/28/2026 - 06:32:43: "AirshotKing<86><[U:1:900000013]><Red>" triggered "shot_fired" (weapon "shotgun_soldier")
L 04/28/2026 - 06:32:43: "AirshotKing<86><[U:1:900000013]><Red>" triggered "shot_hit" (weapon "shotgun_soldier")
L 04/28/2026 - 06:32:43: "AirshotKing<86><[U:1:900000013]><Red>" triggered "damage" against "SoldierBoy<85><[U:1:900000011]><Blue>" (damage "43") (weapon "shotgun_soldier")
L 04/28/2026 - 06:32:43: "SoldierBoy<85><[U:1:900000011]><Blue>" triggered "shot_fired" (weapon "quake_rl")
L 04/28/2026 - 06:32:46: "AirshotKing<86><[U:1:900000013]><Red>" triggered "shot_fired" (weapon "quake_rl")
L 04/28/2026 - 06:32:48: "AirshotKing<86><[U:1:900000013]><Red>" triggered "shot_fired" (weapon "quake_rl")
L 04/28/2026 - 06:32:49: "SoldierBoy<85><[U:1:900000011]><Blue>" triggered "shot_fired" (weapon "quake_rl")
L 04/28/2026 - 06:32:50: "AirshotKing<86><[U:1:900000013]><Red>" triggered "shot_fired" (weapon "quake_rl")
L 04/28/2026 - 06:32:51: "SoldierBoy<85><[U:1:900000011]><Blue>" triggered "shot_fired" (weapon "shotgun_soldier")
L 04/28/2026 - 06:32:51: "SoldierBoy<85><[U:1:900000011]><Blue>" triggered "shot_hit" (weapon "shotgun_soldier")
L 04/28/2026 - 06:32:51: "SoldierBoy<85><[U:1:900000011]><Blue>" triggered "damage" against "AirshotKing<86><[U:1:900000013]><Red>" (damage "30") (realdamage "2") (weapon "shotgun_soldier")
L 04/28/2026 - 06:32:51: "SoldierBoy<85><[U:1:900000011]><Blue>" killed "AirshotKing<86><[U:1:900000013]><Red>" with "shotgun_soldier" (attacker_position "-8948 11921 10736") (victim_position "-9036 11463 10327")
L 04/28/2026 - 06:32:52: "AirshotKing<86><[U:1:900000013]><Red>" spawned as "soldier"
L 04/28/2026 - 06:32:54: "SoldierBoy<85><[U:1:900000011]><Blue>" triggered "shot_fired" (weapon "quake_rl")
L 04/28/2026 - 06:32:54: "AirshotKing<86><[U:1:900000013]><Red>" triggered "shot_fired" (weapon "quake_rl")
L 04/28/2026 - 06:32:54: "AirshotKing<86><[U:1:900000013]><Red>" triggered "shot_hit" (weapon "quake_rl")
L 04/28/2026 - 06:32:54: "AirshotKing<86><[U:1:900000013]><Red>" triggered "damage" against "SoldierBoy<85><[U:1:900000011]><Blue>" (damage "73") (weapon "quake_rl")
L 04/28/2026 - 06:32:55: "SoldierBoy<85><[U:1:900000011]><Blue>" triggered "shot_hit" (weapon "quake_rl")
L 04/28/2026 - 06:32:55: "SoldierBoy<85><[U:1:900000011]><Blue>" triggered "damage" against "AirshotKing<86><[U:1:900000013]><Red>" (damage "109") (weapon "quake_rl")
L 04/28/2026 - 06:32:55: "AirshotKing<86><[U:1:900000013]><Red>" triggered "shot_hit" (weapon "quake_rl")
L 04/28/2026 - 06:32:55: "AirshotKing<86><[U:1:900000013]><Red>" triggered "damage" against "SoldierBoy<85><[U:1:900000011]><Blue>" (damage "75") (weapon "quake_rl")
L 04/28/2026 - 06:32:55: "SoldierBoy<85><[U:1:900000011]><Blue>" triggered "shot_fired" (weapon "quake_rl")
L 04/28/2026 - 06:32:55: "AirshotKing<86><[U:1:900000013]><Red>" triggered "shot_fired" (weapon "quake_rl")
L 04/28/2026 - 06:32:55: "SoldierBoy<85><[U:1:900000011]><Blue>" triggered "shot_fired" (weapon "quake_rl")
L 04/28/2026 - 06:32:56: "SoldierBoy<85><[U:1:900000011]><Blue>" triggered "shot_hit" (weapon "quake_rl")
L 04/28/2026 - 06:32:56: "SoldierBoy<85><[U:1:900000011]><Blue>" triggered "damage" against "AirshotKing<86><[U:1:900000013]><Red>" (damage "62") (weapon "quake_rl")
L 04/28/2026 - 06:32:56: "AirshotKing<86><[U:1:900000013]><Red>" triggered "shot_fired" (weapon "quake_rl")
L 04/28/2026 - 06:32:56: "AirshotKing<86><[U:1:900000013]><Red>" triggered "shot_fired" (weapon "shotgun_soldier")
L 04/28/2026 - 06:32:56: "AirshotKing<86><[U:1:900000013]><Red>" triggered "shot_hit" (weapon "shotgun_soldier")
L 04/28/2026 - 06:32:56: "AirshotKing<86><[U:1:900000013]><Red>" triggered "damage" against "SoldierBoy<85><[U:1:900000011]><Blue>" (damage "88") (weapon "shotgun_soldier")
L 04/28/2026 - 06:32:57: "SoldierBoy<85><[U:1:900000011]><Blue>" triggered "shot_fired" (weapon "quake_rl")
L 04/28/2026 - 06:32:57: "AirshotKing<86><[U:1:900000013]><Red>" triggered "shot_fired" (weapon "shotgun_soldier")
L 04/28/2026 - 06:32:57: "AirshotKing<86><[U:1:900000013]><Red>" triggered "shot_hit" (weapon "shotgun_soldier")
L 04/28/2026 - 06:32:57: "AirshotKing<86><[U:1:900000013]><Red>" triggered "damage" against "SoldierBoy<85><[U:1:900000011]><Blue>" (damage "79") (realdamage "16") (weapon "shotgun_soldier")
L 04/28/2026 - 06:32:57: "AirshotKing<86><[U:1:900000013]><Red>" killed "SoldierBoy<85><[U:1:900000011]><Blue>" with "shotgun_soldier" (attacker_position "-8666 11863 10799") (victim_position "-8931 11921 10736")
L 04/28/2026 - 06:32:57: "SoldierBoy<85><[U:1:900000011]><Blue>" spawned as "soldier"
L 04/28/2026 - 06:32:59: "SoldierBoy<85><[U:1:900000011]><Blue>" triggered "shot_fired" (weapon "quake_rl")
L 04/28/2026 - 06:32:59: "SoldierBoy<85><[U:1:900000011]><Blue>" triggered "shot_hit" (weapon "quake_rl")
L 04/28/2026 - 06:32:59: "SoldierBoy<85><[U:1:900000011]><Blue>" triggered "damage" against "AirshotKing<86><[U:1:900000013]><Red>" (damage "51") (weapon "quake_rl")
L 04/28/2026 - 06:33:00: "AirshotKing<86><[U:1:900000013]><Red>" triggered "shot_fired" (weapon "quake_rl")
L 04/28/2026 - 06:33:00: "SoldierBoy<85><[U:1:900000011]><Blue>" triggered "shot_fired" (weapon "quake_rl")
L 04/28/2026 - 06:33:01: "AirshotKing<86><[U:1:900000013]><Red>" triggered "shot_hit" (weapon "quake_rl")
L 04/28/2026 - 06:33:01: "AirshotKing<86><[U:1:900000013]><Red>" triggered "damage" against "SoldierBoy<85><[U:1:900000011]><Blue>" (damage "81") (weapon "quake_rl")
L 04/28/2026 - 06:33:01: "AirshotKing<86><[U:1:900000013]><Red>" triggered "shot_fired" (weapon "quake_rl")
L 04/28/2026 - 06:33:01: "SoldierBoy<85><[U:1:900000011]><Blue>" triggered "shot_fired" (weapon "quake_rl")
L 04/28/2026 - 06:33:01: "SoldierBoy<85><[U:1:900000011]><Blue>" triggered "shot_hit" (weapon "quake_rl")
L 04/28/2026 - 06:33:01: "SoldierBoy<85><[U:1:900000011]><Blue>" triggered "damage" against "AirshotKing<86><[U:1:900000013]><Red>" (damage "85") (weapon "quake_rl")
L 04/28/2026 - 06:33:02: "SoldierBoy<85><[U:1:900000011]><Blue>" triggered "shot_fired" (weapon "shotgun_soldier")
L 04/28/2026 - 06:33:02: "SoldierBoy<85><[U:1:900000011]><Blue>" triggered "shot_hit" (weapon "shotgun_soldier")
L 04/28/2026 - 06:33:02: "SoldierBoy<85><[U:1:900000011]><Blue>" triggered "damage" against "AirshotKing<86><[U:1:900000013]><Red>" (damage "37") (weapon "shotgun_soldier")
L 04/28/2026 - 06:33:02: "AirshotKing<86><[U:1:900000013]><Red>" triggered "shot_fired" (weapon "quake_rl")
L 04/28/2026 - 06:33:02: "SoldierBoy<85><[U:1:900000011]><Blue>" triggered "shot_fired" (weapon "shotgun_soldier")
L 04/28/2026 - 06:33:02: "SoldierBoy<85><[U:1:900000011]><Blue>" triggered "shot_hit" (weapon "shotgun_soldier")
L 04/28/2026 - 06:33:02: "SoldierBoy<85><[U:1:900000011]><Blue>" triggered "damage" against "AirshotKing<86><[U:1:900000013]><Red>" (damage "30") (realdamage "18") (weapon "shotgun_soldier")
L 04/28/2026 - 06:33:02: "SoldierBoy<85><[U:1:900000011]><Blue>" killed "AirshotKing<86><[U:1:900000013]><Red>" with "shotgun_soldier" (attacker_position "-8637 11708 10743") (victim_position "-8182 11887 10562")
L 04/28/2026 - 06:33:02: "AirshotKing<86><[U:1:900000013]><Red>" spawned as "soldier"
L 04/28/2026 - 06:33:04: "SoldierBoy<85><[U:1:900000011]><Blue>" triggered "shot_fired" (weapon "quake_rl")
L 04/28/2026 - 06:33:04: "AirshotKing<86><[U:1:900000013]><Red>" triggered "shot_fired" (weapon "quake_rl")
L 04/28/2026 - 06:33:04: "AirshotKing<86><[U:1:900000013]><Red>" triggered "shot_hit" (weapon "quake_rl")
L 04/28/2026 - 06:33:04: "AirshotKing<86><[U:1:900000013]><Red>" triggered "damage" against "SoldierBoy<85><[U:1:900000011]><Blue>" (damage "81") (weapon "quake_rl")
L 04/28/2026 - 06:33:05: "SoldierBoy<85><[U:1:900000011]><Blue>" triggered "shot_fired" (weapon "quake_rl")
L 04/28/2026 - 06:33:05: "AirshotKing<86><[U:1:900000013]><Red>" triggered "shot_fired" (weapon "quake_rl")
L 04/28/2026 - 06:33:07: "SoldierBoy<85><[U:1:900000011]><Blue>" triggered "shot_fired" (weapon "quake_rl")
L 04/28/2026 - 06:33:07: "SoldierBoy<85><[U:1:900000011]><Blue>" triggered "shot_hit" (weapon "quake_rl")
L 04/28/2026 - 06:33:07: "SoldierBoy<85><[U:1:900000011]><Blue>" triggered "damage" against "AirshotKing<86><[U:1:900000013]><Red>" (damage "70") (weapon "quake_rl")
L 04/28/2026 - 06:33:07: "SoldierBoy<85><[U:1:900000011]><Blue>" triggered "shot_fired" (weapon "shotgun_soldier")
L 04/28/2026 - 06:33:07: "SoldierBoy<85><[U:1:900000011]><Blue>" triggered "shot_hit" (weapon "shotgun_soldier")
L 04/28/2026 - 06:33:07: "SoldierBoy<85><[U:1:900000011]><Blue>" triggered "damage" against "AirshotKing<86><[U:1:900000013]><Red>" (damage "87") (weapon "shotgun_soldier")
L 04/28/2026 - 06:33:07: "AirshotKing<86><[U:1:900000013]><Red>" triggered "shot_fired" (weapon "quake_rl")
L 04/28/2026 - 06:33:08: "AirshotKing<86><[U:1:900000013]><Red>" triggered "shot_fired" (weapon "shotgun_soldier")
L 04/28/2026 - 06:33:08: "AirshotKing<86><[U:1:900000013]><Red>" triggered "shot_hit" (weapon "shotgun_soldier")
L 04/28/2026 - 06:33:08: "AirshotKing<86><[U:1:900000013]><Red>" triggered "damage" against "SoldierBoy<85><[U:1:900000011]><Blue>" (damage "21") (weapon "shotgun_soldier")
L 04/28/2026 - 06:33:09: "AirshotKing<86><[U:1:900000013]><Red>" triggered "shot_fired" (weapon "shotgun_soldier")
L 04/28/2026 - 06:33:09: "AirshotKing<86><[U:1:900000013]><Red>" triggered "shot_hit" (weapon "shotgun_soldier")
L 04/28/2026 - 06:33:09: "AirshotKing<86><[U:1:900000013]><Red>" triggered "damage" against "SoldierBoy<85><[U:1:900000011]><Blue>" (damage "14") (weapon "shotgun_soldier")
L 04/28/2026 - 06:33:09: "SoldierBoy<85><[U:1:900000011]><Blue>" triggered "shot_fired" (weapon "shotgun_soldier")
L 04/28/2026 - 06:33:09: "SoldierBoy<85><[U:1:900000011]><Blue>" triggered "shot_hit" (weapon "shotgun_soldier")
L 04/28/2026 - 06:33:09: "SoldierBoy<85><[U:1:900000011]><Blue>" triggered "damage" against "AirshotKing<86><[U:1:900000013]><Red>" (damage "23") (weapon "shotgun_soldier")
L 04/28/2026 - 06:33:09: "AirshotKing<86><[U:1:900000013]><Red>" triggered "shot_fired" (weapon "shotgun_soldier")
L 04/28/2026 - 06:33:09: "AirshotKing<86><[U:1:900000013]><Red>" triggered "shot_hit" (weapon "shotgun_soldier")
L 04/28/2026 - 06:33:09: "AirshotKing<86><[U:1:900000013]><Red>" triggered "damage" against "SoldierBoy<85><[U:1:900000011]><Blue>" (damage "9") (weapon "shotgun_soldier")
L 04/28/2026 - 06:33:09: "SoldierBoy<85><[U:1:900000011]><Blue>" triggered "shot_fired" (weapon "shotgun_soldier")
L 04/28/2026 - 06:33:09: "SoldierBoy<85><[U:1:900000011]><Blue>" triggered "shot_hit" (weapon "shotgun_soldier")
L 04/28/2026 - 06:33:09: "SoldierBoy<85><[U:1:900000011]><Blue>" triggered "damage" against "AirshotKing<86><[U:1:900000013]><Red>" (damage "9") (weapon "shotgun_soldier")
L 04/28/2026 - 06:33:10: "AirshotKing<86><[U:1:900000013]><Red>" triggered "shot_fired" (weapon "shotgun_soldier")
L 04/28/2026 - 06:33:10: "AirshotKing<86><[U:1:900000013]><Red>" triggered "shot_hit" (weapon "shotgun_soldier")
L 04/28/2026 - 06:33:10: "AirshotKing<86><[U:1:900000013]><Red>" triggered "damage" against "SoldierBoy<85><[U:1:900000011]><Blue>" (damage "15") (weapon "shotgun_soldier")
L 04/28/2026 - 06:33:10: "SoldierBoy<85><[U:1:900000011]><Blue>" triggered "shot_fired" (weapon "shotgun_soldier")
L 04/28/2026 - 06:33:10: "SoldierBoy<85><[U:1:900000011]><Blue>" triggered "shot_hit" (weapon "shotgun_soldier")
L 04/28/2026 - 06:33:10: "SoldierBoy<85><[U:1:900000011]><Blue>" triggered "damage" against "AirshotKing<86><[U:1:900000013]><Red>" (damage "5") (weapon "shotgun_soldier")
L 04/28/2026 - 06:33:10: "AirshotKing<86><[U:1:900000013]><Red>" triggered "shot_fired" (weapon "shotgun_soldier")
L 04/28/2026 - 06:33:10: "AirshotKing<86><[U:1:900000013]><Red>" triggered "shot_hit" (weapon "shotgun_soldier")
L 04/28/2026 - 06:33:10: "AirshotKing<86><[U:1:900000013]><Red>" triggered "damage" against "SoldierBoy<85><[U:1:900000011]><Blue>" (damage "25") (weapon "shotgun_soldier")
L 04/28/2026 - 06:33:11: "SoldierBoy<85><[U:1:900000011]><Blue>" triggered "shot_fired" (weapon "shotgun_soldier")
L 04/28/2026 - 06:33:11: "SoldierBoy<85><[U:1:900000011]><Blue>" triggered "shot_hit" (weapon "shotgun_soldier")
L 04/28/2026 - 06:33:11: "SoldierBoy<85><[U:1:900000011]><Blue>" triggered "damage" against "AirshotKing<86><[U:1:900000013]><Red>" (damage "10") (realdamage "7") (weapon "shotgun_soldier")
L 04/28/2026 - 06:33:11: "SoldierBoy<85><[U:1:900000011]><Blue>" killed "AirshotKing<86><[U:1:900000013]><Red>" with "shotgun_soldier" (attacker_position "-8523 11768 10722") (victim_position "-8048 11599 10369")
L 04/28/2026 - 06:33:11: "AirshotKing<86><[U:1:900000013]><Red>" spawned as "soldier"
L 04/28/2026 - 06:33:16: "AirshotKing<86><[U:1:900000013]><Red>" triggered "shot_fired" (weapon "quake_rl")
L 04/28/2026 - 06:33:16: "AirshotKing<86><[U:1:900000013]><Red>" triggered "shot_hit" (weapon "quake_rl")
L 04/28/2026 - 06:33:16: "AirshotKing<86><[U:1:900000013]><Red>" triggered "damage" against "SoldierBoy<85><[U:1:900000011]><Blue>" (damage "48") (weapon "quake_rl")
L 04/28/2026 - 06:33:16: "SoldierBoy<85><[U:1:900000011]><Blue>" triggered "shot_fired" (weapon "quake_rl")
L 04/28/2026 - 06:33:17: "AirshotKing<86><[U:1:900000013]><Red>" triggered "shot_fired" (weapon "quake_rl")
L 04/28/2026 - 06:33:17: "AirshotKing<86><[U:1:900000013]><Red>" triggered "shot_hit" (weapon "quake_rl")
L 04/28/2026 - 06:33:17: "AirshotKing<86><[U:1:900000013]><Red>" triggered "damage" against "SoldierBoy<85><[U:1:900000011]><Blue>" (damage "54") (weapon "quake_rl")
L 04/28/2026 - 06:33:17: "SoldierBoy<85><[U:1:900000011]><Blue>" triggered "shot_fired" (weapon "quake_rl")
L 04/28/2026 - 06:33:17: "AirshotKing<86><[U:1:900000013]><Red>" triggered "shot_hit" (weapon "quake_rl")
L 04/28/2026 - 06:33:17: "AirshotKing<86><[U:1:900000013]><Red>" triggered "damage" against "SoldierBoy<85><[U:1:900000011]><Blue>" (damage "78") (weapon "quake_rl")
L 04/28/2026 - 06:33:18: "AirshotKing<86><[U:1:900000013]><Red>" triggered "shot_fired" (weapon "quake_rl")
L 04/28/2026 - 06:33:18: "SoldierBoy<85><[U:1:900000011]><Blue>" triggered "shot_fired" (weapon "quake_rl")
L 04/28/2026 - 06:33:20: "SoldierBoy<85><[U:1:900000011]><Blue>" triggered "shot_fired" (weapon "quake_rl")
L 04/28/2026 - 06:33:20: "AirshotKing<86><[U:1:900000013]><Red>" triggered "shot_hit" (weapon "quake_rl")
L 04/28/2026 - 06:33:20: "AirshotKing<86><[U:1:900000013]><Red>" triggered "damage" against "SoldierBoy<85><[U:1:900000011]><Blue>" (damage "71") (weapon "quake_rl")
L 04/28/2026 - 06:33:20: "SoldierBoy<85><[U:1:900000011]><Blue>" triggered "shot_hit" (weapon "quake_rl")
L 04/28/2026 - 06:33:20: "SoldierBoy<85><[U:1:900000011]><Blue>" triggered "damage" against "AirshotKing<86><[U:1:900000013]><Red>" (damage "102") (weapon "quake_rl")
L 04/28/2026 - 06:33:20: "AirshotKing<86><[U:1:900000013]><Red>" triggered "shot_fired" (weapon "quake_rl")
L 04/28/2026 - 06:33:21: "AirshotKing<86><[U:1:900000013]><Red>" triggered "shot_fired" (weapon "shotgun_soldier")
L 04/28/2026 - 06:33:21: "AirshotKing<86><[U:1:900000013]><Red>" triggered "shot_hit" (weapon "shotgun_soldier")
L 04/28/2026 - 06:33:21: "AirshotKing<86><[U:1:900000013]><Red>" triggered "damage" against "SoldierBoy<85><[U:1:900000011]><Blue>" (damage "58") (realdamage "10") (weapon "shotgun_soldier")
L 04/28/2026 - 06:33:21: "AirshotKing<86><[U:1:900000013]><Red>" killed "SoldierBoy<85><[U:1:900000011]><Blue>" with "shotgun_soldier" (attacker_position "-8253 11867 10755") (victim_position "-8487 12035 10999")
L 04/28/2026 - 06:33:21: "SoldierBoy<85><[U:1:900000011]><Blue>" spawned as "soldier"
L 04/28/2026 - 06:33:23: "AirshotKing<86><[U:1:900000013]><Red>" triggered "shot_fired" (weapon "quake_rl")
L 04/28/2026 - 06:33:23: "SoldierBoy<85><[U:1:900000011]><Blue>" triggered "shot_fired" (weapon "quake_rl")
L 04/28/2026 - 06:33:24: "SoldierBoy<85><[U:1:900000011]><Blue>" triggered "shot_hit" (weapon "quake_rl")
L 04/28/2026 - 06:33:24: "SoldierBoy<85><[U:1:900000011]><Blue>" triggered "damage" against "AirshotKing<86><[U:1:900000013]><Red>" (damage "55") (weapon "quake_rl")
L 04/28/2026 - 06:33:24: "SoldierBoy<85><[U:1:900000011]><Blue>" triggered "shot_fired" (weapon "quake_rl")
L 04/28/2026 - 06:33:25: "AirshotKing<86><[U:1:900000013]><Red>" triggered "shot_fired" (weapon "quake_rl")
L 04/28/2026 - 06:33:25: "AirshotKing<86><[U:1:900000013]><Red>" triggered "shot_hit" (weapon "quake_rl")
L 04/28/2026 - 06:33:25: "AirshotKing<86><[U:1:900000013]><Red>" triggered "damage" against "SoldierBoy<85><[U:1:900000011]><Blue>" (damage "66") (weapon "quake_rl")
L 04/28/2026 - 06:33:26: "AirshotKing<86><[U:1:900000013]><Red>" triggered "damage" against "SoldierBoy<85><[U:1:900000011]><Blue>" (damage "195") (realdamage "166") (weapon "market_gardener") (crit "crit")
L 04/28/2026 - 06:33:26: "AirshotKing<86><[U:1:900000013]><Red>" killed "SoldierBoy<85><[U:1:900000011]><Blue>" with "market_gardener" (attacker_position "-8624 11733 10803") (victim_position "-8628 11774 10739")
L 04/28/2026 - 06:33:26: "SoldierBoy<85><[U:1:900000011]><Blue>" spawned as "soldier"
L 04/28/2026 - 06:33:28: "SoldierBoy<85><[U:1:900000011]><Blue>" triggered "shot_fired" (weapon "quake_rl")
L 04/28/2026 - 06:33:28: "SoldierBoy<85><[U:1:900000011]><Blue>" triggered "shot_hit" (weapon "quake_rl")
L 04/28/2026 - 06:33:28: "SoldierBoy<85><[U:1:900000011]><Blue>" triggered "damage" against "AirshotKing<86><[U:1:900000013]><Red>" (damage "77") (weapon "quake_rl")
L 04/28/2026 - 06:33:28: "AirshotKing<86><[U:1:900000013]><Red>" triggered "shot_fired" (weapon "quake_rl")
L 04/28/2026 - 06:33:28: "AirshotKing<86><[U:1:900000013]><Red>" triggered "shot_hit" (weapon "quake_rl")
L 04/28/2026 - 06:33:28: "AirshotKing<86><[U:1:900000013]><Red>" triggered "damage" against "SoldierBoy<85><[U:1:900000011]><Blue>" (damage "106") (weapon "quake_rl") (airshot "1") (height "307")
L 04/28/2026 - 06:33:29: "AirshotKing<86><[U:1:900000013]><Red>" triggered "shot_hit" (weapon "quake_rl")
L 04/28/2026 - 06:33:29: "AirshotKing<86><[U:1:900000013]><Red>" triggered "damage" against "SoldierBoy<85><[U:1:900000011]><Blue>" (damage "107") (weapon "quake_rl") (airshot "1") (height "560")
L 04/28/2026 - 06:33:29: "AirshotKing<86><[U:1:900000013]><Red>" triggered "shot_fired" (weapon "quake_rl")
L 04/28/2026 - 06:33:29: "SoldierBoy<85><[U:1:900000011]><Blue>" triggered "shot_fired" (weapon "quake_rl")
L 04/28/2026 - 06:33:30: "SoldierBoy<85><[U:1:900000011]><Blue>" triggered "shot_hit" (weapon "quake_rl")
L 04/28/2026 - 06:33:30: "SoldierBoy<85><[U:1:900000011]><Blue>" triggered "damage" against "AirshotKing<86><[U:1:900000013]><Red>" (damage "24") (weapon "quake_rl")
L 04/28/2026 - 06:33:30: "AirshotKing<86><[U:1:900000013]><Red>" triggered "shot_fired" (weapon "quake_rl")
L 04/28/2026 - 06:33:30: "SoldierBoy<85><[U:1:900000011]><Blue>" triggered "shot_fired" (weapon "quake_rl")
L 04/28/2026 - 06:33:31: "AirshotKing<86><[U:1:900000013]><Red>" triggered "shot_fired" (weapon "quake_rl")
L 04/28/2026 - 06:33:31: "SoldierBoy<85><[U:1:900000011]><Blue>" triggered "shot_hit" (weapon "quake_rl")
L 04/28/2026 - 06:33:31: "SoldierBoy<85><[U:1:900000011]><Blue>" triggered "damage" against "AirshotKing<86><[U:1:900000013]><Red>" (damage "51") (weapon "quake_rl")
L 04/28/2026 - 06:33:31: "SoldierBoy<85><[U:1:900000011]><Blue>" triggered "shot_fired" (weapon "shotgun_soldier")
L 04/28/2026 - 06:33:31: "SoldierBoy<85><[U:1:900000011]><Blue>" triggered "shot_hit" (weapon "shotgun_soldier")
L 04/28/2026 - 06:33:31: "SoldierBoy<85><[U:1:900000011]><Blue>" triggered "damage" against "AirshotKing<86><[U:1:900000013]><Red>" (damage "80") (weapon "shotgun_soldier")
L 04/28/2026 - 06:33:31: "AirshotKing<86><[U:1:900000013]><Red>" killed "SoldierBoy<85><[U:1:900000011]><Blue>" with "world" (attacker_position "-8607 11707 10739") (victim_position "-8580 11694 10832")
L 04/28/2026 - 06:33:31: "SoldierBoy<85><[U:1:900000011]><Blue>" spawned as "soldier"
L 04/28/2026 - 06:33:33: "SoldierBoy<85><[U:1:900000011]><Blue>" triggered "shot_fired" (weapon "quake_rl")
L 04/28/2026 - 06:33:34: "SoldierBoy<85><[U:1:900000011]><Blue>" triggered "shot_hit" (weapon "quake_rl")
L 04/28/2026 - 06:33:34: "SoldierBoy<85><[U:1:900000011]><Blue>" triggered "damage" against "AirshotKing<86><[U:1:900000013]><Red>" (damage "70") (weapon "quake_rl")
L 04/28/2026 - 06:33:34: "AirshotKing<86><[U:1:900000013]><Red>" triggered "shot_fired" (weapon "quake_rl")
L 04/28/2026 - 06:33:34: "AirshotKing<86><[U:1:900000013]><Red>" triggered "shot_hit" (weapon "quake_rl")
L 04/28/2026 - 06:33:34: "AirshotKing<86><[U:1:900000013]><Red>" triggered "damage" against "SoldierBoy<85><[U:1:900000011]><Blue>" (damage "99") (weapon "quake_rl")
L 04/28/2026 - 06:33:34: "AirshotKing<86><[U:1:900000013]><Red>" triggered "shot_fired" (weapon "quake_rl")
L 04/28/2026 - 06:33:34: "SoldierBoy<85><[U:1:900000011]><Blue>" triggered "shot_fired" (weapon "quake_rl")
L 04/28/2026 - 06:33:36: "AirshotKing<86><[U:1:900000013]><Red>" triggered "shot_fired" (weapon "quake_rl")
L 04/28/2026 - 06:33:37: "SoldierBoy<85><[U:1:900000011]><Blue>" triggered "shot_hit" (weapon "quake_rl")
L 04/28/2026 - 06:33:37: "SoldierBoy<85><[U:1:900000011]><Blue>" triggered "damage" against "AirshotKing<86><[U:1:900000013]><Red>" (damage "112") (weapon "quake_rl")
L 04/28/2026 - 06:33:37: "AirshotKing<86><[U:1:900000013]><Red>" triggered "shot_hit" (weapon "quake_rl")
L 04/28/2026 - 06:33:37: "AirshotKing<86><[U:1:900000013]><Red>" triggered "damage" against "SoldierBoy<85><[U:1:900000011]><Blue>" (damage "91") (realdamage "22") (weapon "quake_rl")
L 04/28/2026 - 06:33:37: "AirshotKing<86><[U:1:900000013]><Red>" killed "SoldierBoy<85><[U:1:900000011]><Blue>" with "quake_rl" (attacker_position "-8688 11719 10743") (victim_position "-8754 11680 10743")
L 04/28/2026 - 06:33:37: "AirshotKing<86><[U:1:900000013]><Red>" triggered "domination" against "SoldierBoy<85><[U:1:900000011]><Blue>"
L 04/28/2026 - 06:33:37: "SoldierBoy<85><[U:1:900000011]><Blue>" triggered "shot_fired" (weapon "quake_rl")
L 04/28/2026 - 06:33:37: "AirshotKing<86><[U:1:900000013]><Red>" triggered "shot_fired" (weapon "quake_rl")
L 04/28/2026 - 06:33:37: "SoldierBoy<85><[U:1:900000011]><Blue>" spawned as "soldier"
L 04/28/2026 - 06:33:39: "SoldierBoy<85><[U:1:900000011]><Blue>" triggered "shot_fired" (weapon "quake_rl")
L 04/28/2026 - 06:33:39: "SoldierBoy<85><[U:1:900000011]><Blue>" triggered "shot_hit" (weapon "quake_rl")
L 04/28/2026 - 06:33:39: "SoldierBoy<85><[U:1:900000011]><Blue>" triggered "damage" against "AirshotKing<86><[U:1:900000013]><Red>" (damage "57") (weapon "quake_rl")
L 04/28/2026 - 06:33:39: "AirshotKing<86><[U:1:900000013]><Red>" triggered "shot_fired" (weapon "quake_rl")
L 04/28/2026 - 06:33:40: "SoldierBoy<85><[U:1:900000011]><Blue>" triggered "shot_fired" (weapon "quake_rl")
L 04/28/2026 - 06:33:40: "SoldierBoy<85><[U:1:900000011]><Blue>" triggered "shot_hit" (weapon "quake_rl")
L 04/28/2026 - 06:33:40: "SoldierBoy<85><[U:1:900000011]><Blue>" triggered "damage" against "AirshotKing<86><[U:1:900000013]><Red>" (damage "101") (weapon "quake_rl")
L 04/28/2026 - 06:33:40: "AirshotKing<86><[U:1:900000013]><Red>" triggered "shot_fired" (weapon "quake_rl")
L 04/28/2026 - 06:33:40: "AirshotKing<86><[U:1:900000013]><Red>" triggered "shot_hit" (weapon "quake_rl")
L 04/28/2026 - 06:33:40: "AirshotKing<86><[U:1:900000013]><Red>" triggered "damage" against "SoldierBoy<85><[U:1:900000011]><Blue>" (damage "76") (weapon "quake_rl")
L 04/28/2026 - 06:33:41: "AirshotKing<86><[U:1:900000013]><Red>" triggered "shot_fired" (weapon "quake_rl")
L 04/28/2026 - 06:33:42: "SoldierBoy<85><[U:1:900000011]><Blue>" triggered "shot_fired" (weapon "quake_rl")
L 04/28/2026 - 06:33:42: "AirshotKing<86><[U:1:900000013]><Red>" committed suicide with "quake_rl" (attacker_position "-9110 11529 10340")
L 04/28/2026 - 06:33:42: "AirshotKing<86><[U:1:900000013]><Red>" spawned as "soldier"
L 04/28/2026 - 06:33:44: "SoldierBoy<85><[U:1:900000011]><Blue>" triggered "shot_fired" (weapon "quake_rl")
L 04/28/2026 - 06:33:44: "AirshotKing<86><[U:1:900000013]><Red>" triggered "shot_fired" (weapon "quake_rl")
L 04/28/2026 - 06:33:44: "AirshotKing<86><[U:1:900000013]><Red>" triggered "shot_hit" (weapon "quake_rl")
L 04/28/2026 - 06:33:44: "AirshotKing<86><[U:1:900000013]><Red>" triggered "damage" against "SoldierBoy<85><[U:1:900000011]><Blue>" (damage "105") (weapon "quake_rl")
L 04/28/2026 - 06:33:45: "SoldierBoy<85><[U:1:900000011]><Blue>" triggered "shot_fired" (weapon "quake_rl")
L 04/28/2026 - 06:33:45: "AirshotKing<86><[U:1:900000013]><Red>" triggered "shot_fired" (weapon "quake_rl")
L 04/28/2026 - 06:33:45: "SoldierBoy<85><[U:1:900000011]><Blue>" triggered "shot_hit" (weapon "quake_rl")
L 04/28/2026 - 06:33:45: "SoldierBoy<85><[U:1:900000011]><Blue>" triggered "damage" against "AirshotKing<86><[U:1:900000013]><Red>" (damage "61") (weapon "quake_rl")
L 04/28/2026 - 06:33:47: "SoldierBoy<85><[U:1:900000011]><Blue>" triggered "shot_fired" (weapon "quake_rl")
L 04/28/2026 - 06:33:48: "SoldierBoy<85><[U:1:900000011]><Blue>" triggered "shot_hit" (weapon "quake_rl")
L 04/28/2026 - 06:33:48: "SoldierBoy<85><[U:1:900000011]><Blue>" triggered "damage" against "AirshotKing<86><[U:1:900000013]><Red>" (damage "112") (realdamage "104") (weapon "quake_rl")
L 04/28/2026 - 06:33:48: "SoldierBoy<85><[U:1:900000011]><Blue>" killed "AirshotKing<86><[U:1:900000013]><Red>" with "quake_rl" (attacker_position "-8824 11843 10736") (victim_position "-8821 11839 10830")
L 04/28/2026 - 06:33:48: "SoldierBoy<85><[U:1:900000011]><Blue>" triggered "revenge" against "AirshotKing<86><[U:1:900000013]><Red>"
L 04/28/2026 - 06:33:48: "AirshotKing<86><[U:1:900000013]><Red>" spawned as "soldier"
L 04/28/2026 - 06:33:48: "SoldierBoy<85><[U:1:900000011]><Blue>" triggered "shot_fired" (weapon "quake_rl")
L 04/28/2026 - 06:33:50: "SoldierBoy<85><[U:1:900000011]><Blue>" triggered "shot_fired" (weapon "quake_rl")
L 04/28/2026 - 06:33:50: "AirshotKing<86><[U:1:900000013]><Red>" triggered "shot_fired" (weapon "quake_rl")
L 04/28/2026 - 06:33:50: "AirshotKing<86><[U:1:900000013]><Red>" triggered "shot_hit" (weapon "quake_rl")
L 04/28/2026 - 06:33:50: "AirshotKing<86><[U:1:900000013]><Red>" triggered "damage" against "SoldierBoy<85><[U:1:900000011]><Blue>" (damage "52") (weapon "quake_rl")
L 04/28/2026 - 06:33:51: "SoldierBoy<85><[U:1:900000011]><Blue>" triggered "shot_hit" (weapon "quake_rl")
L 04/28/2026 - 06:33:51: "SoldierBoy<85><[U:1:900000011]><Blue>" triggered "damage" against "AirshotKing<86><[U:1:900000013]><Red>" (damage "59") (weapon "quake_rl")
L 04/28/2026 - 06:33:51: "SoldierBoy<85><[U:1:900000011]><Blue>" triggered "shot_fired" (weapon "quake_rl")
L 04/28/2026 - 06:33:51: "AirshotKing<86><[U:1:900000013]><Red>" triggered "shot_hit" (weapon "quake_rl")
L 04/28/2026 - 06:33:51: "AirshotKing<86><[U:1:900000013]><Red>" triggered "damage" against "SoldierBoy<85><[U:1:900000011]><Blue>" (damage "65") (weapon "quake_rl")
L 04/28/2026 - 06:33:51: "AirshotKing<86><[U:1:900000013]><Red>" triggered "shot_fired" (weapon "quake_rl")
L 04/28/2026 - 06:33:52: "AirshotKing<86><[U:1:900000013]><Red>" triggered "shot_fired" (weapon "quake_rl")
L 04/28/2026 - 06:33:52: "SoldierBoy<85><[U:1:900000011]><Blue>" triggered "shot_fired" (weapon "quake_rl")
L 04/28/2026 - 06:33:52: "SoldierBoy<85><[U:1:900000011]><Blue>" triggered "shot_hit" (weapon "quake_rl")
L 04/28/2026 - 06:33:52: "SoldierBoy<85><[U:1:900000011]><Blue>" triggered "damage" against "AirshotKing<86><[U:1:900000013]><Red>" (damage "79") (weapon "quake_rl") (airshot "1") (height "482")
L 04/28/2026 - 06:33:52: "AirshotKing<86><[U:1:900000013]><Red>" triggered "shot_hit" (weapon "quake_rl")
L 04/28/2026 - 06:33:52: "AirshotKing<86><[U:1:900000013]><Red>" triggered "damage" against "SoldierBoy<85><[U:1:900000011]><Blue>" (damage "42") (weapon "quake_rl")
L 04/28/2026 - 06:33:53: "SoldierBoy<85><[U:1:900000011]><Blue>" triggered "shot_fired" (weapon "quake_rl")
L 04/28/2026 - 06:33:53: "SoldierBoy<85><[U:1:900000011]><Blue>" triggered "shot_fired" (weapon "shotgun_soldier")
L 04/28/2026 - 06:33:53: "SoldierBoy<85><[U:1:900000011]><Blue>" triggered "shot_hit" (weapon "shotgun_soldier")
L 04/28/2026 - 06:33:53: "SoldierBoy<85><[U:1:900000011]><Blue>" triggered "damage" against "AirshotKing<86><[U:1:900000013]><Red>" (damage "14") (weapon "shotgun_soldier")
L 04/28/2026 - 06:33:54: "AirshotKing<86><[U:1:900000013]><Red>" triggered "shot_fired" (weapon "quake_rl")
L 04/28/2026 - 06:33:56: "AirshotKing<86><[U:1:900000013]><Red>" triggered "shot_fired" (weapon "quake_rl")
L 04/28/2026 - 06:33:56: "SoldierBoy<85><[U:1:900000011]><Blue>" triggered "shot_fired" (weapon "shotgun_soldier")
L 04/28/2026 - 06:33:56: "SoldierBoy<85><[U:1:900000011]><Blue>" triggered "shot_hit" (weapon "shotgun_soldier")
L 04/28/2026 - 06:33:56: "SoldierBoy<85><[U:1:900000011]><Blue>" triggered "damage" against "AirshotKing<86><[U:1:900000013]><Red>" (damage "17") (weapon "shotgun_soldier")
L 04/28/2026 - 06:33:58: "AirshotKing<86><[U:1:900000013]><Red>" triggered "shot_fired" (weapon "quake_rl")
L 04/28/2026 - 06:33:58: "SoldierBoy<85><[U:1:900000011]><Blue>" triggered "shot_fired" (weapon "shotgun_soldier")
L 04/28/2026 - 06:33:58: "SoldierBoy<85><[U:1:900000011]><Blue>" triggered "shot_hit" (weapon "shotgun_soldier")
L 04/28/2026 - 06:33:58: "SoldierBoy<85><[U:1:900000011]><Blue>" triggered "damage" against "AirshotKing<86><[U:1:900000013]><Red>" (damage "13") (realdamage "6") (weapon "shotgun_soldier")
L 04/28/2026 - 06:33:58: "SoldierBoy<85><[U:1:900000011]><Blue>" killed "AirshotKing<86><[U:1:900000013]><Red>" with "shotgun_soldier" (attacker_position "-8575 11857 10770") (victim_position "-8224 11758 10509")
L 04/28/2026 - 06:33:58: "AirshotKing<86><[U:1:900000013]><Red>" spawned as "soldier"
L 04/28/2026 - 06:34:00: "AirshotKing<86><[U:1:900000013]><Red>" triggered "shot_hit" (weapon "quake_rl")
L 04/28/2026 - 06:34:00: "AirshotKing<86><[U:1:900000013]><Red>" triggered "damage" against "SoldierBoy<85><[U:1:900000011]><Blue>" (damage "92") (weapon "quake_rl")
L 04/28/2026 - 06:34:00: "AirshotKing<86><[U:1:900000013]><Red>" triggered "shot_fired" (weapon "quake_rl")
L 04/28/2026 - 06:34:00: "SoldierBoy<85><[U:1:900000011]><Blue>" triggered "shot_fired" (weapon "quake_rl")
L 04/28/2026 - 06:34:01: "AirshotKing<86><[U:1:900000013]><Red>" triggered "shot_fired" (weapon "quake_rl")
L 04/28/2026 - 06:34:01: "SoldierBoy<85><[U:1:900000011]><Blue>" triggered "shot_fired" (weapon "quake_rl")
L 04/28/2026 - 06:34:01: "SoldierBoy<85><[U:1:900000011]><Blue>" triggered "shot_hit" (weapon "quake_rl")
L 04/28/2026 - 06:34:01: "SoldierBoy<85><[U:1:900000011]><Blue>" triggered "damage" against "AirshotKing<86><[U:1:900000013]><Red>" (damage "94") (weapon "quake_rl")
L 04/28/2026 - 06:34:03: "SoldierBoy<85><[U:1:900000011]><Blue>" triggered "shot_fired" (weapon "quake_rl")
L 04/28/2026 - 06:34:03: "AirshotKing<86><[U:1:900000013]><Red>" triggered "shot_fired" (weapon "quake_rl")
L 04/28/2026 - 06:34:04: "SoldierBoy<85><[U:1:900000011]><Blue>" triggered "shot_fired" (weapon "shotgun_soldier")
L 04/28/2026 - 06:34:04: "SoldierBoy<85><[U:1:900000011]><Blue>" triggered "shot_hit" (weapon "shotgun_soldier")
L 04/28/2026 - 06:34:04: "SoldierBoy<85><[U:1:900000011]><Blue>" triggered "damage" against "AirshotKing<86><[U:1:900000013]><Red>" (damage "59") (weapon "shotgun_soldier")
L 04/28/2026 - 06:34:05: "AirshotKing<86><[U:1:900000013]><Red>" triggered "shot_fired" (weapon "shotgun_soldier")
L 04/28/2026 - 06:34:05: "AirshotKing<86><[U:1:900000013]><Red>" triggered "shot_hit" (weapon "shotgun_soldier")
L 04/28/2026 - 06:34:05: "AirshotKing<86><[U:1:900000013]><Red>" triggered "damage" against "SoldierBoy<85><[U:1:900000011]><Blue>" (damage "56") (weapon "shotgun_soldier")
L 04/28/2026 - 06:34:05: "SoldierBoy<85><[U:1:900000011]><Blue>" triggered "shot_fired" (weapon "shotgun_soldier")
L 04/28/2026 - 06:34:06: "AirshotKing<86><[U:1:900000013]><Red>" triggered "shot_fired" (weapon "shotgun_soldier")
L 04/28/2026 - 06:34:06: "SoldierBoy<85><[U:1:900000011]><Blue>" triggered "shot_fired" (weapon "shotgun_soldier")
L 04/28/2026 - 06:34:06: "SoldierBoy<85><[U:1:900000011]><Blue>" triggered "shot_hit" (weapon "shotgun_soldier")
L 04/28/2026 - 06:34:06: "SoldierBoy<85><[U:1:900000011]><Blue>" triggered "damage" against "AirshotKing<86><[U:1:900000013]><Red>" (damage "7") (realdamage "5") (weapon "shotgun_soldier")
L 04/28/2026 - 06:34:06: "SoldierBoy<85><[U:1:900000011]><Blue>" killed "AirshotKing<86><[U:1:900000013]><Red>" with "shotgun_soldier" (attacker_position "-8366 11669 10591") (victim_position "-8717 11677 10743")
L 04/28/2026 - 06:34:06: "AirshotKing<86><[U:1:900000013]><Red>" spawned as "soldier"
L 04/28/2026 - 06:34:08: "SoldierBoy<85><[U:1:900000011]><Blue>" triggered "shot_fired" (weapon "quake_rl")
L 04/28/2026 - 06:34:08: "AirshotKing<86><[U:1:900000013]><Red>" triggered "shot_fired" (weapon "quake_rl")
L 04/28/2026 - 06:34:08: "AirshotKing<86><[U:1:900000013]><Red>" triggered "shot_hit" (weapon "quake_rl")
L 04/28/2026 - 06:34:08: "AirshotKing<86><[U:1:900000013]><Red>" triggered "damage" against "SoldierBoy<85><[U:1:900000011]><Blue>" (damage "55") (weapon "quake_rl")
L 04/28/2026 - 06:34:09: "SoldierBoy<85><[U:1:900000011]><Blue>" triggered "shot_fired" (weapon "quake_rl")
L 04/28/2026 - 06:34:09: "AirshotKing<86><[U:1:900000013]><Red>" triggered "shot_fired" (weapon "quake_rl")
L 04/28/2026 - 06:34:09: "AirshotKing<86><[U:1:900000013]><Red>" triggered "shot_hit" (weapon "quake_rl")
L 04/28/2026 - 06:34:09: "AirshotKing<86><[U:1:900000013]><Red>" triggered "damage" against "SoldierBoy<85><[U:1:900000011]><Blue>" (damage "55") (weapon "quake_rl")
L 04/28/2026 - 06:34:10: "AirshotKing<86><[U:1:900000013]><Red>" triggered "shot_hit" (weapon "quake_rl")
L 04/28/2026 - 06:34:10: "AirshotKing<86><[U:1:900000013]><Red>" triggered "damage" against "SoldierBoy<85><[U:1:900000011]><Blue>" (damage "109") (weapon "quake_rl") (airshot "1") (height "247")
L 04/28/2026 - 06:34:10: "SoldierBoy<85><[U:1:900000011]><Blue>" triggered "shot_fired" (weapon "quake_rl")
L 04/28/2026 - 06:34:10: "SoldierBoy<85><[U:1:900000011]><Blue>" triggered "shot_hit" (weapon "quake_rl")
L 04/28/2026 - 06:34:10: "SoldierBoy<85><[U:1:900000011]><Blue>" triggered "damage" against "AirshotKing<86><[U:1:900000013]><Red>" (damage "70") (weapon "quake_rl")
L 04/28/2026 - 06:34:10: "AirshotKing<86><[U:1:900000013]><Red>" triggered "shot_fired" (weapon "quake_rl")
L 04/28/2026 - 06:34:11: "SoldierBoy<85><[U:1:900000011]><Blue>" triggered "shot_fired" (weapon "quake_rl")
L 04/28/2026 - 06:34:12: "AirshotKing<86><[U:1:900000013]><Red>" triggered "shot_fired" (weapon "quake_rl")
L 04/28/2026 - 06:34:14: "AirshotKing<86><[U:1:900000013]><Red>" triggered "damage" against "SoldierBoy<85><[U:1:900000011]><Blue>" (damage "65") (realdamage "15") (weapon "market_gardener")
L 04/28/2026 - 06:34:14: "AirshotKing<86><[U:1:900000013]><Red>" killed "SoldierBoy<85><[U:1:900000011]><Blue>" with "market_gardener" (attacker_position "-8967 11811 10807") (victim_position "-9020 11818 10772")
L 04/28/2026 - 06:34:14: "AirshotKing<86><[U:1:900000013]><Red>" picked up item "tf_ammo_pack"
L 04/28/2026 - 06:34:14: "SoldierBoy<85><[U:1:900000011]><Blue>" spawned as "soldier"
L 04/28/2026 - 06:34:15: "AirshotKing<86><[U:1:900000013]><Red>" triggered "shot_hit" (weapon "quake_rl")
L 04/28/2026 - 06:34:15: "AirshotKing<86><[U:1:900000013]><Red>" triggered "damage" against "SoldierBoy<85><[U:1:900000011]><Blue>" (damage "88") (weapon "quake_rl")
L 04/28/2026 - 06:34:15: "AirshotKing<86><[U:1:900000013]><Red>" triggered "shot_fired" (weapon "quake_rl")
L 04/28/2026 - 06:34:16: "SoldierBoy<85><[U:1:900000011]><Blue>" triggered "shot_hit" (weapon "quake_rl")
L 04/28/2026 - 06:34:16: "SoldierBoy<85><[U:1:900000011]><Blue>" triggered "damage" against "AirshotKing<86><[U:1:900000013]><Red>" (damage "64") (weapon "quake_rl")
L 04/28/2026 - 06:34:16: "SoldierBoy<85><[U:1:900000011]><Blue>" triggered "shot_fired" (weapon "quake_rl")
L 04/28/2026 - 06:34:16: "AirshotKing<86><[U:1:900000013]><Red>" triggered "shot_fired" (weapon "quake_rl")
L 04/28/2026 - 06:34:16: "AirshotKing<86><[U:1:900000013]><Red>" triggered "shot_hit" (weapon "quake_rl")
L 04/28/2026 - 06:34:16: "AirshotKing<86><[U:1:900000013]><Red>" triggered "damage" against "SoldierBoy<85><[U:1:900000011]><Blue>" (damage "107") (weapon "quake_rl") (airshot "1") (height "524")
L 04/28/2026 - 06:34:17: "SoldierBoy<85><[U:1:900000011]><Blue>" triggered "shot_fired" (weapon "quake_rl")
L 04/28/2026 - 06:34:17: "AirshotKing<86><[U:1:900000013]><Red>" triggered "shot_fired" (weapon "quake_rl")
L 04/28/2026 - 06:34:18: "AirshotKing<86><[U:1:900000013]><Red>" triggered "shot_fired" (weapon "quake_rl")
L 04/28/2026 - 06:34:19: "SoldierBoy<85><[U:1:900000011]><Blue>" triggered "shot_fired" (weapon "quake_rl")
L 04/28/2026 - 06:34:20: "SoldierBoy<85><[U:1:900000011]><Blue>" triggered "shot_hit" (weapon "quake_rl")
L 04/28/2026 - 06:34:20: "SoldierBoy<85><[U:1:900000011]><Blue>" triggered "damage" against "AirshotKing<86><[U:1:900000013]><Red>" (damage "97") (weapon "quake_rl")
L 04/28/2026 - 06:34:20: "SoldierBoy<85><[U:1:900000011]><Blue>" triggered "shot_fired" (weapon "quake_rl")
L 04/28/2026 - 06:34:20: "AirshotKing<86><[U:1:900000013]><Red>" say "!add"
L 04/28/2026 - 06:34:20: "SoldierBoy<85><[U:1:900000011]><Blue>" triggered "shot_hit" (weapon "quake_rl")
L 04/28/2026 - 06:34:20: "SoldierBoy<85><[U:1:900000011]><Blue>" triggered "damage" against "AirshotKing<86><[U:1:900000013]><Red>" (damage "96") (realdamage "17") (weapon "quake_rl")
L 04/28/2026 - 06:34:20: "SoldierBoy<85><[U:1:900000011]><Blue>" killed "AirshotKing<86><[U:1:900000013]><Red>" with "quake_rl" (attacker_position "-9218 11497 10336") (victim_position "-8866 11625 10530")
L 04/28/2026 - 06:34:21: "AirshotKing<86><[U:1:900000013]><Red>" spawned as "soldier"
L 04/28/2026 - 06:34:23: "AirshotKing<86><[U:1:900000013]><Red>" triggered "shot_fired" (weapon "quake_rl")
L 04/28/2026 - 06:34:23: "SoldierBoy<85><[U:1:900000011]><Blue>" triggered "shot_fired" (weapon "quake_rl")
L 04/28/2026 - 06:34:24: "SoldierBoy<85><[U:1:900000011]><Blue>" triggered "shot_hit" (weapon "quake_rl")
L 04/28/2026 - 06:34:24: "SoldierBoy<85><[U:1:900000011]><Blue>" triggered "damage" against "AirshotKing<86><[U:1:900000013]><Red>" (damage "67") (weapon "quake_rl")
L 04/28/2026 - 06:34:24: "AirshotKing<86><[U:1:900000013]><Red>" triggered "shot_hit" (weapon "quake_rl")
L 04/28/2026 - 06:34:24: "AirshotKing<86><[U:1:900000013]><Red>" triggered "damage" against "SoldierBoy<85><[U:1:900000011]><Blue>" (damage "55") (weapon "quake_rl")
L 04/28/2026 - 06:34:24: "AirshotKing<86><[U:1:900000013]><Red>" triggered "shot_fired" (weapon "quake_rl")
L 04/28/2026 - 06:34:24: "SoldierBoy<85><[U:1:900000011]><Blue>" triggered "shot_fired" (weapon "quake_rl")
L 04/28/2026 - 06:34:25: "SoldierBoy<85><[U:1:900000011]><Blue>" triggered "shot_fired" (weapon "quake_rl")
L 04/28/2026 - 06:34:25: "AirshotKing<86><[U:1:900000013]><Red>" triggered "shot_fired" (weapon "quake_rl")
L 04/28/2026 - 06:34:28: "SoldierBoy<85><[U:1:900000011]><Blue>" triggered "shot_hit" (weapon "quake_rl")
L 04/28/2026 - 06:34:28: "SoldierBoy<85><[U:1:900000011]><Blue>" triggered "damage" against "AirshotKing<86><[U:1:900000013]><Red>" (damage "70") (realdamage "45") (weapon "quake_rl")
L 04/28/2026 - 06:34:28: "SoldierBoy<85><[U:1:900000011]><Blue>" killed "AirshotKing<86><[U:1:900000013]><Red>" with "quake_rl" (attacker_position "-9345 11526 10336") (victim_position "-9396 11526 10418")
L 04/28/2026 - 06:34:28: "AirshotKing<86><[U:1:900000013]><Red>" spawned as "soldier"
L 04/28/2026 - 06:34:28: "SoldierBoy<85><[U:1:900000011]><Blue>" triggered "shot_fired" (weapon "quake_rl")
L 04/28/2026 - 06:34:32: "AirshotKing<86><[U:1:900000013]><Red>" picked up item "tf_ammo_pack"
L 04/28/2026 - 06:34:36: "AirshotKing<86><[U:1:900000013]><Red>" triggered "shot_fired" (weapon "quake_rl")
L 04/28/2026 - 06:34:36: "SoldierBoy<85><[U:1:900000011]><Blue>" triggered "shot_fired" (weapon "quake_rl")
L 04/28/2026 - 06:34:36: "AirshotKing<86><[U:1:900000013]><Red>" triggered "shot_fired" (weapon "quake_rl")
L 04/28/2026 - 06:34:37: "SoldierBoy<85><[U:1:900000011]><Blue>" triggered "damage" against "AirshotKing<86><[U:1:900000013]><Red>" (damage "195") (weapon "market_gardener") (crit "crit")
L 04/28/2026 - 06:34:37: "SoldierBoy<85><[U:1:900000011]><Blue>" killed "AirshotKing<86><[U:1:900000013]><Red>" with "world" (attacker_position "-8717 11545 10855") (victim_position "-8626 11595 10738")
L 04/28/2026 - 06:34:37: "AirshotKing<86><[U:1:900000013]><Red>" spawned as "soldier"
L 04/28/2026 - 06:34:39: "AirshotKing<86><[U:1:900000013]><Red>" disconnected (reason "Disconnect by user.")
L 04/28/2026 - 06:34:39: "AirshotKing<86><[U:1:900000013]><Red>" joined team "Spectator"
L 04/28/2026 - 06:34:39: World triggered "mge_elo_delta" (player "[U:1:900000011]") (old_elo "2710") (new_elo "2711")
L 04/28/2026 - 06:34:39: World triggered "mge_elo_delta" (player "[U:1:900000013]") (old_elo "2339") (new_elo "2337")
L 04/28/2026 - 06:35:06: "SoldierBoy<85><[U:1:900000011]><Blue>" triggered "shot_fired" (weapon "shotgun_soldier")
L 04/28/2026 - 06:35:07: "SoldierBoy<85><[U:1:900000011]><Blue>" triggered "shot_fired" (weapon "quake_rl")
L 04/28/2026 - 06:35:11: "SoldierBoy<85><[U:1:900000011]><Blue>" disconnected (reason "Disconnect by user.")
L 04/28/2026 - 06:35:11: "SoldierBoy<85><[U:1:900000011]><Blue>" joined team "Spectator"
L 04/28/2026 - 07:00:00: World triggered "mge_match_aborted" (reason "map_change")
