L 04/27/2026 - 23:18:08: World triggered "meta_data" (matchid "260427231808030c") (map "mge_triumph_beta7_rc1") (arena "Product Middle 3 [AC] [1v1 MGE]") (gamemode "mge") (fraglimit "0")
L 04/27/2026 - 23:18:08: "MedicMain<50><[U:1:900000008]><Red>" changed role to "demoman"
L 04/27/2026 - 23:18:08: "SpyMask<53><[U:1:900000007]><Blue>" changed role to "demoman"
L 04/27/2026 - 23:18:08: "SpyMask<53><[U:1:900000007]><Blue>" triggered "shot_fired" (weapon "iron_bomber")
L 04/27/2026 - 23:18:08: "SpyMask<53><[U:1:900000007]><Blue>" triggered "shot_hit" (weapon "iron_bomber")
L 04/27/2026 - 23:18:08: "SpyMask<53><[U:1:900000007]><Blue>" triggered "damage" against "MedicMain<50><[U:1:900000008]><Red>" (damage "100") (weapon "iron_bomber")
L 04/27/2026 - 23:18:09: "MedicMain<50><[U:1:900000008]><Red>" say "!add"
L 04/27/2026 - 23:18:10: "MedicMain<50><[U:1:900000008]><Red>" say "gg"
L 04/27/2026 - 23:18:20: "SpyMask<53><[U:1:900000007]><Blue>" say "nice shot"
L 04/27/2026 - 23:18:21: "SpyMask<53><[U:1:900000007]><Blue>" triggered "damage" against "MedicMain<50><[U:1:900000008]><Red>" (damage "65") (weapon "skullbat")
L 04/27/2026 - 23:18:22: "MedicMain<50><[U:1:900000008]><Red>" joined team "Spectator"
L 04/27/2026 - 23:18:22: "MedicMain<50><[U:1:900000008]><Spectator>" joined team "Red"
L 04/27/2026 - 23:18:22: "MedicMain<50><[U:1:900000008]><Red>" spawned as "demoman"
L 04/27/2026 - 23:18:25: "SpyMask<53><[U:1:900000007]><Blue>" spawned as "demoman"
L 04/27/2026 - 23:19:12: "SpyMask<53><[U:1:900000007]><Blue>" spawned as "demoman"
L 04/27/2026 - 23:19:16: "SpyMask<53><[U:1:900000007]><Blue>" say "close game"
L 04/27/2026 - 23:19:16: "SpyMask<53><[U:1:900000007]><Blue>" triggered "shot_fired" (weapon "tf_projectile_pipe_remote")
L 04/27/2026 - 23:19:16: "SpyMask<53><[U:1:900000007]><Blue>" joined team "Spectator"
L 04/27/2026 - 23:19:17: "SpyMask<53><[U:1:900000007]><Spectator>" joined team "Red"
L 04/27/2026 - 23:19:17: "SpyMask<53><[U:1:900000007]><Red>" spawned as "demoman"
L 04/27/2026 - 23:19:35: "SpyMask<53><[U:1:900000007]><Red>" triggered "shot_fired" (weapon "tf_projectile_rocket")
L 04/27/2026 - 23:19:36: "SpyMask<53><[U:1:900000007]><Red>" triggered "shot_fired" (weapon "tf_projectile_rocket")
L 04/27/2026 - 23:19:40: "SpyMask<53><[U:1:900000007]><Red>" triggered "shot_fired" (weapon "tf_projectile_rocket")
L 04/27/2026 - 23:19:50: "SpyMask<53><[U:1:900000007]><Red>" say "!remove"
L 04/27/2026 - 23:19:58: "SpyMask<53><[U:1:900000007]><Red>" joined team "Spectator"
L 04/27/2026 - 23:19:58: "SpyMask<53><[U:1:900000007]><Spectator>" joined team "Red"
L 04/27/2026 - 23:19:58: "SpyMask<53><[U:1:900000007]><Red>" spawned as "soldier"
L 04/27/2026 - 23:20:11: "SpyMask<53><[U:1:900000007]><Red>" say "well played"
L 04/27/2026 - 23:20:14: "SpyMask<53><[U:1:900000007]><Red>" say "good game"
L 04/27/2026 - 23:20:17: "SpyMask<53><[U:1:900000007]><Red>" joined team "Spectator"
L 04/27/2026 - 23:20:17: "SpyMask<53><[U:1:900000007]><Spectator>" joined team "Red"
L 04/27/2026 - 23:20:17: "SpyMask<53><[U:1:900000007]><Red>" spawned as "soldier"
L 04/27/2026 - 23:20:44: "SpyMask<53><[U:1:900000007]><Red>" say "!add end"
L 04/28/2026 - 00:00:00: World triggered "mge_match_aborted" (reason "map_change")
